Starting single train/val split training for C1 (Mean Pooling)
Configuration:
  clinical_csv: data/annotations/175_clinical_8_variables.csv
  image_root: data/nakagami_full
  patient_id_column: NO
  label_column: CL_F2
  image_pattern: Nakagami_image_*.png
  n_folds: 5
  batch_size: 16
  learning_rate: 1e-05
  num_epochs: 40
  early_stopping_patience: 12
  early_stopping_min_delta: 0.001
  backbone: efficientnetv2_b0
  pretrained: True
  device: cuda
  num_workers: 4
  pooling: mean
  attention_hidden: 128
  clinical_dim: 32
  fusion_hidden: 128
  dropout: 0.5
  clinical_features: ['AGE', 'Sex', 'Height', 'weight', 'BMI', 'AST', 'ALT', 'PLT']
  seed: 42
  no_cv: True
  val_split: 0.2
  log_dir: runs/bmode_clinical
Loading clinical data...
Loaded 175 patients from clinical data
Building patient records...
Building patient records from 175 patients...
Image root: data/nakagami_full
Image pattern: Nakagami_image_*.png
Successfully created 175 patient records
Created 175 patient records
Train/Val Split:
  Train: 140 patients (80.0%)
  Val:   35 patients (20.0%)
====================Training single model====================
Train: 140 patients
Val: 35 patients
Fitting clinical preprocessor on training data...
Built clinical feature dictionaries: train=140, val=35
Clinical input dimension: 8
Backbone feature dimension: 1280
Created mean pooling model with backbone efficientnetv2_b0
Using device: cuda
Class weights: [1.0, 0.4893617033958435]

Epoch 1/40 - Train Loss: 0.7003, Train Acc: 0.5714, Train AUC: 0.4191 - Val Loss: 0.6760, Val Acc (0.5): 0.6571, Val AUC: 0.4203
  Best Threshold 0.05 → Balanced Acc: 0.5000, Acc: 0.6571, Precision: 0.6571, Recall: 1.0000, F1: 0.7931
  → New best validation AUC: 0.4203
Epoch 2/40 - Train Loss: 0.6865, Train Acc: 0.6071, Train AUC: 0.5840 - Val Loss: 0.6786, Val Acc (0.5): 0.6571, Val AUC: 0.4529
  Best Threshold 0.55 → Balanced Acc: 0.5870, Acc: 0.4571, Precision: 1.0000, Recall: 0.1739, F1: 0.2963
  → New best validation AUC: 0.4529
Epoch 3/40 - Train Loss: 0.6941, Train Acc: 0.5714, Train AUC: 0.5014 - Val Loss: 0.6788, Val Acc (0.5): 0.6571, Val AUC: 0.5725
  Best Threshold 0.55 → Balanced Acc: 0.5217, Acc: 0.3714, Precision: 1.0000, Recall: 0.0435, F1: 0.0833
  → New best validation AUC: 0.5725
Epoch 4/40 - Train Loss: 0.6892, Train Acc: 0.6143, Train AUC: 0.5416 - Val Loss: 0.6798, Val Acc (0.5): 0.6286, Val AUC: 0.6884
  Best Threshold 0.55 → Balanced Acc: 0.5217, Acc: 0.3714, Precision: 1.0000, Recall: 0.0435, F1: 0.0833
  → New best validation AUC: 0.6884
Epoch 5/40 - Train Loss: 0.6857, Train Acc: 0.6500, Train AUC: 0.6050 - Val Loss: 0.6803, Val Acc (0.5): 0.6000, Val AUC: 0.7101
  Best Threshold 0.55 → Balanced Acc: 0.5217, Acc: 0.3714, Precision: 1.0000, Recall: 0.0435, F1: 0.0833
  → New best validation AUC: 0.7101
Epoch 6/40 - Train Loss: 0.6938, Train Acc: 0.6214, Train AUC: 0.5210 - Val Loss: 0.6796, Val Acc (0.5): 0.6000, Val AUC: 0.7391
  Best Threshold 0.55 → Balanced Acc: 0.5435, Acc: 0.4000, Precision: 1.0000, Recall: 0.0870, F1: 0.1600
  → New best validation AUC: 0.7391
Epoch 7/40 - Train Loss: 0.6833, Train Acc: 0.6500, Train AUC: 0.6242 - Val Loss: 0.6796, Val Acc (0.5): 0.6000, Val AUC: 0.7428
  Best Threshold 0.55 → Balanced Acc: 0.5435, Acc: 0.4000, Precision: 1.0000, Recall: 0.0870, F1: 0.1600
  → New best validation AUC: 0.7428
Epoch 8/40 - Train Loss: 0.6849, Train Acc: 0.6643, Train AUC: 0.5971 - Val Loss: 0.6794, Val Acc (0.5): 0.6571, Val AUC: 0.7536
  Best Threshold 0.55 → Balanced Acc: 0.5435, Acc: 0.4000, Precision: 1.0000, Recall: 0.0870, F1: 0.1600
  → New best validation AUC: 0.7536
Epoch 9/40 - Train Loss: 0.6894, Train Acc: 0.6214, Train AUC: 0.5560 - Val Loss: 0.6782, Val Acc (0.5): 0.6571, Val AUC: 0.7717
  Best Threshold 0.55 → Balanced Acc: 0.5435, Acc: 0.4000, Precision: 1.0000, Recall: 0.0870, F1: 0.1600
  → New best validation AUC: 0.7717
Epoch 10/40 - Train Loss: 0.6828, Train Acc: 0.6357, Train AUC: 0.6425 - Val Loss: 0.6766, Val Acc (0.5): 0.6000, Val AUC: 0.7790
  Best Threshold 0.55 → Balanced Acc: 0.5435, Acc: 0.4000, Precision: 1.0000, Recall: 0.0870, F1: 0.1600
  → New best validation AUC: 0.7790
Epoch 11/40 - Train Loss: 0.6840, Train Acc: 0.6500, Train AUC: 0.6122 - Val Loss: 0.6751, Val Acc (0.5): 0.6286, Val AUC: 0.8007
  Best Threshold 0.55 → Balanced Acc: 0.5435, Acc: 0.4000, Precision: 1.0000, Recall: 0.0870, F1: 0.1600
  → New best validation AUC: 0.8007
Epoch 12/40 - Train Loss: 0.6820, Train Acc: 0.6714, Train AUC: 0.6279 - Val Loss: 0.6733, Val Acc (0.5): 0.6571, Val AUC: 0.8007
  Best Threshold 0.55 → Balanced Acc: 0.5435, Acc: 0.4000, Precision: 1.0000, Recall: 0.0870, F1: 0.1600
Epoch 13/40 - Train Loss: 0.6825, Train Acc: 0.6429, Train AUC: 0.6360 - Val Loss: 0.6736, Val Acc (0.5): 0.6571, Val AUC: 0.8043
  Best Threshold 0.55 → Balanced Acc: 0.5435, Acc: 0.4000, Precision: 1.0000, Recall: 0.0870, F1: 0.1600
  → New best validation AUC: 0.8043
Epoch 14/40 - Train Loss: 0.6841, Train Acc: 0.6357, Train AUC: 0.5999 - Val Loss: 0.6736, Val Acc (0.5): 0.6857, Val AUC: 0.8188
  Best Threshold 0.55 → Balanced Acc: 0.5652, Acc: 0.4286, Precision: 1.0000, Recall: 0.1304, F1: 0.2308
  → New best validation AUC: 0.8188
Epoch 15/40 - Train Loss: 0.6759, Train Acc: 0.7214, Train AUC: 0.6970 - Val Loss: 0.6717, Val Acc (0.5): 0.6571, Val AUC: 0.8225
  Best Threshold 0.55 → Balanced Acc: 0.5870, Acc: 0.4571, Precision: 1.0000, Recall: 0.1739, F1: 0.2963
  → New best validation AUC: 0.8225
Epoch 16/40 - Train Loss: 0.6787, Train Acc: 0.6786, Train AUC: 0.6538 - Val Loss: 0.6685, Val Acc (0.5): 0.6857, Val AUC: 0.8261
  Best Threshold 0.55 → Balanced Acc: 0.6522, Acc: 0.5429, Precision: 1.0000, Recall: 0.3043, F1: 0.4667
  → New best validation AUC: 0.8261
Epoch 17/40 - Train Loss: 0.6768, Train Acc: 0.6929, Train AUC: 0.6806 - Val Loss: 0.6683, Val Acc (0.5): 0.6857, Val AUC: 0.8225
  Best Threshold 0.55 → Balanced Acc: 0.6304, Acc: 0.5143, Precision: 1.0000, Recall: 0.2609, F1: 0.4138
Epoch 18/40 - Train Loss: 0.6745, Train Acc: 0.6857, Train AUC: 0.6901 - Val Loss: 0.6676, Val Acc (0.5): 0.7429, Val AUC: 0.8333
  Best Threshold 0.55 → Balanced Acc: 0.6522, Acc: 0.5429, Precision: 1.0000, Recall: 0.3043, F1: 0.4667
  → New best validation AUC: 0.8333
Epoch 19/40 - Train Loss: 0.6790, Train Acc: 0.5857, Train AUC: 0.6543 - Val Loss: 0.6677, Val Acc (0.5): 0.7714, Val AUC: 0.8261
  Best Threshold 0.50 → Balanced Acc: 0.6866, Acc: 0.7714, Precision: 0.7586, Recall: 0.9565, F1: 0.8462
Epoch 20/40 - Train Loss: 0.6708, Train Acc: 0.6929, Train AUC: 0.6954 - Val Loss: 0.6664, Val Acc (0.5): 0.7429, Val AUC: 0.8225
  Best Threshold 0.55 → Balanced Acc: 0.6739, Acc: 0.5714, Precision: 1.0000, Recall: 0.3478, F1: 0.5161
Epoch 21/40 - Train Loss: 0.6684, Train Acc: 0.7071, Train AUC: 0.7155 - Val Loss: 0.6651, Val Acc (0.5): 0.7429, Val AUC: 0.8261
  Best Threshold 0.55 → Balanced Acc: 0.6957, Acc: 0.6000, Precision: 1.0000, Recall: 0.3913, F1: 0.5625
Epoch 22/40 - Train Loss: 0.6740, Train Acc: 0.7071, Train AUC: 0.6959 - Val Loss: 0.6641, Val Acc (0.5): 0.7429, Val AUC: 0.8297
  Best Threshold 0.55 → Balanced Acc: 0.6957, Acc: 0.6000, Precision: 1.0000, Recall: 0.3913, F1: 0.5625
Epoch 23/40 - Train Loss: 0.6662, Train Acc: 0.6786, Train AUC: 0.7285 - Val Loss: 0.6624, Val Acc (0.5): 0.7714, Val AUC: 0.8297
  Best Threshold 0.50 → Balanced Acc: 0.6667, Acc: 0.7714, Precision: 0.7419, Recall: 1.0000, F1: 0.8519
Epoch 24/40 - Train Loss: 0.6604, Train Acc: 0.7357, Train AUC: 0.7708 - Val Loss: 0.6612, Val Acc (0.5): 0.7714, Val AUC: 0.8333
  Best Threshold 0.50 → Balanced Acc: 0.6667, Acc: 0.7714, Precision: 0.7419, Recall: 1.0000, F1: 0.8519
Epoch 25/40 - Train Loss: 0.6659, Train Acc: 0.7000, Train AUC: 0.7271 - Val Loss: 0.6607, Val Acc (0.5): 0.7429, Val AUC: 0.8406
  Best Threshold 0.55 → Balanced Acc: 0.6540, Acc: 0.5714, Precision: 0.9000, Recall: 0.3913, F1: 0.5455
  → New best validation AUC: 0.8406
Epoch 26/40 - Train Loss: 0.6700, Train Acc: 0.7071, Train AUC: 0.7105 - Val Loss: 0.6582, Val Acc (0.5): 0.7714, Val AUC: 0.8442
  Best Threshold 0.50 → Balanced Acc: 0.6667, Acc: 0.7714, Precision: 0.7419, Recall: 1.0000, F1: 0.8519
  → New best validation AUC: 0.8442
Epoch 27/40 - Train Loss: 0.6603, Train Acc: 0.7000, Train AUC: 0.7375 - Val Loss: 0.6575, Val Acc (0.5): 0.7714, Val AUC: 0.8442
  Best Threshold 0.50 → Balanced Acc: 0.6866, Acc: 0.7714, Precision: 0.7586, Recall: 0.9565, F1: 0.8462
Epoch 28/40 - Train Loss: 0.6585, Train Acc: 0.7429, Train AUC: 0.7627 - Val Loss: 0.6553, Val Acc (0.5): 0.8000, Val AUC: 0.8478
  Best Threshold 0.50 → Balanced Acc: 0.7083, Acc: 0.8000, Precision: 0.7667, Recall: 1.0000, F1: 0.8679
  → New best validation AUC: 0.8478
Epoch 29/40 - Train Loss: 0.6590, Train Acc: 0.7143, Train AUC: 0.7303 - Val Loss: 0.6550, Val Acc (0.5): 0.8000, Val AUC: 0.8442
  Best Threshold 0.50 → Balanced Acc: 0.7283, Acc: 0.8000, Precision: 0.7857, Recall: 0.9565, F1: 0.8627
Epoch 30/40 - Train Loss: 0.6623, Train Acc: 0.7071, Train AUC: 0.7158 - Val Loss: 0.6543, Val Acc (0.5): 0.7714, Val AUC: 0.8406
  Best Threshold 0.50 → Balanced Acc: 0.7065, Acc: 0.7714, Precision: 0.7778, Recall: 0.9130, F1: 0.8400
Epoch 31/40 - Train Loss: 0.6440, Train Acc: 0.7214, Train AUC: 0.7889 - Val Loss: 0.6531, Val Acc (0.5): 0.7714, Val AUC: 0.8406
  Best Threshold 0.50 → Balanced Acc: 0.7264, Acc: 0.7714, Precision: 0.8000, Recall: 0.8696, F1: 0.8333
Epoch 32/40 - Train Loss: 0.6433, Train Acc: 0.6929, Train AUC: 0.7944 - Val Loss: 0.6543, Val Acc (0.5): 0.8286, Val AUC: 0.8370
  Best Threshold 0.50 → Balanced Acc: 0.8098, Acc: 0.8286, Precision: 0.8696, Recall: 0.8696, F1: 0.8696
Epoch 33/40 - Train Loss: 0.6440, Train Acc: 0.7429, Train AUC: 0.7928 - Val Loss: 0.6526, Val Acc (0.5): 0.8286, Val AUC: 0.8478
  Best Threshold 0.50 → Balanced Acc: 0.8098, Acc: 0.8286, Precision: 0.8696, Recall: 0.8696, F1: 0.8696
Epoch 34/40 - Train Loss: 0.6420, Train Acc: 0.7429, Train AUC: 0.7946 - Val Loss: 0.6512, Val Acc (0.5): 0.8286, Val AUC: 0.8551
  Best Threshold 0.50 → Balanced Acc: 0.8098, Acc: 0.8286, Precision: 0.8696, Recall: 0.8696, F1: 0.8696
  → New best validation AUC: 0.8551
Epoch 35/40 - Train Loss: 0.6544, Train Acc: 0.6929, Train AUC: 0.7088 - Val Loss: 0.6497, Val Acc (0.5): 0.8286, Val AUC: 0.8551
  Best Threshold 0.50 → Balanced Acc: 0.8098, Acc: 0.8286, Precision: 0.8696, Recall: 0.8696, F1: 0.8696
Epoch 36/40 - Train Loss: 0.6433, Train Acc: 0.7357, Train AUC: 0.7754 - Val Loss: 0.6476, Val Acc (0.5): 0.8286, Val AUC: 0.8551
  Best Threshold 0.50 → Balanced Acc: 0.8098, Acc: 0.8286, Precision: 0.8696, Recall: 0.8696, F1: 0.8696
Epoch 37/40 - Train Loss: 0.6279, Train Acc: 0.7357, Train AUC: 0.8136 - Val Loss: 0.6487, Val Acc (0.5): 0.8286, Val AUC: 0.8514
  Best Threshold 0.50 → Balanced Acc: 0.8297, Acc: 0.8286, Precision: 0.9048, Recall: 0.8261, F1: 0.8636
Epoch 38/40 - Train Loss: 0.6316, Train Acc: 0.7000, Train AUC: 0.7699 - Val Loss: 0.6472, Val Acc (0.5): 0.8286, Val AUC: 0.8551
  Best Threshold 0.50 → Balanced Acc: 0.8297, Acc: 0.8286, Precision: 0.9048, Recall: 0.8261, F1: 0.8636
Epoch 39/40 - Train Loss: 0.6351, Train Acc: 0.6714, Train AUC: 0.7648 - Val Loss: 0.6446, Val Acc (0.5): 0.8571, Val AUC: 0.8623
  Best Threshold 0.50 → Balanced Acc: 0.8514, Acc: 0.8571, Precision: 0.9091, Recall: 0.8696, F1: 0.8889
  → New best validation AUC: 0.8623
Epoch 40/40 - Train Loss: 0.6350, Train Acc: 0.7071, Train AUC: 0.7590 - Val Loss: 0.6423, Val Acc (0.5): 0.8000, Val AUC: 0.8623
  Best Threshold 0.50 → Balanced Acc: 0.8080, Acc: 0.8000, Precision: 0.9000, Recall: 0.7826, F1: 0.8372
Loaded best model with validation AUC: 0.8623
Final Val Results (Best Model) at epoch 39 - Loss: 0.6446, Accuracy: 0.8571, AUC: 0.8623
Best Threshold: 0.50 | Balanced Acc: 0.8514 | Acc: 0.8571 | Precision: 0.9091 | Recall: 0.8696 | F1: 0.8889
Confusion Matrix at Best Threshold (rows=actual [0,1], cols=predicted [0,1]):
[[10  2]
 [ 3 20]]
======================================================================

Training Results - C1 (Mean Pooling)
======================================================================
Model: C1 (Mean Pooling)
Backbone: efficientnetv2_b0
Pooling: mean
Val AUC: 0.8623
======================================================================
