Starting 5-fold cross-validation training for C1 (Mean Pooling)
Configuration:
  clinical_csv: data/annotations/175_clinical_5_variables.csv
  image_root: data/nakagami_full
  patient_id_column: NO
  label_column: CL_F2
  image_pattern: Nakagami_image_*.png
  n_folds: 5
  batch_size: 16
  learning_rate: 1e-05
  num_epochs: 40
  early_stopping_patience: 10
  early_stopping_min_delta: 0.001
  backbone: efficientnetv2_b0
  pretrained: True
  device: cuda
  num_workers: 4
  pooling: mean
  attention_hidden: 128
  clinical_dim: 32
  fusion_hidden: 128
  dropout: 0.5
  clinical_features: ['AST', 'ALT', 'PLT']
  seed: 42
  no_cv: False
  val_split: 0.2
  weight_decay: 0.0001
  label_smoothing: 0.1
  log_dir: runs/bmode_clinical
Loading clinical data...
Loaded 175 patients from clinical data
Building patient records...
Building patient records from 175 patients...
Image root: data/nakagami_full
Image pattern: Nakagami_image_*.png
Successfully created 175 patient records
Created 175 patient records
Fold 1 class distribution:
  Train: Class 0=47 (33.6%), Class 1=93 (66.4%)
  Val:   Class 0=11 (31.4%), Class 1=24 (68.6%)

======================================================================
Fold 1/5
======================================================================
Train: 140 patients
Val: 35 patients
Fitting clinical preprocessor on training data...
Built clinical feature dictionaries: train=140, val=35
Clinical input dimension: 3
Backbone feature dimension: 1280
Created mean pooling model with backbone efficientnetv2_b0
Using device: cuda
Class weights: [1.0, 0.5053763389587402]
Weight decay (L2 reg): 0.0001
Label smoothing: 0.1

Epoch 1/40 - Train Loss: 0.7115, Train Acc: 0.5429, Train AUC: 0.4083 - Val Loss: 0.7160, Val Acc (0.5): 0.6857, Val AUC: 0.3750
  Train Best Threshold 0.05 → Balanced Acc: 0.5000, Acc: 0.6643, Sensitivity: 1.0000, Specificity: 0.0000, PPV: 0.6643, NPV: 0.0000, F1: 0.7983
  Val Best Threshold 0.05 → Balanced Acc: 0.5000, Acc: 0.6857, Sensitivity: 1.0000, Specificity: 0.0000, PPV: 0.6857, NPV: 0.0000, F1: 0.8136
  → New best validation AUC: 0.3750
Epoch 2/40 - Train Loss: 0.7080, Train Acc: 0.5571, Train AUC: 0.4640 - Val Loss: 0.7129, Val Acc (0.5): 0.6857, Val AUC: 0.3788
  Train Best Threshold 0.55 → Balanced Acc: 0.5007, Acc: 0.3786, Sensitivity: 0.1290, Specificity: 0.8723, PPV: 0.6667, NPV: 0.3361, F1: 0.2162
  Val Best Threshold 0.05 → Balanced Acc: 0.5000, Acc: 0.6857, Sensitivity: 1.0000, Specificity: 0.0000, PPV: 0.6857, NPV: 0.0000, F1: 0.8136
  → New best validation AUC: 0.3788
Epoch 3/40 - Train Loss: 0.7042, Train Acc: 0.5714, Train AUC: 0.5061 - Val Loss: 0.7122, Val Acc (0.5): 0.6857, Val AUC: 0.3939
  Train Best Threshold 0.50 → Balanced Acc: 0.5090, Acc: 0.5714, Sensitivity: 0.6989, Specificity: 0.3191, PPV: 0.6701, NPV: 0.3488, F1: 0.6842
  Val Best Threshold 0.05 → Balanced Acc: 0.5000, Acc: 0.6857, Sensitivity: 1.0000, Specificity: 0.0000, PPV: 0.6857, NPV: 0.0000, F1: 0.8136
  → New best validation AUC: 0.3939
Epoch 4/40 - Train Loss: 0.7031, Train Acc: 0.6214, Train AUC: 0.5308 - Val Loss: 0.7085, Val Acc (0.5): 0.6857, Val AUC: 0.4697
  Train Best Threshold 0.50 → Balanced Acc: 0.5677, Acc: 0.6214, Sensitivity: 0.7312, Specificity: 0.4043, PPV: 0.7083, NPV: 0.4318, F1: 0.7196
  Val Best Threshold 0.05 → Balanced Acc: 0.5000, Acc: 0.6857, Sensitivity: 1.0000, Specificity: 0.0000, PPV: 0.6857, NPV: 0.0000, F1: 0.8136
  → New best validation AUC: 0.4697
Epoch 5/40 - Train Loss: 0.7075, Train Acc: 0.5286, Train AUC: 0.4580 - Val Loss: 0.7054, Val Acc (0.5): 0.7143, Val AUC: 0.5038
  Train Best Threshold 0.05 → Balanced Acc: 0.5000, Acc: 0.6643, Sensitivity: 1.0000, Specificity: 0.0000, PPV: 0.6643, NPV: 0.0000, F1: 0.7983
  Val Best Threshold 0.50 → Balanced Acc: 0.5455, Acc: 0.7143, Sensitivity: 1.0000, Specificity: 0.0909, PPV: 0.7059, NPV: 1.0000, F1: 0.8276
  → New best validation AUC: 0.5038
Epoch 6/40 - Train Loss: 0.7034, Train Acc: 0.5357, Train AUC: 0.5040 - Val Loss: 0.7058, Val Acc (0.5): 0.6857, Val AUC: 0.5152
  Train Best Threshold 0.60 → Balanced Acc: 0.5054, Acc: 0.3429, Sensitivity: 0.0108, Specificity: 1.0000, PPV: 1.0000, NPV: 0.3381, F1: 0.0213
  Val Best Threshold 0.05 → Balanced Acc: 0.5000, Acc: 0.6857, Sensitivity: 1.0000, Specificity: 0.0000, PPV: 0.6857, NPV: 0.0000, F1: 0.8136
  → New best validation AUC: 0.5152
Epoch 7/40 - Train Loss: 0.7027, Train Acc: 0.5714, Train AUC: 0.5180 - Val Loss: 0.7052, Val Acc (0.5): 0.6857, Val AUC: 0.5417
  Train Best Threshold 0.55 → Balanced Acc: 0.5166, Acc: 0.3857, Sensitivity: 0.1183, Specificity: 0.9149, PPV: 0.7333, NPV: 0.3440, F1: 0.2037
  Val Best Threshold 0.05 → Balanced Acc: 0.5000, Acc: 0.6857, Sensitivity: 1.0000, Specificity: 0.0000, PPV: 0.6857, NPV: 0.0000, F1: 0.8136
  → New best validation AUC: 0.5417
Epoch 8/40 - Train Loss: 0.7131, Train Acc: 0.5143, Train AUC: 0.3690 - Val Loss: 0.7028, Val Acc (0.5): 0.7143, Val AUC: 0.5947
  Train Best Threshold 0.05 → Balanced Acc: 0.5000, Acc: 0.6643, Sensitivity: 1.0000, Specificity: 0.0000, PPV: 0.6643, NPV: 0.0000, F1: 0.7983
  Val Best Threshold 0.50 → Balanced Acc: 0.5455, Acc: 0.7143, Sensitivity: 1.0000, Specificity: 0.0909, PPV: 0.7059, NPV: 1.0000, F1: 0.8276
  → New best validation AUC: 0.5947
Epoch 9/40 - Train Loss: 0.7021, Train Acc: 0.6357, Train AUC: 0.5447 - Val Loss: 0.7012, Val Acc (0.5): 0.7143, Val AUC: 0.6288
  Train Best Threshold 0.50 → Balanced Acc: 0.5890, Acc: 0.6357, Sensitivity: 0.7312, Specificity: 0.4468, PPV: 0.7234, NPV: 0.4565, F1: 0.7273
  Val Best Threshold 0.50 → Balanced Acc: 0.5455, Acc: 0.7143, Sensitivity: 1.0000, Specificity: 0.0909, PPV: 0.7059, NPV: 1.0000, F1: 0.8276
  → New best validation AUC: 0.6288
Epoch 10/40 - Train Loss: 0.7107, Train Acc: 0.4929, Train AUC: 0.4242 - Val Loss: 0.7003, Val Acc (0.5): 0.7143, Val AUC: 0.6553
  Train Best Threshold 0.05 → Balanced Acc: 0.5000, Acc: 0.6643, Sensitivity: 1.0000, Specificity: 0.0000, PPV: 0.6643, NPV: 0.0000, F1: 0.7983
  Val Best Threshold 0.50 → Balanced Acc: 0.5455, Acc: 0.7143, Sensitivity: 1.0000, Specificity: 0.0909, PPV: 0.7059, NPV: 1.0000, F1: 0.8276
  → New best validation AUC: 0.6553
Epoch 11/40 - Train Loss: 0.6990, Train Acc: 0.6000, Train AUC: 0.5623 - Val Loss: 0.6993, Val Acc (0.5): 0.7143, Val AUC: 0.6894
  Train Best Threshold 0.50 → Balanced Acc: 0.5832, Acc: 0.6000, Sensitivity: 0.6344, Specificity: 0.5319, PPV: 0.7284, NPV: 0.4237, F1: 0.6782
  Val Best Threshold 0.50 → Balanced Acc: 0.5455, Acc: 0.7143, Sensitivity: 1.0000, Specificity: 0.0909, PPV: 0.7059, NPV: 1.0000, F1: 0.8276
  → New best validation AUC: 0.6894
Epoch 12/40 - Train Loss: 0.7019, Train Acc: 0.5500, Train AUC: 0.5193 - Val Loss: 0.6997, Val Acc (0.5): 0.7143, Val AUC: 0.6818
  Train Best Threshold 0.55 → Balanced Acc: 0.5216, Acc: 0.3714, Sensitivity: 0.0645, Specificity: 0.9787, PPV: 0.8571, NPV: 0.3459, F1: 0.1200
  Val Best Threshold 0.50 → Balanced Acc: 0.5455, Acc: 0.7143, Sensitivity: 1.0000, Specificity: 0.0909, PPV: 0.7059, NPV: 1.0000, F1: 0.8276
Epoch 13/40 - Train Loss: 0.7003, Train Acc: 0.5714, Train AUC: 0.5550 - Val Loss: 0.6991, Val Acc (0.5): 0.7143, Val AUC: 0.6932
  Train Best Threshold 0.50 → Balanced Acc: 0.5406, Acc: 0.5714, Sensitivity: 0.6344, Specificity: 0.4468, PPV: 0.6941, NPV: 0.3818, F1: 0.6629
  Val Best Threshold 0.50 → Balanced Acc: 0.5455, Acc: 0.7143, Sensitivity: 1.0000, Specificity: 0.0909, PPV: 0.7059, NPV: 1.0000, F1: 0.8276
  → New best validation AUC: 0.6932
Epoch 14/40 - Train Loss: 0.6991, Train Acc: 0.5286, Train AUC: 0.5468 - Val Loss: 0.6999, Val Acc (0.5): 0.7143, Val AUC: 0.6932
  Train Best Threshold 0.45 → Balanced Acc: 0.5159, Acc: 0.6714, Sensitivity: 0.9892, Specificity: 0.0426, PPV: 0.6715, NPV: 0.6667, F1: 0.8000
  Val Best Threshold 0.50 → Balanced Acc: 0.5455, Acc: 0.7143, Sensitivity: 1.0000, Specificity: 0.0909, PPV: 0.7059, NPV: 1.0000, F1: 0.8276
Epoch 15/40 - Train Loss: 0.7046, Train Acc: 0.5429, Train AUC: 0.5003 - Val Loss: 0.6998, Val Acc (0.5): 0.7143, Val AUC: 0.6932
  Train Best Threshold 0.50 → Balanced Acc: 0.5191, Acc: 0.5429, Sensitivity: 0.5914, Specificity: 0.4468, PPV: 0.6790, NPV: 0.3559, F1: 0.6322
  Val Best Threshold 0.50 → Balanced Acc: 0.5455, Acc: 0.7143, Sensitivity: 1.0000, Specificity: 0.0909, PPV: 0.7059, NPV: 1.0000, F1: 0.8276
Epoch 16/40 - Train Loss: 0.6890, Train Acc: 0.6643, Train AUC: 0.7131 - Val Loss: 0.6995, Val Acc (0.5): 0.7143, Val AUC: 0.7159
  Train Best Threshold 0.50 → Balanced Acc: 0.6368, Acc: 0.6643, Sensitivity: 0.7204, Specificity: 0.5532, PPV: 0.7614, NPV: 0.5000, F1: 0.7403
  Val Best Threshold 0.50 → Balanced Acc: 0.5455, Acc: 0.7143, Sensitivity: 1.0000, Specificity: 0.0909, PPV: 0.7059, NPV: 1.0000, F1: 0.8276
  → New best validation AUC: 0.7159
Epoch 17/40 - Train Loss: 0.6907, Train Acc: 0.6571, Train AUC: 0.6843 - Val Loss: 0.6997, Val Acc (0.5): 0.7143, Val AUC: 0.7386
  Train Best Threshold 0.50 → Balanced Acc: 0.6472, Acc: 0.6571, Sensitivity: 0.6774, Specificity: 0.6170, PPV: 0.7778, NPV: 0.4915, F1: 0.7241
  Val Best Threshold 0.50 → Balanced Acc: 0.5455, Acc: 0.7143, Sensitivity: 1.0000, Specificity: 0.0909, PPV: 0.7059, NPV: 1.0000, F1: 0.8276
  → New best validation AUC: 0.7386
Epoch 18/40 - Train Loss: 0.6906, Train Acc: 0.6143, Train AUC: 0.6685 - Val Loss: 0.6995, Val Acc (0.5): 0.7143, Val AUC: 0.7424
  Train Best Threshold 0.50 → Balanced Acc: 0.6097, Acc: 0.6143, Sensitivity: 0.6237, Specificity: 0.5957, PPV: 0.7532, NPV: 0.4444, F1: 0.6824
  Val Best Threshold 0.50 → Balanced Acc: 0.5455, Acc: 0.7143, Sensitivity: 1.0000, Specificity: 0.0909, PPV: 0.7059, NPV: 1.0000, F1: 0.8276
  → New best validation AUC: 0.7424
Epoch 19/40 - Train Loss: 0.6981, Train Acc: 0.5714, Train AUC: 0.5777 - Val Loss: 0.6983, Val Acc (0.5): 0.7429, Val AUC: 0.7538
  Train Best Threshold 0.50 → Balanced Acc: 0.5459, Acc: 0.5714, Sensitivity: 0.6237, Specificity: 0.4681, PPV: 0.6988, NPV: 0.3860, F1: 0.6591
  Val Best Threshold 0.50 → Balanced Acc: 0.5909, Acc: 0.7429, Sensitivity: 1.0000, Specificity: 0.1818, PPV: 0.7273, NPV: 1.0000, F1: 0.8421
  → New best validation AUC: 0.7538
Epoch 20/40 - Train Loss: 0.6924, Train Acc: 0.5857, Train AUC: 0.6349 - Val Loss: 0.6974, Val Acc (0.5): 0.7714, Val AUC: 0.7727
  Train Best Threshold 0.50 → Balanced Acc: 0.5619, Acc: 0.5857, Sensitivity: 0.6344, Specificity: 0.4894, PPV: 0.7108, NPV: 0.4035, F1: 0.6705
  Val Best Threshold 0.50 → Balanced Acc: 0.6364, Acc: 0.7714, Sensitivity: 1.0000, Specificity: 0.2727, PPV: 0.7500, NPV: 1.0000, F1: 0.8571
  → New best validation AUC: 0.7727
Epoch 21/40 - Train Loss: 0.7037, Train Acc: 0.5571, Train AUC: 0.4871 - Val Loss: 0.6975, Val Acc (0.5): 0.7429, Val AUC: 0.7727
  Train Best Threshold 0.55 → Balanced Acc: 0.5108, Acc: 0.3500, Sensitivity: 0.0215, Specificity: 1.0000, PPV: 1.0000, NPV: 0.3406, F1: 0.0421
  Val Best Threshold 0.50 → Balanced Acc: 0.5909, Acc: 0.7429, Sensitivity: 1.0000, Specificity: 0.1818, PPV: 0.7273, NPV: 1.0000, F1: 0.8421
Epoch 22/40 - Train Loss: 0.6986, Train Acc: 0.5214, Train AUC: 0.5335 - Val Loss: 0.6980, Val Acc (0.5): 0.7429, Val AUC: 0.7803
  Train Best Threshold 0.45 → Balanced Acc: 0.5265, Acc: 0.6786, Sensitivity: 0.9892, Specificity: 0.0638, PPV: 0.6765, NPV: 0.7500, F1: 0.8035
  Val Best Threshold 0.50 → Balanced Acc: 0.5909, Acc: 0.7429, Sensitivity: 1.0000, Specificity: 0.1818, PPV: 0.7273, NPV: 1.0000, F1: 0.8421
  → New best validation AUC: 0.7803
Epoch 23/40 - Train Loss: 0.6958, Train Acc: 0.5929, Train AUC: 0.5752 - Val Loss: 0.6960, Val Acc (0.5): 0.8000, Val AUC: 0.8144
  Train Best Threshold 0.50 → Balanced Acc: 0.5883, Acc: 0.5929, Sensitivity: 0.6022, Specificity: 0.5745, PPV: 0.7368, NPV: 0.4219, F1: 0.6627
  Val Best Threshold 0.50 → Balanced Acc: 0.6818, Acc: 0.8000, Sensitivity: 1.0000, Specificity: 0.3636, PPV: 0.7742, NPV: 1.0000, F1: 0.8727
  → New best validation AUC: 0.8144
Epoch 24/40 - Train Loss: 0.6965, Train Acc: 0.5714, Train AUC: 0.5770 - Val Loss: 0.6946, Val Acc (0.5): 0.7714, Val AUC: 0.8485
  Train Best Threshold 0.50 → Balanced Acc: 0.5827, Acc: 0.5714, Sensitivity: 0.5484, Specificity: 0.6170, PPV: 0.7391, NPV: 0.4085, F1: 0.6296
  Val Best Threshold 0.50 → Balanced Acc: 0.6610, Acc: 0.7714, Sensitivity: 0.9583, Specificity: 0.3636, PPV: 0.7667, NPV: 0.8000, F1: 0.8519
  → New best validation AUC: 0.8485
Epoch 25/40 - Train Loss: 0.6912, Train Acc: 0.5857, Train AUC: 0.6438 - Val Loss: 0.6943, Val Acc (0.5): 0.8000, Val AUC: 0.8561
  Train Best Threshold 0.50 → Balanced Acc: 0.5829, Acc: 0.5857, Sensitivity: 0.5914, Specificity: 0.5745, PPV: 0.7333, NPV: 0.4154, F1: 0.6548
  Val Best Threshold 0.50 → Balanced Acc: 0.6818, Acc: 0.8000, Sensitivity: 1.0000, Specificity: 0.3636, PPV: 0.7742, NPV: 1.0000, F1: 0.8727
  → New best validation AUC: 0.8561
Epoch 26/40 - Train Loss: 0.6916, Train Acc: 0.6643, Train AUC: 0.6445 - Val Loss: 0.6941, Val Acc (0.5): 0.8000, Val AUC: 0.8295
  Train Best Threshold 0.50 → Balanced Acc: 0.6526, Acc: 0.6643, Sensitivity: 0.6882, Specificity: 0.6170, PPV: 0.7805, NPV: 0.5000, F1: 0.7314
  Val Best Threshold 0.50 → Balanced Acc: 0.6818, Acc: 0.8000, Sensitivity: 1.0000, Specificity: 0.3636, PPV: 0.7742, NPV: 1.0000, F1: 0.8727
Epoch 27/40 - Train Loss: 0.6872, Train Acc: 0.6429, Train AUC: 0.6802 - Val Loss: 0.6938, Val Acc (0.5): 0.8000, Val AUC: 0.8561
  Train Best Threshold 0.50 → Balanced Acc: 0.6575, Acc: 0.6429, Sensitivity: 0.6129, Specificity: 0.7021, PPV: 0.8028, NPV: 0.4783, F1: 0.6951
  Val Best Threshold 0.50 → Balanced Acc: 0.6818, Acc: 0.8000, Sensitivity: 1.0000, Specificity: 0.3636, PPV: 0.7742, NPV: 1.0000, F1: 0.8727
Epoch 28/40 - Train Loss: 0.6880, Train Acc: 0.6214, Train AUC: 0.6831 - Val Loss: 0.6942, Val Acc (0.5): 0.7429, Val AUC: 0.8485
  Train Best Threshold 0.50 → Balanced Acc: 0.6256, Acc: 0.6214, Sensitivity: 0.6129, Specificity: 0.6383, PPV: 0.7703, NPV: 0.4545, F1: 0.6826
  Val Best Threshold 0.50 → Balanced Acc: 0.6155, Acc: 0.7429, Sensitivity: 0.9583, Specificity: 0.2727, PPV: 0.7419, NPV: 0.7500, F1: 0.8364
Epoch 29/40 - Train Loss: 0.6855, Train Acc: 0.6643, Train AUC: 0.7252 - Val Loss: 0.6937, Val Acc (0.5): 0.7714, Val AUC: 0.8636
  Train Best Threshold 0.50 → Balanced Acc: 0.6736, Acc: 0.6643, Sensitivity: 0.6452, Specificity: 0.7021, PPV: 0.8108, NPV: 0.5000, F1: 0.7186
  Val Best Threshold 0.50 → Balanced Acc: 0.6364, Acc: 0.7714, Sensitivity: 1.0000, Specificity: 0.2727, PPV: 0.7500, NPV: 1.0000, F1: 0.8571
  → New best validation AUC: 0.8636
Epoch 30/40 - Train Loss: 0.6805, Train Acc: 0.6500, Train AUC: 0.7346 - Val Loss: 0.6941, Val Acc (0.5): 0.8000, Val AUC: 0.8561
  Train Best Threshold 0.50 → Balanced Acc: 0.6682, Acc: 0.6500, Sensitivity: 0.6129, Specificity: 0.7234, PPV: 0.8143, NPV: 0.4857, F1: 0.6994
  Val Best Threshold 0.50 → Balanced Acc: 0.6818, Acc: 0.8000, Sensitivity: 1.0000, Specificity: 0.3636, PPV: 0.7742, NPV: 1.0000, F1: 0.8727
Epoch 31/40 - Train Loss: 0.6891, Train Acc: 0.6357, Train AUC: 0.6509 - Val Loss: 0.6934, Val Acc (0.5): 0.7714, Val AUC: 0.8712
  Train Best Threshold 0.50 → Balanced Acc: 0.6153, Acc: 0.6357, Sensitivity: 0.6774, Specificity: 0.5532, PPV: 0.7500, NPV: 0.4643, F1: 0.7119
  Val Best Threshold 0.50 → Balanced Acc: 0.6364, Acc: 0.7714, Sensitivity: 1.0000, Specificity: 0.2727, PPV: 0.7500, NPV: 1.0000, F1: 0.8571
  → New best validation AUC: 0.8712
Epoch 32/40 - Train Loss: 0.6888, Train Acc: 0.5786, Train AUC: 0.6680 - Val Loss: 0.6918, Val Acc (0.5): 0.7714, Val AUC: 0.8750
  Train Best Threshold 0.50 → Balanced Acc: 0.6144, Acc: 0.5786, Sensitivity: 0.5054, Specificity: 0.7234, PPV: 0.7833, NPV: 0.4250, F1: 0.6144
  Val Best Threshold 0.50 → Balanced Acc: 0.6610, Acc: 0.7714, Sensitivity: 0.9583, Specificity: 0.3636, PPV: 0.7667, NPV: 0.8000, F1: 0.8519
  → New best validation AUC: 0.8750
Epoch 33/40 - Train Loss: 0.6910, Train Acc: 0.5786, Train AUC: 0.6491 - Val Loss: 0.6922, Val Acc (0.5): 0.7714, Val AUC: 0.8674
  Train Best Threshold 0.50 → Balanced Acc: 0.5828, Acc: 0.5786, Sensitivity: 0.5699, Specificity: 0.5957, PPV: 0.7361, NPV: 0.4118, F1: 0.6424
  Val Best Threshold 0.50 → Balanced Acc: 0.6364, Acc: 0.7714, Sensitivity: 1.0000, Specificity: 0.2727, PPV: 0.7500, NPV: 1.0000, F1: 0.8571
Epoch 34/40 - Train Loss: 0.6789, Train Acc: 0.6857, Train AUC: 0.7467 - Val Loss: 0.6906, Val Acc (0.5): 0.7714, Val AUC: 0.8826
  Train Best Threshold 0.50 → Balanced Acc: 0.6792, Acc: 0.6857, Sensitivity: 0.6989, Specificity: 0.6596, PPV: 0.8025, NPV: 0.5254, F1: 0.7471
  Val Best Threshold 0.50 → Balanced Acc: 0.6364, Acc: 0.7714, Sensitivity: 1.0000, Specificity: 0.2727, PPV: 0.7500, NPV: 1.0000, F1: 0.8571
  → New best validation AUC: 0.8826
Epoch 35/40 - Train Loss: 0.6836, Train Acc: 0.6643, Train AUC: 0.7097 - Val Loss: 0.6908, Val Acc (0.5): 0.7714, Val AUC: 0.8788
  Train Best Threshold 0.50 → Balanced Acc: 0.6579, Acc: 0.6643, Sensitivity: 0.6774, Specificity: 0.6383, PPV: 0.7875, NPV: 0.5000, F1: 0.7283
  Val Best Threshold 0.50 → Balanced Acc: 0.6610, Acc: 0.7714, Sensitivity: 0.9583, Specificity: 0.3636, PPV: 0.7667, NPV: 0.8000, F1: 0.8519
Epoch 36/40 - Train Loss: 0.6767, Train Acc: 0.6429, Train AUC: 0.7566 - Val Loss: 0.6925, Val Acc (0.5): 0.7429, Val AUC: 0.8636
  Train Best Threshold 0.50 → Balanced Acc: 0.6680, Acc: 0.6429, Sensitivity: 0.5914, Specificity: 0.7447, PPV: 0.8209, NPV: 0.4795, F1: 0.6875
  Val Best Threshold 0.50 → Balanced Acc: 0.5909, Acc: 0.7429, Sensitivity: 1.0000, Specificity: 0.1818, PPV: 0.7273, NPV: 1.0000, F1: 0.8421
Epoch 37/40 - Train Loss: 0.6785, Train Acc: 0.6571, Train AUC: 0.7316 - Val Loss: 0.6895, Val Acc (0.5): 0.7714, Val AUC: 0.8788
  Train Best Threshold 0.50 → Balanced Acc: 0.6472, Acc: 0.6571, Sensitivity: 0.6774, Specificity: 0.6170, PPV: 0.7778, NPV: 0.4915, F1: 0.7241
  Val Best Threshold 0.50 → Balanced Acc: 0.6364, Acc: 0.7714, Sensitivity: 1.0000, Specificity: 0.2727, PPV: 0.7500, NPV: 1.0000, F1: 0.8571
Epoch 38/40 - Train Loss: 0.6871, Train Acc: 0.6500, Train AUC: 0.6809 - Val Loss: 0.6885, Val Acc (0.5): 0.7714, Val AUC: 0.8674
  Train Best Threshold 0.50 → Balanced Acc: 0.6576, Acc: 0.6500, Sensitivity: 0.6344, Specificity: 0.6809, PPV: 0.7973, NPV: 0.4848, F1: 0.7066
  Val Best Threshold 0.55 → Balanced Acc: 0.6667, Acc: 0.5429, Sensitivity: 0.3333, Specificity: 1.0000, PPV: 1.0000, NPV: 0.4074, F1: 0.5000
Epoch 39/40 - Train Loss: 0.6837, Train Acc: 0.6429, Train AUC: 0.6966 - Val Loss: 0.6869, Val Acc (0.5): 0.6857, Val AUC: 0.8636
  Train Best Threshold 0.50 → Balanced Acc: 0.6575, Acc: 0.6429, Sensitivity: 0.6129, Specificity: 0.7021, PPV: 0.8028, NPV: 0.4783, F1: 0.6951
  Val Best Threshold 0.55 → Balanced Acc: 0.6458, Acc: 0.5143, Sensitivity: 0.2917, Specificity: 1.0000, PPV: 1.0000, NPV: 0.3929, F1: 0.4516
Epoch 40/40 - Train Loss: 0.6780, Train Acc: 0.6286, Train AUC: 0.7152 - Val Loss: 0.6855, Val Acc (0.5): 0.7143, Val AUC: 0.8750
  Train Best Threshold 0.50 → Balanced Acc: 0.6468, Acc: 0.6286, Sensitivity: 0.5914, Specificity: 0.7021, PPV: 0.7971, NPV: 0.4648, F1: 0.6790
  Val Best Threshold 0.55 → Balanced Acc: 0.6667, Acc: 0.5429, Sensitivity: 0.3333, Specificity: 1.0000, PPV: 1.0000, NPV: 0.4074, F1: 0.5000
Loaded best model with validation AUC: 0.8826
Final Train Results (Best Model) at epoch 34 - Loss: 0.6790, Accuracy: 0.6929, AUC: 0.7849
Final Val Results (Best Model) at epoch 34 - Loss: 0.6906, Accuracy: 0.7714, AUC: 0.8826
Train Best Threshold: 0.50 | Balanced Acc: 0.7109 | Acc: 0.6929 | Sensitivity: 0.6559 | Specificity: 0.7660 | PPV: 0.8472 | NPV: 0.5294 | F1: 0.7394
Train Confusion Matrix at Best Threshold (rows=actual [0,1], cols=predicted [0,1]):
[[36 11]
 [32 61]]
Val Best Threshold: 0.50 | Balanced Acc: 0.6364 | Acc: 0.7714 | Sensitivity: 1.0000 | Specificity: 0.2727 | PPV: 0.7500 | NPV: 1.0000 | F1: 0.8571
Val Confusion Matrix at Best Threshold (rows=actual [0,1], cols=predicted [0,1]):
[[ 3  8]
 [ 0 24]]
Fold 2 class distribution:
  Train: Class 0=47 (33.6%), Class 1=93 (66.4%)
  Val:   Class 0=11 (31.4%), Class 1=24 (68.6%)

======================================================================
Fold 2/5
======================================================================
Train: 140 patients
Val: 35 patients
Fitting clinical preprocessor on training data...
Built clinical feature dictionaries: train=140, val=35
Clinical input dimension: 3
Backbone feature dimension: 1280
Created mean pooling model with backbone efficientnetv2_b0
Using device: cuda
Class weights: [1.0, 0.5053763389587402]
Weight decay (L2 reg): 0.0001
Label smoothing: 0.1

Epoch 1/40 - Train Loss: 0.7114, Train Acc: 0.4857, Train AUC: 0.4095 - Val Loss: 0.7219, Val Acc (0.5): 0.6857, Val AUC: 0.3523
  Train Best Threshold 0.05 → Balanced Acc: 0.5000, Acc: 0.6643, Sensitivity: 1.0000, Specificity: 0.0000, PPV: 0.6643, NPV: 0.0000, F1: 0.7983
  Val Best Threshold 0.05 → Balanced Acc: 0.5000, Acc: 0.6857, Sensitivity: 1.0000, Specificity: 0.0000, PPV: 0.6857, NPV: 0.0000, F1: 0.8136
  → New best validation AUC: 0.3523
Epoch 2/40 - Train Loss: 0.7130, Train Acc: 0.5286, Train AUC: 0.3578 - Val Loss: 0.7168, Val Acc (0.5): 0.6857, Val AUC: 0.2841
  Train Best Threshold 0.55 → Balanced Acc: 0.5005, Acc: 0.3643, Sensitivity: 0.0860, Specificity: 0.9149, PPV: 0.6667, NPV: 0.3359, F1: 0.1524
  Val Best Threshold 0.05 → Balanced Acc: 0.5000, Acc: 0.6857, Sensitivity: 1.0000, Specificity: 0.0000, PPV: 0.6857, NPV: 0.0000, F1: 0.8136
Epoch 3/40 - Train Loss: 0.7189, Train Acc: 0.5071, Train AUC: 0.3208 - Val Loss: 0.7130, Val Acc (0.5): 0.6857, Val AUC: 0.3598
  Train Best Threshold 0.05 → Balanced Acc: 0.5000, Acc: 0.6643, Sensitivity: 1.0000, Specificity: 0.0000, PPV: 0.6643, NPV: 0.0000, F1: 0.7983
  Val Best Threshold 0.05 → Balanced Acc: 0.5000, Acc: 0.6857, Sensitivity: 1.0000, Specificity: 0.0000, PPV: 0.6857, NPV: 0.0000, F1: 0.8136
  → New best validation AUC: 0.3598
Epoch 4/40 - Train Loss: 0.7061, Train Acc: 0.5857, Train AUC: 0.4688 - Val Loss: 0.7105, Val Acc (0.5): 0.6857, Val AUC: 0.3674
  Train Best Threshold 0.55 → Balanced Acc: 0.5270, Acc: 0.3786, Sensitivity: 0.0753, Specificity: 0.9787, PPV: 0.8750, NPV: 0.3485, F1: 0.1386
  Val Best Threshold 0.05 → Balanced Acc: 0.5000, Acc: 0.6857, Sensitivity: 1.0000, Specificity: 0.0000, PPV: 0.6857, NPV: 0.0000, F1: 0.8136
  → New best validation AUC: 0.3674
Epoch 5/40 - Train Loss: 0.7011, Train Acc: 0.6143, Train AUC: 0.5472 - Val Loss: 0.7052, Val Acc (0.5): 0.6571, Val AUC: 0.4735
  Train Best Threshold 0.50 → Balanced Acc: 0.5571, Acc: 0.6143, Sensitivity: 0.7312, Specificity: 0.3830, PPV: 0.7010, NPV: 0.4186, F1: 0.7158
  Val Best Threshold 0.05 → Balanced Acc: 0.5000, Acc: 0.6857, Sensitivity: 1.0000, Specificity: 0.0000, PPV: 0.6857, NPV: 0.0000, F1: 0.8136
  → New best validation AUC: 0.4735
Epoch 6/40 - Train Loss: 0.7034, Train Acc: 0.5429, Train AUC: 0.4949 - Val Loss: 0.7053, Val Acc (0.5): 0.6571, Val AUC: 0.4583
  Train Best Threshold 0.55 → Balanced Acc: 0.5165, Acc: 0.3786, Sensitivity: 0.0968, Specificity: 0.9362, PPV: 0.7500, NPV: 0.3438, F1: 0.1714
  Val Best Threshold 0.05 → Balanced Acc: 0.5000, Acc: 0.6857, Sensitivity: 1.0000, Specificity: 0.0000, PPV: 0.6857, NPV: 0.0000, F1: 0.8136
Epoch 7/40 - Train Loss: 0.6994, Train Acc: 0.6000, Train AUC: 0.5768 - Val Loss: 0.7031, Val Acc (0.5): 0.6286, Val AUC: 0.5265
  Train Best Threshold 0.50 → Balanced Acc: 0.5463, Acc: 0.6000, Sensitivity: 0.7097, Specificity: 0.3830, PPV: 0.6947, NPV: 0.4000, F1: 0.7021
  Val Best Threshold 0.05 → Balanced Acc: 0.5000, Acc: 0.6857, Sensitivity: 1.0000, Specificity: 0.0000, PPV: 0.6857, NPV: 0.0000, F1: 0.8136
  → New best validation AUC: 0.5265
Epoch 8/40 - Train Loss: 0.7018, Train Acc: 0.6143, Train AUC: 0.5296 - Val Loss: 0.7015, Val Acc (0.5): 0.6286, Val AUC: 0.5114
  Train Best Threshold 0.50 → Balanced Acc: 0.5518, Acc: 0.6143, Sensitivity: 0.7419, Specificity: 0.3617, PPV: 0.6970, NPV: 0.4146, F1: 0.7188
  Val Best Threshold 0.05 → Balanced Acc: 0.5000, Acc: 0.6857, Sensitivity: 1.0000, Specificity: 0.0000, PPV: 0.6857, NPV: 0.0000, F1: 0.8136
Epoch 9/40 - Train Loss: 0.7089, Train Acc: 0.5000, Train AUC: 0.4212 - Val Loss: 0.7017, Val Acc (0.5): 0.6286, Val AUC: 0.5341
  Train Best Threshold 0.05 → Balanced Acc: 0.5000, Acc: 0.6643, Sensitivity: 1.0000, Specificity: 0.0000, PPV: 0.6643, NPV: 0.0000, F1: 0.7983
  Val Best Threshold 0.05 → Balanced Acc: 0.5000, Acc: 0.6857, Sensitivity: 1.0000, Specificity: 0.0000, PPV: 0.6857, NPV: 0.0000, F1: 0.8136
  → New best validation AUC: 0.5341
Epoch 10/40 - Train Loss: 0.7052, Train Acc: 0.4929, Train AUC: 0.4747 - Val Loss: 0.6999, Val Acc (0.5): 0.6857, Val AUC: 0.5606
  Train Best Threshold 0.55 → Balanced Acc: 0.5003, Acc: 0.3571, Sensitivity: 0.0645, Specificity: 0.9362, PPV: 0.6667, NPV: 0.3359, F1: 0.1176
  Val Best Threshold 0.50 → Balanced Acc: 0.5492, Acc: 0.6857, Sensitivity: 0.9167, Specificity: 0.1818, PPV: 0.7097, NPV: 0.5000, F1: 0.8000
  → New best validation AUC: 0.5606
Epoch 11/40 - Train Loss: 0.7018, Train Acc: 0.5429, Train AUC: 0.5079 - Val Loss: 0.6981, Val Acc (0.5): 0.6571, Val AUC: 0.6098
  Train Best Threshold 0.55 → Balanced Acc: 0.5056, Acc: 0.3571, Sensitivity: 0.0538, Specificity: 0.9574, PPV: 0.7143, NPV: 0.3383, F1: 0.1000
  Val Best Threshold 0.50 → Balanced Acc: 0.5038, Acc: 0.6571, Sensitivity: 0.9167, Specificity: 0.0909, PPV: 0.6875, NPV: 0.3333, F1: 0.7857
  → New best validation AUC: 0.6098
Epoch 12/40 - Train Loss: 0.6988, Train Acc: 0.6143, Train AUC: 0.5809 - Val Loss: 0.6986, Val Acc (0.5): 0.6000, Val AUC: 0.5909
  Train Best Threshold 0.50 → Balanced Acc: 0.5676, Acc: 0.6143, Sensitivity: 0.7097, Specificity: 0.4255, PPV: 0.7097, NPV: 0.4255, F1: 0.7097
  Val Best Threshold 0.05 → Balanced Acc: 0.5000, Acc: 0.6857, Sensitivity: 1.0000, Specificity: 0.0000, PPV: 0.6857, NPV: 0.0000, F1: 0.8136
Epoch 13/40 - Train Loss: 0.6960, Train Acc: 0.6071, Train AUC: 0.5838 - Val Loss: 0.6993, Val Acc (0.5): 0.6286, Val AUC: 0.5568
  Train Best Threshold 0.50 → Balanced Acc: 0.5675, Acc: 0.6071, Sensitivity: 0.6882, Specificity: 0.4468, PPV: 0.7111, NPV: 0.4200, F1: 0.6995
  Val Best Threshold 0.50 → Balanced Acc: 0.5076, Acc: 0.6286, Sensitivity: 0.8333, Specificity: 0.1818, PPV: 0.6897, NPV: 0.3333, F1: 0.7547
Epoch 14/40 - Train Loss: 0.7027, Train Acc: 0.5571, Train AUC: 0.5221 - Val Loss: 0.6984, Val Acc (0.5): 0.6571, Val AUC: 0.6250
  Train Best Threshold 0.55 → Balanced Acc: 0.5056, Acc: 0.3571, Sensitivity: 0.0538, Specificity: 0.9574, PPV: 0.7143, NPV: 0.3383, F1: 0.1000
  Val Best Threshold 0.50 → Balanced Acc: 0.5284, Acc: 0.6571, Sensitivity: 0.8750, Specificity: 0.1818, PPV: 0.7000, NPV: 0.4000, F1: 0.7778
  → New best validation AUC: 0.6250
Epoch 15/40 - Train Loss: 0.7007, Train Acc: 0.5357, Train AUC: 0.5143 - Val Loss: 0.6973, Val Acc (0.5): 0.6571, Val AUC: 0.6629
  Train Best Threshold 0.50 → Balanced Acc: 0.5190, Acc: 0.5357, Sensitivity: 0.5699, Specificity: 0.4681, PPV: 0.6795, NPV: 0.3548, F1: 0.6199
  Val Best Threshold 0.50 → Balanced Acc: 0.5530, Acc: 0.6571, Sensitivity: 0.8333, Specificity: 0.2727, PPV: 0.7143, NPV: 0.4286, F1: 0.7692
  → New best validation AUC: 0.6629
Epoch 16/40 - Train Loss: 0.6938, Train Acc: 0.6000, Train AUC: 0.6287 - Val Loss: 0.6959, Val Acc (0.5): 0.6571, Val AUC: 0.6705
  Train Best Threshold 0.50 → Balanced Acc: 0.5884, Acc: 0.6000, Sensitivity: 0.6237, Specificity: 0.5532, PPV: 0.7342, NPV: 0.4262, F1: 0.6744
  Val Best Threshold 0.50 → Balanced Acc: 0.6023, Acc: 0.6571, Sensitivity: 0.7500, Specificity: 0.4545, PPV: 0.7500, NPV: 0.4545, F1: 0.7500
  → New best validation AUC: 0.6705
Epoch 17/40 - Train Loss: 0.6979, Train Acc: 0.5286, Train AUC: 0.5546 - Val Loss: 0.6958, Val Acc (0.5): 0.7143, Val AUC: 0.6553
  Train Best Threshold 0.50 → Balanced Acc: 0.5189, Acc: 0.5286, Sensitivity: 0.5484, Specificity: 0.4894, PPV: 0.6800, NPV: 0.3538, F1: 0.6071
  Val Best Threshold 0.50 → Balanced Acc: 0.6439, Acc: 0.7143, Sensitivity: 0.8333, Specificity: 0.4545, PPV: 0.7692, NPV: 0.5556, F1: 0.8000
Epoch 18/40 - Train Loss: 0.6981, Train Acc: 0.5786, Train AUC: 0.5635 - Val Loss: 0.6956, Val Acc (0.5): 0.6857, Val AUC: 0.6629
  Train Best Threshold 0.50 → Balanced Acc: 0.5618, Acc: 0.5786, Sensitivity: 0.6129, Specificity: 0.5106, PPV: 0.7125, NPV: 0.4000, F1: 0.6590
  Val Best Threshold 0.50 → Balanced Acc: 0.6231, Acc: 0.6857, Sensitivity: 0.7917, Specificity: 0.4545, PPV: 0.7600, NPV: 0.5000, F1: 0.7755
Epoch 19/40 - Train Loss: 0.6901, Train Acc: 0.6429, Train AUC: 0.6603 - Val Loss: 0.6953, Val Acc (0.5): 0.6857, Val AUC: 0.6591
  Train Best Threshold 0.50 → Balanced Acc: 0.6523, Acc: 0.6429, Sensitivity: 0.6237, Specificity: 0.6809, PPV: 0.7945, NPV: 0.4776, F1: 0.6988
  Val Best Threshold 0.50 → Balanced Acc: 0.6231, Acc: 0.6857, Sensitivity: 0.7917, Specificity: 0.4545, PPV: 0.7600, NPV: 0.5000, F1: 0.7755
Epoch 20/40 - Train Loss: 0.6927, Train Acc: 0.5714, Train AUC: 0.6175 - Val Loss: 0.6955, Val Acc (0.5): 0.6286, Val AUC: 0.6212
  Train Best Threshold 0.50 → Balanced Acc: 0.5722, Acc: 0.5714, Sensitivity: 0.5699, Specificity: 0.5745, PPV: 0.7260, NPV: 0.4030, F1: 0.6386
  Val Best Threshold 0.50 → Balanced Acc: 0.5814, Acc: 0.6286, Sensitivity: 0.7083, Specificity: 0.4545, PPV: 0.7391, NPV: 0.4167, F1: 0.7234
Epoch 21/40 - Train Loss: 0.6900, Train Acc: 0.6357, Train AUC: 0.6664 - Val Loss: 0.6960, Val Acc (0.5): 0.6857, Val AUC: 0.6364
  Train Best Threshold 0.50 → Balanced Acc: 0.6258, Acc: 0.6357, Sensitivity: 0.6559, Specificity: 0.5957, PPV: 0.7625, NPV: 0.4667, F1: 0.7052
  Val Best Threshold 0.50 → Balanced Acc: 0.6231, Acc: 0.6857, Sensitivity: 0.7917, Specificity: 0.4545, PPV: 0.7600, NPV: 0.5000, F1: 0.7755
Epoch 22/40 - Train Loss: 0.6951, Train Acc: 0.5643, Train AUC: 0.6028 - Val Loss: 0.6964, Val Acc (0.5): 0.6857, Val AUC: 0.6515
  Train Best Threshold 0.50 → Balanced Acc: 0.5615, Acc: 0.5643, Sensitivity: 0.5699, Specificity: 0.5532, PPV: 0.7162, NPV: 0.3939, F1: 0.6347
  Val Best Threshold 0.50 → Balanced Acc: 0.6231, Acc: 0.6857, Sensitivity: 0.7917, Specificity: 0.4545, PPV: 0.7600, NPV: 0.5000, F1: 0.7755
Epoch 23/40 - Train Loss: 0.6869, Train Acc: 0.6429, Train AUC: 0.7008 - Val Loss: 0.6966, Val Acc (0.5): 0.6857, Val AUC: 0.6364
  Train Best Threshold 0.50 → Balanced Acc: 0.6470, Acc: 0.6429, Sensitivity: 0.6344, Specificity: 0.6596, PPV: 0.7867, NPV: 0.4769, F1: 0.7024
  Val Best Threshold 0.50 → Balanced Acc: 0.6231, Acc: 0.6857, Sensitivity: 0.7917, Specificity: 0.4545, PPV: 0.7600, NPV: 0.5000, F1: 0.7755
Epoch 24/40 - Train Loss: 0.6919, Train Acc: 0.5929, Train AUC: 0.6067 - Val Loss: 0.6958, Val Acc (0.5): 0.7143, Val AUC: 0.6515
  Train Best Threshold 0.50 → Balanced Acc: 0.5936, Acc: 0.5929, Sensitivity: 0.5914, Specificity: 0.5957, PPV: 0.7432, NPV: 0.4242, F1: 0.6587
  Val Best Threshold 0.50 → Balanced Acc: 0.6439, Acc: 0.7143, Sensitivity: 0.8333, Specificity: 0.4545, PPV: 0.7692, NPV: 0.5556, F1: 0.8000
Early stopping at epoch 24
Loaded best model with validation AUC: 0.6705
Final Train Results (Best Model) at epoch 16 - Loss: 0.6934, Accuracy: 0.6714, AUC: 0.7385
Final Val Results (Best Model) at epoch 16 - Loss: 0.6959, Accuracy: 0.6571, AUC: 0.6705
Train Best Threshold: 0.50 | Balanced Acc: 0.6685 | Acc: 0.6714 | Sensitivity: 0.6774 | Specificity: 0.6596 | PPV: 0.7975 | NPV: 0.5082 | F1: 0.7326
Train Confusion Matrix at Best Threshold (rows=actual [0,1], cols=predicted [0,1]):
[[31 16]
 [30 63]]
Val Best Threshold: 0.50 | Balanced Acc: 0.6023 | Acc: 0.6571 | Sensitivity: 0.7500 | Specificity: 0.4545 | PPV: 0.7500 | NPV: 0.4545 | F1: 0.7500
Val Confusion Matrix at Best Threshold (rows=actual [0,1], cols=predicted [0,1]):
[[ 5  6]
 [ 6 18]]
Fold 3 class distribution:
  Train: Class 0=46 (32.9%), Class 1=94 (67.1%)
  Val:   Class 0=12 (34.3%), Class 1=23 (65.7%)

======================================================================
Fold 3/5
======================================================================
Train: 140 patients
Val: 35 patients
Fitting clinical preprocessor on training data...
Built clinical feature dictionaries: train=140, val=35
Clinical input dimension: 3
Backbone feature dimension: 1280
Created mean pooling model with backbone efficientnetv2_b0
Using device: cuda
Class weights: [1.0, 0.4893617033958435]
Weight decay (L2 reg): 0.0001
Label smoothing: 0.1

Epoch 1/40 - Train Loss: 0.7072, Train Acc: 0.6000, Train AUC: 0.4776 - Val Loss: 0.7252, Val Acc (0.5): 0.6571, Val AUC: 0.2826
  Train Best Threshold 0.50 → Balanced Acc: 0.5134, Acc: 0.6000, Sensitivity: 0.7660, Specificity: 0.2609, PPV: 0.6792, NPV: 0.3529, F1: 0.7200
  Val Best Threshold 0.05 → Balanced Acc: 0.5000, Acc: 0.6571, Sensitivity: 1.0000, Specificity: 0.0000, PPV: 0.6571, NPV: 0.0000, F1: 0.7931
  → New best validation AUC: 0.2826
Epoch 2/40 - Train Loss: 0.7069, Train Acc: 0.5643, Train AUC: 0.4729 - Val Loss: 0.7183, Val Acc (0.5): 0.6571, Val AUC: 0.2681
  Train Best Threshold 0.55 → Balanced Acc: 0.5155, Acc: 0.3643, Sensitivity: 0.0745, Specificity: 0.9565, PPV: 0.7778, NPV: 0.3359, F1: 0.1359
  Val Best Threshold 0.05 → Balanced Acc: 0.5000, Acc: 0.6571, Sensitivity: 1.0000, Specificity: 0.0000, PPV: 0.6571, NPV: 0.0000, F1: 0.7931
Epoch 3/40 - Train Loss: 0.7102, Train Acc: 0.5857, Train AUC: 0.4454 - Val Loss: 0.7144, Val Acc (0.5): 0.6571, Val AUC: 0.3080
  Train Best Threshold 0.05 → Balanced Acc: 0.5000, Acc: 0.6714, Sensitivity: 1.0000, Specificity: 0.0000, PPV: 0.6714, NPV: 0.0000, F1: 0.8034
  Val Best Threshold 0.05 → Balanced Acc: 0.5000, Acc: 0.6571, Sensitivity: 1.0000, Specificity: 0.0000, PPV: 0.6571, NPV: 0.0000, F1: 0.7931
  → New best validation AUC: 0.3080
Epoch 4/40 - Train Loss: 0.7063, Train Acc: 0.5214, Train AUC: 0.4561 - Val Loss: 0.7120, Val Acc (0.5): 0.6286, Val AUC: 0.3261
  Train Best Threshold 0.05 → Balanced Acc: 0.5000, Acc: 0.6714, Sensitivity: 1.0000, Specificity: 0.0000, PPV: 0.6714, NPV: 0.0000, F1: 0.8034
  Val Best Threshold 0.05 → Balanced Acc: 0.5000, Acc: 0.6571, Sensitivity: 1.0000, Specificity: 0.0000, PPV: 0.6571, NPV: 0.0000, F1: 0.7931
  → New best validation AUC: 0.3261
Epoch 5/40 - Train Loss: 0.7062, Train Acc: 0.5857, Train AUC: 0.4773 - Val Loss: 0.7086, Val Acc (0.5): 0.5143, Val AUC: 0.3478
  Train Best Threshold 0.50 → Balanced Acc: 0.5250, Acc: 0.5857, Sensitivity: 0.7021, Specificity: 0.3478, PPV: 0.6875, NPV: 0.3636, F1: 0.6947
  Val Best Threshold 0.05 → Balanced Acc: 0.5000, Acc: 0.6571, Sensitivity: 1.0000, Specificity: 0.0000, PPV: 0.6571, NPV: 0.0000, F1: 0.7931
  → New best validation AUC: 0.3478
Epoch 6/40 - Train Loss: 0.6980, Train Acc: 0.5857, Train AUC: 0.5826 - Val Loss: 0.7098, Val Acc (0.5): 0.6286, Val AUC: 0.3587
  Train Best Threshold 0.55 → Balanced Acc: 0.5317, Acc: 0.3786, Sensitivity: 0.0851, Specificity: 0.9783, PPV: 0.8889, NPV: 0.3435, F1: 0.1553
  Val Best Threshold 0.05 → Balanced Acc: 0.5000, Acc: 0.6571, Sensitivity: 1.0000, Specificity: 0.0000, PPV: 0.6571, NPV: 0.0000, F1: 0.7931
  → New best validation AUC: 0.3587
Epoch 7/40 - Train Loss: 0.6985, Train Acc: 0.6000, Train AUC: 0.5742 - Val Loss: 0.7081, Val Acc (0.5): 0.6000, Val AUC: 0.3768
  Train Best Threshold 0.50 → Balanced Acc: 0.5634, Acc: 0.6000, Sensitivity: 0.6702, Specificity: 0.4565, PPV: 0.7159, NPV: 0.4038, F1: 0.6923
  Val Best Threshold 0.05 → Balanced Acc: 0.5000, Acc: 0.6571, Sensitivity: 1.0000, Specificity: 0.0000, PPV: 0.6571, NPV: 0.0000, F1: 0.7931
  → New best validation AUC: 0.3768
Epoch 8/40 - Train Loss: 0.7013, Train Acc: 0.5643, Train AUC: 0.5405 - Val Loss: 0.7058, Val Acc (0.5): 0.5714, Val AUC: 0.4167
  Train Best Threshold 0.05 → Balanced Acc: 0.5000, Acc: 0.6714, Sensitivity: 1.0000, Specificity: 0.0000, PPV: 0.6714, NPV: 0.0000, F1: 0.8034
  Val Best Threshold 0.05 → Balanced Acc: 0.5000, Acc: 0.6571, Sensitivity: 1.0000, Specificity: 0.0000, PPV: 0.6571, NPV: 0.0000, F1: 0.7931
  → New best validation AUC: 0.4167
Epoch 9/40 - Train Loss: 0.7010, Train Acc: 0.5857, Train AUC: 0.5613 - Val Loss: 0.7043, Val Acc (0.5): 0.5143, Val AUC: 0.4275
  Train Best Threshold 0.50 → Balanced Acc: 0.5472, Acc: 0.5857, Sensitivity: 0.6596, Specificity: 0.4348, PPV: 0.7045, NPV: 0.3846, F1: 0.6813
  Val Best Threshold 0.05 → Balanced Acc: 0.5000, Acc: 0.6571, Sensitivity: 1.0000, Specificity: 0.0000, PPV: 0.6571, NPV: 0.0000, F1: 0.7931
  → New best validation AUC: 0.4275
Epoch 10/40 - Train Loss: 0.7067, Train Acc: 0.4857, Train AUC: 0.4466 - Val Loss: 0.7043, Val Acc (0.5): 0.5429, Val AUC: 0.4312
  Train Best Threshold 0.55 → Balanced Acc: 0.5213, Acc: 0.3571, Sensitivity: 0.0426, Specificity: 1.0000, PPV: 1.0000, NPV: 0.3382, F1: 0.0816
  Val Best Threshold 0.05 → Balanced Acc: 0.5000, Acc: 0.6571, Sensitivity: 1.0000, Specificity: 0.0000, PPV: 0.6571, NPV: 0.0000, F1: 0.7931
  → New best validation AUC: 0.4312
Epoch 11/40 - Train Loss: 0.7065, Train Acc: 0.4643, Train AUC: 0.4741 - Val Loss: 0.7032, Val Acc (0.5): 0.5429, Val AUC: 0.4420
  Train Best Threshold 0.05 → Balanced Acc: 0.5000, Acc: 0.6714, Sensitivity: 1.0000, Specificity: 0.0000, PPV: 0.6714, NPV: 0.0000, F1: 0.8034
  Val Best Threshold 0.05 → Balanced Acc: 0.5000, Acc: 0.6571, Sensitivity: 1.0000, Specificity: 0.0000, PPV: 0.6571, NPV: 0.0000, F1: 0.7931
  → New best validation AUC: 0.4420
Epoch 12/40 - Train Loss: 0.7094, Train Acc: 0.5500, Train AUC: 0.4729 - Val Loss: 0.7016, Val Acc (0.5): 0.5143, Val AUC: 0.4746
  Train Best Threshold 0.50 → Balanced Acc: 0.5261, Acc: 0.5500, Sensitivity: 0.5957, Specificity: 0.4565, PPV: 0.6914, NPV: 0.3559, F1: 0.6400
  Val Best Threshold 0.05 → Balanced Acc: 0.5000, Acc: 0.6571, Sensitivity: 1.0000, Specificity: 0.0000, PPV: 0.6571, NPV: 0.0000, F1: 0.7931
  → New best validation AUC: 0.4746
Epoch 13/40 - Train Loss: 0.6995, Train Acc: 0.5643, Train AUC: 0.5594 - Val Loss: 0.7000, Val Acc (0.5): 0.5429, Val AUC: 0.5145
  Train Best Threshold 0.50 → Balanced Acc: 0.5534, Acc: 0.5643, Sensitivity: 0.5851, Specificity: 0.5217, PPV: 0.7143, NPV: 0.3810, F1: 0.6433
  Val Best Threshold 0.05 → Balanced Acc: 0.5000, Acc: 0.6571, Sensitivity: 1.0000, Specificity: 0.0000, PPV: 0.6571, NPV: 0.0000, F1: 0.7931
  → New best validation AUC: 0.5145
Epoch 14/40 - Train Loss: 0.7028, Train Acc: 0.5286, Train AUC: 0.5229 - Val Loss: 0.6983, Val Acc (0.5): 0.5714, Val AUC: 0.5507
  Train Best Threshold 0.50 → Balanced Acc: 0.5102, Acc: 0.5286, Sensitivity: 0.5638, Specificity: 0.4565, PPV: 0.6795, NPV: 0.3387, F1: 0.6163
  Val Best Threshold 0.05 → Balanced Acc: 0.5000, Acc: 0.6571, Sensitivity: 1.0000, Specificity: 0.0000, PPV: 0.6571, NPV: 0.0000, F1: 0.7931
  → New best validation AUC: 0.5507
Epoch 15/40 - Train Loss: 0.7072, Train Acc: 0.4429, Train AUC: 0.4605 - Val Loss: 0.6975, Val Acc (0.5): 0.5714, Val AUC: 0.5833
  Train Best Threshold 0.45 → Balanced Acc: 0.5111, Acc: 0.6714, Sensitivity: 0.9787, Specificity: 0.0435, PPV: 0.6765, NPV: 0.5000, F1: 0.8000
  Val Best Threshold 0.50 → Balanced Acc: 0.5145, Acc: 0.5714, Sensitivity: 0.6957, Specificity: 0.3333, PPV: 0.6667, NPV: 0.3636, F1: 0.6809
  → New best validation AUC: 0.5833
Epoch 16/40 - Train Loss: 0.6970, Train Acc: 0.5357, Train AUC: 0.5888 - Val Loss: 0.6965, Val Acc (0.5): 0.6000, Val AUC: 0.5906
  Train Best Threshold 0.50 → Balanced Acc: 0.5321, Acc: 0.5357, Sensitivity: 0.5426, Specificity: 0.5217, PPV: 0.6986, NPV: 0.3582, F1: 0.6108
  Val Best Threshold 0.50 → Balanced Acc: 0.5362, Acc: 0.6000, Sensitivity: 0.7391, Specificity: 0.3333, PPV: 0.6800, NPV: 0.4000, F1: 0.7083
  → New best validation AUC: 0.5906
Epoch 17/40 - Train Loss: 0.7049, Train Acc: 0.4714, Train AUC: 0.4593 - Val Loss: 0.6954, Val Acc (0.5): 0.5429, Val AUC: 0.5978
  Train Best Threshold 0.45 → Balanced Acc: 0.5056, Acc: 0.6714, Sensitivity: 0.9894, Specificity: 0.0217, PPV: 0.6739, NPV: 0.5000, F1: 0.8017
  Val Best Threshold 0.50 → Balanced Acc: 0.5326, Acc: 0.5429, Sensitivity: 0.5652, Specificity: 0.5000, PPV: 0.6842, NPV: 0.3750, F1: 0.6190
  → New best validation AUC: 0.5978
Epoch 18/40 - Train Loss: 0.6975, Train Acc: 0.5357, Train AUC: 0.5846 - Val Loss: 0.6942, Val Acc (0.5): 0.6000, Val AUC: 0.6377
  Train Best Threshold 0.50 → Balanced Acc: 0.5488, Acc: 0.5357, Sensitivity: 0.5106, Specificity: 0.5870, PPV: 0.7164, NPV: 0.3699, F1: 0.5963
  Val Best Threshold 0.50 → Balanced Acc: 0.5960, Acc: 0.6000, Sensitivity: 0.6087, Specificity: 0.5833, PPV: 0.7368, NPV: 0.4375, F1: 0.6667
  → New best validation AUC: 0.6377
Epoch 19/40 - Train Loss: 0.6956, Train Acc: 0.5786, Train AUC: 0.5955 - Val Loss: 0.6928, Val Acc (0.5): 0.6286, Val AUC: 0.6522
  Train Best Threshold 0.50 → Balanced Acc: 0.5918, Acc: 0.5786, Sensitivity: 0.5532, Specificity: 0.6304, PPV: 0.7536, NPV: 0.4085, F1: 0.6380
  Val Best Threshold 0.50 → Balanced Acc: 0.6377, Acc: 0.6286, Sensitivity: 0.6087, Specificity: 0.6667, PPV: 0.7778, NPV: 0.4706, F1: 0.6829
  → New best validation AUC: 0.6522
Epoch 20/40 - Train Loss: 0.6917, Train Acc: 0.6357, Train AUC: 0.6582 - Val Loss: 0.6920, Val Acc (0.5): 0.6000, Val AUC: 0.6812
  Train Best Threshold 0.50 → Balanced Acc: 0.6288, Acc: 0.6357, Sensitivity: 0.6489, Specificity: 0.6087, PPV: 0.7722, NPV: 0.4590, F1: 0.7052
  Val Best Threshold 0.50 → Balanced Acc: 0.6159, Acc: 0.6000, Sensitivity: 0.5652, Specificity: 0.6667, PPV: 0.7647, NPV: 0.4444, F1: 0.6500
  → New best validation AUC: 0.6812
Epoch 21/40 - Train Loss: 0.6965, Train Acc: 0.5857, Train AUC: 0.5860 - Val Loss: 0.6919, Val Acc (0.5): 0.6286, Val AUC: 0.6594
  Train Best Threshold 0.50 → Balanced Acc: 0.5638, Acc: 0.5857, Sensitivity: 0.6277, Specificity: 0.5000, PPV: 0.7195, NPV: 0.3966, F1: 0.6705
  Val Best Threshold 0.50 → Balanced Acc: 0.6377, Acc: 0.6286, Sensitivity: 0.6087, Specificity: 0.6667, PPV: 0.7778, NPV: 0.4706, F1: 0.6829
Epoch 22/40 - Train Loss: 0.6967, Train Acc: 0.5643, Train AUC: 0.5932 - Val Loss: 0.6919, Val Acc (0.5): 0.6571, Val AUC: 0.6812
  Train Best Threshold 0.50 → Balanced Acc: 0.5756, Acc: 0.5643, Sensitivity: 0.5426, Specificity: 0.6087, PPV: 0.7391, NPV: 0.3944, F1: 0.6258
  Val Best Threshold 0.50 → Balanced Acc: 0.6594, Acc: 0.6571, Sensitivity: 0.6522, Specificity: 0.6667, PPV: 0.7895, NPV: 0.5000, F1: 0.7143
Epoch 23/40 - Train Loss: 0.6817, Train Acc: 0.6929, Train AUC: 0.7276 - Val Loss: 0.6912, Val Acc (0.5): 0.6286, Val AUC: 0.6848
  Train Best Threshold 0.50 → Balanced Acc: 0.6991, Acc: 0.6929, Sensitivity: 0.6809, Specificity: 0.7174, PPV: 0.8312, NPV: 0.5238, F1: 0.7485
  Val Best Threshold 0.50 → Balanced Acc: 0.6576, Acc: 0.6286, Sensitivity: 0.5652, Specificity: 0.7500, PPV: 0.8125, NPV: 0.4737, F1: 0.6667
  → New best validation AUC: 0.6848
Epoch 24/40 - Train Loss: 0.6959, Train Acc: 0.5357, Train AUC: 0.5754 - Val Loss: 0.6904, Val Acc (0.5): 0.6857, Val AUC: 0.7138
  Train Best Threshold 0.50 → Balanced Acc: 0.5432, Acc: 0.5357, Sensitivity: 0.5213, Specificity: 0.5652, PPV: 0.7101, NPV: 0.3662, F1: 0.6012
  Val Best Threshold 0.50 → Balanced Acc: 0.6812, Acc: 0.6857, Sensitivity: 0.6957, Specificity: 0.6667, PPV: 0.8000, NPV: 0.5333, F1: 0.7442
  → New best validation AUC: 0.7138
Epoch 25/40 - Train Loss: 0.6906, Train Acc: 0.6286, Train AUC: 0.6605 - Val Loss: 0.6897, Val Acc (0.5): 0.7143, Val AUC: 0.7210
  Train Best Threshold 0.50 → Balanced Acc: 0.6457, Acc: 0.6286, Sensitivity: 0.5957, Specificity: 0.6957, PPV: 0.8000, NPV: 0.4571, F1: 0.6829
  Val Best Threshold 0.50 → Balanced Acc: 0.7228, Acc: 0.7143, Sensitivity: 0.6957, Specificity: 0.7500, PPV: 0.8421, NPV: 0.5625, F1: 0.7619
  → New best validation AUC: 0.7210
Epoch 26/40 - Train Loss: 0.6897, Train Acc: 0.6143, Train AUC: 0.6605 - Val Loss: 0.6900, Val Acc (0.5): 0.7143, Val AUC: 0.6957
  Train Best Threshold 0.50 → Balanced Acc: 0.6129, Acc: 0.6143, Sensitivity: 0.6170, Specificity: 0.6087, PPV: 0.7632, NPV: 0.4375, F1: 0.6824
  Val Best Threshold 0.50 → Balanced Acc: 0.7228, Acc: 0.7143, Sensitivity: 0.6957, Specificity: 0.7500, PPV: 0.8421, NPV: 0.5625, F1: 0.7619
Epoch 27/40 - Train Loss: 0.7006, Train Acc: 0.4714, Train AUC: 0.5451 - Val Loss: 0.6886, Val Acc (0.5): 0.6857, Val AUC: 0.7101
  Train Best Threshold 0.45 → Balanced Acc: 0.5164, Acc: 0.6786, Sensitivity: 0.9894, Specificity: 0.0435, PPV: 0.6788, NPV: 0.6667, F1: 0.8052
  Val Best Threshold 0.50 → Balanced Acc: 0.7011, Acc: 0.6857, Sensitivity: 0.6522, Specificity: 0.7500, PPV: 0.8333, NPV: 0.5294, F1: 0.7317
Epoch 28/40 - Train Loss: 0.6902, Train Acc: 0.5786, Train AUC: 0.6635 - Val Loss: 0.6874, Val Acc (0.5): 0.6571, Val AUC: 0.7283
  Train Best Threshold 0.50 → Balanced Acc: 0.5863, Acc: 0.5786, Sensitivity: 0.5638, Specificity: 0.6087, PPV: 0.7465, NPV: 0.4058, F1: 0.6424
  Val Best Threshold 0.50 → Balanced Acc: 0.6793, Acc: 0.6571, Sensitivity: 0.6087, Specificity: 0.7500, PPV: 0.8235, NPV: 0.5000, F1: 0.7000
  → New best validation AUC: 0.7283
Epoch 29/40 - Train Loss: 0.6835, Train Acc: 0.6429, Train AUC: 0.7188 - Val Loss: 0.6865, Val Acc (0.5): 0.6571, Val AUC: 0.7428
  Train Best Threshold 0.50 → Balanced Acc: 0.6785, Acc: 0.6429, Sensitivity: 0.5745, Specificity: 0.7826, PPV: 0.8438, NPV: 0.4737, F1: 0.6835
  Val Best Threshold 0.50 → Balanced Acc: 0.6793, Acc: 0.6571, Sensitivity: 0.6087, Specificity: 0.7500, PPV: 0.8235, NPV: 0.5000, F1: 0.7000
  → New best validation AUC: 0.7428
Epoch 30/40 - Train Loss: 0.6844, Train Acc: 0.6357, Train AUC: 0.7317 - Val Loss: 0.6854, Val Acc (0.5): 0.6571, Val AUC: 0.7355
  Train Best Threshold 0.50 → Balanced Acc: 0.6621, Acc: 0.6357, Sensitivity: 0.5851, Specificity: 0.7391, PPV: 0.8209, NPV: 0.4658, F1: 0.6832
  Val Best Threshold 0.50 → Balanced Acc: 0.6793, Acc: 0.6571, Sensitivity: 0.6087, Specificity: 0.7500, PPV: 0.8235, NPV: 0.5000, F1: 0.7000
Epoch 31/40 - Train Loss: 0.6957, Train Acc: 0.6214, Train AUC: 0.6607 - Val Loss: 0.6846, Val Acc (0.5): 0.6857, Val AUC: 0.7428
  Train Best Threshold 0.50 → Balanced Acc: 0.6515, Acc: 0.6214, Sensitivity: 0.5638, Specificity: 0.7391, PPV: 0.8154, NPV: 0.4533, F1: 0.6667
  Val Best Threshold 0.50 → Balanced Acc: 0.7011, Acc: 0.6857, Sensitivity: 0.6522, Specificity: 0.7500, PPV: 0.8333, NPV: 0.5294, F1: 0.7317
Epoch 32/40 - Train Loss: 0.6801, Train Acc: 0.6643, Train AUC: 0.7253 - Val Loss: 0.6841, Val Acc (0.5): 0.6857, Val AUC: 0.7572
  Train Best Threshold 0.50 → Balanced Acc: 0.7111, Acc: 0.6643, Sensitivity: 0.5745, Specificity: 0.8478, PPV: 0.8852, NPV: 0.4937, F1: 0.6968
  Val Best Threshold 0.50 → Balanced Acc: 0.7011, Acc: 0.6857, Sensitivity: 0.6522, Specificity: 0.7500, PPV: 0.8333, NPV: 0.5294, F1: 0.7317
  → New best validation AUC: 0.7572
Epoch 33/40 - Train Loss: 0.6957, Train Acc: 0.5571, Train AUC: 0.5897 - Val Loss: 0.6831, Val Acc (0.5): 0.7143, Val AUC: 0.7609
  Train Best Threshold 0.50 → Balanced Acc: 0.5814, Acc: 0.5571, Sensitivity: 0.5106, Specificity: 0.6522, PPV: 0.7500, NPV: 0.3947, F1: 0.6076
  Val Best Threshold 0.50 → Balanced Acc: 0.7228, Acc: 0.7143, Sensitivity: 0.6957, Specificity: 0.7500, PPV: 0.8421, NPV: 0.5625, F1: 0.7619
  → New best validation AUC: 0.7609
Epoch 34/40 - Train Loss: 0.6823, Train Acc: 0.6714, Train AUC: 0.7114 - Val Loss: 0.6810, Val Acc (0.5): 0.7429, Val AUC: 0.7790
  Train Best Threshold 0.50 → Balanced Acc: 0.6943, Acc: 0.6714, Sensitivity: 0.6277, Specificity: 0.7609, PPV: 0.8429, NPV: 0.5000, F1: 0.7195
  Val Best Threshold 0.50 → Balanced Acc: 0.7446, Acc: 0.7429, Sensitivity: 0.7391, Specificity: 0.7500, PPV: 0.8500, NPV: 0.6000, F1: 0.7907
  → New best validation AUC: 0.7790
Epoch 35/40 - Train Loss: 0.6807, Train Acc: 0.6500, Train AUC: 0.7375 - Val Loss: 0.6807, Val Acc (0.5): 0.7143, Val AUC: 0.7717
  Train Best Threshold 0.50 → Balanced Acc: 0.6839, Acc: 0.6500, Sensitivity: 0.5851, Specificity: 0.7826, PPV: 0.8462, NPV: 0.4800, F1: 0.6918
  Val Best Threshold 0.50 → Balanced Acc: 0.7228, Acc: 0.7143, Sensitivity: 0.6957, Specificity: 0.7500, PPV: 0.8421, NPV: 0.5625, F1: 0.7619
Epoch 36/40 - Train Loss: 0.6818, Train Acc: 0.6214, Train AUC: 0.7102 - Val Loss: 0.6812, Val Acc (0.5): 0.7429, Val AUC: 0.7464
  Train Best Threshold 0.50 → Balanced Acc: 0.6626, Acc: 0.6214, Sensitivity: 0.5426, Specificity: 0.7826, PPV: 0.8361, NPV: 0.4557, F1: 0.6581
  Val Best Threshold 0.50 → Balanced Acc: 0.7246, Acc: 0.7429, Sensitivity: 0.7826, Specificity: 0.6667, PPV: 0.8182, NPV: 0.6154, F1: 0.8000
Epoch 37/40 - Train Loss: 0.6674, Train Acc: 0.7143, Train AUC: 0.8279 - Val Loss: 0.6796, Val Acc (0.5): 0.7429, Val AUC: 0.7790
  Train Best Threshold 0.50 → Balanced Acc: 0.7484, Acc: 0.7143, Sensitivity: 0.6489, Specificity: 0.8478, PPV: 0.8971, NPV: 0.5417, F1: 0.7531
  Val Best Threshold 0.50 → Balanced Acc: 0.7246, Acc: 0.7429, Sensitivity: 0.7826, Specificity: 0.6667, PPV: 0.8182, NPV: 0.6154, F1: 0.8000
Epoch 38/40 - Train Loss: 0.6791, Train Acc: 0.6571, Train AUC: 0.7479 - Val Loss: 0.6789, Val Acc (0.5): 0.7429, Val AUC: 0.7717
  Train Best Threshold 0.50 → Balanced Acc: 0.6947, Acc: 0.6571, Sensitivity: 0.5851, Specificity: 0.8043, PPV: 0.8594, NPV: 0.4868, F1: 0.6962
  Val Best Threshold 0.50 → Balanced Acc: 0.7246, Acc: 0.7429, Sensitivity: 0.7826, Specificity: 0.6667, PPV: 0.8182, NPV: 0.6154, F1: 0.8000
Epoch 39/40 - Train Loss: 0.6799, Train Acc: 0.6000, Train AUC: 0.7218 - Val Loss: 0.6764, Val Acc (0.5): 0.7143, Val AUC: 0.7862
  Train Best Threshold 0.50 → Balanced Acc: 0.6466, Acc: 0.6000, Sensitivity: 0.5106, Specificity: 0.7826, PPV: 0.8276, NPV: 0.4390, F1: 0.6316
  Val Best Threshold 0.50 → Balanced Acc: 0.7029, Acc: 0.7143, Sensitivity: 0.7391, Specificity: 0.6667, PPV: 0.8095, NPV: 0.5714, F1: 0.7727
  → New best validation AUC: 0.7862
Epoch 40/40 - Train Loss: 0.6835, Train Acc: 0.5857, Train AUC: 0.6698 - Val Loss: 0.6765, Val Acc (0.5): 0.7429, Val AUC: 0.7935
  Train Best Threshold 0.50 → Balanced Acc: 0.6027, Acc: 0.5857, Sensitivity: 0.5532, Specificity: 0.6522, PPV: 0.7647, NPV: 0.4167, F1: 0.6420
  Val Best Threshold 0.50 → Balanced Acc: 0.7246, Acc: 0.7429, Sensitivity: 0.7826, Specificity: 0.6667, PPV: 0.8182, NPV: 0.6154, F1: 0.8000
  → New best validation AUC: 0.7935
Loaded best model with validation AUC: 0.7935
Final Train Results (Best Model) at epoch 40 - Loss: 0.6725, Accuracy: 0.6429, AUC: 0.7988
Final Val Results (Best Model) at epoch 40 - Loss: 0.6765, Accuracy: 0.7429, AUC: 0.7935
Train Best Threshold: 0.50 | Balanced Acc: 0.7007 | Acc: 0.6429 | Sensitivity: 0.5319 | Specificity: 0.8696 | PPV: 0.8929 | NPV: 0.4762 | F1: 0.6667
Train Confusion Matrix at Best Threshold (rows=actual [0,1], cols=predicted [0,1]):
[[40  6]
 [44 50]]
Val Best Threshold: 0.50 | Balanced Acc: 0.7246 | Acc: 0.7429 | Sensitivity: 0.7826 | Specificity: 0.6667 | PPV: 0.8182 | NPV: 0.6154 | F1: 0.8000
Val Confusion Matrix at Best Threshold (rows=actual [0,1], cols=predicted [0,1]):
[[ 8  4]
 [ 5 18]]
Fold 4 class distribution:
  Train: Class 0=46 (32.9%), Class 1=94 (67.1%)
  Val:   Class 0=12 (34.3%), Class 1=23 (65.7%)

======================================================================
Fold 4/5
======================================================================
Train: 140 patients
Val: 35 patients
Fitting clinical preprocessor on training data...
Built clinical feature dictionaries: train=140, val=35
Clinical input dimension: 3
Backbone feature dimension: 1280
Created mean pooling model with backbone efficientnetv2_b0
Using device: cuda
Class weights: [1.0, 0.4893617033958435]
Weight decay (L2 reg): 0.0001
Label smoothing: 0.1

Epoch 1/40 - Train Loss: 0.7047, Train Acc: 0.6071, Train AUC: 0.5113 - Val Loss: 0.7330, Val Acc (0.5): 0.6571, Val AUC: 0.0797
  Train Best Threshold 0.50 → Balanced Acc: 0.5243, Acc: 0.6071, Sensitivity: 0.7660, Specificity: 0.2826, PPV: 0.6857, NPV: 0.3714, F1: 0.7236
  Val Best Threshold 0.05 → Balanced Acc: 0.5000, Acc: 0.6571, Sensitivity: 1.0000, Specificity: 0.0000, PPV: 0.6571, NPV: 0.0000, F1: 0.7931
  → New best validation AUC: 0.0797
Epoch 2/40 - Train Loss: 0.7130, Train Acc: 0.5500, Train AUC: 0.4117 - Val Loss: 0.7235, Val Acc (0.5): 0.6000, Val AUC: 0.0978
  Train Best Threshold 0.05 → Balanced Acc: 0.5000, Acc: 0.6714, Sensitivity: 1.0000, Specificity: 0.0000, PPV: 0.6714, NPV: 0.0000, F1: 0.8034
  Val Best Threshold 0.05 → Balanced Acc: 0.5000, Acc: 0.6571, Sensitivity: 1.0000, Specificity: 0.0000, PPV: 0.6571, NPV: 0.0000, F1: 0.7931
  → New best validation AUC: 0.0978
Epoch 3/40 - Train Loss: 0.7128, Train Acc: 0.5500, Train AUC: 0.3876 - Val Loss: 0.7224, Val Acc (0.5): 0.6000, Val AUC: 0.0652
  Train Best Threshold 0.05 → Balanced Acc: 0.5000, Acc: 0.6714, Sensitivity: 1.0000, Specificity: 0.0000, PPV: 0.6714, NPV: 0.0000, F1: 0.8034
  Val Best Threshold 0.05 → Balanced Acc: 0.5000, Acc: 0.6571, Sensitivity: 1.0000, Specificity: 0.0000, PPV: 0.6571, NPV: 0.0000, F1: 0.7931
Epoch 4/40 - Train Loss: 0.7124, Train Acc: 0.4929, Train AUC: 0.3913 - Val Loss: 0.7211, Val Acc (0.5): 0.5714, Val AUC: 0.0797
  Train Best Threshold 0.05 → Balanced Acc: 0.5000, Acc: 0.6714, Sensitivity: 1.0000, Specificity: 0.0000, PPV: 0.6714, NPV: 0.0000, F1: 0.8034
  Val Best Threshold 0.05 → Balanced Acc: 0.5000, Acc: 0.6571, Sensitivity: 1.0000, Specificity: 0.0000, PPV: 0.6571, NPV: 0.0000, F1: 0.7931
Epoch 5/40 - Train Loss: 0.6985, Train Acc: 0.6429, Train AUC: 0.6006 - Val Loss: 0.7188, Val Acc (0.5): 0.5714, Val AUC: 0.1051
  Train Best Threshold 0.50 → Balanced Acc: 0.6008, Acc: 0.6429, Sensitivity: 0.7234, Specificity: 0.4783, PPV: 0.7391, NPV: 0.4583, F1: 0.7312
  Val Best Threshold 0.05 → Balanced Acc: 0.5000, Acc: 0.6571, Sensitivity: 1.0000, Specificity: 0.0000, PPV: 0.6571, NPV: 0.0000, F1: 0.7931
  → New best validation AUC: 0.1051
Epoch 6/40 - Train Loss: 0.7035, Train Acc: 0.5714, Train AUC: 0.5162 - Val Loss: 0.7204, Val Acc (0.5): 0.5714, Val AUC: 0.0942
  Train Best Threshold 0.55 → Balanced Acc: 0.5157, Acc: 0.3571, Sensitivity: 0.0532, Specificity: 0.9783, PPV: 0.8333, NPV: 0.3358, F1: 0.1000
  Val Best Threshold 0.05 → Balanced Acc: 0.5000, Acc: 0.6571, Sensitivity: 1.0000, Specificity: 0.0000, PPV: 0.6571, NPV: 0.0000, F1: 0.7931
Epoch 7/40 - Train Loss: 0.7018, Train Acc: 0.5714, Train AUC: 0.5268 - Val Loss: 0.7180, Val Acc (0.5): 0.5714, Val AUC: 0.1123
  Train Best Threshold 0.50 → Balanced Acc: 0.5199, Acc: 0.5714, Sensitivity: 0.6702, Specificity: 0.3696, PPV: 0.6848, NPV: 0.3542, F1: 0.6774
  Val Best Threshold 0.05 → Balanced Acc: 0.5000, Acc: 0.6571, Sensitivity: 1.0000, Specificity: 0.0000, PPV: 0.6571, NPV: 0.0000, F1: 0.7931
  → New best validation AUC: 0.1123
Epoch 8/40 - Train Loss: 0.6994, Train Acc: 0.6357, Train AUC: 0.5664 - Val Loss: 0.7159, Val Acc (0.5): 0.5714, Val AUC: 0.1413
  Train Best Threshold 0.50 → Balanced Acc: 0.5678, Acc: 0.6357, Sensitivity: 0.7660, Specificity: 0.3696, PPV: 0.7129, NPV: 0.4359, F1: 0.7385
  Val Best Threshold 0.05 → Balanced Acc: 0.5000, Acc: 0.6571, Sensitivity: 1.0000, Specificity: 0.0000, PPV: 0.6571, NPV: 0.0000, F1: 0.7931
  → New best validation AUC: 0.1413
Epoch 9/40 - Train Loss: 0.7086, Train Acc: 0.5214, Train AUC: 0.4630 - Val Loss: 0.7149, Val Acc (0.5): 0.5429, Val AUC: 0.1775
  Train Best Threshold 0.05 → Balanced Acc: 0.5000, Acc: 0.6714, Sensitivity: 1.0000, Specificity: 0.0000, PPV: 0.6714, NPV: 0.0000, F1: 0.8034
  Val Best Threshold 0.05 → Balanced Acc: 0.5000, Acc: 0.6571, Sensitivity: 1.0000, Specificity: 0.0000, PPV: 0.6571, NPV: 0.0000, F1: 0.7931
  → New best validation AUC: 0.1775
Epoch 10/40 - Train Loss: 0.6992, Train Acc: 0.5286, Train AUC: 0.5564 - Val Loss: 0.7143, Val Acc (0.5): 0.5714, Val AUC: 0.1812
  Train Best Threshold 0.55 → Balanced Acc: 0.5155, Acc: 0.3643, Sensitivity: 0.0745, Specificity: 0.9565, PPV: 0.7778, NPV: 0.3359, F1: 0.1359
  Val Best Threshold 0.05 → Balanced Acc: 0.5000, Acc: 0.6571, Sensitivity: 1.0000, Specificity: 0.0000, PPV: 0.6571, NPV: 0.0000, F1: 0.7931
  → New best validation AUC: 0.1812
Epoch 11/40 - Train Loss: 0.7014, Train Acc: 0.5286, Train AUC: 0.5190 - Val Loss: 0.7114, Val Acc (0.5): 0.5429, Val AUC: 0.2319
  Train Best Threshold 0.45 → Balanced Acc: 0.5217, Acc: 0.6857, Sensitivity: 1.0000, Specificity: 0.0435, PPV: 0.6812, NPV: 1.0000, F1: 0.8103
  Val Best Threshold 0.05 → Balanced Acc: 0.5000, Acc: 0.6571, Sensitivity: 1.0000, Specificity: 0.0000, PPV: 0.6571, NPV: 0.0000, F1: 0.7931
  → New best validation AUC: 0.2319
Epoch 12/40 - Train Loss: 0.6998, Train Acc: 0.5643, Train AUC: 0.5539 - Val Loss: 0.7099, Val Acc (0.5): 0.4857, Val AUC: 0.2572
  Train Best Threshold 0.55 → Balanced Acc: 0.5426, Acc: 0.3857, Sensitivity: 0.0851, Specificity: 1.0000, PPV: 1.0000, NPV: 0.3485, F1: 0.1569
  Val Best Threshold 0.05 → Balanced Acc: 0.5000, Acc: 0.6571, Sensitivity: 1.0000, Specificity: 0.0000, PPV: 0.6571, NPV: 0.0000, F1: 0.7931
  → New best validation AUC: 0.2572
Epoch 13/40 - Train Loss: 0.6978, Train Acc: 0.6000, Train AUC: 0.5969 - Val Loss: 0.7090, Val Acc (0.5): 0.5143, Val AUC: 0.2681
  Train Best Threshold 0.50 → Balanced Acc: 0.5911, Acc: 0.6000, Sensitivity: 0.6170, Specificity: 0.5652, PPV: 0.7436, NPV: 0.4194, F1: 0.6744
  Val Best Threshold 0.05 → Balanced Acc: 0.5000, Acc: 0.6571, Sensitivity: 1.0000, Specificity: 0.0000, PPV: 0.6571, NPV: 0.0000, F1: 0.7931
  → New best validation AUC: 0.2681
Epoch 14/40 - Train Loss: 0.6998, Train Acc: 0.5786, Train AUC: 0.5631 - Val Loss: 0.7098, Val Acc (0.5): 0.5429, Val AUC: 0.2609
  Train Best Threshold 0.50 → Balanced Acc: 0.5419, Acc: 0.5786, Sensitivity: 0.6489, Specificity: 0.4348, PPV: 0.7011, NPV: 0.3774, F1: 0.6740
  Val Best Threshold 0.05 → Balanced Acc: 0.5000, Acc: 0.6571, Sensitivity: 1.0000, Specificity: 0.0000, PPV: 0.6571, NPV: 0.0000, F1: 0.7931
Epoch 15/40 - Train Loss: 0.6993, Train Acc: 0.5571, Train AUC: 0.5631 - Val Loss: 0.7087, Val Acc (0.5): 0.5429, Val AUC: 0.3080
  Train Best Threshold 0.50 → Balanced Acc: 0.5426, Acc: 0.5571, Sensitivity: 0.5851, Specificity: 0.5000, PPV: 0.7051, NPV: 0.3710, F1: 0.6395
  Val Best Threshold 0.05 → Balanced Acc: 0.5000, Acc: 0.6571, Sensitivity: 1.0000, Specificity: 0.0000, PPV: 0.6571, NPV: 0.0000, F1: 0.7931
  → New best validation AUC: 0.3080
Epoch 16/40 - Train Loss: 0.6938, Train Acc: 0.6786, Train AUC: 0.6529 - Val Loss: 0.7091, Val Acc (0.5): 0.6000, Val AUC: 0.3261
  Train Best Threshold 0.50 → Balanced Acc: 0.6663, Acc: 0.6786, Sensitivity: 0.7021, Specificity: 0.6304, PPV: 0.7952, NPV: 0.5088, F1: 0.7458
  Val Best Threshold 0.05 → Balanced Acc: 0.5000, Acc: 0.6571, Sensitivity: 1.0000, Specificity: 0.0000, PPV: 0.6571, NPV: 0.0000, F1: 0.7931
  → New best validation AUC: 0.3261
Epoch 17/40 - Train Loss: 0.6994, Train Acc: 0.5357, Train AUC: 0.5648 - Val Loss: 0.7079, Val Acc (0.5): 0.5714, Val AUC: 0.3370
  Train Best Threshold 0.50 → Balanced Acc: 0.5321, Acc: 0.5357, Sensitivity: 0.5426, Specificity: 0.5217, PPV: 0.6986, NPV: 0.3582, F1: 0.6108
  Val Best Threshold 0.05 → Balanced Acc: 0.5000, Acc: 0.6571, Sensitivity: 1.0000, Specificity: 0.0000, PPV: 0.6571, NPV: 0.0000, F1: 0.7931
  → New best validation AUC: 0.3370
Epoch 18/40 - Train Loss: 0.7027, Train Acc: 0.5286, Train AUC: 0.5245 - Val Loss: 0.7075, Val Acc (0.5): 0.5714, Val AUC: 0.3478
  Train Best Threshold 0.45 → Balanced Acc: 0.5056, Acc: 0.6714, Sensitivity: 0.9894, Specificity: 0.0217, PPV: 0.6739, NPV: 0.5000, F1: 0.8017
  Val Best Threshold 0.05 → Balanced Acc: 0.5000, Acc: 0.6571, Sensitivity: 1.0000, Specificity: 0.0000, PPV: 0.6571, NPV: 0.0000, F1: 0.7931
  → New best validation AUC: 0.3478
Epoch 19/40 - Train Loss: 0.6905, Train Acc: 0.6000, Train AUC: 0.6492 - Val Loss: 0.7062, Val Acc (0.5): 0.4857, Val AUC: 0.3804
  Train Best Threshold 0.50 → Balanced Acc: 0.5967, Acc: 0.6000, Sensitivity: 0.6064, Specificity: 0.5870, PPV: 0.7500, NPV: 0.4219, F1: 0.6706
  Val Best Threshold 0.05 → Balanced Acc: 0.5000, Acc: 0.6571, Sensitivity: 1.0000, Specificity: 0.0000, PPV: 0.6571, NPV: 0.0000, F1: 0.7931
  → New best validation AUC: 0.3804
Epoch 20/40 - Train Loss: 0.6923, Train Acc: 0.5357, Train AUC: 0.6237 - Val Loss: 0.7045, Val Acc (0.5): 0.5143, Val AUC: 0.4058
  Train Best Threshold 0.45 → Balanced Acc: 0.5273, Acc: 0.6857, Sensitivity: 0.9894, Specificity: 0.0652, PPV: 0.6838, NPV: 0.7500, F1: 0.8087
  Val Best Threshold 0.05 → Balanced Acc: 0.5000, Acc: 0.6571, Sensitivity: 1.0000, Specificity: 0.0000, PPV: 0.6571, NPV: 0.0000, F1: 0.7931
  → New best validation AUC: 0.4058
Epoch 21/40 - Train Loss: 0.6954, Train Acc: 0.6071, Train AUC: 0.6191 - Val Loss: 0.7038, Val Acc (0.5): 0.5429, Val AUC: 0.4130
  Train Best Threshold 0.50 → Balanced Acc: 0.6186, Acc: 0.6071, Sensitivity: 0.5851, Specificity: 0.6522, PPV: 0.7746, NPV: 0.4348, F1: 0.6667
  Val Best Threshold 0.05 → Balanced Acc: 0.5000, Acc: 0.6571, Sensitivity: 1.0000, Specificity: 0.0000, PPV: 0.6571, NPV: 0.0000, F1: 0.7931
  → New best validation AUC: 0.4130
Epoch 22/40 - Train Loss: 0.6910, Train Acc: 0.6000, Train AUC: 0.6339 - Val Loss: 0.7041, Val Acc (0.5): 0.5429, Val AUC: 0.4203
  Train Best Threshold 0.50 → Balanced Acc: 0.6189, Acc: 0.6000, Sensitivity: 0.5638, Specificity: 0.6739, PPV: 0.7794, NPV: 0.4306, F1: 0.6543
  Val Best Threshold 0.05 → Balanced Acc: 0.5000, Acc: 0.6571, Sensitivity: 1.0000, Specificity: 0.0000, PPV: 0.6571, NPV: 0.0000, F1: 0.7931
  → New best validation AUC: 0.4203
Epoch 23/40 - Train Loss: 0.6861, Train Acc: 0.6071, Train AUC: 0.7130 - Val Loss: 0.7030, Val Acc (0.5): 0.5714, Val AUC: 0.4275
  Train Best Threshold 0.50 → Balanced Acc: 0.6242, Acc: 0.6071, Sensitivity: 0.5745, Specificity: 0.6739, PPV: 0.7826, NPV: 0.4366, F1: 0.6626
  Val Best Threshold 0.50 → Balanced Acc: 0.5543, Acc: 0.5714, Sensitivity: 0.6087, Specificity: 0.5000, PPV: 0.7000, NPV: 0.4000, F1: 0.6512
  → New best validation AUC: 0.4275
Epoch 24/40 - Train Loss: 0.6901, Train Acc: 0.5929, Train AUC: 0.6797 - Val Loss: 0.7032, Val Acc (0.5): 0.5429, Val AUC: 0.4384
  Train Best Threshold 0.50 → Balanced Acc: 0.6191, Acc: 0.5929, Sensitivity: 0.5426, Specificity: 0.6957, PPV: 0.7846, NPV: 0.4267, F1: 0.6415
  Val Best Threshold 0.50 → Balanced Acc: 0.5127, Acc: 0.5429, Sensitivity: 0.6087, Specificity: 0.4167, PPV: 0.6667, NPV: 0.3571, F1: 0.6364
  → New best validation AUC: 0.4384
Epoch 25/40 - Train Loss: 0.6899, Train Acc: 0.6143, Train AUC: 0.6538 - Val Loss: 0.7029, Val Acc (0.5): 0.5714, Val AUC: 0.4601
  Train Best Threshold 0.50 → Balanced Acc: 0.6295, Acc: 0.6143, Sensitivity: 0.5851, Specificity: 0.6739, PPV: 0.7857, NPV: 0.4429, F1: 0.6707
  Val Best Threshold 0.50 → Balanced Acc: 0.5344, Acc: 0.5714, Sensitivity: 0.6522, Specificity: 0.4167, PPV: 0.6818, NPV: 0.3846, F1: 0.6667
  → New best validation AUC: 0.4601
Epoch 26/40 - Train Loss: 0.6900, Train Acc: 0.6000, Train AUC: 0.6635 - Val Loss: 0.7021, Val Acc (0.5): 0.6000, Val AUC: 0.4891
  Train Best Threshold 0.50 → Balanced Acc: 0.6078, Acc: 0.6000, Sensitivity: 0.5851, Specificity: 0.6304, PPV: 0.7639, NPV: 0.4265, F1: 0.6627
  Val Best Threshold 0.50 → Balanced Acc: 0.5761, Acc: 0.6000, Sensitivity: 0.6522, Specificity: 0.5000, PPV: 0.7143, NPV: 0.4286, F1: 0.6818
  → New best validation AUC: 0.4891
Epoch 27/40 - Train Loss: 0.6896, Train Acc: 0.5714, Train AUC: 0.6575 - Val Loss: 0.7010, Val Acc (0.5): 0.6000, Val AUC: 0.5109
  Train Best Threshold 0.50 → Balanced Acc: 0.5920, Acc: 0.5714, Sensitivity: 0.5319, Specificity: 0.6522, PPV: 0.7576, NPV: 0.4054, F1: 0.6250
  Val Best Threshold 0.50 → Balanced Acc: 0.5761, Acc: 0.6000, Sensitivity: 0.6522, Specificity: 0.5000, PPV: 0.7143, NPV: 0.4286, F1: 0.6818
  → New best validation AUC: 0.5109
Epoch 28/40 - Train Loss: 0.6874, Train Acc: 0.6357, Train AUC: 0.6931 - Val Loss: 0.7005, Val Acc (0.5): 0.5143, Val AUC: 0.5181
  Train Best Threshold 0.50 → Balanced Acc: 0.6566, Acc: 0.6357, Sensitivity: 0.5957, Specificity: 0.7174, PPV: 0.8116, NPV: 0.4648, F1: 0.6871
  Val Best Threshold 0.50 → Balanced Acc: 0.5109, Acc: 0.5143, Sensitivity: 0.5217, Specificity: 0.5000, PPV: 0.6667, NPV: 0.3529, F1: 0.5854
  → New best validation AUC: 0.5181
Epoch 29/40 - Train Loss: 0.6870, Train Acc: 0.6429, Train AUC: 0.6862 - Val Loss: 0.7013, Val Acc (0.5): 0.6286, Val AUC: 0.5254
  Train Best Threshold 0.50 → Balanced Acc: 0.6619, Acc: 0.6429, Sensitivity: 0.6064, Specificity: 0.7174, PPV: 0.8143, NPV: 0.4714, F1: 0.6951
  Val Best Threshold 0.50 → Balanced Acc: 0.5978, Acc: 0.6286, Sensitivity: 0.6957, Specificity: 0.5000, PPV: 0.7273, NPV: 0.4615, F1: 0.7111
  → New best validation AUC: 0.5254
Epoch 30/40 - Train Loss: 0.6877, Train Acc: 0.5714, Train AUC: 0.6552 - Val Loss: 0.7007, Val Acc (0.5): 0.6286, Val AUC: 0.5399
  Train Best Threshold 0.50 → Balanced Acc: 0.5754, Acc: 0.5714, Sensitivity: 0.5638, Specificity: 0.5870, PPV: 0.7361, NPV: 0.3971, F1: 0.6386
  Val Best Threshold 0.50 → Balanced Acc: 0.5978, Acc: 0.6286, Sensitivity: 0.6957, Specificity: 0.5000, PPV: 0.7273, NPV: 0.4615, F1: 0.7111
  → New best validation AUC: 0.5399
Epoch 31/40 - Train Loss: 0.6839, Train Acc: 0.6714, Train AUC: 0.7061 - Val Loss: 0.6998, Val Acc (0.5): 0.6286, Val AUC: 0.5580
  Train Best Threshold 0.50 → Balanced Acc: 0.6776, Acc: 0.6714, Sensitivity: 0.6596, Specificity: 0.6957, PPV: 0.8158, NPV: 0.5000, F1: 0.7294
  Val Best Threshold 0.50 → Balanced Acc: 0.6178, Acc: 0.6286, Sensitivity: 0.6522, Specificity: 0.5833, PPV: 0.7500, NPV: 0.4667, F1: 0.6977
  → New best validation AUC: 0.5580
Epoch 32/40 - Train Loss: 0.6877, Train Acc: 0.5500, Train AUC: 0.6739 - Val Loss: 0.6986, Val Acc (0.5): 0.6000, Val AUC: 0.5580
  Train Best Threshold 0.50 → Balanced Acc: 0.5872, Acc: 0.5500, Sensitivity: 0.4787, Specificity: 0.6957, PPV: 0.7627, NPV: 0.3951, F1: 0.5882
  Val Best Threshold 0.50 → Balanced Acc: 0.5960, Acc: 0.6000, Sensitivity: 0.6087, Specificity: 0.5833, PPV: 0.7368, NPV: 0.4375, F1: 0.6667
Epoch 33/40 - Train Loss: 0.6816, Train Acc: 0.5929, Train AUC: 0.7306 - Val Loss: 0.6970, Val Acc (0.5): 0.5714, Val AUC: 0.5797
  Train Best Threshold 0.50 → Balanced Acc: 0.6358, Acc: 0.5929, Sensitivity: 0.5106, Specificity: 0.7609, PPV: 0.8136, NPV: 0.4321, F1: 0.6275
  Val Best Threshold 0.50 → Balanced Acc: 0.5942, Acc: 0.5714, Sensitivity: 0.5217, Specificity: 0.6667, PPV: 0.7500, NPV: 0.4211, F1: 0.6154
  → New best validation AUC: 0.5797
Epoch 34/40 - Train Loss: 0.6801, Train Acc: 0.6929, Train AUC: 0.7414 - Val Loss: 0.6946, Val Acc (0.5): 0.5714, Val AUC: 0.5870
  Train Best Threshold 0.50 → Balanced Acc: 0.7324, Acc: 0.6929, Sensitivity: 0.6170, Specificity: 0.8478, PPV: 0.8923, NPV: 0.5200, F1: 0.7296
  Val Best Threshold 0.50 → Balanced Acc: 0.5942, Acc: 0.5714, Sensitivity: 0.5217, Specificity: 0.6667, PPV: 0.7500, NPV: 0.4211, F1: 0.6154
  → New best validation AUC: 0.5870
Epoch 35/40 - Train Loss: 0.6804, Train Acc: 0.6429, Train AUC: 0.7535 - Val Loss: 0.6938, Val Acc (0.5): 0.5714, Val AUC: 0.5942
  Train Best Threshold 0.50 → Balanced Acc: 0.6841, Acc: 0.6429, Sensitivity: 0.5638, Specificity: 0.8043, PPV: 0.8548, NPV: 0.4744, F1: 0.6795
  Val Best Threshold 0.50 → Balanced Acc: 0.5942, Acc: 0.5714, Sensitivity: 0.5217, Specificity: 0.6667, PPV: 0.7500, NPV: 0.4211, F1: 0.6154
  → New best validation AUC: 0.5942
Epoch 36/40 - Train Loss: 0.6775, Train Acc: 0.6357, Train AUC: 0.7634 - Val Loss: 0.6950, Val Acc (0.5): 0.5714, Val AUC: 0.5870
  Train Best Threshold 0.50 → Balanced Acc: 0.6899, Acc: 0.6357, Sensitivity: 0.5319, Specificity: 0.8478, PPV: 0.8772, NPV: 0.4699, F1: 0.6623
  Val Best Threshold 0.50 → Balanced Acc: 0.5942, Acc: 0.5714, Sensitivity: 0.5217, Specificity: 0.6667, PPV: 0.7500, NPV: 0.4211, F1: 0.6154
Epoch 37/40 - Train Loss: 0.6841, Train Acc: 0.6214, Train AUC: 0.6896 - Val Loss: 0.6913, Val Acc (0.5): 0.5714, Val AUC: 0.6087
  Train Best Threshold 0.50 → Balanced Acc: 0.6570, Acc: 0.6214, Sensitivity: 0.5532, Specificity: 0.7609, PPV: 0.8254, NPV: 0.4545, F1: 0.6624
  Val Best Threshold 0.50 → Balanced Acc: 0.5942, Acc: 0.5714, Sensitivity: 0.5217, Specificity: 0.6667, PPV: 0.7500, NPV: 0.4211, F1: 0.6154
  → New best validation AUC: 0.6087
Epoch 38/40 - Train Loss: 0.6724, Train Acc: 0.7000, Train AUC: 0.8057 - Val Loss: 0.6909, Val Acc (0.5): 0.5429, Val AUC: 0.6123
  Train Best Threshold 0.50 → Balanced Acc: 0.7266, Acc: 0.7000, Sensitivity: 0.6489, Specificity: 0.8043, PPV: 0.8714, NPV: 0.5286, F1: 0.7439
  Val Best Threshold 0.50 → Balanced Acc: 0.5725, Acc: 0.5429, Sensitivity: 0.4783, Specificity: 0.6667, PPV: 0.7333, NPV: 0.4000, F1: 0.5789
  → New best validation AUC: 0.6123
Epoch 39/40 - Train Loss: 0.6798, Train Acc: 0.5929, Train AUC: 0.7026 - Val Loss: 0.6906, Val Acc (0.5): 0.4857, Val AUC: 0.6123
  Train Best Threshold 0.50 → Balanced Acc: 0.6413, Acc: 0.5929, Sensitivity: 0.5000, Specificity: 0.7826, PPV: 0.8246, NPV: 0.4337, F1: 0.6225
  Val Best Threshold 0.50 → Balanced Acc: 0.5290, Acc: 0.4857, Sensitivity: 0.3913, Specificity: 0.6667, PPV: 0.6923, NPV: 0.3636, F1: 0.5000
Epoch 40/40 - Train Loss: 0.6713, Train Acc: 0.5786, Train AUC: 0.7673 - Val Loss: 0.6890, Val Acc (0.5): 0.4857, Val AUC: 0.6196
  Train Best Threshold 0.50 → Balanced Acc: 0.6251, Acc: 0.5786, Sensitivity: 0.4894, Specificity: 0.7609, PPV: 0.8070, NPV: 0.4217, F1: 0.6093
  Val Best Threshold 0.50 → Balanced Acc: 0.5290, Acc: 0.4857, Sensitivity: 0.3913, Specificity: 0.6667, PPV: 0.6923, NPV: 0.3636, F1: 0.5000
  → New best validation AUC: 0.6196
Loaded best model with validation AUC: 0.6196
Final Train Results (Best Model) at epoch 40 - Loss: 0.6760, Accuracy: 0.6286, AUC: 0.7976
Final Val Results (Best Model) at epoch 40 - Loss: 0.6890, Accuracy: 0.4857, AUC: 0.6196
Train Best Threshold: 0.50 | Balanced Acc: 0.6901 | Acc: 0.6286 | Sensitivity: 0.5106 | Specificity: 0.8696 | PPV: 0.8889 | NPV: 0.4651 | F1: 0.6486
Train Confusion Matrix at Best Threshold (rows=actual [0,1], cols=predicted [0,1]):
[[40  6]
 [46 48]]
Val Best Threshold: 0.50 | Balanced Acc: 0.5290 | Acc: 0.4857 | Sensitivity: 0.3913 | Specificity: 0.6667 | PPV: 0.6923 | NPV: 0.3636 | F1: 0.5000
Val Confusion Matrix at Best Threshold (rows=actual [0,1], cols=predicted [0,1]):
[[ 8  4]
 [14  9]]
Fold 5 class distribution:
  Train: Class 0=46 (32.9%), Class 1=94 (67.1%)
  Val:   Class 0=12 (34.3%), Class 1=23 (65.7%)

======================================================================
Fold 5/5
======================================================================
Train: 140 patients
Val: 35 patients
Fitting clinical preprocessor on training data...
Built clinical feature dictionaries: train=140, val=35
Clinical input dimension: 3
Backbone feature dimension: 1280
Created mean pooling model with backbone efficientnetv2_b0
Using device: cuda
Class weights: [1.0, 0.4893617033958435]
Weight decay (L2 reg): 0.0001
Label smoothing: 0.1

Epoch 1/40 - Train Loss: 0.7049, Train Acc: 0.5571, Train AUC: 0.4968 - Val Loss: 0.7094, Val Acc (0.5): 0.6571, Val AUC: 0.1848
  Train Best Threshold 0.55 → Balanced Acc: 0.5201, Acc: 0.3929, Sensitivity: 0.1489, Specificity: 0.8913, PPV: 0.7368, NPV: 0.3388, F1: 0.2478
  Val Best Threshold 0.05 → Balanced Acc: 0.5000, Acc: 0.6571, Sensitivity: 1.0000, Specificity: 0.0000, PPV: 0.6571, NPV: 0.0000, F1: 0.7931
  → New best validation AUC: 0.1848
Epoch 2/40 - Train Loss: 0.7097, Train Acc: 0.5643, Train AUC: 0.4380 - Val Loss: 0.7165, Val Acc (0.5): 0.6286, Val AUC: 0.1630
  Train Best Threshold 0.05 → Balanced Acc: 0.5000, Acc: 0.6714, Sensitivity: 1.0000, Specificity: 0.0000, PPV: 0.6714, NPV: 0.0000, F1: 0.8034
  Val Best Threshold 0.05 → Balanced Acc: 0.5000, Acc: 0.6571, Sensitivity: 1.0000, Specificity: 0.0000, PPV: 0.6571, NPV: 0.0000, F1: 0.7931
Epoch 3/40 - Train Loss: 0.7101, Train Acc: 0.5071, Train AUC: 0.4396 - Val Loss: 0.7134, Val Acc (0.5): 0.5429, Val AUC: 0.1920
  Train Best Threshold 0.05 → Balanced Acc: 0.5000, Acc: 0.6714, Sensitivity: 1.0000, Specificity: 0.0000, PPV: 0.6714, NPV: 0.0000, F1: 0.8034
  Val Best Threshold 0.05 → Balanced Acc: 0.5000, Acc: 0.6571, Sensitivity: 1.0000, Specificity: 0.0000, PPV: 0.6571, NPV: 0.0000, F1: 0.7931
  → New best validation AUC: 0.1920
Epoch 4/40 - Train Loss: 0.7033, Train Acc: 0.5929, Train AUC: 0.5197 - Val Loss: 0.7121, Val Acc (0.5): 0.4857, Val AUC: 0.2536
  Train Best Threshold 0.50 → Balanced Acc: 0.5303, Acc: 0.5929, Sensitivity: 0.7128, Specificity: 0.3478, PPV: 0.6907, NPV: 0.3721, F1: 0.7016
  Val Best Threshold 0.05 → Balanced Acc: 0.5000, Acc: 0.6571, Sensitivity: 1.0000, Specificity: 0.0000, PPV: 0.6571, NPV: 0.0000, F1: 0.7931
  → New best validation AUC: 0.2536
Epoch 5/40 - Train Loss: 0.7066, Train Acc: 0.4643, Train AUC: 0.4607 - Val Loss: 0.7124, Val Acc (0.5): 0.4857, Val AUC: 0.3478
  Train Best Threshold 0.45 → Balanced Acc: 0.5002, Acc: 0.6643, Sensitivity: 0.9787, Specificity: 0.0217, PPV: 0.6715, NPV: 0.3333, F1: 0.7965
  Val Best Threshold 0.05 → Balanced Acc: 0.5000, Acc: 0.6571, Sensitivity: 1.0000, Specificity: 0.0000, PPV: 0.6571, NPV: 0.0000, F1: 0.7931
  → New best validation AUC: 0.3478
Epoch 6/40 - Train Loss: 0.7108, Train Acc: 0.5286, Train AUC: 0.4313 - Val Loss: 0.7113, Val Acc (0.5): 0.4857, Val AUC: 0.3841
  Train Best Threshold 0.05 → Balanced Acc: 0.5000, Acc: 0.6714, Sensitivity: 1.0000, Specificity: 0.0000, PPV: 0.6714, NPV: 0.0000, F1: 0.8034
  Val Best Threshold 0.05 → Balanced Acc: 0.5000, Acc: 0.6571, Sensitivity: 1.0000, Specificity: 0.0000, PPV: 0.6571, NPV: 0.0000, F1: 0.7931
  → New best validation AUC: 0.3841
Epoch 7/40 - Train Loss: 0.7019, Train Acc: 0.5571, Train AUC: 0.5259 - Val Loss: 0.7109, Val Acc (0.5): 0.4857, Val AUC: 0.3913
  Train Best Threshold 0.50 → Balanced Acc: 0.5204, Acc: 0.5571, Sensitivity: 0.6277, Specificity: 0.4130, PPV: 0.6860, NPV: 0.3519, F1: 0.6556
  Val Best Threshold 0.05 → Balanced Acc: 0.5000, Acc: 0.6571, Sensitivity: 1.0000, Specificity: 0.0000, PPV: 0.6571, NPV: 0.0000, F1: 0.7931
  → New best validation AUC: 0.3913
Epoch 8/40 - Train Loss: 0.7036, Train Acc: 0.5714, Train AUC: 0.5153 - Val Loss: 0.7112, Val Acc (0.5): 0.4286, Val AUC: 0.4348
  Train Best Threshold 0.50 → Balanced Acc: 0.5365, Acc: 0.5714, Sensitivity: 0.6383, Specificity: 0.4348, PPV: 0.6977, NPV: 0.3704, F1: 0.6667
  Val Best Threshold 0.05 → Balanced Acc: 0.5000, Acc: 0.6571, Sensitivity: 1.0000, Specificity: 0.0000, PPV: 0.6571, NPV: 0.0000, F1: 0.7931
  → New best validation AUC: 0.4348
Epoch 9/40 - Train Loss: 0.7050, Train Acc: 0.5357, Train AUC: 0.5028 - Val Loss: 0.7114, Val Acc (0.5): 0.4571, Val AUC: 0.4529
  Train Best Threshold 0.45 → Balanced Acc: 0.5056, Acc: 0.6714, Sensitivity: 0.9894, Specificity: 0.0217, PPV: 0.6739, NPV: 0.5000, F1: 0.8017
  Val Best Threshold 0.05 → Balanced Acc: 0.5000, Acc: 0.6571, Sensitivity: 1.0000, Specificity: 0.0000, PPV: 0.6571, NPV: 0.0000, F1: 0.7931
  → New best validation AUC: 0.4529
Epoch 10/40 - Train Loss: 0.7013, Train Acc: 0.5143, Train AUC: 0.5183 - Val Loss: 0.7110, Val Acc (0.5): 0.5429, Val AUC: 0.4529
  Train Best Threshold 0.45 → Balanced Acc: 0.5056, Acc: 0.6714, Sensitivity: 0.9894, Specificity: 0.0217, PPV: 0.6739, NPV: 0.5000, F1: 0.8017
  Val Best Threshold 0.50 → Balanced Acc: 0.5326, Acc: 0.5429, Sensitivity: 0.5652, Specificity: 0.5000, PPV: 0.6842, NPV: 0.3750, F1: 0.6190
Epoch 11/40 - Train Loss: 0.7085, Train Acc: 0.5000, Train AUC: 0.4625 - Val Loss: 0.7124, Val Acc (0.5): 0.4571, Val AUC: 0.4493
  Train Best Threshold 0.05 → Balanced Acc: 0.5000, Acc: 0.6714, Sensitivity: 1.0000, Specificity: 0.0000, PPV: 0.6714, NPV: 0.0000, F1: 0.8034
  Val Best Threshold 0.05 → Balanced Acc: 0.5000, Acc: 0.6571, Sensitivity: 1.0000, Specificity: 0.0000, PPV: 0.6571, NPV: 0.0000, F1: 0.7931
Epoch 12/40 - Train Loss: 0.7030, Train Acc: 0.5500, Train AUC: 0.5065 - Val Loss: 0.7108, Val Acc (0.5): 0.5143, Val AUC: 0.4601
  Train Best Threshold 0.55 → Balanced Acc: 0.5266, Acc: 0.3643, Sensitivity: 0.0532, Specificity: 1.0000, PPV: 1.0000, NPV: 0.3407, F1: 0.1010
  Val Best Threshold 0.50 → Balanced Acc: 0.5308, Acc: 0.5143, Sensitivity: 0.4783, Specificity: 0.5833, PPV: 0.6875, NPV: 0.3684, F1: 0.5641
  → New best validation AUC: 0.4601
Epoch 13/40 - Train Loss: 0.6989, Train Acc: 0.5500, Train AUC: 0.5590 - Val Loss: 0.7105, Val Acc (0.5): 0.5714, Val AUC: 0.4746
  Train Best Threshold 0.50 → Balanced Acc: 0.5539, Acc: 0.5500, Sensitivity: 0.5426, Specificity: 0.5652, PPV: 0.7183, NPV: 0.3768, F1: 0.6182
  Val Best Threshold 0.50 → Balanced Acc: 0.5743, Acc: 0.5714, Sensitivity: 0.5652, Specificity: 0.5833, PPV: 0.7222, NPV: 0.4118, F1: 0.6341
  → New best validation AUC: 0.4746
Epoch 14/40 - Train Loss: 0.6980, Train Acc: 0.6000, Train AUC: 0.5731 - Val Loss: 0.7096, Val Acc (0.5): 0.5429, Val AUC: 0.4529
  Train Best Threshold 0.50 → Balanced Acc: 0.5634, Acc: 0.6000, Sensitivity: 0.6702, Specificity: 0.4565, PPV: 0.7159, NPV: 0.4038, F1: 0.6923
  Val Best Threshold 0.50 → Balanced Acc: 0.5326, Acc: 0.5429, Sensitivity: 0.5652, Specificity: 0.5000, PPV: 0.6842, NPV: 0.3750, F1: 0.6190
Epoch 15/40 - Train Loss: 0.7007, Train Acc: 0.5000, Train AUC: 0.5506 - Val Loss: 0.7092, Val Acc (0.5): 0.6000, Val AUC: 0.5000
  Train Best Threshold 0.50 → Balanced Acc: 0.5111, Acc: 0.5000, Sensitivity: 0.4787, Specificity: 0.5435, PPV: 0.6818, NPV: 0.3378, F1: 0.5625
  Val Best Threshold 0.50 → Balanced Acc: 0.6159, Acc: 0.6000, Sensitivity: 0.5652, Specificity: 0.6667, PPV: 0.7647, NPV: 0.4444, F1: 0.6500
  → New best validation AUC: 0.5000
Epoch 16/40 - Train Loss: 0.6920, Train Acc: 0.5786, Train AUC: 0.6501 - Val Loss: 0.7092, Val Acc (0.5): 0.5714, Val AUC: 0.5217
  Train Best Threshold 0.50 → Balanced Acc: 0.5863, Acc: 0.5786, Sensitivity: 0.5638, Specificity: 0.6087, PPV: 0.7465, NPV: 0.4058, F1: 0.6424
  Val Best Threshold 0.50 → Balanced Acc: 0.5942, Acc: 0.5714, Sensitivity: 0.5217, Specificity: 0.6667, PPV: 0.7500, NPV: 0.4211, F1: 0.6154
  → New best validation AUC: 0.5217
Epoch 17/40 - Train Loss: 0.6962, Train Acc: 0.6071, Train AUC: 0.6103 - Val Loss: 0.7099, Val Acc (0.5): 0.5714, Val AUC: 0.5072
  Train Best Threshold 0.50 → Balanced Acc: 0.6297, Acc: 0.6071, Sensitivity: 0.5638, Specificity: 0.6957, PPV: 0.7910, NPV: 0.4384, F1: 0.6584
  Val Best Threshold 0.50 → Balanced Acc: 0.5942, Acc: 0.5714, Sensitivity: 0.5217, Specificity: 0.6667, PPV: 0.7500, NPV: 0.4211, F1: 0.6154
Epoch 18/40 - Train Loss: 0.6915, Train Acc: 0.6357, Train AUC: 0.6584 - Val Loss: 0.7088, Val Acc (0.5): 0.5714, Val AUC: 0.5435
  Train Best Threshold 0.50 → Balanced Acc: 0.6288, Acc: 0.6357, Sensitivity: 0.6489, Specificity: 0.6087, PPV: 0.7722, NPV: 0.4590, F1: 0.7052
  Val Best Threshold 0.50 → Balanced Acc: 0.5942, Acc: 0.5714, Sensitivity: 0.5217, Specificity: 0.6667, PPV: 0.7500, NPV: 0.4211, F1: 0.6154
  → New best validation AUC: 0.5435
Epoch 19/40 - Train Loss: 0.6904, Train Acc: 0.5714, Train AUC: 0.6371 - Val Loss: 0.7090, Val Acc (0.5): 0.5143, Val AUC: 0.5507
  Train Best Threshold 0.50 → Balanced Acc: 0.5754, Acc: 0.5714, Sensitivity: 0.5638, Specificity: 0.5870, PPV: 0.7361, NPV: 0.3971, F1: 0.6386
  Val Best Threshold 0.50 → Balanced Acc: 0.5507, Acc: 0.5143, Sensitivity: 0.4348, Specificity: 0.6667, PPV: 0.7143, NPV: 0.3810, F1: 0.5405
  → New best validation AUC: 0.5507
Epoch 20/40 - Train Loss: 0.6785, Train Acc: 0.7071, Train AUC: 0.7831 - Val Loss: 0.7088, Val Acc (0.5): 0.5143, Val AUC: 0.5688
  Train Best Threshold 0.50 → Balanced Acc: 0.7264, Acc: 0.7071, Sensitivity: 0.6702, Specificity: 0.7826, PPV: 0.8630, NPV: 0.5373, F1: 0.7545
  Val Best Threshold 0.50 → Balanced Acc: 0.5707, Acc: 0.5143, Sensitivity: 0.3913, Specificity: 0.7500, PPV: 0.7500, NPV: 0.3913, F1: 0.5143
  → New best validation AUC: 0.5688
Epoch 21/40 - Train Loss: 0.6986, Train Acc: 0.5500, Train AUC: 0.5650 - Val Loss: 0.7078, Val Acc (0.5): 0.5429, Val AUC: 0.5906
  Train Best Threshold 0.50 → Balanced Acc: 0.5483, Acc: 0.5500, Sensitivity: 0.5532, Specificity: 0.5435, PPV: 0.7123, NPV: 0.3731, F1: 0.6228
  Val Best Threshold 0.50 → Balanced Acc: 0.5924, Acc: 0.5429, Sensitivity: 0.4348, Specificity: 0.7500, PPV: 0.7692, NPV: 0.4091, F1: 0.5556
  → New best validation AUC: 0.5906
Epoch 22/40 - Train Loss: 0.6881, Train Acc: 0.5786, Train AUC: 0.6554 - Val Loss: 0.7076, Val Acc (0.5): 0.5143, Val AUC: 0.5797
  Train Best Threshold 0.50 → Balanced Acc: 0.5974, Acc: 0.5786, Sensitivity: 0.5426, Specificity: 0.6522, PPV: 0.7612, NPV: 0.4110, F1: 0.6335
  Val Best Threshold 0.50 → Balanced Acc: 0.5308, Acc: 0.5143, Sensitivity: 0.4783, Specificity: 0.5833, PPV: 0.6875, NPV: 0.3684, F1: 0.5641
Epoch 23/40 - Train Loss: 0.6982, Train Acc: 0.5786, Train AUC: 0.5800 - Val Loss: 0.7073, Val Acc (0.5): 0.5429, Val AUC: 0.5906
  Train Best Threshold 0.50 → Balanced Acc: 0.5863, Acc: 0.5786, Sensitivity: 0.5638, Specificity: 0.6087, PPV: 0.7465, NPV: 0.4058, F1: 0.6424
  Val Best Threshold 0.50 → Balanced Acc: 0.5725, Acc: 0.5429, Sensitivity: 0.4783, Specificity: 0.6667, PPV: 0.7333, NPV: 0.4000, F1: 0.5789
Epoch 24/40 - Train Loss: 0.6895, Train Acc: 0.6286, Train AUC: 0.6617 - Val Loss: 0.7063, Val Acc (0.5): 0.4857, Val AUC: 0.5725
  Train Best Threshold 0.50 → Balanced Acc: 0.6568, Acc: 0.6286, Sensitivity: 0.5745, Specificity: 0.7391, PPV: 0.8182, NPV: 0.4595, F1: 0.6750
  Val Best Threshold 0.05 → Balanced Acc: 0.5000, Acc: 0.6571, Sensitivity: 1.0000, Specificity: 0.0000, PPV: 0.6571, NPV: 0.0000, F1: 0.7931
Epoch 25/40 - Train Loss: 0.6885, Train Acc: 0.5857, Train AUC: 0.6769 - Val Loss: 0.7053, Val Acc (0.5): 0.5143, Val AUC: 0.5906
  Train Best Threshold 0.50 → Balanced Acc: 0.6082, Acc: 0.5857, Sensitivity: 0.5426, Specificity: 0.6739, PPV: 0.7727, NPV: 0.4189, F1: 0.6375
  Val Best Threshold 0.50 → Balanced Acc: 0.5308, Acc: 0.5143, Sensitivity: 0.4783, Specificity: 0.5833, PPV: 0.6875, NPV: 0.3684, F1: 0.5641
Epoch 26/40 - Train Loss: 0.6922, Train Acc: 0.5857, Train AUC: 0.6344 - Val Loss: 0.7048, Val Acc (0.5): 0.6000, Val AUC: 0.6232
  Train Best Threshold 0.50 → Balanced Acc: 0.5971, Acc: 0.5857, Sensitivity: 0.5638, Specificity: 0.6304, PPV: 0.7571, NPV: 0.4143, F1: 0.6463
  Val Best Threshold 0.50 → Balanced Acc: 0.6359, Acc: 0.6000, Sensitivity: 0.5217, Specificity: 0.7500, PPV: 0.8000, NPV: 0.4500, F1: 0.6316
  → New best validation AUC: 0.6232
Epoch 27/40 - Train Loss: 0.6907, Train Acc: 0.5857, Train AUC: 0.6290 - Val Loss: 0.7036, Val Acc (0.5): 0.5714, Val AUC: 0.6123
  Train Best Threshold 0.50 → Balanced Acc: 0.6027, Acc: 0.5857, Sensitivity: 0.5532, Specificity: 0.6522, PPV: 0.7647, NPV: 0.4167, F1: 0.6420
  Val Best Threshold 0.50 → Balanced Acc: 0.5942, Acc: 0.5714, Sensitivity: 0.5217, Specificity: 0.6667, PPV: 0.7500, NPV: 0.4211, F1: 0.6154
Epoch 28/40 - Train Loss: 0.6847, Train Acc: 0.5929, Train AUC: 0.7026 - Val Loss: 0.7032, Val Acc (0.5): 0.5429, Val AUC: 0.6196
  Train Best Threshold 0.50 → Balanced Acc: 0.6358, Acc: 0.5929, Sensitivity: 0.5106, Specificity: 0.7609, PPV: 0.8136, NPV: 0.4321, F1: 0.6275
  Val Best Threshold 0.50 → Balanced Acc: 0.5725, Acc: 0.5429, Sensitivity: 0.4783, Specificity: 0.6667, PPV: 0.7333, NPV: 0.4000, F1: 0.5789
Epoch 29/40 - Train Loss: 0.6912, Train Acc: 0.5786, Train AUC: 0.6547 - Val Loss: 0.7032, Val Acc (0.5): 0.5714, Val AUC: 0.6232
  Train Best Threshold 0.50 → Balanced Acc: 0.6029, Acc: 0.5786, Sensitivity: 0.5319, Specificity: 0.6739, PPV: 0.7692, NPV: 0.4133, F1: 0.6289
  Val Best Threshold 0.50 → Balanced Acc: 0.5942, Acc: 0.5714, Sensitivity: 0.5217, Specificity: 0.6667, PPV: 0.7500, NPV: 0.4211, F1: 0.6154
Epoch 30/40 - Train Loss: 0.6917, Train Acc: 0.5643, Train AUC: 0.6221 - Val Loss: 0.7036, Val Acc (0.5): 0.5429, Val AUC: 0.6304
  Train Best Threshold 0.50 → Balanced Acc: 0.5812, Acc: 0.5643, Sensitivity: 0.5319, Specificity: 0.6304, PPV: 0.7463, NPV: 0.3973, F1: 0.6211
  Val Best Threshold 0.50 → Balanced Acc: 0.5725, Acc: 0.5429, Sensitivity: 0.4783, Specificity: 0.6667, PPV: 0.7333, NPV: 0.4000, F1: 0.5789
  → New best validation AUC: 0.6304
Epoch 31/40 - Train Loss: 0.6864, Train Acc: 0.6357, Train AUC: 0.6959 - Val Loss: 0.7026, Val Acc (0.5): 0.5714, Val AUC: 0.6304
  Train Best Threshold 0.50 → Balanced Acc: 0.6732, Acc: 0.6357, Sensitivity: 0.5638, Specificity: 0.7826, PPV: 0.8413, NPV: 0.4675, F1: 0.6752
  Val Best Threshold 0.50 → Balanced Acc: 0.5942, Acc: 0.5714, Sensitivity: 0.5217, Specificity: 0.6667, PPV: 0.7500, NPV: 0.4211, F1: 0.6154
Epoch 32/40 - Train Loss: 0.6784, Train Acc: 0.6357, Train AUC: 0.7500 - Val Loss: 0.7021, Val Acc (0.5): 0.6000, Val AUC: 0.6268
  Train Best Threshold 0.50 → Balanced Acc: 0.6732, Acc: 0.6357, Sensitivity: 0.5638, Specificity: 0.7826, PPV: 0.8413, NPV: 0.4675, F1: 0.6752
  Val Best Threshold 0.50 → Balanced Acc: 0.6159, Acc: 0.6000, Sensitivity: 0.5652, Specificity: 0.6667, PPV: 0.7647, NPV: 0.4444, F1: 0.6500
Epoch 33/40 - Train Loss: 0.6786, Train Acc: 0.6071, Train AUC: 0.7458 - Val Loss: 0.7008, Val Acc (0.5): 0.6000, Val AUC: 0.6268
  Train Best Threshold 0.50 → Balanced Acc: 0.6464, Acc: 0.6071, Sensitivity: 0.5319, Specificity: 0.7609, PPV: 0.8197, NPV: 0.4430, F1: 0.6452
  Val Best Threshold 0.50 → Balanced Acc: 0.6159, Acc: 0.6000, Sensitivity: 0.5652, Specificity: 0.6667, PPV: 0.7647, NPV: 0.4444, F1: 0.6500
Epoch 34/40 - Train Loss: 0.6751, Train Acc: 0.6786, Train AUC: 0.7671 - Val Loss: 0.6999, Val Acc (0.5): 0.5714, Val AUC: 0.6051
  Train Best Threshold 0.50 → Balanced Acc: 0.6996, Acc: 0.6786, Sensitivity: 0.6383, Specificity: 0.7609, PPV: 0.8451, NPV: 0.5072, F1: 0.7273
  Val Best Threshold 0.50 → Balanced Acc: 0.5743, Acc: 0.5714, Sensitivity: 0.5652, Specificity: 0.5833, PPV: 0.7222, NPV: 0.4118, F1: 0.6341
Epoch 35/40 - Train Loss: 0.6774, Train Acc: 0.6357, Train AUC: 0.7162 - Val Loss: 0.6984, Val Acc (0.5): 0.5714, Val AUC: 0.6196
  Train Best Threshold 0.50 → Balanced Acc: 0.6677, Acc: 0.6357, Sensitivity: 0.5745, Specificity: 0.7609, PPV: 0.8308, NPV: 0.4667, F1: 0.6792
  Val Best Threshold 0.50 → Balanced Acc: 0.5743, Acc: 0.5714, Sensitivity: 0.5652, Specificity: 0.5833, PPV: 0.7222, NPV: 0.4118, F1: 0.6341
Epoch 36/40 - Train Loss: 0.6762, Train Acc: 0.6071, Train AUC: 0.7158 - Val Loss: 0.6988, Val Acc (0.5): 0.6000, Val AUC: 0.6268
  Train Best Threshold 0.50 → Balanced Acc: 0.6464, Acc: 0.6071, Sensitivity: 0.5319, Specificity: 0.7609, PPV: 0.8197, NPV: 0.4430, F1: 0.6452
  Val Best Threshold 0.50 → Balanced Acc: 0.6159, Acc: 0.6000, Sensitivity: 0.5652, Specificity: 0.6667, PPV: 0.7647, NPV: 0.4444, F1: 0.6500
Epoch 37/40 - Train Loss: 0.6780, Train Acc: 0.6429, Train AUC: 0.7054 - Val Loss: 0.6986, Val Acc (0.5): 0.5714, Val AUC: 0.6268
  Train Best Threshold 0.50 → Balanced Acc: 0.6674, Acc: 0.6429, Sensitivity: 0.5957, Specificity: 0.7391, PPV: 0.8235, NPV: 0.4722, F1: 0.6914
  Val Best Threshold 0.50 → Balanced Acc: 0.5743, Acc: 0.5714, Sensitivity: 0.5652, Specificity: 0.5833, PPV: 0.7222, NPV: 0.4118, F1: 0.6341
Epoch 38/40 - Train Loss: 0.6742, Train Acc: 0.6214, Train AUC: 0.7451 - Val Loss: 0.6987, Val Acc (0.5): 0.5429, Val AUC: 0.6196
  Train Best Threshold 0.50 → Balanced Acc: 0.6404, Acc: 0.6214, Sensitivity: 0.5851, Specificity: 0.6957, PPV: 0.7971, NPV: 0.4507, F1: 0.6748
  Val Best Threshold 0.55 → Balanced Acc: 0.5652, Acc: 0.4286, Sensitivity: 0.1304, Specificity: 1.0000, PPV: 1.0000, NPV: 0.3750, F1: 0.2308
Early stopping at epoch 38
Loaded best model with validation AUC: 0.6304
Final Train Results (Best Model) at epoch 30 - Loss: 0.6790, Accuracy: 0.6857, AUC: 0.8203
Final Val Results (Best Model) at epoch 30 - Loss: 0.7036, Accuracy: 0.5429, AUC: 0.6304
Train Best Threshold: 0.50 | Balanced Acc: 0.7438 | Acc: 0.6857 | Sensitivity: 0.5745 | Specificity: 0.9130 | PPV: 0.9310 | NPV: 0.5122 | F1: 0.7105
Train Confusion Matrix at Best Threshold (rows=actual [0,1], cols=predicted [0,1]):
[[42  4]
 [40 54]]
Val Best Threshold: 0.50 | Balanced Acc: 0.5725 | Acc: 0.5429 | Sensitivity: 0.4783 | Specificity: 0.6667 | PPV: 0.7333 | NPV: 0.4000 | F1: 0.5789
Val Confusion Matrix at Best Threshold (rows=actual [0,1], cols=predicted [0,1]):
[[ 8  4]
 [12 11]]

======================================================================
Cross-Validation Results - C1 (Mean Pooling)
======================================================================
Model: C1 (Mean Pooling)
Backbone: efficientnetv2_b0
Pooling: mean
Val AUCs: ['0.8826', '0.6705', '0.7935', '0.6196', '0.6304']
Mean Val AUC: 0.7193 ± 0.1024
======================================================================
