Starting single train/val split training for C1 (Mean Pooling)
Configuration:
  clinical_csv: data/annotations/175_clinical_5_variables.csv
  image_root: data/nakagami_full
  patient_id_column: NO
  label_column: CL_F2
  image_pattern: Nakagami_image_*.png
  n_folds: 5
  batch_size: 16
  learning_rate: 1e-05
  num_epochs: 40
  early_stopping_patience: 10
  early_stopping_min_delta: 0.001
  backbone: efficientnetv2_b0
  pretrained: True
  device: cuda
  num_workers: 4
  pooling: mean
  attention_hidden: 128
  clinical_dim: 32
  fusion_hidden: 128
  dropout: 0.4
  clinical_features: ['AST', 'ALT', 'PLT', 'APRI', 'FIB_4']
  seed: 123
  no_cv: True
  val_split: 0.2
  weight_decay: 0.0001
  label_smoothing: 0.1
  log_dir: runs/bmode_clinical
Loading clinical data...
Loaded 175 patients from clinical data
Building patient records...
Building patient records from 175 patients...
Image root: data/nakagami_full
Image pattern: Nakagami_image_*.png
Successfully created 175 patient records
Created 175 patient records
Train/Val Split:
  Train: 140 patients (80.0%)
  Val:   35 patients (20.0%)
====================Training single model====================
Train: 140 patients
Val: 35 patients
Fitting clinical preprocessor on training data...
Built clinical feature dictionaries: train=140, val=35
Clinical input dimension: 5
Backbone feature dimension: 1280
Created mean pooling model with backbone efficientnetv2_b0
Using device: cuda
Class weights: [1.0, 0.4893617033958435]
Weight decay (L2 reg): 0.0001
Label smoothing: 0.1

Epoch 1/40 - Train Loss: 0.6985, Train Acc: 0.5500, Train AUC: 0.5712 - Val Loss: 0.7066, Val Acc (0.5): 0.6286, Val AUC: 0.6304
  Train Best Threshold 0.50 → Balanced Acc: 0.5261, Acc: 0.5500, Sensitivity: 0.5957, Specificity: 0.4565, PPV: 0.6914, NPV: 0.3559, F1: 0.6400
  Val Best Threshold 0.05 → Balanced Acc: 0.5000, Acc: 0.6571, Sensitivity: 1.0000, Specificity: 0.0000, PPV: 0.6571, NPV: 0.0000, F1: 0.7931
  → New best validation AUC: 0.6304
Epoch 2/40 - Train Loss: 0.7032, Train Acc: 0.5071, Train AUC: 0.5368 - Val Loss: 0.7107, Val Acc (0.5): 0.6571, Val AUC: 0.6486
  Train Best Threshold 0.05 → Balanced Acc: 0.5000, Acc: 0.6714, Sensitivity: 1.0000, Specificity: 0.0000, PPV: 0.6714, NPV: 0.0000, F1: 0.8034
  Val Best Threshold 0.50 → Balanced Acc: 0.5399, Acc: 0.6571, Sensitivity: 0.9130, Specificity: 0.1667, PPV: 0.6774, NPV: 0.5000, F1: 0.7778
  → New best validation AUC: 0.6486
Epoch 3/40 - Train Loss: 0.7085, Train Acc: 0.4500, Train AUC: 0.4121 - Val Loss: 0.7112, Val Acc (0.5): 0.6857, Val AUC: 0.6413
  Train Best Threshold 0.45 → Balanced Acc: 0.5109, Acc: 0.6786, Sensitivity: 1.0000, Specificity: 0.0217, PPV: 0.6763, NPV: 1.0000, F1: 0.8069
  Val Best Threshold 0.50 → Balanced Acc: 0.5616, Acc: 0.6857, Sensitivity: 0.9565, Specificity: 0.1667, PPV: 0.6875, NPV: 0.6667, F1: 0.8000
Epoch 4/40 - Train Loss: 0.6993, Train Acc: 0.5429, Train AUC: 0.5597 - Val Loss: 0.7114, Val Acc (0.5): 0.6857, Val AUC: 0.5435
  Train Best Threshold 0.50 → Balanced Acc: 0.5208, Acc: 0.5429, Sensitivity: 0.5851, Specificity: 0.4565, PPV: 0.6875, NPV: 0.3500, F1: 0.6322
  Val Best Threshold 0.50 → Balanced Acc: 0.5815, Acc: 0.6857, Sensitivity: 0.9130, Specificity: 0.2500, PPV: 0.7000, NPV: 0.6000, F1: 0.7925
Epoch 5/40 - Train Loss: 0.6969, Train Acc: 0.5714, Train AUC: 0.5939 - Val Loss: 0.7102, Val Acc (0.5): 0.7143, Val AUC: 0.5616
  Train Best Threshold 0.50 → Balanced Acc: 0.5865, Acc: 0.5714, Sensitivity: 0.5426, Specificity: 0.6304, PPV: 0.7500, NPV: 0.4028, F1: 0.6296
  Val Best Threshold 0.50 → Balanced Acc: 0.6033, Acc: 0.7143, Sensitivity: 0.9565, Specificity: 0.2500, PPV: 0.7097, NPV: 0.7500, F1: 0.8148
Epoch 6/40 - Train Loss: 0.6903, Train Acc: 0.6571, Train AUC: 0.7051 - Val Loss: 0.7087, Val Acc (0.5): 0.7143, Val AUC: 0.5761
  Train Best Threshold 0.50 → Balanced Acc: 0.6503, Acc: 0.6571, Sensitivity: 0.6702, Specificity: 0.6304, PPV: 0.7875, NPV: 0.4833, F1: 0.7241
  Val Best Threshold 0.50 → Balanced Acc: 0.6033, Acc: 0.7143, Sensitivity: 0.9565, Specificity: 0.2500, PPV: 0.7097, NPV: 0.7500, F1: 0.8148
Epoch 7/40 - Train Loss: 0.6918, Train Acc: 0.5429, Train AUC: 0.6489 - Val Loss: 0.7079, Val Acc (0.5): 0.6571, Val AUC: 0.5652
  Train Best Threshold 0.50 → Balanced Acc: 0.5652, Acc: 0.5429, Sensitivity: 0.5000, Specificity: 0.6304, PPV: 0.7344, NPV: 0.3816, F1: 0.5949
  Val Best Threshold 0.50 → Balanced Acc: 0.5598, Acc: 0.6571, Sensitivity: 0.8696, Specificity: 0.2500, PPV: 0.6897, NPV: 0.5000, F1: 0.7692
Epoch 8/40 - Train Loss: 0.6959, Train Acc: 0.5786, Train AUC: 0.6089 - Val Loss: 0.7067, Val Acc (0.5): 0.6571, Val AUC: 0.5797
  Train Best Threshold 0.50 → Balanced Acc: 0.5807, Acc: 0.5786, Sensitivity: 0.5745, Specificity: 0.5870, PPV: 0.7397, NPV: 0.4030, F1: 0.6467
  Val Best Threshold 0.50 → Balanced Acc: 0.5598, Acc: 0.6571, Sensitivity: 0.8696, Specificity: 0.2500, PPV: 0.6897, NPV: 0.5000, F1: 0.7692
Epoch 9/40 - Train Loss: 0.6948, Train Acc: 0.5786, Train AUC: 0.6381 - Val Loss: 0.7059, Val Acc (0.5): 0.6571, Val AUC: 0.6014
  Train Best Threshold 0.50 → Balanced Acc: 0.6085, Acc: 0.5786, Sensitivity: 0.5213, Specificity: 0.6957, PPV: 0.7778, NPV: 0.4156, F1: 0.6242
  Val Best Threshold 0.50 → Balanced Acc: 0.5797, Acc: 0.6571, Sensitivity: 0.8261, Specificity: 0.3333, PPV: 0.7037, NPV: 0.5000, F1: 0.7600
Epoch 10/40 - Train Loss: 0.6974, Train Acc: 0.5571, Train AUC: 0.5874 - Val Loss: 0.7050, Val Acc (0.5): 0.6857, Val AUC: 0.5942
  Train Best Threshold 0.50 → Balanced Acc: 0.5592, Acc: 0.5571, Sensitivity: 0.5532, Specificity: 0.5652, PPV: 0.7222, NPV: 0.3824, F1: 0.6265
  Val Best Threshold 0.50 → Balanced Acc: 0.6014, Acc: 0.6857, Sensitivity: 0.8696, Specificity: 0.3333, PPV: 0.7143, NPV: 0.5714, F1: 0.7843
Epoch 11/40 - Train Loss: 0.6918, Train Acc: 0.5857, Train AUC: 0.6637 - Val Loss: 0.7042, Val Acc (0.5): 0.6857, Val AUC: 0.6159
  Train Best Threshold 0.50 → Balanced Acc: 0.5971, Acc: 0.5857, Sensitivity: 0.5638, Specificity: 0.6304, PPV: 0.7571, NPV: 0.4143, F1: 0.6463
  Val Best Threshold 0.50 → Balanced Acc: 0.6014, Acc: 0.6857, Sensitivity: 0.8696, Specificity: 0.3333, PPV: 0.7143, NPV: 0.5714, F1: 0.7843
Epoch 12/40 - Train Loss: 0.6910, Train Acc: 0.5857, Train AUC: 0.6573 - Val Loss: 0.7033, Val Acc (0.5): 0.7143, Val AUC: 0.6232
  Train Best Threshold 0.50 → Balanced Acc: 0.6138, Acc: 0.5857, Sensitivity: 0.5319, Specificity: 0.6957, PPV: 0.7812, NPV: 0.4211, F1: 0.6329
  Val Best Threshold 0.50 → Balanced Acc: 0.6232, Acc: 0.7143, Sensitivity: 0.9130, Specificity: 0.3333, PPV: 0.7241, NPV: 0.6667, F1: 0.8077
Early stopping at epoch 12
Loaded best model with validation AUC: 0.6486
Final Train Results (Best Model) at epoch 2 - Loss: 0.6997, Accuracy: 0.5500, AUC: 0.6249
Final Val Results (Best Model) at epoch 2 - Loss: 0.7107, Accuracy: 0.6571, AUC: 0.6486
Train Best Threshold: 0.50 | Balanced Acc: 0.5705 | Acc: 0.5500 | Sensitivity: 0.5106 | Specificity: 0.6304 | PPV: 0.7385 | NPV: 0.3867 | F1: 0.6038
Train Confusion Matrix at Best Threshold (rows=actual [0,1], cols=predicted [0,1]):
[[29 17]
 [46 48]]
Val Best Threshold: 0.50 | Balanced Acc: 0.5399 | Acc: 0.6571 | Sensitivity: 0.9130 | Specificity: 0.1667 | PPV: 0.6774 | NPV: 0.5000 | F1: 0.7778
Val Confusion Matrix at Best Threshold (rows=actual [0,1], cols=predicted [0,1]):
[[ 2 10]
 [ 2 21]]
======================================================================

Training Results - C1 (Mean Pooling)
======================================================================
Model: C1 (Mean Pooling)
Backbone: efficientnetv2_b0
Pooling: mean
Val AUC: 0.6486
======================================================================
