Starting single train/val split training for C1 (Mean Pooling)
Configuration:
  clinical_csv: data/annotations/175_clinical_5_variables.csv
  image_root: data/nakagami_full
  patient_id_column: NO
  label_column: CL_F2
  image_pattern: Nakagami_image_*.png
  n_folds: 5
  batch_size: 16
  learning_rate: 1e-05
  num_epochs: 50
  early_stopping_patience: 10
  early_stopping_min_delta: 0.001
  backbone: resnet18
  pretrained: True
  device: cuda
  num_workers: 4
  pooling: mean
  attention_hidden: 128
  clinical_dim: 32
  fusion_hidden: 128
  dropout: 0.5
  clinical_features: ['AST', 'ALT', 'PLT', 'APRI', 'FIB_4']
  seed: 42
  no_cv: True
  val_split: 0.2
  weight_decay: 0.0001
  label_smoothing: 0.1
  log_dir: runs/bmode_clinical
Loading clinical data...
Loaded 175 patients from clinical data
Building patient records...
Building patient records from 175 patients...
Image root: data/nakagami_full
Image pattern: Nakagami_image_*.png
Successfully created 175 patient records
Created 175 patient records
Train/Val Split:
  Train: 140 patients (80.0%)
  Val:   35 patients (20.0%)
====================Training single model====================
Train: 140 patients
Val: 35 patients
Fitting clinical preprocessor on training data...
Built clinical feature dictionaries: train=140, val=35
Clinical input dimension: 5
Backbone feature dimension: 512
Created mean pooling model with backbone resnet18
Using device: cuda
Class weights: [1.0, 0.4893617033958435]
Weight decay (L2 reg): 0.0001
Label smoothing: 0.1

Epoch 1/50 - Train Loss: 0.7119, Train Acc: 0.3429, Train AUC: 0.6099 - Val Loss: 0.7458, Val Acc (0.5): 0.3429, Val AUC: 0.5000
  Train Best Threshold 0.35 → Balanced Acc: 0.5842, Acc: 0.6429, Sensitivity: 0.7553, Specificity: 0.4130, PPV: 0.7245, NPV: 0.4524, F1: 0.7396
  Val Best Threshold 0.05 → Balanced Acc: 0.5000, Acc: 0.6571, Sensitivity: 1.0000, Specificity: 0.0000, PPV: 0.6571, NPV: 0.0000, F1: 0.7931
  → New best validation AUC: 0.5000
Epoch 2/50 - Train Loss: 0.7179, Train Acc: 0.3429, Train AUC: 0.5463 - Val Loss: 0.7437, Val Acc (0.5): 0.3429, Val AUC: 0.5471
  Train Best Threshold 0.35 → Balanced Acc: 0.5777, Acc: 0.6714, Sensitivity: 0.8511, Specificity: 0.3043, PPV: 0.7143, NPV: 0.5000, F1: 0.7767
  Val Best Threshold 0.45 → Balanced Acc: 0.5525, Acc: 0.5429, Sensitivity: 0.5217, Specificity: 0.5833, PPV: 0.7059, NPV: 0.3889, F1: 0.6000
  → New best validation AUC: 0.5471
Epoch 3/50 - Train Loss: 0.7289, Train Acc: 0.3500, Train AUC: 0.4748 - Val Loss: 0.7434, Val Acc (0.5): 0.3429, Val AUC: 0.5906
  Train Best Threshold 0.40 → Balanced Acc: 0.5363, Acc: 0.5786, Sensitivity: 0.6596, Specificity: 0.4130, PPV: 0.6966, NPV: 0.3725, F1: 0.6776
  Val Best Threshold 0.45 → Balanced Acc: 0.5743, Acc: 0.5714, Sensitivity: 0.5652, Specificity: 0.5833, PPV: 0.7222, NPV: 0.4118, F1: 0.6341
  → New best validation AUC: 0.5906
