Starting single train/val split training for C1 (Mean Pooling)
Configuration:
  clinical_csv: data/annotations/175_clinical_5_variables.csv
  image_root: data/nakagami_full
  patient_id_column: NO
  label_column: CL_F2
  image_pattern: Nakagami_image_*.png
  n_folds: 5
  batch_size: 16
  learning_rate: 5e-05
  num_epochs: 40
  early_stopping_patience: 10
  early_stopping_min_delta: 0.001
  backbone: efficientnetv2_b2
  pretrained: True
  device: cuda
  num_workers: 4
  pooling: mean
  attention_hidden: 128
  clinical_dim: 32
  fusion_hidden: 128
  dropout: 0.5
  clinical_features: ['AST', 'ALT', 'PLT', 'APRI', 'FIB_4']
  seed: 42
  no_cv: True
  val_split: 0.2
  weight_decay: 0.0001
  label_smoothing: 0.1
  log_dir: runs/bmode_clinical
Loading clinical data...
Loaded 175 patients from clinical data
Building patient records...
Building patient records from 175 patients...
Image root: data/nakagami_full
Image pattern: Nakagami_image_*.png
Successfully created 175 patient records
Created 175 patient records
Train/Val Split:
  Train: 140 patients (80.0%)
  Val:   35 patients (20.0%)
====================Training single model====================
Train: 140 patients
Val: 35 patients
Fitting clinical preprocessor on training data...
Built clinical feature dictionaries: train=140, val=35
Clinical input dimension: 5
Backbone feature dimension: 1408
Created mean pooling model with backbone efficientnetv2_b2
Using device: cuda
Class weights: [1.0, 0.4893617033958435]
Weight decay (L2 reg): 0.0001
Label smoothing: 0.1

Epoch 1/40 - Train Loss: 0.6964, Train Acc: 0.6143, Train AUC: 0.6126 - Val Loss: 0.6986, Val Acc (0.5): 0.7429, Val AUC: 0.6486
  Train Best Threshold 0.50 → Balanced Acc: 0.6018, Acc: 0.6143, Sensitivity: 0.6383, Specificity: 0.5652, PPV: 0.7500, NPV: 0.4333, F1: 0.6897
  Val Best Threshold 0.50 → Balanced Acc: 0.6649, Acc: 0.7429, Sensitivity: 0.9130, Specificity: 0.4167, PPV: 0.7500, NPV: 0.7143, F1: 0.8235
  → New best validation AUC: 0.6486
Epoch 2/40 - Train Loss: 0.7032, Train Acc: 0.5786, Train AUC: 0.5049 - Val Loss: 0.6974, Val Acc (0.5): 0.6571, Val AUC: 0.6486
  Train Best Threshold 0.50 → Balanced Acc: 0.5363, Acc: 0.5786, Sensitivity: 0.6596, Specificity: 0.4130, PPV: 0.6966, NPV: 0.3725, F1: 0.6776
  Val Best Threshold 0.50 → Balanced Acc: 0.6196, Acc: 0.6571, Sensitivity: 0.7391, Specificity: 0.5000, PPV: 0.7391, NPV: 0.5000, F1: 0.7391
Epoch 3/40 - Train Loss: 0.6970, Train Acc: 0.5571, Train AUC: 0.5851 - Val Loss: 0.6958, Val Acc (0.5): 0.6571, Val AUC: 0.7500
  Train Best Threshold 0.50 → Balanced Acc: 0.5537, Acc: 0.5571, Sensitivity: 0.5638, Specificity: 0.5435, PPV: 0.7162, NPV: 0.3788, F1: 0.6310
  Val Best Threshold 0.50 → Balanced Acc: 0.6395, Acc: 0.6571, Sensitivity: 0.6957, Specificity: 0.5833, PPV: 0.7619, NPV: 0.5000, F1: 0.7273
  → New best validation AUC: 0.7500
Epoch 4/40 - Train Loss: 0.6908, Train Acc: 0.6357, Train AUC: 0.6642 - Val Loss: 0.6896, Val Acc (0.5): 0.7714, Val AUC: 0.7899
  Train Best Threshold 0.50 → Balanced Acc: 0.6621, Acc: 0.6357, Sensitivity: 0.5851, Specificity: 0.7391, PPV: 0.8209, NPV: 0.4658, F1: 0.6832
  Val Best Threshold 0.50 → Balanced Acc: 0.7464, Acc: 0.7714, Sensitivity: 0.8261, Specificity: 0.6667, PPV: 0.8261, NPV: 0.6667, F1: 0.8261
  → New best validation AUC: 0.7899
Epoch 5/40 - Train Loss: 0.6906, Train Acc: 0.5857, Train AUC: 0.6600 - Val Loss: 0.6855, Val Acc (0.5): 0.8000, Val AUC: 0.7971
  Train Best Threshold 0.50 → Balanced Acc: 0.6360, Acc: 0.5857, Sensitivity: 0.4894, Specificity: 0.7826, PPV: 0.8214, NPV: 0.4286, F1: 0.6133
  Val Best Threshold 0.50 → Balanced Acc: 0.7681, Acc: 0.8000, Sensitivity: 0.8696, Specificity: 0.6667, PPV: 0.8333, NPV: 0.7273, F1: 0.8511
  → New best validation AUC: 0.7971
Epoch 6/40 - Train Loss: 0.6850, Train Acc: 0.6071, Train AUC: 0.6633 - Val Loss: 0.6812, Val Acc (0.5): 0.8000, Val AUC: 0.8225
  Train Best Threshold 0.50 → Balanced Acc: 0.6131, Acc: 0.6071, Sensitivity: 0.5957, Specificity: 0.6304, PPV: 0.7671, NPV: 0.4328, F1: 0.6707
  Val Best Threshold 0.50 → Balanced Acc: 0.7681, Acc: 0.8000, Sensitivity: 0.8696, Specificity: 0.6667, PPV: 0.8333, NPV: 0.7273, F1: 0.8511
  → New best validation AUC: 0.8225
Epoch 7/40 - Train Loss: 0.6843, Train Acc: 0.6286, Train AUC: 0.6977 - Val Loss: 0.6741, Val Acc (0.5): 0.8286, Val AUC: 0.8261
  Train Best Threshold 0.50 → Balanced Acc: 0.6346, Acc: 0.6286, Sensitivity: 0.6170, Specificity: 0.6522, PPV: 0.7838, NPV: 0.4545, F1: 0.6905
  Val Best Threshold 0.50 → Balanced Acc: 0.7899, Acc: 0.8286, Sensitivity: 0.9130, Specificity: 0.6667, PPV: 0.8400, NPV: 0.8000, F1: 0.8750
  → New best validation AUC: 0.8261
Epoch 8/40 - Train Loss: 0.6771, Train Acc: 0.6500, Train AUC: 0.7132 - Val Loss: 0.6667, Val Acc (0.5): 0.8000, Val AUC: 0.8152
  Train Best Threshold 0.50 → Balanced Acc: 0.6450, Acc: 0.6500, Sensitivity: 0.6596, Specificity: 0.6304, PPV: 0.7848, NPV: 0.4754, F1: 0.7168
  Val Best Threshold 0.50 → Balanced Acc: 0.7681, Acc: 0.8000, Sensitivity: 0.8696, Specificity: 0.6667, PPV: 0.8333, NPV: 0.7273, F1: 0.8511
Epoch 9/40 - Train Loss: 0.6742, Train Acc: 0.6429, Train AUC: 0.6991 - Val Loss: 0.6609, Val Acc (0.5): 0.8286, Val AUC: 0.8080
  Train Best Threshold 0.50 → Balanced Acc: 0.6341, Acc: 0.6429, Sensitivity: 0.6596, Specificity: 0.6087, PPV: 0.7750, NPV: 0.4667, F1: 0.7126
  Val Best Threshold 0.50 → Balanced Acc: 0.7899, Acc: 0.8286, Sensitivity: 0.9130, Specificity: 0.6667, PPV: 0.8400, NPV: 0.8000, F1: 0.8750
Epoch 10/40 - Train Loss: 0.6681, Train Acc: 0.6714, Train AUC: 0.7269 - Val Loss: 0.6572, Val Acc (0.5): 0.7714, Val AUC: 0.8152
  Train Best Threshold 0.50 → Balanced Acc: 0.6776, Acc: 0.6714, Sensitivity: 0.6596, Specificity: 0.6957, PPV: 0.8158, NPV: 0.5000, F1: 0.7294
  Val Best Threshold 0.50 → Balanced Acc: 0.7464, Acc: 0.7714, Sensitivity: 0.8261, Specificity: 0.6667, PPV: 0.8261, NPV: 0.6667, F1: 0.8261
Epoch 11/40 - Train Loss: 0.6558, Train Acc: 0.6500, Train AUC: 0.7532 - Val Loss: 0.6570, Val Acc (0.5): 0.6857, Val AUC: 0.8152
  Train Best Threshold 0.55 → Balanced Acc: 0.6698, Acc: 0.5714, Sensitivity: 0.3830, Specificity: 0.9565, PPV: 0.9474, NPV: 0.4314, F1: 0.5455
  Val Best Threshold 0.45 → Balanced Acc: 0.8116, Acc: 0.8571, Sensitivity: 0.9565, Specificity: 0.6667, PPV: 0.8462, NPV: 0.8889, F1: 0.8980
Epoch 12/40 - Train Loss: 0.6595, Train Acc: 0.6500, Train AUC: 0.7345 - Val Loss: 0.6547, Val Acc (0.5): 0.6857, Val AUC: 0.8225
  Train Best Threshold 0.50 → Balanced Acc: 0.6728, Acc: 0.6500, Sensitivity: 0.6064, Specificity: 0.7391, PPV: 0.8261, NPV: 0.4789, F1: 0.6994
  Val Best Threshold 0.45 → Balanced Acc: 0.7899, Acc: 0.8286, Sensitivity: 0.9130, Specificity: 0.6667, PPV: 0.8400, NPV: 0.8000, F1: 0.8750
Epoch 13/40 - Train Loss: 0.6506, Train Acc: 0.6429, Train AUC: 0.7426 - Val Loss: 0.6584, Val Acc (0.5): 0.6857, Val AUC: 0.8225
  Train Best Threshold 0.45 → Balanced Acc: 0.6760, Acc: 0.7214, Sensitivity: 0.8085, Specificity: 0.5435, PPV: 0.7835, NPV: 0.5814, F1: 0.7958
  Val Best Threshold 0.45 → Balanced Acc: 0.7681, Acc: 0.8000, Sensitivity: 0.8696, Specificity: 0.6667, PPV: 0.8333, NPV: 0.7273, F1: 0.8511
Epoch 14/40 - Train Loss: 0.6509, Train Acc: 0.6357, Train AUC: 0.7509 - Val Loss: 0.6587, Val Acc (0.5): 0.6571, Val AUC: 0.8225
  Train Best Threshold 0.45 → Balanced Acc: 0.6922, Acc: 0.7357, Sensitivity: 0.8191, Specificity: 0.5652, PPV: 0.7938, NPV: 0.6047, F1: 0.8063
  Val Best Threshold 0.45 → Balanced Acc: 0.7681, Acc: 0.8000, Sensitivity: 0.8696, Specificity: 0.6667, PPV: 0.8333, NPV: 0.7273, F1: 0.8511
Epoch 15/40 - Train Loss: 0.6474, Train Acc: 0.6214, Train AUC: 0.7412 - Val Loss: 0.6608, Val Acc (0.5): 0.6286, Val AUC: 0.8188
  Train Best Threshold 0.45 → Balanced Acc: 0.6704, Acc: 0.7214, Sensitivity: 0.8191, Specificity: 0.5217, PPV: 0.7778, NPV: 0.5854, F1: 0.7979
  Val Best Threshold 0.45 → Balanced Acc: 0.7681, Acc: 0.8000, Sensitivity: 0.8696, Specificity: 0.6667, PPV: 0.8333, NPV: 0.7273, F1: 0.8511
Epoch 16/40 - Train Loss: 0.6446, Train Acc: 0.6571, Train AUC: 0.7428 - Val Loss: 0.6698, Val Acc (0.5): 0.6286, Val AUC: 0.8333
  Train Best Threshold 0.50 → Balanced Acc: 0.6892, Acc: 0.6571, Sensitivity: 0.5957, Specificity: 0.7826, PPV: 0.8485, NPV: 0.4865, F1: 0.7000
  Val Best Threshold 0.40 → Balanced Acc: 0.7899, Acc: 0.8286, Sensitivity: 0.9130, Specificity: 0.6667, PPV: 0.8400, NPV: 0.8000, F1: 0.8750
  → New best validation AUC: 0.8333
Epoch 17/40 - Train Loss: 0.6220, Train Acc: 0.7286, Train AUC: 0.8143 - Val Loss: 0.6764, Val Acc (0.5): 0.6000, Val AUC: 0.8406
  Train Best Threshold 0.50 → Balanced Acc: 0.7646, Acc: 0.7286, Sensitivity: 0.6596, Specificity: 0.8696, PPV: 0.9118, NPV: 0.5556, F1: 0.7654
  Val Best Threshold 0.35 → Balanced Acc: 0.7500, Acc: 0.8286, Sensitivity: 1.0000, Specificity: 0.5000, PPV: 0.7931, NPV: 1.0000, F1: 0.8846
  → New best validation AUC: 0.8406
Epoch 18/40 - Train Loss: 0.6073, Train Acc: 0.7214, Train AUC: 0.8173 - Val Loss: 0.6976, Val Acc (0.5): 0.5429, Val AUC: 0.8225
  Train Best Threshold 0.50 → Balanced Acc: 0.7593, Acc: 0.7214, Sensitivity: 0.6489, Specificity: 0.8696, PPV: 0.9104, NPV: 0.5479, F1: 0.7578
  Val Best Threshold 0.35 → Balanced Acc: 0.7681, Acc: 0.8000, Sensitivity: 0.8696, Specificity: 0.6667, PPV: 0.8333, NPV: 0.7273, F1: 0.8511
Epoch 19/40 - Train Loss: 0.6172, Train Acc: 0.7500, Train AUC: 0.8053 - Val Loss: 0.6901, Val Acc (0.5): 0.5429, Val AUC: 0.8152
  Train Best Threshold 0.50 → Balanced Acc: 0.7750, Acc: 0.7500, Sensitivity: 0.7021, Specificity: 0.8478, PPV: 0.9041, NPV: 0.5821, F1: 0.7904
  Val Best Threshold 0.40 → Balanced Acc: 0.7663, Acc: 0.7714, Sensitivity: 0.7826, Specificity: 0.7500, PPV: 0.8571, NPV: 0.6429, F1: 0.8182
Epoch 20/40 - Train Loss: 0.5888, Train Acc: 0.7357, Train AUC: 0.8499 - Val Loss: 0.7190, Val Acc (0.5): 0.5429, Val AUC: 0.8080
  Train Best Threshold 0.50 → Balanced Acc: 0.7699, Acc: 0.7357, Sensitivity: 0.6702, Specificity: 0.8696, PPV: 0.9130, NPV: 0.5634, F1: 0.7730
  Val Best Threshold 0.35 → Balanced Acc: 0.7246, Acc: 0.7429, Sensitivity: 0.7826, Specificity: 0.6667, PPV: 0.8182, NPV: 0.6154, F1: 0.8000
Epoch 21/40 - Train Loss: 0.5728, Train Acc: 0.7429, Train AUC: 0.8599 - Val Loss: 0.7530, Val Acc (0.5): 0.4857, Val AUC: 0.8116
  Train Best Threshold 0.45 → Balanced Acc: 0.7680, Acc: 0.7929, Sensitivity: 0.8404, Specificity: 0.6957, PPV: 0.8495, NPV: 0.6809, F1: 0.8449
  Val Best Threshold 0.30 → Balanced Acc: 0.7029, Acc: 0.7143, Sensitivity: 0.7391, Specificity: 0.6667, PPV: 0.8095, NPV: 0.5714, F1: 0.7727
Epoch 22/40 - Train Loss: 0.5639, Train Acc: 0.7714, Train AUC: 0.8592 - Val Loss: 0.6928, Val Acc (0.5): 0.6000, Val AUC: 0.7645
  Train Best Threshold 0.50 → Balanced Acc: 0.8020, Acc: 0.7714, Sensitivity: 0.7128, Specificity: 0.8913, PPV: 0.9306, NPV: 0.6029, F1: 0.8072
  Val Best Threshold 0.35 → Balanced Acc: 0.7283, Acc: 0.8000, Sensitivity: 0.9565, Specificity: 0.5000, PPV: 0.7857, NPV: 0.8571, F1: 0.8627
Epoch 23/40 - Train Loss: 0.5634, Train Acc: 0.7357, Train AUC: 0.8619 - Val Loss: 0.7090, Val Acc (0.5): 0.5429, Val AUC: 0.7862
  Train Best Threshold 0.50 → Balanced Acc: 0.7643, Acc: 0.7357, Sensitivity: 0.6809, Specificity: 0.8478, PPV: 0.9014, NPV: 0.5652, F1: 0.7758
  Val Best Threshold 0.35 → Balanced Acc: 0.7246, Acc: 0.7429, Sensitivity: 0.7826, Specificity: 0.6667, PPV: 0.8182, NPV: 0.6154, F1: 0.8000
Epoch 24/40 - Train Loss: 0.5330, Train Acc: 0.8000, Train AUC: 0.8867 - Val Loss: 0.7401, Val Acc (0.5): 0.5714, Val AUC: 0.8043
  Train Best Threshold 0.50 → Balanced Acc: 0.8122, Acc: 0.8000, Sensitivity: 0.7766, Specificity: 0.8478, PPV: 0.9125, NPV: 0.6500, F1: 0.8391
  Val Best Threshold 0.25 → Balanced Acc: 0.7482, Acc: 0.8000, Sensitivity: 0.9130, Specificity: 0.5833, PPV: 0.8077, NPV: 0.7778, F1: 0.8571
Epoch 25/40 - Train Loss: 0.5097, Train Acc: 0.7929, Train AUC: 0.8892 - Val Loss: 0.7274, Val Acc (0.5): 0.5429, Val AUC: 0.7826
  Train Best Threshold 0.60 → Balanced Acc: 0.8083, Acc: 0.7500, Sensitivity: 0.6383, Specificity: 0.9783, PPV: 0.9836, NPV: 0.5696, F1: 0.7742
  Val Best Threshold 0.30 → Balanced Acc: 0.7464, Acc: 0.7714, Sensitivity: 0.8261, Specificity: 0.6667, PPV: 0.8261, NPV: 0.6667, F1: 0.8261
Epoch 26/40 - Train Loss: 0.4908, Train Acc: 0.8286, Train AUC: 0.9061 - Val Loss: 0.7910, Val Acc (0.5): 0.5143, Val AUC: 0.7609
  Train Best Threshold 0.45 → Balanced Acc: 0.8652, Acc: 0.8786, Sensitivity: 0.9043, Specificity: 0.8261, PPV: 0.9140, NPV: 0.8085, F1: 0.9091
  Val Best Threshold 0.25 → Balanced Acc: 0.7264, Acc: 0.7714, Sensitivity: 0.8696, Specificity: 0.5833, PPV: 0.8000, NPV: 0.7000, F1: 0.8333
Epoch 27/40 - Train Loss: 0.4823, Train Acc: 0.8214, Train AUC: 0.9198 - Val Loss: 0.7801, Val Acc (0.5): 0.4857, Val AUC: 0.7355
  Train Best Threshold 0.55 → Balanced Acc: 0.8446, Acc: 0.8286, Sensitivity: 0.7979, Specificity: 0.8913, PPV: 0.9375, NPV: 0.6833, F1: 0.8621
  Val Best Threshold 0.35 → Balanced Acc: 0.7228, Acc: 0.7143, Sensitivity: 0.6957, Specificity: 0.7500, PPV: 0.8421, NPV: 0.5625, F1: 0.7619
Early stopping at epoch 27
Loaded best model with validation AUC: 0.8406
Final Train Results (Best Model) at epoch 17 - Loss: 0.6030, Accuracy: 0.7143, AUC: 0.8397
Final Val Results (Best Model) at epoch 17 - Loss: 0.6764, Accuracy: 0.6000, AUC: 0.8406
Train Best Threshold: 0.45 | Balanced Acc: 0.7907 | Acc: 0.7786 | Sensitivity: 0.7553 | Specificity: 0.8261 | PPV: 0.8987 | NPV: 0.6230 | F1: 0.8208
Train Confusion Matrix at Best Threshold (rows=actual [0,1], cols=predicted [0,1]):
[[38  8]
 [23 71]]
Val Best Threshold: 0.35 | Balanced Acc: 0.7500 | Acc: 0.8286 | Sensitivity: 1.0000 | Specificity: 0.5000 | PPV: 0.7931 | NPV: 1.0000 | F1: 0.8846
Val Confusion Matrix at Best Threshold (rows=actual [0,1], cols=predicted [0,1]):
[[ 6  6]
 [ 0 23]]
======================================================================

Training Results - C1 (Mean Pooling)
======================================================================
Model: C1 (Mean Pooling)
Backbone: efficientnetv2_b2
Pooling: mean
Val AUC: 0.8406
======================================================================
