Starting single train/val split training for C1 (Mean Pooling)
Configuration:
  clinical_csv: data/annotations/175_clinical_5_variables.csv
  image_root: data/nakagami_full
  patient_id_column: NO
  label_column: CL_F2
  image_pattern: Nakagami_image_*.png
  n_folds: 5
  batch_size: 16
  learning_rate: 1e-05
  num_epochs: 50
  early_stopping_patience: 10
  early_stopping_min_delta: 0.001
  backbone: efficientnet_v2_s
  pretrained: True
  device: cuda
  num_workers: 4
  pooling: mean
  attention_hidden: 128
  clinical_dim: 32
  fusion_hidden: 128
  dropout: 0.5
  clinical_features: ['AST', 'ALT', 'PLT', 'APRI', 'FIB_4']
  seed: 42
  no_cv: True
  val_split: 0.2
  weight_decay: 0.0001
  label_smoothing: 0.1
  log_dir: runs/bmode_clinical
Loading clinical data...
Loaded 175 patients from clinical data
Building patient records...
Building patient records from 175 patients...
Image root: data/nakagami_full
Image pattern: Nakagami_image_*.png
Successfully created 175 patient records
Created 175 patient records
Train/Val Split:
  Train: 140 patients (80.0%)
  Val:   35 patients (20.0%)
====================Training single model====================
Train: 140 patients
Val: 35 patients
Fitting clinical preprocessor on training data...
Built clinical feature dictionaries: train=140, val=35
Clinical input dimension: 5
Backbone feature dimension: 1280
Created mean pooling model with backbone efficientnet_v2_s
Using device: cuda
Class weights: [1.0, 0.4893617033958435]
Weight decay (L2 reg): 0.0001
Label smoothing: 0.1

Epoch 1/50 - Train Loss: 0.7029, Train Acc: 0.4071, Train AUC: 0.5160 - Val Loss: 0.7203, Val Acc (0.5): 0.3429, Val AUC: 0.5616
  Train Best Threshold 0.50 → Balanced Acc: 0.5474, Acc: 0.4071, Sensitivity: 0.1383, Specificity: 0.9565, PPV: 0.8667, NPV: 0.3520, F1: 0.2385
  Val Best Threshold 0.45 → Balanced Acc: 0.5417, Acc: 0.6857, Sensitivity: 1.0000, Specificity: 0.0833, PPV: 0.6765, NPV: 1.0000, F1: 0.8070
  → New best validation AUC: 0.5616
Epoch 2/50 - Train Loss: 0.7078, Train Acc: 0.3857, Train AUC: 0.4563 - Val Loss: 0.7182, Val Acc (0.5): 0.4286, Val AUC: 0.5326
  Train Best Threshold 0.50 → Balanced Acc: 0.5037, Acc: 0.3857, Sensitivity: 0.1596, Specificity: 0.8478, PPV: 0.6818, NPV: 0.3305, F1: 0.2586
  Val Best Threshold 0.50 → Balanced Acc: 0.5652, Acc: 0.4286, Sensitivity: 0.1304, Specificity: 1.0000, PPV: 1.0000, NPV: 0.3750, F1: 0.2308
Epoch 3/50 - Train Loss: 0.7044, Train Acc: 0.3357, Train AUC: 0.5060 - Val Loss: 0.7198, Val Acc (0.5): 0.4000, Val AUC: 0.4819
  Train Best Threshold 0.05 → Balanced Acc: 0.5000, Acc: 0.6714, Sensitivity: 1.0000, Specificity: 0.0000, PPV: 0.6714, NPV: 0.0000, F1: 0.8034
  Val Best Threshold 0.50 → Balanced Acc: 0.5435, Acc: 0.4000, Sensitivity: 0.0870, Specificity: 1.0000, PPV: 1.0000, NPV: 0.3636, F1: 0.1600
Epoch 4/50 - Train Loss: 0.7059, Train Acc: 0.4000, Train AUC: 0.4600 - Val Loss: 0.7195, Val Acc (0.5): 0.3714, Val AUC: 0.4783
  Train Best Threshold 0.50 → Balanced Acc: 0.5199, Acc: 0.4000, Sensitivity: 0.1702, Specificity: 0.8696, PPV: 0.7273, NPV: 0.3390, F1: 0.2759
  Val Best Threshold 0.50 → Balanced Acc: 0.5217, Acc: 0.3714, Sensitivity: 0.0435, Specificity: 1.0000, PPV: 1.0000, NPV: 0.3529, F1: 0.0833
Epoch 5/50 - Train Loss: 0.7077, Train Acc: 0.3571, Train AUC: 0.4355 - Val Loss: 0.7194, Val Acc (0.5): 0.3714, Val AUC: 0.5036
  Train Best Threshold 0.45 → Balanced Acc: 0.5178, Acc: 0.6357, Sensitivity: 0.8617, Specificity: 0.1739, PPV: 0.6807, NPV: 0.3810, F1: 0.7606
  Val Best Threshold 0.50 → Balanced Acc: 0.5217, Acc: 0.3714, Sensitivity: 0.0435, Specificity: 1.0000, PPV: 1.0000, NPV: 0.3529, F1: 0.0833
Epoch 6/50 - Train Loss: 0.7036, Train Acc: 0.4143, Train AUC: 0.5303 - Val Loss: 0.7188, Val Acc (0.5): 0.3429, Val AUC: 0.4855
  Train Best Threshold 0.50 → Balanced Acc: 0.5139, Acc: 0.4143, Sensitivity: 0.2234, Specificity: 0.8043, PPV: 0.7000, NPV: 0.3364, F1: 0.3387
  Val Best Threshold 0.05 → Balanced Acc: 0.5000, Acc: 0.6571, Sensitivity: 1.0000, Specificity: 0.0000, PPV: 0.6571, NPV: 0.0000, F1: 0.7931
Epoch 7/50 - Train Loss: 0.6951, Train Acc: 0.4643, Train AUC: 0.6110 - Val Loss: 0.7147, Val Acc (0.5): 0.3714, Val AUC: 0.5399
  Train Best Threshold 0.50 → Balanced Acc: 0.5622, Acc: 0.4643, Sensitivity: 0.2766, Specificity: 0.8478, PPV: 0.7879, NPV: 0.3645, F1: 0.4094
  Val Best Threshold 0.50 → Balanced Acc: 0.5217, Acc: 0.3714, Sensitivity: 0.0435, Specificity: 1.0000, PPV: 1.0000, NPV: 0.3529, F1: 0.0833
Epoch 8/50 - Train Loss: 0.7004, Train Acc: 0.4357, Train AUC: 0.5673 - Val Loss: 0.7137, Val Acc (0.5): 0.4000, Val AUC: 0.5435
  Train Best Threshold 0.50 → Balanced Acc: 0.5576, Acc: 0.4357, Sensitivity: 0.2021, Specificity: 0.9130, PPV: 0.8261, NPV: 0.3590, F1: 0.3248
  Val Best Threshold 0.50 → Balanced Acc: 0.5435, Acc: 0.4000, Sensitivity: 0.0870, Specificity: 1.0000, PPV: 1.0000, NPV: 0.3636, F1: 0.1600
Epoch 9/50 - Train Loss: 0.6972, Train Acc: 0.4000, Train AUC: 0.5784 - Val Loss: 0.7141, Val Acc (0.5): 0.4000, Val AUC: 0.5616
  Train Best Threshold 0.45 → Balanced Acc: 0.5291, Acc: 0.6286, Sensitivity: 0.8191, Specificity: 0.2391, PPV: 0.6875, NPV: 0.3929, F1: 0.7476
  Val Best Threshold 0.50 → Balanced Acc: 0.5435, Acc: 0.4000, Sensitivity: 0.0870, Specificity: 1.0000, PPV: 1.0000, NPV: 0.3636, F1: 0.1600
Epoch 10/50 - Train Loss: 0.7075, Train Acc: 0.4000, Train AUC: 0.4743 - Val Loss: 0.7107, Val Acc (0.5): 0.4571, Val AUC: 0.5906
  Train Best Threshold 0.40 → Balanced Acc: 0.5056, Acc: 0.6714, Sensitivity: 0.9894, Specificity: 0.0217, PPV: 0.6739, NPV: 0.5000, F1: 0.8017
  Val Best Threshold 0.50 → Balanced Acc: 0.5870, Acc: 0.4571, Sensitivity: 0.1739, Specificity: 1.0000, PPV: 1.0000, NPV: 0.3871, F1: 0.2963
  → New best validation AUC: 0.5906
Epoch 11/50 - Train Loss: 0.6988, Train Acc: 0.4500, Train AUC: 0.5578 - Val Loss: 0.7127, Val Acc (0.5): 0.4571, Val AUC: 0.6087
  Train Best Threshold 0.50 → Balanced Acc: 0.5571, Acc: 0.4500, Sensitivity: 0.2447, Specificity: 0.8696, PPV: 0.7931, NPV: 0.3604, F1: 0.3740
  Val Best Threshold 0.50 → Balanced Acc: 0.5870, Acc: 0.4571, Sensitivity: 0.1739, Specificity: 1.0000, PPV: 1.0000, NPV: 0.3871, F1: 0.2963
  → New best validation AUC: 0.6087
Epoch 12/50 - Train Loss: 0.6987, Train Acc: 0.4357, Train AUC: 0.5863 - Val Loss: 0.7112, Val Acc (0.5): 0.4857, Val AUC: 0.6558
  Train Best Threshold 0.50 → Balanced Acc: 0.5409, Acc: 0.4357, Sensitivity: 0.2340, Specificity: 0.8478, PPV: 0.7586, NPV: 0.3514, F1: 0.3577
  Val Best Threshold 0.50 → Balanced Acc: 0.6087, Acc: 0.4857, Sensitivity: 0.2174, Specificity: 1.0000, PPV: 1.0000, NPV: 0.4000, F1: 0.3571
  → New best validation AUC: 0.6558
Epoch 13/50 - Train Loss: 0.6992, Train Acc: 0.4500, Train AUC: 0.5444 - Val Loss: 0.7101, Val Acc (0.5): 0.4571, Val AUC: 0.6739
  Train Best Threshold 0.45 → Balanced Acc: 0.5444, Acc: 0.6714, Sensitivity: 0.9149, Specificity: 0.1739, PPV: 0.6935, NPV: 0.5000, F1: 0.7890
  Val Best Threshold 0.50 → Balanced Acc: 0.5870, Acc: 0.4571, Sensitivity: 0.1739, Specificity: 1.0000, PPV: 1.0000, NPV: 0.3871, F1: 0.2963
  → New best validation AUC: 0.6739
Epoch 14/50 - Train Loss: 0.6910, Train Acc: 0.5000, Train AUC: 0.6367 - Val Loss: 0.7089, Val Acc (0.5): 0.4857, Val AUC: 0.6703
  Train Best Threshold 0.50 → Balanced Acc: 0.5888, Acc: 0.5000, Sensitivity: 0.3298, Specificity: 0.8478, PPV: 0.8158, NPV: 0.3824, F1: 0.4697
  Val Best Threshold 0.50 → Balanced Acc: 0.6087, Acc: 0.4857, Sensitivity: 0.2174, Specificity: 1.0000, PPV: 1.0000, NPV: 0.4000, F1: 0.3571
Epoch 15/50 - Train Loss: 0.6972, Train Acc: 0.5000, Train AUC: 0.5914 - Val Loss: 0.7096, Val Acc (0.5): 0.5143, Val AUC: 0.6775
  Train Best Threshold 0.50 → Balanced Acc: 0.5833, Acc: 0.5000, Sensitivity: 0.3404, Specificity: 0.8261, PPV: 0.8000, NPV: 0.3800, F1: 0.4776
  Val Best Threshold 0.50 → Balanced Acc: 0.6304, Acc: 0.5143, Sensitivity: 0.2609, Specificity: 1.0000, PPV: 1.0000, NPV: 0.4138, F1: 0.4138
  → New best validation AUC: 0.6775
Epoch 16/50 - Train Loss: 0.6893, Train Acc: 0.5429, Train AUC: 0.6672 - Val Loss: 0.7093, Val Acc (0.5): 0.4571, Val AUC: 0.6739
  Train Best Threshold 0.50 → Balanced Acc: 0.6152, Acc: 0.5429, Sensitivity: 0.4043, Specificity: 0.8261, PPV: 0.8261, NPV: 0.4043, F1: 0.5429
  Val Best Threshold 0.50 → Balanced Acc: 0.5870, Acc: 0.4571, Sensitivity: 0.1739, Specificity: 1.0000, PPV: 1.0000, NPV: 0.3871, F1: 0.2963
Epoch 17/50 - Train Loss: 0.6951, Train Acc: 0.5071, Train AUC: 0.5879 - Val Loss: 0.7091, Val Acc (0.5): 0.4857, Val AUC: 0.6848
  Train Best Threshold 0.50 → Balanced Acc: 0.5775, Acc: 0.5071, Sensitivity: 0.3723, Specificity: 0.7826, PPV: 0.7778, NPV: 0.3789, F1: 0.5036
  Val Best Threshold 0.50 → Balanced Acc: 0.6087, Acc: 0.4857, Sensitivity: 0.2174, Specificity: 1.0000, PPV: 1.0000, NPV: 0.4000, F1: 0.3571
  → New best validation AUC: 0.6848
Epoch 18/50 - Train Loss: 0.6873, Train Acc: 0.5429, Train AUC: 0.6725 - Val Loss: 0.7107, Val Acc (0.5): 0.4857, Val AUC: 0.6703
  Train Best Threshold 0.50 → Balanced Acc: 0.6318, Acc: 0.5429, Sensitivity: 0.3723, Specificity: 0.8913, PPV: 0.8750, NPV: 0.4100, F1: 0.5224
  Val Best Threshold 0.50 → Balanced Acc: 0.6087, Acc: 0.4857, Sensitivity: 0.2174, Specificity: 1.0000, PPV: 1.0000, NPV: 0.4000, F1: 0.3571
Epoch 19/50 - Train Loss: 0.6964, Train Acc: 0.5429, Train AUC: 0.6142 - Val Loss: 0.7090, Val Acc (0.5): 0.4857, Val AUC: 0.6884
  Train Best Threshold 0.50 → Balanced Acc: 0.6152, Acc: 0.5429, Sensitivity: 0.4043, Specificity: 0.8261, PPV: 0.8261, NPV: 0.4043, F1: 0.5429
  Val Best Threshold 0.50 → Balanced Acc: 0.6087, Acc: 0.4857, Sensitivity: 0.2174, Specificity: 1.0000, PPV: 1.0000, NPV: 0.4000, F1: 0.3571
  → New best validation AUC: 0.6884
Epoch 20/50 - Train Loss: 0.6923, Train Acc: 0.5071, Train AUC: 0.6385 - Val Loss: 0.7090, Val Acc (0.5): 0.4571, Val AUC: 0.6703
  Train Best Threshold 0.50 → Balanced Acc: 0.5830, Acc: 0.5071, Sensitivity: 0.3617, Specificity: 0.8043, PPV: 0.7907, NPV: 0.3814, F1: 0.4964
  Val Best Threshold 0.50 → Balanced Acc: 0.5870, Acc: 0.4571, Sensitivity: 0.1739, Specificity: 1.0000, PPV: 1.0000, NPV: 0.3871, F1: 0.2963
Epoch 21/50 - Train Loss: 0.6909, Train Acc: 0.5286, Train AUC: 0.6334 - Val Loss: 0.7071, Val Acc (0.5): 0.4857, Val AUC: 0.6920
  Train Best Threshold 0.50 → Balanced Acc: 0.5934, Acc: 0.5286, Sensitivity: 0.4043, Specificity: 0.7826, PPV: 0.7917, NPV: 0.3913, F1: 0.5352
  Val Best Threshold 0.50 → Balanced Acc: 0.6087, Acc: 0.4857, Sensitivity: 0.2174, Specificity: 1.0000, PPV: 1.0000, NPV: 0.4000, F1: 0.3571
  → New best validation AUC: 0.6920
Epoch 22/50 - Train Loss: 0.6834, Train Acc: 0.5500, Train AUC: 0.7040 - Val Loss: 0.7058, Val Acc (0.5): 0.4857, Val AUC: 0.7065
  Train Best Threshold 0.50 → Balanced Acc: 0.6094, Acc: 0.5500, Sensitivity: 0.4362, Specificity: 0.7826, PPV: 0.8039, NPV: 0.4045, F1: 0.5655
  Val Best Threshold 0.50 → Balanced Acc: 0.6087, Acc: 0.4857, Sensitivity: 0.2174, Specificity: 1.0000, PPV: 1.0000, NPV: 0.4000, F1: 0.3571
  → New best validation AUC: 0.7065
Epoch 23/50 - Train Loss: 0.6882, Train Acc: 0.5286, Train AUC: 0.7037 - Val Loss: 0.7065, Val Acc (0.5): 0.4857, Val AUC: 0.6775
  Train Best Threshold 0.50 → Balanced Acc: 0.6045, Acc: 0.5286, Sensitivity: 0.3830, Specificity: 0.8261, PPV: 0.8182, NPV: 0.3958, F1: 0.5217
  Val Best Threshold 0.50 → Balanced Acc: 0.6087, Acc: 0.4857, Sensitivity: 0.2174, Specificity: 1.0000, PPV: 1.0000, NPV: 0.4000, F1: 0.3571
Epoch 24/50 - Train Loss: 0.6815, Train Acc: 0.5786, Train AUC: 0.7142 - Val Loss: 0.7027, Val Acc (0.5): 0.5143, Val AUC: 0.7246
  Train Best Threshold 0.50 → Balanced Acc: 0.6529, Acc: 0.5786, Sensitivity: 0.4362, Specificity: 0.8696, PPV: 0.8723, NPV: 0.4301, F1: 0.5816
  Val Best Threshold 0.50 → Balanced Acc: 0.6304, Acc: 0.5143, Sensitivity: 0.2609, Specificity: 1.0000, PPV: 1.0000, NPV: 0.4138, F1: 0.4138
  → New best validation AUC: 0.7246
Epoch 25/50 - Train Loss: 0.6890, Train Acc: 0.5571, Train AUC: 0.6846 - Val Loss: 0.7009, Val Acc (0.5): 0.5429, Val AUC: 0.7355
  Train Best Threshold 0.50 → Balanced Acc: 0.6203, Acc: 0.5571, Sensitivity: 0.4362, Specificity: 0.8043, PPV: 0.8200, NPV: 0.4111, F1: 0.5694
  Val Best Threshold 0.50 → Balanced Acc: 0.6322, Acc: 0.5429, Sensitivity: 0.3478, Specificity: 0.9167, PPV: 0.8889, NPV: 0.4231, F1: 0.5000
  → New best validation AUC: 0.7355
Epoch 26/50 - Train Loss: 0.6895, Train Acc: 0.5714, Train AUC: 0.6843 - Val Loss: 0.7032, Val Acc (0.5): 0.5143, Val AUC: 0.6920
  Train Best Threshold 0.50 → Balanced Acc: 0.6420, Acc: 0.5714, Sensitivity: 0.4362, Specificity: 0.8478, PPV: 0.8542, NPV: 0.4239, F1: 0.5775
  Val Best Threshold 0.45 → Balanced Acc: 0.6250, Acc: 0.7429, Sensitivity: 1.0000, Specificity: 0.2500, PPV: 0.7188, NPV: 1.0000, F1: 0.8364
Epoch 27/50 - Train Loss: 0.6773, Train Acc: 0.5857, Train AUC: 0.7606 - Val Loss: 0.7001, Val Acc (0.5): 0.5143, Val AUC: 0.7101
  Train Best Threshold 0.50 → Balanced Acc: 0.6582, Acc: 0.5857, Sensitivity: 0.4468, Specificity: 0.8696, PPV: 0.8750, NPV: 0.4348, F1: 0.5915
  Val Best Threshold 0.50 → Balanced Acc: 0.6105, Acc: 0.5143, Sensitivity: 0.3043, Specificity: 0.9167, PPV: 0.8750, NPV: 0.4074, F1: 0.4516
Epoch 28/50 - Train Loss: 0.6831, Train Acc: 0.5857, Train AUC: 0.7040 - Val Loss: 0.6991, Val Acc (0.5): 0.5429, Val AUC: 0.7210
  Train Best Threshold 0.50 → Balanced Acc: 0.6415, Acc: 0.5857, Sensitivity: 0.4787, Specificity: 0.8043, PPV: 0.8333, NPV: 0.4302, F1: 0.6081
  Val Best Threshold 0.50 → Balanced Acc: 0.6322, Acc: 0.5429, Sensitivity: 0.3478, Specificity: 0.9167, PPV: 0.8889, NPV: 0.4231, F1: 0.5000
Epoch 29/50 - Train Loss: 0.6877, Train Acc: 0.5500, Train AUC: 0.6591 - Val Loss: 0.6945, Val Acc (0.5): 0.5714, Val AUC: 0.7899
  Train Best Threshold 0.50 → Balanced Acc: 0.5983, Acc: 0.5500, Sensitivity: 0.4574, Specificity: 0.7391, PPV: 0.7818, NPV: 0.4000, F1: 0.5772
  Val Best Threshold 0.50 → Balanced Acc: 0.6341, Acc: 0.5714, Sensitivity: 0.4348, Specificity: 0.8333, PPV: 0.8333, NPV: 0.4348, F1: 0.5714
  → New best validation AUC: 0.7899
Epoch 30/50 - Train Loss: 0.6820, Train Acc: 0.6143, Train AUC: 0.7051 - Val Loss: 0.6949, Val Acc (0.5): 0.6000, Val AUC: 0.7790
  Train Best Threshold 0.50 → Balanced Acc: 0.6739, Acc: 0.6143, Sensitivity: 0.5000, Specificity: 0.8478, PPV: 0.8704, NPV: 0.4535, F1: 0.6351
  Val Best Threshold 0.50 → Balanced Acc: 0.6757, Acc: 0.6000, Sensitivity: 0.4348, Specificity: 0.9167, PPV: 0.9091, NPV: 0.4583, F1: 0.5882
Epoch 31/50 - Train Loss: 0.6807, Train Acc: 0.6214, Train AUC: 0.7024 - Val Loss: 0.6956, Val Acc (0.5): 0.5714, Val AUC: 0.7391
  Train Best Threshold 0.50 → Balanced Acc: 0.6459, Acc: 0.6214, Sensitivity: 0.5745, Specificity: 0.7174, PPV: 0.8060, NPV: 0.4521, F1: 0.6708
  Val Best Threshold 0.45 → Balanced Acc: 0.6667, Acc: 0.7714, Sensitivity: 1.0000, Specificity: 0.3333, PPV: 0.7419, NPV: 1.0000, F1: 0.8519
Epoch 32/50 - Train Loss: 0.6751, Train Acc: 0.6000, Train AUC: 0.7225 - Val Loss: 0.6945, Val Acc (0.5): 0.6000, Val AUC: 0.7609
  Train Best Threshold 0.50 → Balanced Acc: 0.6466, Acc: 0.6000, Sensitivity: 0.5106, Specificity: 0.7826, PPV: 0.8276, NPV: 0.4390, F1: 0.6316
  Val Best Threshold 0.50 → Balanced Acc: 0.6558, Acc: 0.6000, Sensitivity: 0.4783, Specificity: 0.8333, PPV: 0.8462, NPV: 0.4545, F1: 0.6111
Epoch 33/50 - Train Loss: 0.6634, Train Acc: 0.6500, Train AUC: 0.7967 - Val Loss: 0.6908, Val Acc (0.5): 0.6286, Val AUC: 0.7754
  Train Best Threshold 0.50 → Balanced Acc: 0.7061, Acc: 0.6500, Sensitivity: 0.5426, Specificity: 0.8696, PPV: 0.8947, NPV: 0.4819, F1: 0.6755
  Val Best Threshold 0.50 → Balanced Acc: 0.6975, Acc: 0.6286, Sensitivity: 0.4783, Specificity: 0.9167, PPV: 0.9167, NPV: 0.4783, F1: 0.6286
Epoch 34/50 - Train Loss: 0.6741, Train Acc: 0.6286, Train AUC: 0.7079 - Val Loss: 0.6885, Val Acc (0.5): 0.6286, Val AUC: 0.7971
  Train Best Threshold 0.50 → Balanced Acc: 0.6735, Acc: 0.6286, Sensitivity: 0.5426, Specificity: 0.8043, PPV: 0.8500, NPV: 0.4625, F1: 0.6623
  Val Best Threshold 0.50 → Balanced Acc: 0.6975, Acc: 0.6286, Sensitivity: 0.4783, Specificity: 0.9167, PPV: 0.9167, NPV: 0.4783, F1: 0.6286
  → New best validation AUC: 0.7971
Epoch 35/50 - Train Loss: 0.6806, Train Acc: 0.6571, Train AUC: 0.6963 - Val Loss: 0.6915, Val Acc (0.5): 0.6286, Val AUC: 0.7754
  Train Best Threshold 0.50 → Balanced Acc: 0.6781, Acc: 0.6571, Sensitivity: 0.6170, Specificity: 0.7391, PPV: 0.8286, NPV: 0.4857, F1: 0.7073
  Val Best Threshold 0.50 → Balanced Acc: 0.6975, Acc: 0.6286, Sensitivity: 0.4783, Specificity: 0.9167, PPV: 0.9167, NPV: 0.4783, F1: 0.6286
Epoch 36/50 - Train Loss: 0.6623, Train Acc: 0.6643, Train AUC: 0.7687 - Val Loss: 0.6846, Val Acc (0.5): 0.6286, Val AUC: 0.8080
  Train Best Threshold 0.50 → Balanced Acc: 0.7056, Acc: 0.6643, Sensitivity: 0.5851, Specificity: 0.8261, PPV: 0.8730, NPV: 0.4935, F1: 0.7006
  Val Best Threshold 0.50 → Balanced Acc: 0.6975, Acc: 0.6286, Sensitivity: 0.4783, Specificity: 0.9167, PPV: 0.9167, NPV: 0.4783, F1: 0.6286
  → New best validation AUC: 0.8080
Epoch 37/50 - Train Loss: 0.6837, Train Acc: 0.5929, Train AUC: 0.6647 - Val Loss: 0.6831, Val Acc (0.5): 0.6571, Val AUC: 0.7971
  Train Best Threshold 0.50 → Balanced Acc: 0.6136, Acc: 0.5929, Sensitivity: 0.5532, Specificity: 0.6739, PPV: 0.7761, NPV: 0.4247, F1: 0.6460
  Val Best Threshold 0.50 → Balanced Acc: 0.7192, Acc: 0.6571, Sensitivity: 0.5217, Specificity: 0.9167, PPV: 0.9231, NPV: 0.5000, F1: 0.6667
Epoch 38/50 - Train Loss: 0.6669, Train Acc: 0.6286, Train AUC: 0.7310 - Val Loss: 0.6826, Val Acc (0.5): 0.6286, Val AUC: 0.8116
  Train Best Threshold 0.50 → Balanced Acc: 0.6568, Acc: 0.6286, Sensitivity: 0.5745, Specificity: 0.7391, PPV: 0.8182, NPV: 0.4595, F1: 0.6750
  Val Best Threshold 0.50 → Balanced Acc: 0.6975, Acc: 0.6286, Sensitivity: 0.4783, Specificity: 0.9167, PPV: 0.9167, NPV: 0.4783, F1: 0.6286
  → New best validation AUC: 0.8116
Epoch 39/50 - Train Loss: 0.6599, Train Acc: 0.6643, Train AUC: 0.7736 - Val Loss: 0.6777, Val Acc (0.5): 0.6286, Val AUC: 0.8333
  Train Best Threshold 0.50 → Balanced Acc: 0.7056, Acc: 0.6643, Sensitivity: 0.5851, Specificity: 0.8261, PPV: 0.8730, NPV: 0.4935, F1: 0.7006
  Val Best Threshold 0.50 → Balanced Acc: 0.7174, Acc: 0.6286, Sensitivity: 0.4348, Specificity: 1.0000, PPV: 1.0000, NPV: 0.4800, F1: 0.6061
  → New best validation AUC: 0.8333
Epoch 40/50 - Train Loss: 0.6591, Train Acc: 0.6500, Train AUC: 0.7604 - Val Loss: 0.6767, Val Acc (0.5): 0.5714, Val AUC: 0.8261
  Train Best Threshold 0.45 → Balanced Acc: 0.7132, Acc: 0.7714, Sensitivity: 0.8830, Specificity: 0.5435, PPV: 0.7981, NPV: 0.6944, F1: 0.8384
  Val Best Threshold 0.45 → Balanced Acc: 0.6848, Acc: 0.7429, Sensitivity: 0.8696, Specificity: 0.5000, PPV: 0.7692, NPV: 0.6667, F1: 0.8163
Epoch 41/50 - Train Loss: 0.6660, Train Acc: 0.6429, Train AUC: 0.7211 - Val Loss: 0.6771, Val Acc (0.5): 0.5714, Val AUC: 0.8297
  Train Best Threshold 0.45 → Balanced Acc: 0.6593, Acc: 0.7214, Sensitivity: 0.8404, Specificity: 0.4783, PPV: 0.7670, NPV: 0.5946, F1: 0.8020
  Val Best Threshold 0.45 → Balanced Acc: 0.7464, Acc: 0.7714, Sensitivity: 0.8261, Specificity: 0.6667, PPV: 0.8261, NPV: 0.6667, F1: 0.8261
Epoch 42/50 - Train Loss: 0.6570, Train Acc: 0.6643, Train AUC: 0.7685 - Val Loss: 0.6800, Val Acc (0.5): 0.5714, Val AUC: 0.8152
  Train Best Threshold 0.50 → Balanced Acc: 0.7000, Acc: 0.6643, Sensitivity: 0.5957, Specificity: 0.8043, PPV: 0.8615, NPV: 0.4933, F1: 0.7044
  Val Best Threshold 0.45 → Balanced Acc: 0.7246, Acc: 0.7429, Sensitivity: 0.7826, Specificity: 0.6667, PPV: 0.8182, NPV: 0.6154, F1: 0.8000
Epoch 43/50 - Train Loss: 0.6556, Train Acc: 0.6714, Train AUC: 0.7660 - Val Loss: 0.6827, Val Acc (0.5): 0.6000, Val AUC: 0.8043
  Train Best Threshold 0.50 → Balanced Acc: 0.7109, Acc: 0.6714, Sensitivity: 0.5957, Specificity: 0.8261, PPV: 0.8750, NPV: 0.5000, F1: 0.7089
  Val Best Threshold 0.45 → Balanced Acc: 0.7663, Acc: 0.7714, Sensitivity: 0.7826, Specificity: 0.7500, PPV: 0.8571, NPV: 0.6429, F1: 0.8182
Epoch 44/50 - Train Loss: 0.6544, Train Acc: 0.6571, Train AUC: 0.7706 - Val Loss: 0.6786, Val Acc (0.5): 0.5714, Val AUC: 0.8152
  Train Best Threshold 0.45 → Balanced Acc: 0.7084, Acc: 0.7500, Sensitivity: 0.8298, Specificity: 0.5870, PPV: 0.8041, NPV: 0.6279, F1: 0.8168
  Val Best Threshold 0.45 → Balanced Acc: 0.7246, Acc: 0.7429, Sensitivity: 0.7826, Specificity: 0.6667, PPV: 0.8182, NPV: 0.6154, F1: 0.8000
Epoch 45/50 - Train Loss: 0.6479, Train Acc: 0.6786, Train AUC: 0.7593 - Val Loss: 0.6786, Val Acc (0.5): 0.5714, Val AUC: 0.8043
  Train Best Threshold 0.50 → Balanced Acc: 0.7329, Acc: 0.6786, Sensitivity: 0.5745, Specificity: 0.8913, PPV: 0.9153, NPV: 0.5062, F1: 0.7059
  Val Best Threshold 0.45 → Balanced Acc: 0.7246, Acc: 0.7429, Sensitivity: 0.7826, Specificity: 0.6667, PPV: 0.8182, NPV: 0.6154, F1: 0.8000
Epoch 46/50 - Train Loss: 0.6381, Train Acc: 0.7143, Train AUC: 0.7828 - Val Loss: 0.6784, Val Acc (0.5): 0.5714, Val AUC: 0.7971
  Train Best Threshold 0.50 → Balanced Acc: 0.7650, Acc: 0.7143, Sensitivity: 0.6170, Specificity: 0.9130, PPV: 0.9355, NPV: 0.5385, F1: 0.7436
  Val Best Threshold 0.45 → Balanced Acc: 0.8080, Acc: 0.8000, Sensitivity: 0.7826, Specificity: 0.8333, PPV: 0.9000, NPV: 0.6667, F1: 0.8372
Epoch 47/50 - Train Loss: 0.6419, Train Acc: 0.6786, Train AUC: 0.7636 - Val Loss: 0.6765, Val Acc (0.5): 0.6000, Val AUC: 0.8080
  Train Best Threshold 0.45 → Balanced Acc: 0.7412, Acc: 0.7643, Sensitivity: 0.8085, Specificity: 0.6739, PPV: 0.8352, NPV: 0.6327, F1: 0.8216
  Val Best Threshold 0.45 → Balanced Acc: 0.7645, Acc: 0.7429, Sensitivity: 0.6957, Specificity: 0.8333, PPV: 0.8889, NPV: 0.5882, F1: 0.7805
Epoch 48/50 - Train Loss: 0.6391, Train Acc: 0.6571, Train AUC: 0.7720 - Val Loss: 0.6777, Val Acc (0.5): 0.6286, Val AUC: 0.8043
  Train Best Threshold 0.50 → Balanced Acc: 0.7058, Acc: 0.6571, Sensitivity: 0.5638, Specificity: 0.8478, PPV: 0.8833, NPV: 0.4875, F1: 0.6883
  Val Best Threshold 0.45 → Balanced Acc: 0.7645, Acc: 0.7429, Sensitivity: 0.6957, Specificity: 0.8333, PPV: 0.8889, NPV: 0.5882, F1: 0.7805
Epoch 49/50 - Train Loss: 0.6308, Train Acc: 0.6929, Train AUC: 0.7817 - Val Loss: 0.6825, Val Acc (0.5): 0.6286, Val AUC: 0.8152
  Train Best Threshold 0.45 → Balanced Acc: 0.7308, Acc: 0.7429, Sensitivity: 0.7660, Specificity: 0.6957, PPV: 0.8372, NPV: 0.5926, F1: 0.8000
  Val Best Threshold 0.45 → Balanced Acc: 0.7210, Acc: 0.6857, Sensitivity: 0.6087, Specificity: 0.8333, PPV: 0.8750, NPV: 0.5263, F1: 0.7179
Early stopping at epoch 49
Loaded best model with validation AUC: 0.8333
Final Train Results (Best Model) at epoch 39 - Loss: 0.6557, Accuracy: 0.6500, AUC: 0.8067
Final Val Results (Best Model) at epoch 39 - Loss: 0.6777, Accuracy: 0.6286, AUC: 0.8333
Train Best Threshold: 0.45 | Balanced Acc: 0.7024 | Acc: 0.7643 | Sensitivity: 0.8830 | Specificity: 0.5217 | PPV: 0.7905 | NPV: 0.6857 | F1: 0.8342
Train Confusion Matrix at Best Threshold (rows=actual [0,1], cols=predicted [0,1]):
[[24 22]
 [11 83]]
Val Best Threshold: 0.50 | Balanced Acc: 0.7174 | Acc: 0.6286 | Sensitivity: 0.4348 | Specificity: 1.0000 | PPV: 1.0000 | NPV: 0.4800 | F1: 0.6061
Val Confusion Matrix at Best Threshold (rows=actual [0,1], cols=predicted [0,1]):
[[12  0]
 [13 10]]
======================================================================

Training Results - C1 (Mean Pooling)
======================================================================
Model: C1 (Mean Pooling)
Backbone: efficientnet_v2_s
Pooling: mean
Val AUC: 0.8333
======================================================================
