Starting single train/val split training for C1 (Mean Pooling)
Configuration:
  clinical_csv: data/annotations/175_clinical_5_variables.csv
  image_root: data/nakagami_full
  patient_id_column: NO
  label_column: CL_F2
  image_pattern: Nakagami_image_*.png
  n_folds: 5
  batch_size: 16
  learning_rate: 1e-05
  num_epochs: 50
  early_stopping_patience: 10
  early_stopping_min_delta: 0.001
  backbone: efficientnetv2_b0
  pretrained: True
  device: cuda
  num_workers: 4
  pooling: mean
  attention_hidden: 128
  clinical_dim: 64
  fusion_hidden: 128
  dropout: 0.5
  clinical_features: ['AST', 'ALT', 'PLT', 'APRI', 'FIB_4']
  seed: 42
  no_cv: True
  val_split: 0.2
  weight_decay: 0.0001
  label_smoothing: 0.1
  log_dir: runs/bmode_clinical
Loading clinical data...
Loaded 175 patients from clinical data
Building patient records...
Building patient records from 175 patients...
Image root: data/nakagami_full
Image pattern: Nakagami_image_*.png
Successfully created 175 patient records
Created 175 patient records
Train/Val Split:
  Train: 140 patients (80.0%)
  Val:   35 patients (20.0%)
====================Training single model====================
Train: 140 patients
Val: 35 patients
Fitting clinical preprocessor on training data...
Built clinical feature dictionaries: train=140, val=35
Clinical input dimension: 5
Backbone feature dimension: 1280
Created mean pooling model with backbone efficientnetv2_b0
Using device: cuda
Class weights: [1.0, 0.4893617033958435]
Weight decay (L2 reg): 0.0001
Label smoothing: 0.1

Epoch 1/50 - Train Loss: 0.7164, Train Acc: 0.6071, Train AUC: 0.4114 - Val Loss: 0.6954, Val Acc (0.5): 0.6571, Val AUC: 0.4203
  Train Best Threshold 0.05 → Balanced Acc: 0.5000, Acc: 0.6714, Sensitivity: 1.0000, Specificity: 0.0000, PPV: 0.6714, NPV: 0.0000, F1: 0.8034
  Val Best Threshold 0.05 → Balanced Acc: 0.5000, Acc: 0.6571, Sensitivity: 1.0000, Specificity: 0.0000, PPV: 0.6571, NPV: 0.0000, F1: 0.7931
  → New best validation AUC: 0.4203
Epoch 2/50 - Train Loss: 0.7144, Train Acc: 0.5786, Train AUC: 0.4110 - Val Loss: 0.6986, Val Acc (0.5): 0.6571, Val AUC: 0.3768
  Train Best Threshold 0.60 → Balanced Acc: 0.5053, Acc: 0.3357, Sensitivity: 0.0106, Specificity: 1.0000, PPV: 1.0000, NPV: 0.3309, F1: 0.0211
  Val Best Threshold 0.05 → Balanced Acc: 0.5000, Acc: 0.6571, Sensitivity: 1.0000, Specificity: 0.0000, PPV: 0.6571, NPV: 0.0000, F1: 0.7931
Epoch 3/50 - Train Loss: 0.7144, Train Acc: 0.5857, Train AUC: 0.4223 - Val Loss: 0.6991, Val Acc (0.5): 0.6571, Val AUC: 0.3804
  Train Best Threshold 0.05 → Balanced Acc: 0.5000, Acc: 0.6714, Sensitivity: 1.0000, Specificity: 0.0000, PPV: 0.6714, NPV: 0.0000, F1: 0.8034
  Val Best Threshold 0.05 → Balanced Acc: 0.5000, Acc: 0.6571, Sensitivity: 1.0000, Specificity: 0.0000, PPV: 0.6571, NPV: 0.0000, F1: 0.7931
Epoch 4/50 - Train Loss: 0.7085, Train Acc: 0.5786, Train AUC: 0.4586 - Val Loss: 0.6997, Val Acc (0.5): 0.6571, Val AUC: 0.3841
  Train Best Threshold 0.05 → Balanced Acc: 0.5000, Acc: 0.6714, Sensitivity: 1.0000, Specificity: 0.0000, PPV: 0.6714, NPV: 0.0000, F1: 0.8034
  Val Best Threshold 0.05 → Balanced Acc: 0.5000, Acc: 0.6571, Sensitivity: 1.0000, Specificity: 0.0000, PPV: 0.6571, NPV: 0.0000, F1: 0.7931
Epoch 5/50 - Train Loss: 0.7085, Train Acc: 0.6071, Train AUC: 0.4757 - Val Loss: 0.6988, Val Acc (0.5): 0.6571, Val AUC: 0.4094
  Train Best Threshold 0.05 → Balanced Acc: 0.5000, Acc: 0.6714, Sensitivity: 1.0000, Specificity: 0.0000, PPV: 0.6714, NPV: 0.0000, F1: 0.8034
  Val Best Threshold 0.05 → Balanced Acc: 0.5000, Acc: 0.6571, Sensitivity: 1.0000, Specificity: 0.0000, PPV: 0.6571, NPV: 0.0000, F1: 0.7931
Epoch 6/50 - Train Loss: 0.7058, Train Acc: 0.5929, Train AUC: 0.4919 - Val Loss: 0.6976, Val Acc (0.5): 0.6571, Val AUC: 0.4928
  Train Best Threshold 0.55 → Balanced Acc: 0.5206, Acc: 0.3786, Sensitivity: 0.1064, Specificity: 0.9348, PPV: 0.7692, NPV: 0.3386, F1: 0.1869
  Val Best Threshold 0.05 → Balanced Acc: 0.5000, Acc: 0.6571, Sensitivity: 1.0000, Specificity: 0.0000, PPV: 0.6571, NPV: 0.0000, F1: 0.7931
  → New best validation AUC: 0.4928
Epoch 7/50 - Train Loss: 0.7017, Train Acc: 0.6286, Train AUC: 0.5511 - Val Loss: 0.6983, Val Acc (0.5): 0.6571, Val AUC: 0.5109
  Train Best Threshold 0.55 → Balanced Acc: 0.5580, Acc: 0.4214, Sensitivity: 0.1596, Specificity: 0.9565, PPV: 0.8824, NPV: 0.3577, F1: 0.2703
  Val Best Threshold 0.05 → Balanced Acc: 0.5000, Acc: 0.6571, Sensitivity: 1.0000, Specificity: 0.0000, PPV: 0.6571, NPV: 0.0000, F1: 0.7931
  → New best validation AUC: 0.5109
Epoch 8/50 - Train Loss: 0.7095, Train Acc: 0.5714, Train AUC: 0.4699 - Val Loss: 0.6970, Val Acc (0.5): 0.6571, Val AUC: 0.5580
  Train Best Threshold 0.05 → Balanced Acc: 0.5000, Acc: 0.6714, Sensitivity: 1.0000, Specificity: 0.0000, PPV: 0.6714, NPV: 0.0000, F1: 0.8034
  Val Best Threshold 0.05 → Balanced Acc: 0.5000, Acc: 0.6571, Sensitivity: 1.0000, Specificity: 0.0000, PPV: 0.6571, NPV: 0.0000, F1: 0.7931
  → New best validation AUC: 0.5580
Epoch 9/50 - Train Loss: 0.7047, Train Acc: 0.6000, Train AUC: 0.5076 - Val Loss: 0.6956, Val Acc (0.5): 0.6571, Val AUC: 0.6196
  Train Best Threshold 0.50 → Balanced Acc: 0.5134, Acc: 0.6000, Sensitivity: 0.7660, Specificity: 0.2609, PPV: 0.6792, NPV: 0.3529, F1: 0.7200
  Val Best Threshold 0.05 → Balanced Acc: 0.5000, Acc: 0.6571, Sensitivity: 1.0000, Specificity: 0.0000, PPV: 0.6571, NPV: 0.0000, F1: 0.7931
  → New best validation AUC: 0.6196
Epoch 10/50 - Train Loss: 0.7010, Train Acc: 0.6143, Train AUC: 0.5500 - Val Loss: 0.6950, Val Acc (0.5): 0.6571, Val AUC: 0.6232
  Train Best Threshold 0.55 → Balanced Acc: 0.5372, Acc: 0.3786, Sensitivity: 0.0745, Specificity: 1.0000, PPV: 1.0000, NPV: 0.3459, F1: 0.1386
  Val Best Threshold 0.05 → Balanced Acc: 0.5000, Acc: 0.6571, Sensitivity: 1.0000, Specificity: 0.0000, PPV: 0.6571, NPV: 0.0000, F1: 0.7931
  → New best validation AUC: 0.6232
Epoch 11/50 - Train Loss: 0.6930, Train Acc: 0.6571, Train AUC: 0.6251 - Val Loss: 0.6947, Val Acc (0.5): 0.6571, Val AUC: 0.6449
  Train Best Threshold 0.50 → Balanced Acc: 0.5893, Acc: 0.6571, Sensitivity: 0.7872, Specificity: 0.3913, PPV: 0.7255, NPV: 0.4737, F1: 0.7551
  Val Best Threshold 0.55 → Balanced Acc: 0.5217, Acc: 0.3714, Sensitivity: 0.0435, Specificity: 1.0000, PPV: 1.0000, NPV: 0.3529, F1: 0.0833
  → New best validation AUC: 0.6449
Epoch 12/50 - Train Loss: 0.6929, Train Acc: 0.6214, Train AUC: 0.6332 - Val Loss: 0.6946, Val Acc (0.5): 0.6571, Val AUC: 0.6630
  Train Best Threshold 0.55 → Balanced Acc: 0.5527, Acc: 0.4143, Sensitivity: 0.1489, Specificity: 0.9565, PPV: 0.8750, NPV: 0.3548, F1: 0.2545
  Val Best Threshold 0.55 → Balanced Acc: 0.5217, Acc: 0.3714, Sensitivity: 0.0435, Specificity: 1.0000, PPV: 1.0000, NPV: 0.3529, F1: 0.0833
  → New best validation AUC: 0.6630
Epoch 13/50 - Train Loss: 0.6958, Train Acc: 0.6000, Train AUC: 0.5863 - Val Loss: 0.6921, Val Acc (0.5): 0.6571, Val AUC: 0.7464
  Train Best Threshold 0.50 → Balanced Acc: 0.5689, Acc: 0.6000, Sensitivity: 0.6596, Specificity: 0.4783, PPV: 0.7209, NPV: 0.4074, F1: 0.6889
  Val Best Threshold 0.55 → Balanced Acc: 0.5217, Acc: 0.3714, Sensitivity: 0.0435, Specificity: 1.0000, PPV: 1.0000, NPV: 0.3529, F1: 0.0833
  → New best validation AUC: 0.7464
Epoch 14/50 - Train Loss: 0.6981, Train Acc: 0.6286, Train AUC: 0.6082 - Val Loss: 0.6917, Val Acc (0.5): 0.6571, Val AUC: 0.7572
  Train Best Threshold 0.50 → Balanced Acc: 0.5791, Acc: 0.6286, Sensitivity: 0.7234, Specificity: 0.4348, PPV: 0.7234, NPV: 0.4348, F1: 0.7234
  Val Best Threshold 0.55 → Balanced Acc: 0.5217, Acc: 0.3714, Sensitivity: 0.0435, Specificity: 1.0000, PPV: 1.0000, NPV: 0.3529, F1: 0.0833
  → New best validation AUC: 0.7572
Epoch 15/50 - Train Loss: 0.7003, Train Acc: 0.5714, Train AUC: 0.5652 - Val Loss: 0.6910, Val Acc (0.5): 0.6571, Val AUC: 0.7754
  Train Best Threshold 0.55 → Balanced Acc: 0.5206, Acc: 0.3786, Sensitivity: 0.1064, Specificity: 0.9348, PPV: 0.7692, NPV: 0.3386, F1: 0.1869
  Val Best Threshold 0.55 → Balanced Acc: 0.5217, Acc: 0.3714, Sensitivity: 0.0435, Specificity: 1.0000, PPV: 1.0000, NPV: 0.3529, F1: 0.0833
  → New best validation AUC: 0.7754
Epoch 16/50 - Train Loss: 0.6944, Train Acc: 0.6429, Train AUC: 0.6203 - Val Loss: 0.6907, Val Acc (0.5): 0.6571, Val AUC: 0.7681
  Train Best Threshold 0.50 → Balanced Acc: 0.6119, Acc: 0.6429, Sensitivity: 0.7021, Specificity: 0.5217, PPV: 0.7500, NPV: 0.4615, F1: 0.7253
  Val Best Threshold 0.55 → Balanced Acc: 0.5217, Acc: 0.3714, Sensitivity: 0.0435, Specificity: 1.0000, PPV: 1.0000, NPV: 0.3529, F1: 0.0833
Epoch 17/50 - Train Loss: 0.7004, Train Acc: 0.5857, Train AUC: 0.5599 - Val Loss: 0.6883, Val Acc (0.5): 0.6571, Val AUC: 0.8116
  Train Best Threshold 0.50 → Balanced Acc: 0.5583, Acc: 0.5857, Sensitivity: 0.6383, Specificity: 0.4783, PPV: 0.7143, NPV: 0.3929, F1: 0.6742
  Val Best Threshold 0.55 → Balanced Acc: 0.5652, Acc: 0.4286, Sensitivity: 0.1304, Specificity: 1.0000, PPV: 1.0000, NPV: 0.3750, F1: 0.2308
  → New best validation AUC: 0.8116
Epoch 18/50 - Train Loss: 0.6982, Train Acc: 0.5571, Train AUC: 0.5685 - Val Loss: 0.6877, Val Acc (0.5): 0.6571, Val AUC: 0.8225
  Train Best Threshold 0.45 → Balanced Acc: 0.5273, Acc: 0.6857, Sensitivity: 0.9894, Specificity: 0.0652, PPV: 0.6838, NPV: 0.7500, F1: 0.8087
  Val Best Threshold 0.55 → Balanced Acc: 0.5652, Acc: 0.4286, Sensitivity: 0.1304, Specificity: 1.0000, PPV: 1.0000, NPV: 0.3750, F1: 0.2308
  → New best validation AUC: 0.8225
Epoch 19/50 - Train Loss: 0.6926, Train Acc: 0.6000, Train AUC: 0.6240 - Val Loss: 0.6869, Val Acc (0.5): 0.6571, Val AUC: 0.8370
  Train Best Threshold 0.50 → Balanced Acc: 0.5745, Acc: 0.6000, Sensitivity: 0.6489, Specificity: 0.5000, PPV: 0.7262, NPV: 0.4107, F1: 0.6854
  Val Best Threshold 0.55 → Balanced Acc: 0.5870, Acc: 0.4571, Sensitivity: 0.1739, Specificity: 1.0000, PPV: 1.0000, NPV: 0.3871, F1: 0.2963
  → New best validation AUC: 0.8370
Epoch 20/50 - Train Loss: 0.6897, Train Acc: 0.6571, Train AUC: 0.6878 - Val Loss: 0.6853, Val Acc (0.5): 0.6571, Val AUC: 0.8478
  Train Best Threshold 0.50 → Balanced Acc: 0.6448, Acc: 0.6571, Sensitivity: 0.6809, Specificity: 0.6087, PPV: 0.7805, NPV: 0.4828, F1: 0.7273
  Val Best Threshold 0.55 → Balanced Acc: 0.5870, Acc: 0.4571, Sensitivity: 0.1739, Specificity: 1.0000, PPV: 1.0000, NPV: 0.3871, F1: 0.2963
  → New best validation AUC: 0.8478
Epoch 21/50 - Train Loss: 0.6998, Train Acc: 0.5429, Train AUC: 0.5426 - Val Loss: 0.6849, Val Acc (0.5): 0.6571, Val AUC: 0.8370
  Train Best Threshold 0.50 → Balanced Acc: 0.5208, Acc: 0.5429, Sensitivity: 0.5851, Specificity: 0.4565, PPV: 0.6875, NPV: 0.3500, F1: 0.6322
  Val Best Threshold 0.55 → Balanced Acc: 0.5870, Acc: 0.4571, Sensitivity: 0.1739, Specificity: 1.0000, PPV: 1.0000, NPV: 0.3871, F1: 0.2963
Epoch 22/50 - Train Loss: 0.6977, Train Acc: 0.5857, Train AUC: 0.5712 - Val Loss: 0.6831, Val Acc (0.5): 0.6571, Val AUC: 0.8804
  Train Best Threshold 0.50 → Balanced Acc: 0.5472, Acc: 0.5857, Sensitivity: 0.6596, Specificity: 0.4348, PPV: 0.7045, NPV: 0.3846, F1: 0.6813
  Val Best Threshold 0.55 → Balanced Acc: 0.6304, Acc: 0.5143, Sensitivity: 0.2609, Specificity: 1.0000, PPV: 1.0000, NPV: 0.4138, F1: 0.4138
  → New best validation AUC: 0.8804
Epoch 23/50 - Train Loss: 0.6871, Train Acc: 0.6786, Train AUC: 0.7061 - Val Loss: 0.6831, Val Acc (0.5): 0.6857, Val AUC: 0.8696
  Train Best Threshold 0.50 → Balanced Acc: 0.6885, Acc: 0.6786, Sensitivity: 0.6596, Specificity: 0.7174, PPV: 0.8267, NPV: 0.5077, F1: 0.7337
  Val Best Threshold 0.55 → Balanced Acc: 0.6304, Acc: 0.5143, Sensitivity: 0.2609, Specificity: 1.0000, PPV: 1.0000, NPV: 0.4138, F1: 0.4138
Epoch 24/50 - Train Loss: 0.6886, Train Acc: 0.6429, Train AUC: 0.6855 - Val Loss: 0.6812, Val Acc (0.5): 0.6857, Val AUC: 0.8696
  Train Best Threshold 0.50 → Balanced Acc: 0.6341, Acc: 0.6429, Sensitivity: 0.6596, Specificity: 0.6087, PPV: 0.7750, NPV: 0.4667, F1: 0.7126
  Val Best Threshold 0.55 → Balanced Acc: 0.6304, Acc: 0.5143, Sensitivity: 0.2609, Specificity: 1.0000, PPV: 1.0000, NPV: 0.4138, F1: 0.4138
Epoch 25/50 - Train Loss: 0.6800, Train Acc: 0.6571, Train AUC: 0.7468 - Val Loss: 0.6815, Val Acc (0.5): 0.6857, Val AUC: 0.8696
  Train Best Threshold 0.50 → Balanced Acc: 0.6781, Acc: 0.6571, Sensitivity: 0.6170, Specificity: 0.7391, PPV: 0.8286, NPV: 0.4857, F1: 0.7073
  Val Best Threshold 0.55 → Balanced Acc: 0.6304, Acc: 0.5143, Sensitivity: 0.2609, Specificity: 1.0000, PPV: 1.0000, NPV: 0.4138, F1: 0.4138
Epoch 26/50 - Train Loss: 0.6848, Train Acc: 0.5929, Train AUC: 0.6809 - Val Loss: 0.6793, Val Acc (0.5): 0.7143, Val AUC: 0.8804
  Train Best Threshold 0.55 → Balanced Acc: 0.5957, Acc: 0.4571, Sensitivity: 0.1915, Specificity: 1.0000, PPV: 1.0000, NPV: 0.3770, F1: 0.3214
  Val Best Threshold 0.55 → Balanced Acc: 0.6304, Acc: 0.5143, Sensitivity: 0.2609, Specificity: 1.0000, PPV: 1.0000, NPV: 0.4138, F1: 0.4138
Epoch 27/50 - Train Loss: 0.6864, Train Acc: 0.5786, Train AUC: 0.6841 - Val Loss: 0.6784, Val Acc (0.5): 0.7143, Val AUC: 0.8804
  Train Best Threshold 0.50 → Balanced Acc: 0.6029, Acc: 0.5786, Sensitivity: 0.5319, Specificity: 0.6739, PPV: 0.7692, NPV: 0.4133, F1: 0.6289
  Val Best Threshold 0.55 → Balanced Acc: 0.6522, Acc: 0.5429, Sensitivity: 0.3043, Specificity: 1.0000, PPV: 1.0000, NPV: 0.4286, F1: 0.4667
Epoch 28/50 - Train Loss: 0.6798, Train Acc: 0.6286, Train AUC: 0.7061 - Val Loss: 0.6762, Val Acc (0.5): 0.8000, Val AUC: 0.8986
  Train Best Threshold 0.50 → Balanced Acc: 0.6290, Acc: 0.6286, Sensitivity: 0.6277, Specificity: 0.6304, PPV: 0.7763, NPV: 0.4531, F1: 0.6941
  Val Best Threshold 0.50 → Balanced Acc: 0.7083, Acc: 0.8000, Sensitivity: 1.0000, Specificity: 0.4167, PPV: 0.7667, NPV: 1.0000, F1: 0.8679
  → New best validation AUC: 0.8986
Epoch 29/50 - Train Loss: 0.6766, Train Acc: 0.6286, Train AUC: 0.7391 - Val Loss: 0.6758, Val Acc (0.5): 0.8000, Val AUC: 0.8877
  Train Best Threshold 0.50 → Balanced Acc: 0.6401, Acc: 0.6286, Sensitivity: 0.6064, Specificity: 0.6739, PPV: 0.7917, NPV: 0.4559, F1: 0.6867
  Val Best Threshold 0.50 → Balanced Acc: 0.7083, Acc: 0.8000, Sensitivity: 1.0000, Specificity: 0.4167, PPV: 0.7667, NPV: 1.0000, F1: 0.8679
Epoch 30/50 - Train Loss: 0.6770, Train Acc: 0.6500, Train AUC: 0.7421 - Val Loss: 0.6763, Val Acc (0.5): 0.8000, Val AUC: 0.8913
  Train Best Threshold 0.50 → Balanced Acc: 0.6672, Acc: 0.6500, Sensitivity: 0.6170, Specificity: 0.7174, PPV: 0.8169, NPV: 0.4783, F1: 0.7030
  Val Best Threshold 0.50 → Balanced Acc: 0.7083, Acc: 0.8000, Sensitivity: 1.0000, Specificity: 0.4167, PPV: 0.7667, NPV: 1.0000, F1: 0.8679
Epoch 31/50 - Train Loss: 0.6856, Train Acc: 0.6571, Train AUC: 0.6936 - Val Loss: 0.6752, Val Acc (0.5): 0.8000, Val AUC: 0.8986
  Train Best Threshold 0.50 → Balanced Acc: 0.6614, Acc: 0.6571, Sensitivity: 0.6489, Specificity: 0.6739, PPV: 0.8026, NPV: 0.4844, F1: 0.7176
  Val Best Threshold 0.50 → Balanced Acc: 0.7083, Acc: 0.8000, Sensitivity: 1.0000, Specificity: 0.4167, PPV: 0.7667, NPV: 1.0000, F1: 0.8679
Epoch 32/50 - Train Loss: 0.6751, Train Acc: 0.6571, Train AUC: 0.7447 - Val Loss: 0.6757, Val Acc (0.5): 0.7714, Val AUC: 0.8949
  Train Best Threshold 0.50 → Balanced Acc: 0.6892, Acc: 0.6571, Sensitivity: 0.5957, Specificity: 0.7826, PPV: 0.8485, NPV: 0.4865, F1: 0.7000
  Val Best Threshold 0.50 → Balanced Acc: 0.6866, Acc: 0.7714, Sensitivity: 0.9565, Specificity: 0.4167, PPV: 0.7586, NPV: 0.8333, F1: 0.8462
Epoch 33/50 - Train Loss: 0.6762, Train Acc: 0.6214, Train AUC: 0.7236 - Val Loss: 0.6748, Val Acc (0.5): 0.8286, Val AUC: 0.8877
  Train Best Threshold 0.50 → Balanced Acc: 0.6237, Acc: 0.6214, Sensitivity: 0.6170, Specificity: 0.6304, PPV: 0.7733, NPV: 0.4462, F1: 0.6864
  Val Best Threshold 0.50 → Balanced Acc: 0.7699, Acc: 0.8286, Sensitivity: 0.9565, Specificity: 0.5833, PPV: 0.8148, NPV: 0.8750, F1: 0.8800
Epoch 34/50 - Train Loss: 0.6798, Train Acc: 0.6357, Train AUC: 0.7114 - Val Loss: 0.6738, Val Acc (0.5): 0.8286, Val AUC: 0.8913
  Train Best Threshold 0.50 → Balanced Acc: 0.6677, Acc: 0.6357, Sensitivity: 0.5745, Specificity: 0.7609, PPV: 0.8308, NPV: 0.4667, F1: 0.6792
  Val Best Threshold 0.50 → Balanced Acc: 0.7699, Acc: 0.8286, Sensitivity: 0.9565, Specificity: 0.5833, PPV: 0.8148, NPV: 0.8750, F1: 0.8800
Epoch 35/50 - Train Loss: 0.6857, Train Acc: 0.5714, Train AUC: 0.6473 - Val Loss: 0.6725, Val Acc (0.5): 0.8286, Val AUC: 0.8877
  Train Best Threshold 0.50 → Balanced Acc: 0.6142, Acc: 0.5714, Sensitivity: 0.4894, Specificity: 0.7391, PPV: 0.7931, NPV: 0.4146, F1: 0.6053
  Val Best Threshold 0.50 → Balanced Acc: 0.7699, Acc: 0.8286, Sensitivity: 0.9565, Specificity: 0.5833, PPV: 0.8148, NPV: 0.8750, F1: 0.8800
Epoch 36/50 - Train Loss: 0.6621, Train Acc: 0.6714, Train AUC: 0.8013 - Val Loss: 0.6714, Val Acc (0.5): 0.8286, Val AUC: 0.8913
  Train Best Threshold 0.50 → Balanced Acc: 0.7165, Acc: 0.6714, Sensitivity: 0.5851, Specificity: 0.8478, PPV: 0.8871, NPV: 0.5000, F1: 0.7051
  Val Best Threshold 0.50 → Balanced Acc: 0.7699, Acc: 0.8286, Sensitivity: 0.9565, Specificity: 0.5833, PPV: 0.8148, NPV: 0.8750, F1: 0.8800
Epoch 37/50 - Train Loss: 0.6737, Train Acc: 0.6214, Train AUC: 0.7172 - Val Loss: 0.6708, Val Acc (0.5): 0.8286, Val AUC: 0.8949
  Train Best Threshold 0.50 → Balanced Acc: 0.6459, Acc: 0.6214, Sensitivity: 0.5745, Specificity: 0.7174, PPV: 0.8060, NPV: 0.4521, F1: 0.6708
  Val Best Threshold 0.50 → Balanced Acc: 0.7699, Acc: 0.8286, Sensitivity: 0.9565, Specificity: 0.5833, PPV: 0.8148, NPV: 0.8750, F1: 0.8800
Epoch 38/50 - Train Loss: 0.6661, Train Acc: 0.6714, Train AUC: 0.7856 - Val Loss: 0.6676, Val Acc (0.5): 0.8286, Val AUC: 0.8949
  Train Best Threshold 0.50 → Balanced Acc: 0.6998, Acc: 0.6714, Sensitivity: 0.6170, Specificity: 0.7826, PPV: 0.8529, NPV: 0.5000, F1: 0.7160
  Val Best Threshold 0.50 → Balanced Acc: 0.7699, Acc: 0.8286, Sensitivity: 0.9565, Specificity: 0.5833, PPV: 0.8148, NPV: 0.8750, F1: 0.8800
Early stopping at epoch 38
Loaded best model with validation AUC: 0.8986
Final Train Results (Best Model) at epoch 28 - Loss: 0.6812, Accuracy: 0.6429, AUC: 0.7569
Final Val Results (Best Model) at epoch 28 - Loss: 0.6762, Accuracy: 0.8000, AUC: 0.8986
Train Best Threshold: 0.50 | Balanced Acc: 0.6619 | Acc: 0.6429 | Sensitivity: 0.6064 | Specificity: 0.7174 | PPV: 0.8143 | NPV: 0.4714 | F1: 0.6951
Train Confusion Matrix at Best Threshold (rows=actual [0,1], cols=predicted [0,1]):
[[33 13]
 [37 57]]
Val Best Threshold: 0.50 | Balanced Acc: 0.7083 | Acc: 0.8000 | Sensitivity: 1.0000 | Specificity: 0.4167 | PPV: 0.7667 | NPV: 1.0000 | F1: 0.8679
Val Confusion Matrix at Best Threshold (rows=actual [0,1], cols=predicted [0,1]):
[[ 5  7]
 [ 0 23]]
======================================================================

Training Results - C1 (Mean Pooling)
======================================================================
Model: C1 (Mean Pooling)
Backbone: efficientnetv2_b0
Pooling: mean
Val AUC: 0.8986
======================================================================
