Starting single train/val split training for C1 (Mean Pooling)
Configuration:
  clinical_csv: data/annotations/175_clinical_5_variables.csv
  image_root: data/nakagami_full
  patient_id_column: NO
  label_column: CL_F2
  image_pattern: Nakagami_image_*.png
  n_folds: 5
  batch_size: 16
  learning_rate: 1e-05
  num_epochs: 50
  early_stopping_patience: 10
  early_stopping_min_delta: 0.001
  backbone: resnet18
  pretrained: True
  device: cuda
  num_workers: 4
  pooling: mean
  attention_hidden: 128
  clinical_dim: 32
  fusion_hidden: 128
  dropout: 0.5
  clinical_features: ['AST', 'ALT', 'PLT', 'APRI', 'FIB_4']
  seed: 42
  no_cv: True
  val_split: 0.2
  weight_decay: 0.0001
  label_smoothing: 0.1
  log_dir: runs/bmode_clinical
Loading clinical data...
Loaded 175 patients from clinical data
Building patient records...
Building patient records from 175 patients...
Image root: data/nakagami_full
Image pattern: Nakagami_image_*.png
Successfully created 175 patient records
Created 175 patient records
Train/Val Split:
  Train: 140 patients (80.0%)
  Val:   35 patients (20.0%)
====================Training single model====================
Train: 140 patients
Val: 35 patients
Fitting clinical preprocessor on training data...
Built clinical feature dictionaries: train=140, val=35
Clinical input dimension: 5
Backbone feature dimension: 512
Created mean pooling model with backbone resnet18
Using device: cuda
Class weights: [1.0, 0.4893617033958435]
Weight decay (L2 reg): 0.0001
Label smoothing: 0.1

Epoch 1/50 - Train Loss: 0.7119, Train Acc: 0.3429, Train AUC: 0.6099 - Val Loss: 0.7458, Val Acc (0.5): 0.3429, Val AUC: 0.5000
  Train Best Threshold 0.35 → Balanced Acc: 0.5842, Acc: 0.6429, Sensitivity: 0.7553, Specificity: 0.4130, PPV: 0.7245, NPV: 0.4524, F1: 0.7396
  Val Best Threshold 0.05 → Balanced Acc: 0.5000, Acc: 0.6571, Sensitivity: 1.0000, Specificity: 0.0000, PPV: 0.6571, NPV: 0.0000, F1: 0.7931
  → New best validation AUC: 0.5000
Epoch 2/50 - Train Loss: 0.7179, Train Acc: 0.3429, Train AUC: 0.5463 - Val Loss: 0.7437, Val Acc (0.5): 0.3429, Val AUC: 0.5471
  Train Best Threshold 0.35 → Balanced Acc: 0.5777, Acc: 0.6714, Sensitivity: 0.8511, Specificity: 0.3043, PPV: 0.7143, NPV: 0.5000, F1: 0.7767
  Val Best Threshold 0.45 → Balanced Acc: 0.5525, Acc: 0.5429, Sensitivity: 0.5217, Specificity: 0.5833, PPV: 0.7059, NPV: 0.3889, F1: 0.6000
  → New best validation AUC: 0.5471
Epoch 3/50 - Train Loss: 0.7289, Train Acc: 0.3500, Train AUC: 0.4748 - Val Loss: 0.7434, Val Acc (0.5): 0.3429, Val AUC: 0.5906
  Train Best Threshold 0.40 → Balanced Acc: 0.5363, Acc: 0.5786, Sensitivity: 0.6596, Specificity: 0.4130, PPV: 0.6966, NPV: 0.3725, F1: 0.6776
  Val Best Threshold 0.45 → Balanced Acc: 0.5743, Acc: 0.5714, Sensitivity: 0.5652, Specificity: 0.5833, PPV: 0.7222, NPV: 0.4118, F1: 0.6341
  → New best validation AUC: 0.5906
Epoch 4/50 - Train Loss: 0.7267, Train Acc: 0.3714, Train AUC: 0.4753 - Val Loss: 0.7387, Val Acc (0.5): 0.3429, Val AUC: 0.6014
  Train Best Threshold 0.35 → Balanced Acc: 0.5118, Acc: 0.6500, Sensitivity: 0.9149, Specificity: 0.1087, PPV: 0.6772, NPV: 0.3846, F1: 0.7783
  Val Best Threshold 0.45 → Balanced Acc: 0.5978, Acc: 0.6286, Sensitivity: 0.6957, Specificity: 0.5000, PPV: 0.7273, NPV: 0.4615, F1: 0.7111
  → New best validation AUC: 0.6014
Epoch 5/50 - Train Loss: 0.7059, Train Acc: 0.3929, Train AUC: 0.5509 - Val Loss: 0.7346, Val Acc (0.5): 0.3429, Val AUC: 0.6486
  Train Best Threshold 0.40 → Balanced Acc: 0.5511, Acc: 0.6357, Sensitivity: 0.7979, Specificity: 0.3043, PPV: 0.7009, NPV: 0.4242, F1: 0.7463
  Val Best Threshold 0.45 → Balanced Acc: 0.5978, Acc: 0.6286, Sensitivity: 0.6957, Specificity: 0.5000, PPV: 0.7273, NPV: 0.4615, F1: 0.7111
  → New best validation AUC: 0.6486
Epoch 6/50 - Train Loss: 0.7393, Train Acc: 0.3714, Train AUC: 0.4022 - Val Loss: 0.7319, Val Acc (0.5): 0.3429, Val AUC: 0.7065
  Train Best Threshold 0.05 → Balanced Acc: 0.5000, Acc: 0.6714, Sensitivity: 1.0000, Specificity: 0.0000, PPV: 0.6714, NPV: 0.0000, F1: 0.8034
  Val Best Threshold 0.45 → Balanced Acc: 0.6395, Acc: 0.6571, Sensitivity: 0.6957, Specificity: 0.5833, PPV: 0.7619, NPV: 0.5000, F1: 0.7273
  → New best validation AUC: 0.7065
Epoch 7/50 - Train Loss: 0.7006, Train Acc: 0.4429, Train AUC: 0.5449 - Val Loss: 0.7302, Val Acc (0.5): 0.3429, Val AUC: 0.7246
  Train Best Threshold 0.45 → Balanced Acc: 0.5370, Acc: 0.5571, Sensitivity: 0.5957, Specificity: 0.4783, PPV: 0.7000, NPV: 0.3667, F1: 0.6437
  Val Best Threshold 0.45 → Balanced Acc: 0.6178, Acc: 0.6286, Sensitivity: 0.6522, Specificity: 0.5833, PPV: 0.7500, NPV: 0.4667, F1: 0.6977
  → New best validation AUC: 0.7246
Epoch 8/50 - Train Loss: 0.6958, Train Acc: 0.4929, Train AUC: 0.5851 - Val Loss: 0.7285, Val Acc (0.5): 0.3714, Val AUC: 0.7500
  Train Best Threshold 0.50 → Balanced Acc: 0.5668, Acc: 0.4929, Sensitivity: 0.3511, Specificity: 0.7826, PPV: 0.7674, NPV: 0.3711, F1: 0.4818
  Val Best Threshold 0.45 → Balanced Acc: 0.6377, Acc: 0.6286, Sensitivity: 0.6087, Specificity: 0.6667, PPV: 0.7778, NPV: 0.4706, F1: 0.6829
  → New best validation AUC: 0.7500
Epoch 9/50 - Train Loss: 0.7044, Train Acc: 0.4643, Train AUC: 0.5569 - Val Loss: 0.7242, Val Acc (0.5): 0.4286, Val AUC: 0.7536
  Train Best Threshold 0.45 → Balanced Acc: 0.5537, Acc: 0.5571, Sensitivity: 0.5638, Specificity: 0.5435, PPV: 0.7162, NPV: 0.3788, F1: 0.6310
  Val Best Threshold 0.45 → Balanced Acc: 0.6395, Acc: 0.6571, Sensitivity: 0.6957, Specificity: 0.5833, PPV: 0.7619, NPV: 0.5000, F1: 0.7273
  → New best validation AUC: 0.7536
Epoch 10/50 - Train Loss: 0.6856, Train Acc: 0.4857, Train AUC: 0.6369 - Val Loss: 0.7211, Val Acc (0.5): 0.4286, Val AUC: 0.7609
  Train Best Threshold 0.45 → Balanced Acc: 0.6385, Acc: 0.6786, Sensitivity: 0.7553, Specificity: 0.5217, PPV: 0.7634, NPV: 0.5106, F1: 0.7594
  Val Best Threshold 0.45 → Balanced Acc: 0.6178, Acc: 0.6286, Sensitivity: 0.6522, Specificity: 0.5833, PPV: 0.7500, NPV: 0.4667, F1: 0.6977
  → New best validation AUC: 0.7609
Epoch 11/50 - Train Loss: 0.6824, Train Acc: 0.5286, Train AUC: 0.6404 - Val Loss: 0.7203, Val Acc (0.5): 0.4857, Val AUC: 0.7862
  Train Best Threshold 0.45 → Balanced Acc: 0.6068, Acc: 0.6286, Sensitivity: 0.6702, Specificity: 0.5435, PPV: 0.7500, NPV: 0.4464, F1: 0.7079
  Val Best Threshold 0.45 → Balanced Acc: 0.6793, Acc: 0.6571, Sensitivity: 0.6087, Specificity: 0.7500, PPV: 0.8235, NPV: 0.5000, F1: 0.7000
  → New best validation AUC: 0.7862
Epoch 12/50 - Train Loss: 0.6815, Train Acc: 0.5786, Train AUC: 0.6760 - Val Loss: 0.7230, Val Acc (0.5): 0.4857, Val AUC: 0.8188
  Train Best Threshold 0.45 → Balanced Acc: 0.6711, Acc: 0.7000, Sensitivity: 0.7553, Specificity: 0.5870, PPV: 0.7889, NPV: 0.5400, F1: 0.7717
  Val Best Threshold 0.45 → Balanced Acc: 0.6757, Acc: 0.6000, Sensitivity: 0.4348, Specificity: 0.9167, PPV: 0.9091, NPV: 0.4583, F1: 0.5882
  → New best validation AUC: 0.8188
Epoch 13/50 - Train Loss: 0.6825, Train Acc: 0.5143, Train AUC: 0.6279 - Val Loss: 0.7203, Val Acc (0.5): 0.4857, Val AUC: 0.8261
  Train Best Threshold 0.50 → Balanced Acc: 0.5939, Acc: 0.5143, Sensitivity: 0.3617, Specificity: 0.8261, PPV: 0.8095, NPV: 0.3878, F1: 0.5000
  Val Best Threshold 0.40 → Balanced Acc: 0.6667, Acc: 0.7714, Sensitivity: 1.0000, Specificity: 0.3333, PPV: 0.7419, NPV: 1.0000, F1: 0.8519
  → New best validation AUC: 0.8261
Epoch 14/50 - Train Loss: 0.6756, Train Acc: 0.5857, Train AUC: 0.6730 - Val Loss: 0.7125, Val Acc (0.5): 0.4857, Val AUC: 0.8696
  Train Best Threshold 0.50 → Balanced Acc: 0.6471, Acc: 0.5857, Sensitivity: 0.4681, Specificity: 0.8261, PPV: 0.8462, NPV: 0.4318, F1: 0.6027
  Val Best Threshold 0.45 → Balanced Acc: 0.6757, Acc: 0.6000, Sensitivity: 0.4348, Specificity: 0.9167, PPV: 0.9091, NPV: 0.4583, F1: 0.5882
  → New best validation AUC: 0.8696
Epoch 15/50 - Train Loss: 0.6834, Train Acc: 0.5429, Train AUC: 0.6489 - Val Loss: 0.7069, Val Acc (0.5): 0.5143, Val AUC: 0.8696
  Train Best Threshold 0.45 → Balanced Acc: 0.6166, Acc: 0.6714, Sensitivity: 0.7766, Specificity: 0.4565, PPV: 0.7449, NPV: 0.5000, F1: 0.7604
  Val Best Threshold 0.45 → Balanced Acc: 0.7409, Acc: 0.6857, Sensitivity: 0.5652, Specificity: 0.9167, PPV: 0.9286, NPV: 0.5238, F1: 0.7027
Epoch 16/50 - Train Loss: 0.6629, Train Acc: 0.6143, Train AUC: 0.6975 - Val Loss: 0.7060, Val Acc (0.5): 0.4857, Val AUC: 0.8732
  Train Best Threshold 0.45 → Balanced Acc: 0.6325, Acc: 0.6929, Sensitivity: 0.8085, Specificity: 0.4565, PPV: 0.7525, NPV: 0.5385, F1: 0.7795
  Val Best Threshold 0.40 → Balanced Acc: 0.6866, Acc: 0.7714, Sensitivity: 0.9565, Specificity: 0.4167, PPV: 0.7586, NPV: 0.8333, F1: 0.8462
  → New best validation AUC: 0.8732
Epoch 17/50 - Train Loss: 0.6771, Train Acc: 0.6000, Train AUC: 0.6633 - Val Loss: 0.7029, Val Acc (0.5): 0.4857, Val AUC: 0.8841
  Train Best Threshold 0.50 → Balanced Acc: 0.6466, Acc: 0.6000, Sensitivity: 0.5106, Specificity: 0.7826, PPV: 0.8276, NPV: 0.4390, F1: 0.6316
  Val Best Threshold 0.40 → Balanced Acc: 0.7699, Acc: 0.8286, Sensitivity: 0.9565, Specificity: 0.5833, PPV: 0.8148, NPV: 0.8750, F1: 0.8800
  → New best validation AUC: 0.8841
Epoch 18/50 - Train Loss: 0.6594, Train Acc: 0.5929, Train AUC: 0.6987 - Val Loss: 0.7006, Val Acc (0.5): 0.4857, Val AUC: 0.8804
  Train Best Threshold 0.55 → Balanced Acc: 0.6376, Acc: 0.5357, Sensitivity: 0.3404, Specificity: 0.9348, PPV: 0.9143, NPV: 0.4095, F1: 0.4961
  Val Best Threshold 0.40 → Balanced Acc: 0.8116, Acc: 0.8571, Sensitivity: 0.9565, Specificity: 0.6667, PPV: 0.8462, NPV: 0.8889, F1: 0.8980
Epoch 19/50 - Train Loss: 0.6776, Train Acc: 0.5500, Train AUC: 0.6270 - Val Loss: 0.6996, Val Acc (0.5): 0.4857, Val AUC: 0.8877
  Train Best Threshold 0.50 → Balanced Acc: 0.6038, Acc: 0.5500, Sensitivity: 0.4468, Specificity: 0.7609, PPV: 0.7925, NPV: 0.4023, F1: 0.5714
  Val Best Threshold 0.40 → Balanced Acc: 0.7899, Acc: 0.8286, Sensitivity: 0.9130, Specificity: 0.6667, PPV: 0.8400, NPV: 0.8000, F1: 0.8750
  → New best validation AUC: 0.8877
Epoch 20/50 - Train Loss: 0.6591, Train Acc: 0.6214, Train AUC: 0.7153 - Val Loss: 0.6953, Val Acc (0.5): 0.5143, Val AUC: 0.8913
  Train Best Threshold 0.50 → Balanced Acc: 0.6515, Acc: 0.6214, Sensitivity: 0.5638, Specificity: 0.7391, PPV: 0.8154, NPV: 0.4533, F1: 0.6667
  Val Best Threshold 0.40 → Balanced Acc: 0.7899, Acc: 0.8286, Sensitivity: 0.9130, Specificity: 0.6667, PPV: 0.8400, NPV: 0.8000, F1: 0.8750
  → New best validation AUC: 0.8913
Epoch 21/50 - Train Loss: 0.6539, Train Acc: 0.6500, Train AUC: 0.7137 - Val Loss: 0.6982, Val Acc (0.5): 0.5143, Val AUC: 0.8768
  Train Best Threshold 0.50 → Balanced Acc: 0.6783, Acc: 0.6500, Sensitivity: 0.5957, Specificity: 0.7609, PPV: 0.8358, NPV: 0.4795, F1: 0.6957
  Val Best Threshold 0.40 → Balanced Acc: 0.7880, Acc: 0.8000, Sensitivity: 0.8261, Specificity: 0.7500, PPV: 0.8636, NPV: 0.6923, F1: 0.8444
Epoch 22/50 - Train Loss: 0.6467, Train Acc: 0.6000, Train AUC: 0.7398 - Val Loss: 0.7005, Val Acc (0.5): 0.5143, Val AUC: 0.8913
  Train Best Threshold 0.45 → Balanced Acc: 0.6607, Acc: 0.6786, Sensitivity: 0.7128, Specificity: 0.6087, PPV: 0.7882, NPV: 0.5091, F1: 0.7486
  Val Best Threshold 0.40 → Balanced Acc: 0.8496, Acc: 0.8286, Sensitivity: 0.7826, Specificity: 0.9167, PPV: 0.9474, NPV: 0.6875, F1: 0.8571
Epoch 23/50 - Train Loss: 0.6599, Train Acc: 0.6357, Train AUC: 0.7102 - Val Loss: 0.6973, Val Acc (0.5): 0.5143, Val AUC: 0.8949
  Train Best Threshold 0.55 → Balanced Acc: 0.6586, Acc: 0.5714, Sensitivity: 0.4043, Specificity: 0.9130, PPV: 0.9048, NPV: 0.4286, F1: 0.5588
  Val Best Threshold 0.40 → Balanced Acc: 0.8496, Acc: 0.8286, Sensitivity: 0.7826, Specificity: 0.9167, PPV: 0.9474, NPV: 0.6875, F1: 0.8571
  → New best validation AUC: 0.8949
Epoch 24/50 - Train Loss: 0.6407, Train Acc: 0.6571, Train AUC: 0.7377 - Val Loss: 0.6930, Val Acc (0.5): 0.5143, Val AUC: 0.9094
  Train Best Threshold 0.55 → Balanced Acc: 0.7070, Acc: 0.6214, Sensitivity: 0.4574, Specificity: 0.9565, PPV: 0.9556, NPV: 0.4632, F1: 0.6187
  Val Best Threshold 0.40 → Balanced Acc: 0.8496, Acc: 0.8286, Sensitivity: 0.7826, Specificity: 0.9167, PPV: 0.9474, NPV: 0.6875, F1: 0.8571
  → New best validation AUC: 0.9094
Epoch 25/50 - Train Loss: 0.6405, Train Acc: 0.6500, Train AUC: 0.7593 - Val Loss: 0.6904, Val Acc (0.5): 0.5143, Val AUC: 0.9058
  Train Best Threshold 0.55 → Balanced Acc: 0.6852, Acc: 0.6071, Sensitivity: 0.4574, Specificity: 0.9130, PPV: 0.9149, NPV: 0.4516, F1: 0.6099
  Val Best Threshold 0.40 → Balanced Acc: 0.8496, Acc: 0.8286, Sensitivity: 0.7826, Specificity: 0.9167, PPV: 0.9474, NPV: 0.6875, F1: 0.8571
Epoch 26/50 - Train Loss: 0.6250, Train Acc: 0.6786, Train AUC: 0.8039 - Val Loss: 0.6987, Val Acc (0.5): 0.5143, Val AUC: 0.9130
  Train Best Threshold 0.40 → Balanced Acc: 0.7403, Acc: 0.7929, Sensitivity: 0.8936, Specificity: 0.5870, PPV: 0.8155, NPV: 0.7297, F1: 0.8528
  Val Best Threshold 0.40 → Balanced Acc: 0.8496, Acc: 0.8286, Sensitivity: 0.7826, Specificity: 0.9167, PPV: 0.9474, NPV: 0.6875, F1: 0.8571
  → New best validation AUC: 0.9130
Epoch 27/50 - Train Loss: 0.6452, Train Acc: 0.5929, Train AUC: 0.7192 - Val Loss: 0.7025, Val Acc (0.5): 0.5143, Val AUC: 0.9167
  Train Best Threshold 0.55 → Balanced Acc: 0.6799, Acc: 0.6000, Sensitivity: 0.4468, Specificity: 0.9130, PPV: 0.9130, NPV: 0.4468, F1: 0.6000
  Val Best Threshold 0.40 → Balanced Acc: 0.8062, Acc: 0.7714, Sensitivity: 0.6957, Specificity: 0.9167, PPV: 0.9412, NPV: 0.6111, F1: 0.8000
  → New best validation AUC: 0.9167
Epoch 28/50 - Train Loss: 0.6160, Train Acc: 0.7286, Train AUC: 0.7986 - Val Loss: 0.7127, Val Acc (0.5): 0.4857, Val AUC: 0.9167
  Train Best Threshold 0.45 → Balanced Acc: 0.7632, Acc: 0.7714, Sensitivity: 0.7872, Specificity: 0.7391, PPV: 0.8605, NPV: 0.6296, F1: 0.8222
  Val Best Threshold 0.35 → Balanced Acc: 0.8297, Acc: 0.8286, Sensitivity: 0.8261, Specificity: 0.8333, PPV: 0.9048, NPV: 0.7143, F1: 0.8636
Epoch 29/50 - Train Loss: 0.6248, Train Acc: 0.6714, Train AUC: 0.7780 - Val Loss: 0.7213, Val Acc (0.5): 0.4857, Val AUC: 0.9275
  Train Best Threshold 0.45 → Balanced Acc: 0.7091, Acc: 0.7286, Sensitivity: 0.7660, Specificity: 0.6522, PPV: 0.8182, NPV: 0.5769, F1: 0.7912
  Val Best Threshold 0.35 → Balanced Acc: 0.8496, Acc: 0.8286, Sensitivity: 0.7826, Specificity: 0.9167, PPV: 0.9474, NPV: 0.6875, F1: 0.8571
  → New best validation AUC: 0.9275
Epoch 30/50 - Train Loss: 0.6477, Train Acc: 0.6357, Train AUC: 0.7209 - Val Loss: 0.7221, Val Acc (0.5): 0.4857, Val AUC: 0.9420
  Train Best Threshold 0.50 → Balanced Acc: 0.6621, Acc: 0.6357, Sensitivity: 0.5851, Specificity: 0.7391, PPV: 0.8209, NPV: 0.4658, F1: 0.6832
  Val Best Threshold 0.35 → Balanced Acc: 0.8496, Acc: 0.8286, Sensitivity: 0.7826, Specificity: 0.9167, PPV: 0.9474, NPV: 0.6875, F1: 0.8571
  → New best validation AUC: 0.9420
Epoch 31/50 - Train Loss: 0.6214, Train Acc: 0.6500, Train AUC: 0.7847 - Val Loss: 0.7183, Val Acc (0.5): 0.4857, Val AUC: 0.9312
  Train Best Threshold 0.55 → Balanced Acc: 0.7068, Acc: 0.6286, Sensitivity: 0.4787, Specificity: 0.9348, PPV: 0.9375, NPV: 0.4674, F1: 0.6338
  Val Best Threshold 0.35 → Balanced Acc: 0.8496, Acc: 0.8286, Sensitivity: 0.7826, Specificity: 0.9167, PPV: 0.9474, NPV: 0.6875, F1: 0.8571
Epoch 32/50 - Train Loss: 0.6038, Train Acc: 0.7000, Train AUC: 0.8231 - Val Loss: 0.7143, Val Acc (0.5): 0.5143, Val AUC: 0.9275
  Train Best Threshold 0.55 → Balanced Acc: 0.7493, Acc: 0.6857, Sensitivity: 0.5638, Specificity: 0.9348, PPV: 0.9464, NPV: 0.5119, F1: 0.7067
  Val Best Threshold 0.35 → Balanced Acc: 0.8496, Acc: 0.8286, Sensitivity: 0.7826, Specificity: 0.9167, PPV: 0.9474, NPV: 0.6875, F1: 0.8571
Epoch 33/50 - Train Loss: 0.6278, Train Acc: 0.6714, Train AUC: 0.7593 - Val Loss: 0.7071, Val Acc (0.5): 0.5143, Val AUC: 0.9275
  Train Best Threshold 0.40 → Balanced Acc: 0.7026, Acc: 0.7571, Sensitivity: 0.8617, Specificity: 0.5435, PPV: 0.7941, NPV: 0.6579, F1: 0.8265
  Val Best Threshold 0.35 → Balanced Acc: 0.8496, Acc: 0.8286, Sensitivity: 0.7826, Specificity: 0.9167, PPV: 0.9474, NPV: 0.6875, F1: 0.8571
Epoch 34/50 - Train Loss: 0.6294, Train Acc: 0.6929, Train AUC: 0.7630 - Val Loss: 0.6835, Val Acc (0.5): 0.5429, Val AUC: 0.9130
  Train Best Threshold 0.50 → Balanced Acc: 0.7158, Acc: 0.6929, Sensitivity: 0.6489, Specificity: 0.7826, PPV: 0.8592, NPV: 0.5217, F1: 0.7394
  Val Best Threshold 0.35 → Balanced Acc: 0.8931, Acc: 0.8857, Sensitivity: 0.8696, Specificity: 0.9167, PPV: 0.9524, NPV: 0.7857, F1: 0.9091
Epoch 35/50 - Train Loss: 0.5915, Train Acc: 0.7071, Train AUC: 0.8210 - Val Loss: 0.6626, Val Acc (0.5): 0.6000, Val AUC: 0.8986
  Train Best Threshold 0.45 → Balanced Acc: 0.7472, Acc: 0.7500, Sensitivity: 0.7553, Specificity: 0.7391, PPV: 0.8554, NPV: 0.5965, F1: 0.8023
  Val Best Threshold 0.40 → Balanced Acc: 0.8496, Acc: 0.8286, Sensitivity: 0.7826, Specificity: 0.9167, PPV: 0.9474, NPV: 0.6875, F1: 0.8571
Epoch 36/50 - Train Loss: 0.6163, Train Acc: 0.6857, Train AUC: 0.7979 - Val Loss: 0.6495, Val Acc (0.5): 0.6000, Val AUC: 0.8913
  Train Best Threshold 0.45 → Balanced Acc: 0.7419, Acc: 0.7429, Sensitivity: 0.7447, Specificity: 0.7391, PPV: 0.8537, NPV: 0.5862, F1: 0.7955
  Val Best Threshold 0.40 → Balanced Acc: 0.8714, Acc: 0.8571, Sensitivity: 0.8261, Specificity: 0.9167, PPV: 0.9500, NPV: 0.7333, F1: 0.8837
Epoch 37/50 - Train Loss: 0.5863, Train Acc: 0.7000, Train AUC: 0.8474 - Val Loss: 0.6699, Val Acc (0.5): 0.5714, Val AUC: 0.9022
  Train Best Threshold 0.40 → Balanced Acc: 0.7620, Acc: 0.8071, Sensitivity: 0.8936, Specificity: 0.6304, PPV: 0.8317, NPV: 0.7436, F1: 0.8615
  Val Best Threshold 0.35 → Balanced Acc: 0.8514, Acc: 0.8571, Sensitivity: 0.8696, Specificity: 0.8333, PPV: 0.9091, NPV: 0.7692, F1: 0.8889
Epoch 38/50 - Train Loss: 0.6166, Train Acc: 0.6571, Train AUC: 0.7826 - Val Loss: 0.7162, Val Acc (0.5): 0.5429, Val AUC: 0.9203
  Train Best Threshold 0.45 → Balanced Acc: 0.7040, Acc: 0.7143, Sensitivity: 0.7340, Specificity: 0.6739, PPV: 0.8214, NPV: 0.5536, F1: 0.7753
  Val Best Threshold 0.35 → Balanced Acc: 0.8279, Acc: 0.8000, Sensitivity: 0.7391, Specificity: 0.9167, PPV: 0.9444, NPV: 0.6471, F1: 0.8293
Epoch 39/50 - Train Loss: 0.5691, Train Acc: 0.7571, Train AUC: 0.8601 - Val Loss: 0.7049, Val Acc (0.5): 0.5429, Val AUC: 0.9167
  Train Best Threshold 0.45 → Balanced Acc: 0.7956, Acc: 0.8000, Sensitivity: 0.8085, Specificity: 0.7826, PPV: 0.8837, NPV: 0.6667, F1: 0.8444
  Val Best Threshold 0.35 → Balanced Acc: 0.8496, Acc: 0.8286, Sensitivity: 0.7826, Specificity: 0.9167, PPV: 0.9474, NPV: 0.6875, F1: 0.8571
Epoch 40/50 - Train Loss: 0.5837, Train Acc: 0.7357, Train AUC: 0.8379 - Val Loss: 0.6793, Val Acc (0.5): 0.5714, Val AUC: 0.9130
  Train Best Threshold 0.50 → Balanced Acc: 0.7810, Acc: 0.7357, Sensitivity: 0.6489, Specificity: 0.9130, PPV: 0.9385, NPV: 0.5600, F1: 0.7673
  Val Best Threshold 0.35 → Balanced Acc: 0.8931, Acc: 0.8857, Sensitivity: 0.8696, Specificity: 0.9167, PPV: 0.9524, NPV: 0.7857, F1: 0.9091
Early stopping at epoch 40
Loaded best model with validation AUC: 0.9420
Final Train Results (Best Model) at epoch 30 - Loss: 0.6195, Accuracy: 0.6643, AUC: 0.8111
Final Val Results (Best Model) at epoch 30 - Loss: 0.7221, Accuracy: 0.4857, AUC: 0.9420
Train Best Threshold: 0.45 | Balanced Acc: 0.7357 | Acc: 0.7643 | Sensitivity: 0.8191 | Specificity: 0.6522 | PPV: 0.8280 | NPV: 0.6383 | F1: 0.8235
Train Confusion Matrix at Best Threshold (rows=actual [0,1], cols=predicted [0,1]):
[[30 16]
 [17 77]]
Val Best Threshold: 0.35 | Balanced Acc: 0.8496 | Acc: 0.8286 | Sensitivity: 0.7826 | Specificity: 0.9167 | PPV: 0.9474 | NPV: 0.6875 | F1: 0.8571
Val Confusion Matrix at Best Threshold (rows=actual [0,1], cols=predicted [0,1]):
[[11  1]
 [ 5 18]]
======================================================================

Training Results - C1 (Mean Pooling)
======================================================================
Model: C1 (Mean Pooling)
Backbone: resnet18
Pooling: mean
Val AUC: 0.9420
======================================================================
