Starting 5-fold cross-validation training for C1 (Mean Pooling)
Configuration:
  clinical_csv: data/annotations/175_clinical_5_variables.csv
  image_root: data/nakagami_roi_cropped
  patient_id_column: NO
  label_column: CL_F2
  image_pattern: Nakagami_ROI_*.png
  n_folds: 5
  batch_size: 16
  learning_rate: 1e-05
  num_epochs: 40
  early_stopping_patience: 10
  early_stopping_min_delta: 0.001
  backbone: resnet18
  pretrained: True
  device: cuda
  num_workers: 4
  pooling: mean
  attention_hidden: 128
  clinical_dim: 32
  fusion_hidden: 128
  dropout: 0.5
  clinical_features: ['AST', 'ALT', 'PLT', 'APRI', 'FIB_4']
  seed: 42
  no_cv: False
  val_split: 0.2
  weight_decay: 0.0001
  label_smoothing: 0.1
  log_dir: runs/bmode_clinical
Loading clinical data...
Loaded 175 patients from clinical data
Building patient records...
Building patient records from 175 patients...
Image root: data/nakagami_roi_cropped
Image pattern: Nakagami_ROI_*.png
Successfully created 175 patient records
Created 175 patient records
Fold 1 class distribution:
  Train: Class 0=47 (33.6%), Class 1=93 (66.4%)
  Val:   Class 0=11 (31.4%), Class 1=24 (68.6%)

======================================================================
Fold 1/5
======================================================================
Train: 140 patients
Val: 35 patients
Fitting clinical preprocessor on training data...
Built clinical feature dictionaries: train=140, val=35
Clinical input dimension: 5
Backbone feature dimension: 512
Created mean pooling model with backbone resnet18
Using device: cuda
Class weights: [1.0, 0.5053763389587402]
Weight decay (L2 reg): 0.0001
Label smoothing: 0.1

Epoch 1/40 - Train Loss: 0.7312, Train Acc: 0.3429, Train AUC: 0.5145 - Val Loss: 0.6783, Val Acc (0.5): 0.3143, Val AUC: 0.6402
  Train Best Threshold 0.45 → Balanced Acc: 0.5168, Acc: 0.4000, Sensitivity: 0.1613, Specificity: 0.8723, PPV: 0.7143, NPV: 0.3445, F1: 0.2632
  Val Best Threshold 0.45 → Balanced Acc: 0.6477, Acc: 0.6857, Sensitivity: 0.7500, Specificity: 0.5455, PPV: 0.7826, NPV: 0.5000, F1: 0.7660
  → New best validation AUC: 0.6402
Epoch 2/40 - Train Loss: 0.7279, Train Acc: 0.3429, Train AUC: 0.4672 - Val Loss: 0.6758, Val Acc (0.5): 0.3143, Val AUC: 0.6250
  Train Best Threshold 0.35 → Balanced Acc: 0.5098, Acc: 0.6214, Sensitivity: 0.8495, Specificity: 0.1702, PPV: 0.6695, NPV: 0.3636, F1: 0.7488
  Val Best Threshold 0.45 → Balanced Acc: 0.5852, Acc: 0.6000, Sensitivity: 0.6250, Specificity: 0.5455, PPV: 0.7500, NPV: 0.4000, F1: 0.6818
Epoch 3/40 - Train Loss: 0.7027, Train Acc: 0.3571, Train AUC: 0.5859 - Val Loss: 0.6723, Val Acc (0.5): 0.3429, Val AUC: 0.6742
  Train Best Threshold 0.45 → Balanced Acc: 0.5764, Acc: 0.5071, Sensitivity: 0.3656, Specificity: 0.7872, PPV: 0.7727, NPV: 0.3854, F1: 0.4964
  Val Best Threshold 0.45 → Balanced Acc: 0.6023, Acc: 0.6571, Sensitivity: 0.7500, Specificity: 0.4545, PPV: 0.7500, NPV: 0.4545, F1: 0.7500
  → New best validation AUC: 0.6742
Epoch 4/40 - Train Loss: 0.7076, Train Acc: 0.3929, Train AUC: 0.5699 - Val Loss: 0.6683, Val Acc (0.5): 0.3429, Val AUC: 0.6742
  Train Best Threshold 0.40 → Balanced Acc: 0.5782, Acc: 0.6214, Sensitivity: 0.7097, Specificity: 0.4468, PPV: 0.7174, NPV: 0.4375, F1: 0.7135
  Val Best Threshold 0.45 → Balanced Acc: 0.6648, Acc: 0.7429, Sensitivity: 0.8750, Specificity: 0.4545, PPV: 0.7778, NPV: 0.6250, F1: 0.8235
Epoch 5/40 - Train Loss: 0.7064, Train Acc: 0.3786, Train AUC: 0.5756 - Val Loss: 0.6658, Val Acc (0.5): 0.3714, Val AUC: 0.6894
  Train Best Threshold 0.45 → Balanced Acc: 0.5824, Acc: 0.5500, Sensitivity: 0.4839, Specificity: 0.6809, PPV: 0.7500, NPV: 0.4000, F1: 0.5882
  Val Best Threshold 0.45 → Balanced Acc: 0.6193, Acc: 0.7143, Sensitivity: 0.8750, Specificity: 0.3636, PPV: 0.7500, NPV: 0.5714, F1: 0.8077
  → New best validation AUC: 0.6894
Epoch 6/40 - Train Loss: 0.6830, Train Acc: 0.5000, Train AUC: 0.6433 - Val Loss: 0.6641, Val Acc (0.5): 0.4000, Val AUC: 0.7008
  Train Best Threshold 0.50 → Balanced Acc: 0.5868, Acc: 0.5000, Sensitivity: 0.3226, Specificity: 0.8511, PPV: 0.8108, NPV: 0.3883, F1: 0.4615
  Val Best Threshold 0.45 → Balanced Acc: 0.6610, Acc: 0.7714, Sensitivity: 0.9583, Specificity: 0.3636, PPV: 0.7667, NPV: 0.8000, F1: 0.8519
  → New best validation AUC: 0.7008
Epoch 7/40 - Train Loss: 0.7026, Train Acc: 0.4429, Train AUC: 0.5324 - Val Loss: 0.6625, Val Acc (0.5): 0.5143, Val AUC: 0.7083
  Train Best Threshold 0.50 → Balanced Acc: 0.5280, Acc: 0.4429, Sensitivity: 0.2688, Specificity: 0.7872, PPV: 0.7143, NPV: 0.3524, F1: 0.3906
  Val Best Threshold 0.45 → Balanced Acc: 0.6155, Acc: 0.7429, Sensitivity: 0.9583, Specificity: 0.2727, PPV: 0.7419, NPV: 0.7500, F1: 0.8364
  → New best validation AUC: 0.7083
Epoch 8/40 - Train Loss: 0.6940, Train Acc: 0.4786, Train AUC: 0.5893 - Val Loss: 0.6614, Val Acc (0.5): 0.6000, Val AUC: 0.6970
  Train Best Threshold 0.40 → Balanced Acc: 0.5896, Acc: 0.6714, Sensitivity: 0.8387, Specificity: 0.3404, PPV: 0.7156, NPV: 0.5161, F1: 0.7723
  Val Best Threshold 0.45 → Balanced Acc: 0.6155, Acc: 0.7429, Sensitivity: 0.9583, Specificity: 0.2727, PPV: 0.7419, NPV: 0.7500, F1: 0.8364
Epoch 9/40 - Train Loss: 0.6883, Train Acc: 0.4786, Train AUC: 0.6115 - Val Loss: 0.6595, Val Acc (0.5): 0.6286, Val AUC: 0.7045
  Train Best Threshold 0.40 → Balanced Acc: 0.5843, Acc: 0.6714, Sensitivity: 0.8495, Specificity: 0.3191, PPV: 0.7117, NPV: 0.5172, F1: 0.7745
  Val Best Threshold 0.45 → Balanced Acc: 0.6155, Acc: 0.7429, Sensitivity: 0.9583, Specificity: 0.2727, PPV: 0.7419, NPV: 0.7500, F1: 0.8364
Epoch 10/40 - Train Loss: 0.6954, Train Acc: 0.5000, Train AUC: 0.5905 - Val Loss: 0.6597, Val Acc (0.5): 0.6857, Val AUC: 0.7008
  Train Best Threshold 0.40 → Balanced Acc: 0.5953, Acc: 0.7000, Sensitivity: 0.9140, Specificity: 0.2766, PPV: 0.7143, NPV: 0.6190, F1: 0.8019
  Val Best Threshold 0.45 → Balanced Acc: 0.6155, Acc: 0.7429, Sensitivity: 0.9583, Specificity: 0.2727, PPV: 0.7419, NPV: 0.7500, F1: 0.8364
Epoch 11/40 - Train Loss: 0.6995, Train Acc: 0.4929, Train AUC: 0.5434 - Val Loss: 0.6591, Val Acc (0.5): 0.7143, Val AUC: 0.7045
  Train Best Threshold 0.40 → Balanced Acc: 0.5418, Acc: 0.6429, Sensitivity: 0.8495, Specificity: 0.2340, PPV: 0.6870, NPV: 0.4400, F1: 0.7596
  Val Best Threshold 0.50 → Balanced Acc: 0.6193, Acc: 0.7143, Sensitivity: 0.8750, Specificity: 0.3636, PPV: 0.7500, NPV: 0.5714, F1: 0.8077
Epoch 12/40 - Train Loss: 0.6992, Train Acc: 0.5214, Train AUC: 0.5745 - Val Loss: 0.6597, Val Acc (0.5): 0.7143, Val AUC: 0.7121
  Train Best Threshold 0.45 → Balanced Acc: 0.5780, Acc: 0.6071, Sensitivity: 0.6667, Specificity: 0.4894, PPV: 0.7209, NPV: 0.4259, F1: 0.6927
  Val Best Threshold 0.50 → Balanced Acc: 0.6193, Acc: 0.7143, Sensitivity: 0.8750, Specificity: 0.3636, PPV: 0.7500, NPV: 0.5714, F1: 0.8077
  → New best validation AUC: 0.7121
Epoch 13/40 - Train Loss: 0.6990, Train Acc: 0.5571, Train AUC: 0.5797 - Val Loss: 0.6614, Val Acc (0.5): 0.7429, Val AUC: 0.7197
  Train Best Threshold 0.50 → Balanced Acc: 0.5983, Acc: 0.5571, Sensitivity: 0.4731, Specificity: 0.7234, PPV: 0.7719, NPV: 0.4096, F1: 0.5867
  Val Best Threshold 0.50 → Balanced Acc: 0.6402, Acc: 0.7429, Sensitivity: 0.9167, Specificity: 0.3636, PPV: 0.7586, NPV: 0.6667, F1: 0.8302
  → New best validation AUC: 0.7197
Epoch 14/40 - Train Loss: 0.6751, Train Acc: 0.6071, Train AUC: 0.6939 - Val Loss: 0.6600, Val Acc (0.5): 0.7429, Val AUC: 0.7235
  Train Best Threshold 0.50 → Balanced Acc: 0.6464, Acc: 0.6071, Sensitivity: 0.5269, Specificity: 0.7660, PPV: 0.8167, NPV: 0.4500, F1: 0.6405
  Val Best Threshold 0.55 → Balanced Acc: 0.6799, Acc: 0.6286, Sensitivity: 0.5417, Specificity: 0.8182, PPV: 0.8667, NPV: 0.4500, F1: 0.6667
  → New best validation AUC: 0.7235
Epoch 15/40 - Train Loss: 0.6878, Train Acc: 0.5429, Train AUC: 0.6090 - Val Loss: 0.6616, Val Acc (0.5): 0.7429, Val AUC: 0.7197
  Train Best Threshold 0.40 → Balanced Acc: 0.5898, Acc: 0.6857, Sensitivity: 0.8817, Specificity: 0.2979, PPV: 0.7130, NPV: 0.5600, F1: 0.7885
  Val Best Threshold 0.50 → Balanced Acc: 0.6155, Acc: 0.7429, Sensitivity: 0.9583, Specificity: 0.2727, PPV: 0.7419, NPV: 0.7500, F1: 0.8364
Epoch 16/40 - Train Loss: 0.6687, Train Acc: 0.5714, Train AUC: 0.6662 - Val Loss: 0.6594, Val Acc (0.5): 0.7429, Val AUC: 0.7197
  Train Best Threshold 0.45 → Balanced Acc: 0.6210, Acc: 0.6643, Sensitivity: 0.7527, Specificity: 0.4894, PPV: 0.7447, NPV: 0.5000, F1: 0.7487
  Val Best Threshold 0.50 → Balanced Acc: 0.6155, Acc: 0.7429, Sensitivity: 0.9583, Specificity: 0.2727, PPV: 0.7419, NPV: 0.7500, F1: 0.8364
Epoch 17/40 - Train Loss: 0.6767, Train Acc: 0.5786, Train AUC: 0.6502 - Val Loss: 0.6585, Val Acc (0.5): 0.7429, Val AUC: 0.7273
  Train Best Threshold 0.50 → Balanced Acc: 0.6091, Acc: 0.5786, Sensitivity: 0.5161, Specificity: 0.7021, PPV: 0.7742, NPV: 0.4231, F1: 0.6194
  Val Best Threshold 0.55 → Balanced Acc: 0.6515, Acc: 0.6571, Sensitivity: 0.6667, Specificity: 0.6364, PPV: 0.8000, NPV: 0.4667, F1: 0.7273
  → New best validation AUC: 0.7273
Epoch 18/40 - Train Loss: 0.6839, Train Acc: 0.5286, Train AUC: 0.6054 - Val Loss: 0.6539, Val Acc (0.5): 0.7429, Val AUC: 0.7235
  Train Best Threshold 0.45 → Balanced Acc: 0.6264, Acc: 0.6714, Sensitivity: 0.7634, Specificity: 0.4894, PPV: 0.7474, NPV: 0.5111, F1: 0.7553
  Val Best Threshold 0.55 → Balanced Acc: 0.6515, Acc: 0.6571, Sensitivity: 0.6667, Specificity: 0.6364, PPV: 0.8000, NPV: 0.4667, F1: 0.7273
Epoch 19/40 - Train Loss: 0.6837, Train Acc: 0.5714, Train AUC: 0.6461 - Val Loss: 0.6499, Val Acc (0.5): 0.7429, Val AUC: 0.7311
  Train Best Threshold 0.45 → Balanced Acc: 0.6155, Acc: 0.6500, Sensitivity: 0.7204, Specificity: 0.5106, PPV: 0.7444, NPV: 0.4800, F1: 0.7322
  Val Best Threshold 0.55 → Balanced Acc: 0.6515, Acc: 0.6571, Sensitivity: 0.6667, Specificity: 0.6364, PPV: 0.8000, NPV: 0.4667, F1: 0.7273
  → New best validation AUC: 0.7311
Epoch 20/40 - Train Loss: 0.6693, Train Acc: 0.5857, Train AUC: 0.6879 - Val Loss: 0.6486, Val Acc (0.5): 0.7429, Val AUC: 0.7273
  Train Best Threshold 0.45 → Balanced Acc: 0.6428, Acc: 0.7071, Sensitivity: 0.8387, Specificity: 0.4468, PPV: 0.7500, NPV: 0.5833, F1: 0.7919
  Val Best Threshold 0.55 → Balanced Acc: 0.6515, Acc: 0.6571, Sensitivity: 0.6667, Specificity: 0.6364, PPV: 0.8000, NPV: 0.4667, F1: 0.7273
Epoch 21/40 - Train Loss: 0.6634, Train Acc: 0.6429, Train AUC: 0.6905 - Val Loss: 0.6486, Val Acc (0.5): 0.7429, Val AUC: 0.7348
  Train Best Threshold 0.50 → Balanced Acc: 0.6733, Acc: 0.6429, Sensitivity: 0.5806, Specificity: 0.7660, PPV: 0.8308, NPV: 0.4800, F1: 0.6835
  Val Best Threshold 0.55 → Balanced Acc: 0.6723, Acc: 0.6857, Sensitivity: 0.7083, Specificity: 0.6364, PPV: 0.8095, NPV: 0.5000, F1: 0.7556
  → New best validation AUC: 0.7348
Epoch 22/40 - Train Loss: 0.6647, Train Acc: 0.5929, Train AUC: 0.6980 - Val Loss: 0.6448, Val Acc (0.5): 0.7143, Val AUC: 0.7235
  Train Best Threshold 0.40 → Balanced Acc: 0.6591, Acc: 0.7429, Sensitivity: 0.9140, Specificity: 0.4043, PPV: 0.7522, NPV: 0.7037, F1: 0.8252
  Val Best Threshold 0.60 → Balanced Acc: 0.6667, Acc: 0.5429, Sensitivity: 0.3333, Specificity: 1.0000, PPV: 1.0000, NPV: 0.4074, F1: 0.5000
Epoch 23/40 - Train Loss: 0.6480, Train Acc: 0.6500, Train AUC: 0.7266 - Val Loss: 0.6440, Val Acc (0.5): 0.7429, Val AUC: 0.7235
  Train Best Threshold 0.50 → Balanced Acc: 0.6734, Acc: 0.6500, Sensitivity: 0.6022, Specificity: 0.7447, PPV: 0.8235, NPV: 0.4861, F1: 0.6957
  Val Best Threshold 0.55 → Balanced Acc: 0.6723, Acc: 0.6857, Sensitivity: 0.7083, Specificity: 0.6364, PPV: 0.8095, NPV: 0.5000, F1: 0.7556
Epoch 24/40 - Train Loss: 0.6607, Train Acc: 0.6143, Train AUC: 0.6806 - Val Loss: 0.6443, Val Acc (0.5): 0.7429, Val AUC: 0.7311
  Train Best Threshold 0.50 → Balanced Acc: 0.6307, Acc: 0.6143, Sensitivity: 0.5806, Specificity: 0.6809, PPV: 0.7826, NPV: 0.4507, F1: 0.6667
  Val Best Threshold 0.55 → Balanced Acc: 0.6269, Acc: 0.6571, Sensitivity: 0.7083, Specificity: 0.5455, PPV: 0.7727, NPV: 0.4615, F1: 0.7391
Epoch 25/40 - Train Loss: 0.6458, Train Acc: 0.6357, Train AUC: 0.7353 - Val Loss: 0.6429, Val Acc (0.5): 0.7429, Val AUC: 0.7197
  Train Best Threshold 0.50 → Balanced Acc: 0.6679, Acc: 0.6357, Sensitivity: 0.5699, Specificity: 0.7660, PPV: 0.8281, NPV: 0.4737, F1: 0.6752
  Val Best Threshold 0.55 → Balanced Acc: 0.6269, Acc: 0.6571, Sensitivity: 0.7083, Specificity: 0.5455, PPV: 0.7727, NPV: 0.4615, F1: 0.7391
Epoch 26/40 - Train Loss: 0.6551, Train Acc: 0.6071, Train AUC: 0.7049 - Val Loss: 0.6379, Val Acc (0.5): 0.7143, Val AUC: 0.7121
  Train Best Threshold 0.45 → Balanced Acc: 0.6474, Acc: 0.6714, Sensitivity: 0.7204, Specificity: 0.5745, PPV: 0.7701, NPV: 0.5094, F1: 0.7444
  Val Best Threshold 0.55 → Balanced Acc: 0.6515, Acc: 0.6571, Sensitivity: 0.6667, Specificity: 0.6364, PPV: 0.8000, NPV: 0.4667, F1: 0.7273
Epoch 27/40 - Train Loss: 0.6658, Train Acc: 0.5714, Train AUC: 0.6744 - Val Loss: 0.6344, Val Acc (0.5): 0.7143, Val AUC: 0.7121
  Train Best Threshold 0.45 → Balanced Acc: 0.6315, Acc: 0.6643, Sensitivity: 0.7312, Specificity: 0.5319, PPV: 0.7556, NPV: 0.5000, F1: 0.7432
  Val Best Threshold 0.55 → Balanced Acc: 0.6515, Acc: 0.6571, Sensitivity: 0.6667, Specificity: 0.6364, PPV: 0.8000, NPV: 0.4667, F1: 0.7273
Epoch 28/40 - Train Loss: 0.6582, Train Acc: 0.6429, Train AUC: 0.6941 - Val Loss: 0.6323, Val Acc (0.5): 0.7143, Val AUC: 0.7045
  Train Best Threshold 0.50 → Balanced Acc: 0.6680, Acc: 0.6429, Sensitivity: 0.5914, Specificity: 0.7447, PPV: 0.8209, NPV: 0.4795, F1: 0.6875
  Val Best Threshold 0.55 → Balanced Acc: 0.6269, Acc: 0.6571, Sensitivity: 0.7083, Specificity: 0.5455, PPV: 0.7727, NPV: 0.4615, F1: 0.7391
Epoch 29/40 - Train Loss: 0.6398, Train Acc: 0.6500, Train AUC: 0.7609 - Val Loss: 0.6326, Val Acc (0.5): 0.7143, Val AUC: 0.7083
  Train Best Threshold 0.45 → Balanced Acc: 0.7062, Acc: 0.7286, Sensitivity: 0.7742, Specificity: 0.6383, PPV: 0.8090, NPV: 0.5882, F1: 0.7912
  Val Best Threshold 0.55 → Balanced Acc: 0.6477, Acc: 0.6857, Sensitivity: 0.7500, Specificity: 0.5455, PPV: 0.7826, NPV: 0.5000, F1: 0.7660
Early stopping at epoch 29
Loaded best model with validation AUC: 0.7348
Final Train Results (Best Model) at epoch 21 - Loss: 0.6578, Accuracy: 0.7143, AUC: 0.7440
Final Val Results (Best Model) at epoch 21 - Loss: 0.6486, Accuracy: 0.7429, AUC: 0.7348
Train Best Threshold: 0.50 | Balanced Acc: 0.7323 | Acc: 0.7143 | Sensitivity: 0.6774 | Specificity: 0.7872 | PPV: 0.8630 | NPV: 0.5522 | F1: 0.7590
Train Confusion Matrix at Best Threshold (rows=actual [0,1], cols=predicted [0,1]):
[[37 10]
 [30 63]]
Val Best Threshold: 0.55 | Balanced Acc: 0.6723 | Acc: 0.6857 | Sensitivity: 0.7083 | Specificity: 0.6364 | PPV: 0.8095 | NPV: 0.5000 | F1: 0.7556
Val Confusion Matrix at Best Threshold (rows=actual [0,1], cols=predicted [0,1]):
[[ 7  4]
 [ 7 17]]
Fold 2 class distribution:
  Train: Class 0=47 (33.6%), Class 1=93 (66.4%)
  Val:   Class 0=11 (31.4%), Class 1=24 (68.6%)

======================================================================
Fold 2/5
======================================================================
Train: 140 patients
Val: 35 patients
Fitting clinical preprocessor on training data...
Built clinical feature dictionaries: train=140, val=35
Clinical input dimension: 5
Backbone feature dimension: 512
Created mean pooling model with backbone resnet18
Using device: cuda
Class weights: [1.0, 0.5053763389587402]
Weight decay (L2 reg): 0.0001
Label smoothing: 0.1

Epoch 1/40 - Train Loss: 0.7095, Train Acc: 0.3571, Train AUC: 0.6271 - Val Loss: 0.6869, Val Acc (0.5): 0.3143, Val AUC: 0.5076
  Train Best Threshold 0.40 → Balanced Acc: 0.6197, Acc: 0.5786, Sensitivity: 0.4946, Specificity: 0.7447, PPV: 0.7931, NPV: 0.4268, F1: 0.6093
  Val Best Threshold 0.05 → Balanced Acc: 0.5000, Acc: 0.6857, Sensitivity: 1.0000, Specificity: 0.0000, PPV: 0.6857, NPV: 0.0000, F1: 0.8136
  → New best validation AUC: 0.5076
Epoch 2/40 - Train Loss: 0.7230, Train Acc: 0.3643, Train AUC: 0.5109 - Val Loss: 0.6848, Val Acc (0.5): 0.3429, Val AUC: 0.5758
  Train Best Threshold 0.35 → Balanced Acc: 0.5312, Acc: 0.6429, Sensitivity: 0.8710, Specificity: 0.1915, PPV: 0.6807, NPV: 0.4286, F1: 0.7642
  Val Best Threshold 0.50 → Balanced Acc: 0.5208, Acc: 0.3429, Sensitivity: 0.0417, Specificity: 1.0000, PPV: 1.0000, NPV: 0.3235, F1: 0.0800
  → New best validation AUC: 0.5758
Epoch 3/40 - Train Loss: 0.7152, Train Acc: 0.3714, Train AUC: 0.5420 - Val Loss: 0.6896, Val Acc (0.5): 0.3714, Val AUC: 0.5189
  Train Best Threshold 0.40 → Balanced Acc: 0.5356, Acc: 0.5857, Sensitivity: 0.6882, Specificity: 0.3830, PPV: 0.6882, NPV: 0.3830, F1: 0.6882
  Val Best Threshold 0.50 → Balanced Acc: 0.5417, Acc: 0.3714, Sensitivity: 0.0833, Specificity: 1.0000, PPV: 1.0000, NPV: 0.3333, F1: 0.1538
Epoch 4/40 - Train Loss: 0.7171, Train Acc: 0.4000, Train AUC: 0.4827 - Val Loss: 0.6955, Val Acc (0.5): 0.5143, Val AUC: 0.5000
  Train Best Threshold 0.50 → Balanced Acc: 0.5168, Acc: 0.4000, Sensitivity: 0.1613, Specificity: 0.8723, PPV: 0.7143, NPV: 0.3445, F1: 0.2632
  Val Best Threshold 0.50 → Balanced Acc: 0.6458, Acc: 0.5143, Sensitivity: 0.2917, Specificity: 1.0000, PPV: 1.0000, NPV: 0.3929, F1: 0.4516
Epoch 5/40 - Train Loss: 0.7073, Train Acc: 0.4429, Train AUC: 0.5710 - Val Loss: 0.6986, Val Acc (0.5): 0.5429, Val AUC: 0.5000
  Train Best Threshold 0.50 → Balanced Acc: 0.5649, Acc: 0.4429, Sensitivity: 0.1935, Specificity: 0.9362, PPV: 0.8571, NPV: 0.3697, F1: 0.3158
  Val Best Threshold 0.50 → Balanced Acc: 0.6667, Acc: 0.5429, Sensitivity: 0.3333, Specificity: 1.0000, PPV: 1.0000, NPV: 0.4074, F1: 0.5000
Epoch 6/40 - Train Loss: 0.6924, Train Acc: 0.4857, Train AUC: 0.6017 - Val Loss: 0.7025, Val Acc (0.5): 0.5429, Val AUC: 0.5189
  Train Best Threshold 0.45 → Balanced Acc: 0.5723, Acc: 0.5786, Sensitivity: 0.5914, Specificity: 0.5532, PPV: 0.7237, NPV: 0.4062, F1: 0.6509
  Val Best Threshold 0.50 → Balanced Acc: 0.5682, Acc: 0.5429, Sensitivity: 0.5000, Specificity: 0.6364, PPV: 0.7500, NPV: 0.3684, F1: 0.6000
Epoch 7/40 - Train Loss: 0.6998, Train Acc: 0.4714, Train AUC: 0.5646 - Val Loss: 0.7034, Val Acc (0.5): 0.5429, Val AUC: 0.5303
  Train Best Threshold 0.45 → Balanced Acc: 0.5563, Acc: 0.5643, Sensitivity: 0.5806, Specificity: 0.5319, PPV: 0.7105, NPV: 0.3906, F1: 0.6391
  Val Best Threshold 0.50 → Balanced Acc: 0.5436, Acc: 0.5429, Sensitivity: 0.5417, Specificity: 0.5455, PPV: 0.7222, NPV: 0.3529, F1: 0.6190
Epoch 8/40 - Train Loss: 0.6885, Train Acc: 0.4929, Train AUC: 0.6207 - Val Loss: 0.7071, Val Acc (0.5): 0.4857, Val AUC: 0.5530
  Train Best Threshold 0.45 → Balanced Acc: 0.6472, Acc: 0.6571, Sensitivity: 0.6774, Specificity: 0.6170, PPV: 0.7778, NPV: 0.4915, F1: 0.7241
  Val Best Threshold 0.55 → Balanced Acc: 0.6042, Acc: 0.4571, Sensitivity: 0.2083, Specificity: 1.0000, PPV: 1.0000, NPV: 0.3667, F1: 0.3448
Epoch 9/40 - Train Loss: 0.6786, Train Acc: 0.5357, Train AUC: 0.6708 - Val Loss: 0.7085, Val Acc (0.5): 0.4857, Val AUC: 0.5455
  Train Best Threshold 0.45 → Balanced Acc: 0.6473, Acc: 0.6643, Sensitivity: 0.6989, Specificity: 0.5957, PPV: 0.7738, NPV: 0.5000, F1: 0.7345
  Val Best Threshold 0.55 → Balanced Acc: 0.6042, Acc: 0.4571, Sensitivity: 0.2083, Specificity: 1.0000, PPV: 1.0000, NPV: 0.3667, F1: 0.3448
Epoch 10/40 - Train Loss: 0.6816, Train Acc: 0.5357, Train AUC: 0.6744 - Val Loss: 0.7114, Val Acc (0.5): 0.4857, Val AUC: 0.5492
  Train Best Threshold 0.45 → Balanced Acc: 0.6744, Acc: 0.7143, Sensitivity: 0.7957, Specificity: 0.5532, PPV: 0.7789, NPV: 0.5778, F1: 0.7872
  Val Best Threshold 0.55 → Balanced Acc: 0.6042, Acc: 0.4571, Sensitivity: 0.2083, Specificity: 1.0000, PPV: 1.0000, NPV: 0.3667, F1: 0.3448
Early stopping at epoch 10
Loaded best model with validation AUC: 0.5758
Final Train Results (Best Model) at epoch 2 - Loss: 0.6970, Accuracy: 0.3429, AUC: 0.6605
Final Val Results (Best Model) at epoch 2 - Loss: 0.6848, Accuracy: 0.3429, AUC: 0.5758
Train Best Threshold: 0.45 | Balanced Acc: 0.6191 | Acc: 0.5429 | Sensitivity: 0.3871 | Specificity: 0.8511 | PPV: 0.8372 | NPV: 0.4124 | F1: 0.5294
Train Confusion Matrix at Best Threshold (rows=actual [0,1], cols=predicted [0,1]):
[[40  7]
 [57 36]]
Val Best Threshold: 0.50 | Balanced Acc: 0.5208 | Acc: 0.3429 | Sensitivity: 0.0417 | Specificity: 1.0000 | PPV: 1.0000 | NPV: 0.3235 | F1: 0.0800
Val Confusion Matrix at Best Threshold (rows=actual [0,1], cols=predicted [0,1]):
[[11  0]
 [23  1]]
Fold 3 class distribution:
  Train: Class 0=46 (32.9%), Class 1=94 (67.1%)
  Val:   Class 0=12 (34.3%), Class 1=23 (65.7%)

======================================================================
Fold 3/5
======================================================================
Train: 140 patients
Val: 35 patients
Fitting clinical preprocessor on training data...
Built clinical feature dictionaries: train=140, val=35
Clinical input dimension: 5
Backbone feature dimension: 512
Created mean pooling model with backbone resnet18
Using device: cuda
Class weights: [1.0, 0.4893617033958435]
Weight decay (L2 reg): 0.0001
Label smoothing: 0.1

Epoch 1/40 - Train Loss: 0.7208, Train Acc: 0.3643, Train AUC: 0.5761 - Val Loss: 0.6900, Val Acc (0.5): 0.4000, Val AUC: 0.4601
  Train Best Threshold 0.40 → Balanced Acc: 0.5604, Acc: 0.5214, Sensitivity: 0.4468, Specificity: 0.6739, PPV: 0.7368, NPV: 0.3735, F1: 0.5563
  Val Best Threshold 0.50 → Balanced Acc: 0.5435, Acc: 0.4000, Sensitivity: 0.0870, Specificity: 1.0000, PPV: 1.0000, NPV: 0.3636, F1: 0.1600
  → New best validation AUC: 0.4601
Epoch 2/40 - Train Loss: 0.7101, Train Acc: 0.3786, Train AUC: 0.5682 - Val Loss: 0.6830, Val Acc (0.5): 0.4000, Val AUC: 0.6522
  Train Best Threshold 0.45 → Balanced Acc: 0.5620, Acc: 0.4714, Sensitivity: 0.2979, Specificity: 0.8261, PPV: 0.7778, NPV: 0.3654, F1: 0.4308
  Val Best Threshold 0.50 → Balanced Acc: 0.5435, Acc: 0.4000, Sensitivity: 0.0870, Specificity: 1.0000, PPV: 1.0000, NPV: 0.3636, F1: 0.1600
  → New best validation AUC: 0.6522
Epoch 3/40 - Train Loss: 0.7027, Train Acc: 0.3786, Train AUC: 0.5833 - Val Loss: 0.6814, Val Acc (0.5): 0.4571, Val AUC: 0.7101
  Train Best Threshold 0.35 → Balanced Acc: 0.5659, Acc: 0.6929, Sensitivity: 0.9362, Specificity: 0.1957, PPV: 0.7040, NPV: 0.6000, F1: 0.8037
  Val Best Threshold 0.50 → Balanced Acc: 0.5670, Acc: 0.4571, Sensitivity: 0.2174, Specificity: 0.9167, PPV: 0.8333, NPV: 0.3793, F1: 0.3448
  → New best validation AUC: 0.7101
Epoch 4/40 - Train Loss: 0.7098, Train Acc: 0.3929, Train AUC: 0.5738 - Val Loss: 0.6807, Val Acc (0.5): 0.6286, Val AUC: 0.7355
  Train Best Threshold 0.40 → Balanced Acc: 0.5680, Acc: 0.6286, Sensitivity: 0.7447, Specificity: 0.3913, PPV: 0.7143, NPV: 0.4286, F1: 0.7292
  Val Best Threshold 0.50 → Balanced Acc: 0.6975, Acc: 0.6286, Sensitivity: 0.4783, Specificity: 0.9167, PPV: 0.9167, NPV: 0.4783, F1: 0.6286
  → New best validation AUC: 0.7355
Epoch 5/40 - Train Loss: 0.6900, Train Acc: 0.4500, Train AUC: 0.5934 - Val Loss: 0.6822, Val Acc (0.5): 0.6857, Val AUC: 0.7464
  Train Best Threshold 0.50 → Balanced Acc: 0.5738, Acc: 0.4500, Sensitivity: 0.2128, Specificity: 0.9348, PPV: 0.8696, NPV: 0.3675, F1: 0.3419
  Val Best Threshold 0.50 → Balanced Acc: 0.7409, Acc: 0.6857, Sensitivity: 0.5652, Specificity: 0.9167, PPV: 0.9286, NPV: 0.5238, F1: 0.7027
  → New best validation AUC: 0.7464
Epoch 6/40 - Train Loss: 0.6905, Train Acc: 0.4500, Train AUC: 0.6038 - Val Loss: 0.6827, Val Acc (0.5): 0.6857, Val AUC: 0.7609
  Train Best Threshold 0.35 → Balanced Acc: 0.5710, Acc: 0.7071, Sensitivity: 0.9681, Specificity: 0.1739, PPV: 0.7054, NPV: 0.7273, F1: 0.8161
  Val Best Threshold 0.50 → Balanced Acc: 0.7210, Acc: 0.6857, Sensitivity: 0.6087, Specificity: 0.8333, PPV: 0.8750, NPV: 0.5263, F1: 0.7179
  → New best validation AUC: 0.7609
Epoch 7/40 - Train Loss: 0.7204, Train Acc: 0.4286, Train AUC: 0.4847 - Val Loss: 0.6836, Val Acc (0.5): 0.7429, Val AUC: 0.7754
  Train Best Threshold 0.35 → Balanced Acc: 0.5113, Acc: 0.6643, Sensitivity: 0.9574, Specificity: 0.0652, PPV: 0.6767, NPV: 0.4286, F1: 0.7930
  Val Best Threshold 0.50 → Balanced Acc: 0.7645, Acc: 0.7429, Sensitivity: 0.6957, Specificity: 0.8333, PPV: 0.8889, NPV: 0.5882, F1: 0.7805
  → New best validation AUC: 0.7754
Epoch 8/40 - Train Loss: 0.7038, Train Acc: 0.4929, Train AUC: 0.5786 - Val Loss: 0.6862, Val Acc (0.5): 0.7143, Val AUC: 0.7826
  Train Best Threshold 0.50 → Balanced Acc: 0.5557, Acc: 0.4929, Sensitivity: 0.3723, Specificity: 0.7391, PPV: 0.7447, NPV: 0.3656, F1: 0.4965
  Val Best Threshold 0.50 → Balanced Acc: 0.6830, Acc: 0.7143, Sensitivity: 0.7826, Specificity: 0.5833, PPV: 0.7826, NPV: 0.5833, F1: 0.7826
  → New best validation AUC: 0.7826
Epoch 9/40 - Train Loss: 0.6718, Train Acc: 0.5571, Train AUC: 0.6795 - Val Loss: 0.6874, Val Acc (0.5): 0.7429, Val AUC: 0.7790
  Train Best Threshold 0.50 → Balanced Acc: 0.6314, Acc: 0.5571, Sensitivity: 0.4149, Specificity: 0.8478, PPV: 0.8478, NPV: 0.4149, F1: 0.5571
  Val Best Threshold 0.50 → Balanced Acc: 0.6848, Acc: 0.7429, Sensitivity: 0.8696, Specificity: 0.5000, PPV: 0.7692, NPV: 0.6667, F1: 0.8163
Epoch 10/40 - Train Loss: 0.6994, Train Acc: 0.5000, Train AUC: 0.5830 - Val Loss: 0.6863, Val Acc (0.5): 0.7429, Val AUC: 0.7862
  Train Best Threshold 0.50 → Balanced Acc: 0.5500, Acc: 0.5000, Sensitivity: 0.4043, Specificity: 0.6957, PPV: 0.7308, NPV: 0.3636, F1: 0.5205
  Val Best Threshold 0.50 → Balanced Acc: 0.6848, Acc: 0.7429, Sensitivity: 0.8696, Specificity: 0.5000, PPV: 0.7692, NPV: 0.6667, F1: 0.8163
  → New best validation AUC: 0.7862
Epoch 11/40 - Train Loss: 0.6743, Train Acc: 0.5643, Train AUC: 0.6651 - Val Loss: 0.6843, Val Acc (0.5): 0.7429, Val AUC: 0.7862
  Train Best Threshold 0.45 → Balanced Acc: 0.6501, Acc: 0.6643, Sensitivity: 0.6915, Specificity: 0.6087, PPV: 0.7831, NPV: 0.4912, F1: 0.7345
  Val Best Threshold 0.50 → Balanced Acc: 0.6848, Acc: 0.7429, Sensitivity: 0.8696, Specificity: 0.5000, PPV: 0.7692, NPV: 0.6667, F1: 0.8163
Epoch 12/40 - Train Loss: 0.6909, Train Acc: 0.4929, Train AUC: 0.5833 - Val Loss: 0.6864, Val Acc (0.5): 0.7429, Val AUC: 0.7935
  Train Best Threshold 0.55 → Balanced Acc: 0.5629, Acc: 0.4429, Sensitivity: 0.2128, Specificity: 0.9130, PPV: 0.8333, NPV: 0.3621, F1: 0.3390
  Val Best Threshold 0.55 → Balanced Acc: 0.6975, Acc: 0.6286, Sensitivity: 0.4783, Specificity: 0.9167, PPV: 0.9167, NPV: 0.4783, F1: 0.6286
  → New best validation AUC: 0.7935
Epoch 13/40 - Train Loss: 0.6836, Train Acc: 0.5429, Train AUC: 0.6397 - Val Loss: 0.6878, Val Acc (0.5): 0.7143, Val AUC: 0.7971
  Train Best Threshold 0.45 → Balanced Acc: 0.6230, Acc: 0.6429, Sensitivity: 0.6809, Specificity: 0.5652, PPV: 0.7619, NPV: 0.4643, F1: 0.7191
  Val Best Threshold 0.55 → Balanced Acc: 0.7409, Acc: 0.6857, Sensitivity: 0.5652, Specificity: 0.9167, PPV: 0.9286, NPV: 0.5238, F1: 0.7027
  → New best validation AUC: 0.7971
Epoch 14/40 - Train Loss: 0.6796, Train Acc: 0.5500, Train AUC: 0.6598 - Val Loss: 0.6848, Val Acc (0.5): 0.7429, Val AUC: 0.7935
  Train Best Threshold 0.50 → Balanced Acc: 0.6094, Acc: 0.5500, Sensitivity: 0.4362, Specificity: 0.7826, PPV: 0.8039, NPV: 0.4045, F1: 0.5655
  Val Best Threshold 0.55 → Balanced Acc: 0.7192, Acc: 0.6571, Sensitivity: 0.5217, Specificity: 0.9167, PPV: 0.9231, NPV: 0.5000, F1: 0.6667
Epoch 15/40 - Train Loss: 0.6865, Train Acc: 0.5500, Train AUC: 0.6101 - Val Loss: 0.6863, Val Acc (0.5): 0.7429, Val AUC: 0.7935
  Train Best Threshold 0.55 → Balanced Acc: 0.6110, Acc: 0.5000, Sensitivity: 0.2872, Specificity: 0.9348, PPV: 0.9000, NPV: 0.3909, F1: 0.4355
  Val Best Threshold 0.55 → Balanced Acc: 0.6993, Acc: 0.6571, Sensitivity: 0.5652, Specificity: 0.8333, PPV: 0.8667, NPV: 0.5000, F1: 0.6842
Epoch 16/40 - Train Loss: 0.6834, Train Acc: 0.5571, Train AUC: 0.6339 - Val Loss: 0.6831, Val Acc (0.5): 0.7429, Val AUC: 0.7899
  Train Best Threshold 0.45 → Balanced Acc: 0.6115, Acc: 0.6571, Sensitivity: 0.7447, Specificity: 0.4783, PPV: 0.7447, NPV: 0.4783, F1: 0.7447
  Val Best Threshold 0.55 → Balanced Acc: 0.7627, Acc: 0.7143, Sensitivity: 0.6087, Specificity: 0.9167, PPV: 0.9333, NPV: 0.5500, F1: 0.7368
Epoch 17/40 - Train Loss: 0.6901, Train Acc: 0.4857, Train AUC: 0.5717 - Val Loss: 0.6827, Val Acc (0.5): 0.7429, Val AUC: 0.7899
  Train Best Threshold 0.55 → Balanced Acc: 0.5726, Acc: 0.4857, Sensitivity: 0.3191, Specificity: 0.8261, PPV: 0.7895, NPV: 0.3725, F1: 0.4545
  Val Best Threshold 0.55 → Balanced Acc: 0.7210, Acc: 0.6857, Sensitivity: 0.6087, Specificity: 0.8333, PPV: 0.8750, NPV: 0.5263, F1: 0.7179
Epoch 18/40 - Train Loss: 0.6756, Train Acc: 0.5643, Train AUC: 0.6452 - Val Loss: 0.6769, Val Acc (0.5): 0.7714, Val AUC: 0.7935
  Train Best Threshold 0.40 → Balanced Acc: 0.5934, Acc: 0.7000, Sensitivity: 0.9043, Specificity: 0.2826, PPV: 0.7203, NPV: 0.5909, F1: 0.8019
  Val Best Threshold 0.55 → Balanced Acc: 0.7409, Acc: 0.6857, Sensitivity: 0.5652, Specificity: 0.9167, PPV: 0.9286, NPV: 0.5238, F1: 0.7027
Epoch 19/40 - Train Loss: 0.6791, Train Acc: 0.5500, Train AUC: 0.6376 - Val Loss: 0.6707, Val Acc (0.5): 0.8000, Val AUC: 0.7935
  Train Best Threshold 0.45 → Balanced Acc: 0.6489, Acc: 0.7000, Sensitivity: 0.7979, Specificity: 0.5000, PPV: 0.7653, NPV: 0.5476, F1: 0.7812
  Val Best Threshold 0.50 → Balanced Acc: 0.7681, Acc: 0.8000, Sensitivity: 0.8696, Specificity: 0.6667, PPV: 0.8333, NPV: 0.7273, F1: 0.8511
Epoch 20/40 - Train Loss: 0.6636, Train Acc: 0.6286, Train AUC: 0.6936 - Val Loss: 0.6696, Val Acc (0.5): 0.8000, Val AUC: 0.7971
  Train Best Threshold 0.50 → Balanced Acc: 0.6735, Acc: 0.6286, Sensitivity: 0.5426, Specificity: 0.8043, PPV: 0.8500, NPV: 0.4625, F1: 0.6623
  Val Best Threshold 0.50 → Balanced Acc: 0.7681, Acc: 0.8000, Sensitivity: 0.8696, Specificity: 0.6667, PPV: 0.8333, NPV: 0.7273, F1: 0.8511
Epoch 21/40 - Train Loss: 0.6838, Train Acc: 0.5500, Train AUC: 0.6161 - Val Loss: 0.6692, Val Acc (0.5): 0.8000, Val AUC: 0.7971
  Train Best Threshold 0.45 → Balanced Acc: 0.5738, Acc: 0.6214, Sensitivity: 0.7128, Specificity: 0.4348, PPV: 0.7204, NPV: 0.4255, F1: 0.7166
  Val Best Threshold 0.50 → Balanced Acc: 0.7681, Acc: 0.8000, Sensitivity: 0.8696, Specificity: 0.6667, PPV: 0.8333, NPV: 0.7273, F1: 0.8511
Early stopping at epoch 21
Loaded best model with validation AUC: 0.7971
Final Train Results (Best Model) at epoch 13 - Loss: 0.6861, Accuracy: 0.5214, AUC: 0.6330
Final Val Results (Best Model) at epoch 13 - Loss: 0.6878, Accuracy: 0.7143, AUC: 0.7971
Train Best Threshold: 0.45 | Balanced Acc: 0.6103 | Acc: 0.6929 | Sensitivity: 0.8511 | Specificity: 0.3696 | PPV: 0.7339 | NPV: 0.5484 | F1: 0.7882
Train Confusion Matrix at Best Threshold (rows=actual [0,1], cols=predicted [0,1]):
[[17 29]
 [14 80]]
Val Best Threshold: 0.55 | Balanced Acc: 0.7409 | Acc: 0.6857 | Sensitivity: 0.5652 | Specificity: 0.9167 | PPV: 0.9286 | NPV: 0.5238 | F1: 0.7027
Val Confusion Matrix at Best Threshold (rows=actual [0,1], cols=predicted [0,1]):
[[11  1]
 [10 13]]
Fold 4 class distribution:
  Train: Class 0=46 (32.9%), Class 1=94 (67.1%)
  Val:   Class 0=12 (34.3%), Class 1=23 (65.7%)

======================================================================
Fold 4/5
======================================================================
Train: 140 patients
Val: 35 patients
Fitting clinical preprocessor on training data...
Built clinical feature dictionaries: train=140, val=35
Clinical input dimension: 5
Backbone feature dimension: 512
Created mean pooling model with backbone resnet18
Using device: cuda
Class weights: [1.0, 0.4893617033958435]
Weight decay (L2 reg): 0.0001
Label smoothing: 0.1

Epoch 1/40 - Train Loss: 0.7386, Train Acc: 0.3643, Train AUC: 0.5178 - Val Loss: 0.6812, Val Acc (0.5): 0.3429, Val AUC: 0.5870
  Train Best Threshold 0.35 → Balanced Acc: 0.5409, Acc: 0.6071, Sensitivity: 0.7340, Specificity: 0.3478, PPV: 0.6970, NPV: 0.3902, F1: 0.7150
  Val Best Threshold 0.45 → Balanced Acc: 0.5145, Acc: 0.5714, Sensitivity: 0.6957, Specificity: 0.3333, PPV: 0.6667, NPV: 0.3636, F1: 0.6809
  → New best validation AUC: 0.5870
Epoch 2/40 - Train Loss: 0.7052, Train Acc: 0.3857, Train AUC: 0.5927 - Val Loss: 0.6805, Val Acc (0.5): 0.3429, Val AUC: 0.6522
  Train Best Threshold 0.40 → Balanced Acc: 0.5643, Acc: 0.5714, Sensitivity: 0.5851, Specificity: 0.5435, PPV: 0.7237, NPV: 0.3906, F1: 0.6471
  Val Best Threshold 0.45 → Balanced Acc: 0.6377, Acc: 0.6286, Sensitivity: 0.6087, Specificity: 0.6667, PPV: 0.7778, NPV: 0.4706, F1: 0.6829
  → New best validation AUC: 0.6522
Epoch 3/40 - Train Loss: 0.7266, Train Acc: 0.3714, Train AUC: 0.4635 - Val Loss: 0.6812, Val Acc (0.5): 0.4000, Val AUC: 0.6630
  Train Best Threshold 0.50 → Balanced Acc: 0.5208, Acc: 0.3714, Sensitivity: 0.0851, Specificity: 0.9565, PPV: 0.8000, NPV: 0.3385, F1: 0.1538
  Val Best Threshold 0.45 → Balanced Acc: 0.5562, Acc: 0.6000, Sensitivity: 0.6957, Specificity: 0.4167, PPV: 0.6957, NPV: 0.4167, F1: 0.6957
  → New best validation AUC: 0.6630
Epoch 4/40 - Train Loss: 0.7181, Train Acc: 0.3786, Train AUC: 0.4977 - Val Loss: 0.6802, Val Acc (0.5): 0.4571, Val AUC: 0.6920
  Train Best Threshold 0.40 → Balanced Acc: 0.5093, Acc: 0.5571, Sensitivity: 0.6489, Specificity: 0.3696, PPV: 0.6778, NPV: 0.3400, F1: 0.6630
  Val Best Threshold 0.45 → Balanced Acc: 0.6449, Acc: 0.7429, Sensitivity: 0.9565, Specificity: 0.3333, PPV: 0.7333, NPV: 0.8000, F1: 0.8302
  → New best validation AUC: 0.6920
Epoch 5/40 - Train Loss: 0.7108, Train Acc: 0.4071, Train AUC: 0.5412 - Val Loss: 0.6831, Val Acc (0.5): 0.6000, Val AUC: 0.6957
  Train Best Threshold 0.50 → Balanced Acc: 0.5363, Acc: 0.4071, Sensitivity: 0.1596, Specificity: 0.9130, PPV: 0.7895, NPV: 0.3471, F1: 0.2655
  Val Best Threshold 0.50 → Balanced Acc: 0.6558, Acc: 0.6000, Sensitivity: 0.4783, Specificity: 0.8333, PPV: 0.8462, NPV: 0.4545, F1: 0.6111
  → New best validation AUC: 0.6957
Epoch 6/40 - Train Loss: 0.7042, Train Acc: 0.4571, Train AUC: 0.5546 - Val Loss: 0.6859, Val Acc (0.5): 0.6286, Val AUC: 0.6957
  Train Best Threshold 0.45 → Balanced Acc: 0.5643, Acc: 0.5714, Sensitivity: 0.5851, Specificity: 0.5435, PPV: 0.7237, NPV: 0.3906, F1: 0.6471
  Val Best Threshold 0.50 → Balanced Acc: 0.6576, Acc: 0.6286, Sensitivity: 0.5652, Specificity: 0.7500, PPV: 0.8125, NPV: 0.4737, F1: 0.6667
Epoch 7/40 - Train Loss: 0.7222, Train Acc: 0.4000, Train AUC: 0.4910 - Val Loss: 0.6842, Val Acc (0.5): 0.6286, Val AUC: 0.7210
  Train Best Threshold 0.40 → Balanced Acc: 0.5294, Acc: 0.6214, Sensitivity: 0.7979, Specificity: 0.2609, PPV: 0.6881, NPV: 0.3871, F1: 0.7389
  Val Best Threshold 0.50 → Balanced Acc: 0.6576, Acc: 0.6286, Sensitivity: 0.5652, Specificity: 0.7500, PPV: 0.8125, NPV: 0.4737, F1: 0.6667
  → New best validation AUC: 0.7210
Epoch 8/40 - Train Loss: 0.6964, Train Acc: 0.5000, Train AUC: 0.5761 - Val Loss: 0.6862, Val Acc (0.5): 0.5714, Val AUC: 0.7138
  Train Best Threshold 0.50 → Balanced Acc: 0.5666, Acc: 0.5000, Sensitivity: 0.3723, Specificity: 0.7609, PPV: 0.7609, NPV: 0.3723, F1: 0.5000
  Val Best Threshold 0.45 → Balanced Acc: 0.5616, Acc: 0.6857, Sensitivity: 0.9565, Specificity: 0.1667, PPV: 0.6875, NPV: 0.6667, F1: 0.8000
Epoch 9/40 - Train Loss: 0.6914, Train Acc: 0.4714, Train AUC: 0.6011 - Val Loss: 0.6816, Val Acc (0.5): 0.6000, Val AUC: 0.7283
  Train Best Threshold 0.40 → Balanced Acc: 0.5564, Acc: 0.6429, Sensitivity: 0.8085, Specificity: 0.3043, PPV: 0.7037, NPV: 0.4375, F1: 0.7525
  Val Best Threshold 0.45 → Balanced Acc: 0.6033, Acc: 0.7143, Sensitivity: 0.9565, Specificity: 0.2500, PPV: 0.7097, NPV: 0.7500, F1: 0.8148
  → New best validation AUC: 0.7283
Epoch 10/40 - Train Loss: 0.6996, Train Acc: 0.5000, Train AUC: 0.5826 - Val Loss: 0.6816, Val Acc (0.5): 0.6571, Val AUC: 0.7428
  Train Best Threshold 0.45 → Balanced Acc: 0.6179, Acc: 0.6286, Sensitivity: 0.6489, Specificity: 0.5870, PPV: 0.7625, NPV: 0.4500, F1: 0.7011
  Val Best Threshold 0.50 → Balanced Acc: 0.6594, Acc: 0.6571, Sensitivity: 0.6522, Specificity: 0.6667, PPV: 0.7895, NPV: 0.5000, F1: 0.7143
  → New best validation AUC: 0.7428
Epoch 11/40 - Train Loss: 0.6993, Train Acc: 0.5000, Train AUC: 0.5458 - Val Loss: 0.6804, Val Acc (0.5): 0.6286, Val AUC: 0.7464
  Train Best Threshold 0.50 → Balanced Acc: 0.5500, Acc: 0.5000, Sensitivity: 0.4043, Specificity: 0.6957, PPV: 0.7308, NPV: 0.3636, F1: 0.5205
  Val Best Threshold 0.50 → Balanced Acc: 0.6178, Acc: 0.6286, Sensitivity: 0.6522, Specificity: 0.5833, PPV: 0.7500, NPV: 0.4667, F1: 0.6977
  → New best validation AUC: 0.7464
Epoch 12/40 - Train Loss: 0.6911, Train Acc: 0.5000, Train AUC: 0.6184 - Val Loss: 0.6792, Val Acc (0.5): 0.6286, Val AUC: 0.7500
  Train Best Threshold 0.50 → Balanced Acc: 0.5888, Acc: 0.5000, Sensitivity: 0.3298, Specificity: 0.8478, PPV: 0.8158, NPV: 0.3824, F1: 0.4697
  Val Best Threshold 0.50 → Balanced Acc: 0.6178, Acc: 0.6286, Sensitivity: 0.6522, Specificity: 0.5833, PPV: 0.7500, NPV: 0.4667, F1: 0.6977
  → New best validation AUC: 0.7500
Epoch 13/40 - Train Loss: 0.6771, Train Acc: 0.5071, Train AUC: 0.6603 - Val Loss: 0.6796, Val Acc (0.5): 0.6286, Val AUC: 0.7464
  Train Best Threshold 0.45 → Balanced Acc: 0.6068, Acc: 0.6286, Sensitivity: 0.6702, Specificity: 0.5435, PPV: 0.7500, NPV: 0.4464, F1: 0.7079
  Val Best Threshold 0.50 → Balanced Acc: 0.6178, Acc: 0.6286, Sensitivity: 0.6522, Specificity: 0.5833, PPV: 0.7500, NPV: 0.4667, F1: 0.6977
Epoch 14/40 - Train Loss: 0.6761, Train Acc: 0.5786, Train AUC: 0.6915 - Val Loss: 0.6813, Val Acc (0.5): 0.6571, Val AUC: 0.7391
  Train Best Threshold 0.50 → Balanced Acc: 0.6362, Acc: 0.5786, Sensitivity: 0.4681, Specificity: 0.8043, PPV: 0.8302, NPV: 0.4253, F1: 0.5986
  Val Best Threshold 0.50 → Balanced Acc: 0.6395, Acc: 0.6571, Sensitivity: 0.6957, Specificity: 0.5833, PPV: 0.7619, NPV: 0.5000, F1: 0.7273
Epoch 15/40 - Train Loss: 0.6788, Train Acc: 0.5643, Train AUC: 0.6519 - Val Loss: 0.6817, Val Acc (0.5): 0.6571, Val AUC: 0.7464
  Train Best Threshold 0.50 → Balanced Acc: 0.6145, Acc: 0.5643, Sensitivity: 0.4681, Specificity: 0.7609, PPV: 0.8000, NPV: 0.4118, F1: 0.5906
  Val Best Threshold 0.45 → Balanced Acc: 0.6250, Acc: 0.7429, Sensitivity: 1.0000, Specificity: 0.2500, PPV: 0.7188, NPV: 1.0000, F1: 0.8364
Epoch 16/40 - Train Loss: 0.6761, Train Acc: 0.5929, Train AUC: 0.6633 - Val Loss: 0.6817, Val Acc (0.5): 0.6571, Val AUC: 0.7464
  Train Best Threshold 0.45 → Balanced Acc: 0.6274, Acc: 0.6786, Sensitivity: 0.7766, Specificity: 0.4783, PPV: 0.7526, NPV: 0.5116, F1: 0.7644
  Val Best Threshold 0.45 → Balanced Acc: 0.6250, Acc: 0.7429, Sensitivity: 1.0000, Specificity: 0.2500, PPV: 0.7188, NPV: 1.0000, F1: 0.8364
Epoch 17/40 - Train Loss: 0.6754, Train Acc: 0.5786, Train AUC: 0.6471 - Val Loss: 0.6826, Val Acc (0.5): 0.6571, Val AUC: 0.7464
  Train Best Threshold 0.50 → Balanced Acc: 0.6085, Acc: 0.5786, Sensitivity: 0.5213, Specificity: 0.6957, PPV: 0.7778, NPV: 0.4156, F1: 0.6242
  Val Best Threshold 0.55 → Balanced Acc: 0.6540, Acc: 0.5714, Sensitivity: 0.3913, Specificity: 0.9167, PPV: 0.9000, NPV: 0.4400, F1: 0.5455
Epoch 18/40 - Train Loss: 0.6800, Train Acc: 0.5643, Train AUC: 0.6286 - Val Loss: 0.6806, Val Acc (0.5): 0.6571, Val AUC: 0.7536
  Train Best Threshold 0.55 → Balanced Acc: 0.5997, Acc: 0.5071, Sensitivity: 0.3298, Specificity: 0.8696, PPV: 0.8378, NPV: 0.3883, F1: 0.4733
  Val Best Threshold 0.55 → Balanced Acc: 0.6540, Acc: 0.5714, Sensitivity: 0.3913, Specificity: 0.9167, PPV: 0.9000, NPV: 0.4400, F1: 0.5455
  → New best validation AUC: 0.7536
Epoch 19/40 - Train Loss: 0.6591, Train Acc: 0.6214, Train AUC: 0.7276 - Val Loss: 0.6812, Val Acc (0.5): 0.6571, Val AUC: 0.7428
  Train Best Threshold 0.50 → Balanced Acc: 0.6681, Acc: 0.6214, Sensitivity: 0.5319, Specificity: 0.8043, PPV: 0.8475, NPV: 0.4568, F1: 0.6536
  Val Best Threshold 0.55 → Balanced Acc: 0.6540, Acc: 0.5714, Sensitivity: 0.3913, Specificity: 0.9167, PPV: 0.9000, NPV: 0.4400, F1: 0.5455
Epoch 20/40 - Train Loss: 0.6628, Train Acc: 0.5786, Train AUC: 0.6977 - Val Loss: 0.6780, Val Acc (0.5): 0.6571, Val AUC: 0.7609
  Train Best Threshold 0.45 → Balanced Acc: 0.6388, Acc: 0.6714, Sensitivity: 0.7340, Specificity: 0.5435, PPV: 0.7667, NPV: 0.5000, F1: 0.7500
  Val Best Threshold 0.45 → Balanced Acc: 0.6667, Acc: 0.7714, Sensitivity: 1.0000, Specificity: 0.3333, PPV: 0.7419, NPV: 1.0000, F1: 0.8519
  → New best validation AUC: 0.7609
Epoch 21/40 - Train Loss: 0.6834, Train Acc: 0.5857, Train AUC: 0.6534 - Val Loss: 0.6795, Val Acc (0.5): 0.6571, Val AUC: 0.7572
  Train Best Threshold 0.50 → Balanced Acc: 0.6360, Acc: 0.5857, Sensitivity: 0.4894, Specificity: 0.7826, PPV: 0.8214, NPV: 0.4286, F1: 0.6133
  Val Best Threshold 0.45 → Balanced Acc: 0.6667, Acc: 0.7714, Sensitivity: 1.0000, Specificity: 0.3333, PPV: 0.7419, NPV: 1.0000, F1: 0.8519
Epoch 22/40 - Train Loss: 0.6664, Train Acc: 0.5643, Train AUC: 0.6822 - Val Loss: 0.6804, Val Acc (0.5): 0.6857, Val AUC: 0.7572
  Train Best Threshold 0.50 → Balanced Acc: 0.6145, Acc: 0.5643, Sensitivity: 0.4681, Specificity: 0.7609, PPV: 0.8000, NPV: 0.4118, F1: 0.5906
  Val Best Threshold 0.45 → Balanced Acc: 0.6667, Acc: 0.7714, Sensitivity: 1.0000, Specificity: 0.3333, PPV: 0.7419, NPV: 1.0000, F1: 0.8519
Epoch 23/40 - Train Loss: 0.6686, Train Acc: 0.6000, Train AUC: 0.6751 - Val Loss: 0.6809, Val Acc (0.5): 0.6571, Val AUC: 0.7536
  Train Best Threshold 0.50 → Balanced Acc: 0.6411, Acc: 0.6000, Sensitivity: 0.5213, Specificity: 0.7609, PPV: 0.8167, NPV: 0.4375, F1: 0.6364
  Val Best Threshold 0.55 → Balanced Acc: 0.6775, Acc: 0.6286, Sensitivity: 0.5217, Specificity: 0.8333, PPV: 0.8571, NPV: 0.4762, F1: 0.6486
Epoch 24/40 - Train Loss: 0.6660, Train Acc: 0.6000, Train AUC: 0.6843 - Val Loss: 0.6771, Val Acc (0.5): 0.6571, Val AUC: 0.7572
  Train Best Threshold 0.50 → Balanced Acc: 0.6355, Acc: 0.6000, Sensitivity: 0.5319, Specificity: 0.7391, PPV: 0.8065, NPV: 0.4359, F1: 0.6410
  Val Best Threshold 0.45 → Balanced Acc: 0.7083, Acc: 0.8000, Sensitivity: 1.0000, Specificity: 0.4167, PPV: 0.7667, NPV: 1.0000, F1: 0.8679
Epoch 25/40 - Train Loss: 0.6505, Train Acc: 0.6000, Train AUC: 0.7320 - Val Loss: 0.6825, Val Acc (0.5): 0.6571, Val AUC: 0.7536
  Train Best Threshold 0.45 → Balanced Acc: 0.6929, Acc: 0.7143, Sensitivity: 0.7553, Specificity: 0.6304, PPV: 0.8068, NPV: 0.5577, F1: 0.7802
  Val Best Threshold 0.55 → Balanced Acc: 0.6775, Acc: 0.6286, Sensitivity: 0.5217, Specificity: 0.8333, PPV: 0.8571, NPV: 0.4762, F1: 0.6486
Epoch 26/40 - Train Loss: 0.6509, Train Acc: 0.5786, Train AUC: 0.7532 - Val Loss: 0.6880, Val Acc (0.5): 0.6857, Val AUC: 0.7428
  Train Best Threshold 0.40 → Balanced Acc: 0.6910, Acc: 0.7714, Sensitivity: 0.9255, Specificity: 0.4565, PPV: 0.7768, NPV: 0.7500, F1: 0.8447
  Val Best Threshold 0.55 → Balanced Acc: 0.7011, Acc: 0.6857, Sensitivity: 0.6522, Specificity: 0.7500, PPV: 0.8333, NPV: 0.5294, F1: 0.7317
Epoch 27/40 - Train Loss: 0.6452, Train Acc: 0.6143, Train AUC: 0.7419 - Val Loss: 0.6829, Val Acc (0.5): 0.6571, Val AUC: 0.7428
  Train Best Threshold 0.55 → Balanced Acc: 0.6644, Acc: 0.5643, Sensitivity: 0.3723, Specificity: 0.9565, PPV: 0.9459, NPV: 0.4272, F1: 0.5344
  Val Best Threshold 0.45 → Balanced Acc: 0.6667, Acc: 0.7714, Sensitivity: 1.0000, Specificity: 0.3333, PPV: 0.7419, NPV: 1.0000, F1: 0.8519
Epoch 28/40 - Train Loss: 0.6663, Train Acc: 0.5857, Train AUC: 0.6746 - Val Loss: 0.6824, Val Acc (0.5): 0.6857, Val AUC: 0.7500
  Train Best Threshold 0.40 → Balanced Acc: 0.6045, Acc: 0.7000, Sensitivity: 0.8830, Specificity: 0.3261, PPV: 0.7281, NPV: 0.5769, F1: 0.7981
  Val Best Threshold 0.45 → Balanced Acc: 0.6667, Acc: 0.7714, Sensitivity: 1.0000, Specificity: 0.3333, PPV: 0.7419, NPV: 1.0000, F1: 0.8519
Early stopping at epoch 28
Loaded best model with validation AUC: 0.7609
Final Train Results (Best Model) at epoch 20 - Loss: 0.6490, Accuracy: 0.6286, AUC: 0.7835
Final Val Results (Best Model) at epoch 20 - Loss: 0.6780, Accuracy: 0.6571, AUC: 0.7609
Train Best Threshold: 0.45 | Balanced Acc: 0.7033 | Acc: 0.7357 | Sensitivity: 0.7979 | Specificity: 0.6087 | PPV: 0.8065 | NPV: 0.5957 | F1: 0.8021
Train Confusion Matrix at Best Threshold (rows=actual [0,1], cols=predicted [0,1]):
[[28 18]
 [19 75]]
Val Best Threshold: 0.45 | Balanced Acc: 0.6667 | Acc: 0.7714 | Sensitivity: 1.0000 | Specificity: 0.3333 | PPV: 0.7419 | NPV: 1.0000 | F1: 0.8519
Val Confusion Matrix at Best Threshold (rows=actual [0,1], cols=predicted [0,1]):
[[ 4  8]
 [ 0 23]]
Fold 5 class distribution:
  Train: Class 0=46 (32.9%), Class 1=94 (67.1%)
  Val:   Class 0=12 (34.3%), Class 1=23 (65.7%)

======================================================================
Fold 5/5
======================================================================
Train: 140 patients
Val: 35 patients
Fitting clinical preprocessor on training data...
Built clinical feature dictionaries: train=140, val=35
Clinical input dimension: 5
Backbone feature dimension: 512
Created mean pooling model with backbone resnet18
Using device: cuda
Class weights: [1.0, 0.4893617033958435]
Weight decay (L2 reg): 0.0001
Label smoothing: 0.1

Epoch 1/40 - Train Loss: 0.7390, Train Acc: 0.3357, Train AUC: 0.5016 - Val Loss: 0.7322, Val Acc (0.5): 0.3429, Val AUC: 0.4529
  Train Best Threshold 0.45 → Balanced Acc: 0.5361, Acc: 0.4143, Sensitivity: 0.1809, Specificity: 0.8913, PPV: 0.7727, NPV: 0.3475, F1: 0.2931
  Val Best Threshold 0.45 → Balanced Acc: 0.5598, Acc: 0.6571, Sensitivity: 0.8696, Specificity: 0.2500, PPV: 0.6897, NPV: 0.5000, F1: 0.7692
  → New best validation AUC: 0.4529
Epoch 2/40 - Train Loss: 0.7094, Train Acc: 0.3929, Train AUC: 0.5849 - Val Loss: 0.7418, Val Acc (0.5): 0.3429, Val AUC: 0.4384
  Train Best Threshold 0.35 → Balanced Acc: 0.5560, Acc: 0.6571, Sensitivity: 0.8511, Specificity: 0.2609, PPV: 0.7018, NPV: 0.4615, F1: 0.7692
  Val Best Threshold 0.05 → Balanced Acc: 0.5000, Acc: 0.6571, Sensitivity: 1.0000, Specificity: 0.0000, PPV: 0.6571, NPV: 0.0000, F1: 0.7931
Epoch 3/40 - Train Loss: 0.7066, Train Acc: 0.3643, Train AUC: 0.6249 - Val Loss: 0.7364, Val Acc (0.5): 0.3429, Val AUC: 0.4493
  Train Best Threshold 0.40 → Balanced Acc: 0.5895, Acc: 0.6500, Sensitivity: 0.7660, Specificity: 0.4130, PPV: 0.7273, NPV: 0.4634, F1: 0.7461
  Val Best Threshold 0.05 → Balanced Acc: 0.5000, Acc: 0.6571, Sensitivity: 1.0000, Specificity: 0.0000, PPV: 0.6571, NPV: 0.0000, F1: 0.7931
Epoch 4/40 - Train Loss: 0.6997, Train Acc: 0.4071, Train AUC: 0.5840 - Val Loss: 0.7323, Val Acc (0.5): 0.4000, Val AUC: 0.4674
  Train Best Threshold 0.40 → Balanced Acc: 0.5789, Acc: 0.6357, Sensitivity: 0.7447, Specificity: 0.4130, PPV: 0.7216, NPV: 0.4419, F1: 0.7330
  Val Best Threshold 0.50 → Balanced Acc: 0.5036, Acc: 0.4000, Sensitivity: 0.1739, Specificity: 0.8333, PPV: 0.6667, NPV: 0.3448, F1: 0.2759
  → New best validation AUC: 0.4674
Epoch 5/40 - Train Loss: 0.7123, Train Acc: 0.4357, Train AUC: 0.5488 - Val Loss: 0.7293, Val Acc (0.5): 0.4286, Val AUC: 0.4891
  Train Best Threshold 0.50 → Balanced Acc: 0.5576, Acc: 0.4357, Sensitivity: 0.2021, Specificity: 0.9130, PPV: 0.8261, NPV: 0.3590, F1: 0.3248
  Val Best Threshold 0.05 → Balanced Acc: 0.5000, Acc: 0.6571, Sensitivity: 1.0000, Specificity: 0.0000, PPV: 0.6571, NPV: 0.0000, F1: 0.7931
  → New best validation AUC: 0.4891
Epoch 6/40 - Train Loss: 0.6862, Train Acc: 0.4714, Train AUC: 0.6117 - Val Loss: 0.7273, Val Acc (0.5): 0.4571, Val AUC: 0.4746
  Train Best Threshold 0.35 → Balanced Acc: 0.5715, Acc: 0.6929, Sensitivity: 0.9255, Specificity: 0.2174, PPV: 0.7073, NPV: 0.5882, F1: 0.8018
  Val Best Threshold 0.05 → Balanced Acc: 0.5000, Acc: 0.6571, Sensitivity: 1.0000, Specificity: 0.0000, PPV: 0.6571, NPV: 0.0000, F1: 0.7931
Epoch 7/40 - Train Loss: 0.6824, Train Acc: 0.5143, Train AUC: 0.6455 - Val Loss: 0.7238, Val Acc (0.5): 0.5143, Val AUC: 0.4819
  Train Best Threshold 0.40 → Balanced Acc: 0.5994, Acc: 0.6857, Sensitivity: 0.8511, Specificity: 0.3478, PPV: 0.7273, NPV: 0.5333, F1: 0.7843
  Val Best Threshold 0.45 → Balanced Acc: 0.5199, Acc: 0.6571, Sensitivity: 0.9565, Specificity: 0.0833, PPV: 0.6667, NPV: 0.5000, F1: 0.7857
Epoch 8/40 - Train Loss: 0.6881, Train Acc: 0.4571, Train AUC: 0.6193 - Val Loss: 0.7241, Val Acc (0.5): 0.4857, Val AUC: 0.4746
  Train Best Threshold 0.45 → Balanced Acc: 0.6073, Acc: 0.6143, Sensitivity: 0.6277, Specificity: 0.5870, PPV: 0.7564, NPV: 0.4355, F1: 0.6860
  Val Best Threshold 0.55 → Balanced Acc: 0.5471, Acc: 0.4571, Sensitivity: 0.2609, Specificity: 0.8333, PPV: 0.7500, NPV: 0.3704, F1: 0.3871
Epoch 9/40 - Train Loss: 0.6718, Train Acc: 0.5143, Train AUC: 0.6769 - Val Loss: 0.7259, Val Acc (0.5): 0.4857, Val AUC: 0.4674
  Train Best Threshold 0.40 → Balanced Acc: 0.6267, Acc: 0.7000, Sensitivity: 0.8404, Specificity: 0.4130, PPV: 0.7453, NPV: 0.5588, F1: 0.7900
  Val Best Threshold 0.05 → Balanced Acc: 0.5000, Acc: 0.6571, Sensitivity: 1.0000, Specificity: 0.0000, PPV: 0.6571, NPV: 0.0000, F1: 0.7931
Epoch 10/40 - Train Loss: 0.6798, Train Acc: 0.5571, Train AUC: 0.6482 - Val Loss: 0.7288, Val Acc (0.5): 0.4571, Val AUC: 0.4529
  Train Best Threshold 0.50 → Balanced Acc: 0.6147, Acc: 0.5571, Sensitivity: 0.4468, Specificity: 0.7826, PPV: 0.8077, NPV: 0.4091, F1: 0.5753
  Val Best Threshold 0.05 → Balanced Acc: 0.5000, Acc: 0.6571, Sensitivity: 1.0000, Specificity: 0.0000, PPV: 0.6571, NPV: 0.0000, F1: 0.7931
Epoch 11/40 - Train Loss: 0.6773, Train Acc: 0.5500, Train AUC: 0.6596 - Val Loss: 0.7310, Val Acc (0.5): 0.4857, Val AUC: 0.4457
  Train Best Threshold 0.45 → Balanced Acc: 0.6506, Acc: 0.6500, Sensitivity: 0.6489, Specificity: 0.6522, PPV: 0.7922, NPV: 0.4762, F1: 0.7135
  Val Best Threshold 0.60 → Balanced Acc: 0.5453, Acc: 0.4286, Sensitivity: 0.1739, Specificity: 0.9167, PPV: 0.8000, NPV: 0.3667, F1: 0.2857
Epoch 12/40 - Train Loss: 0.6822, Train Acc: 0.5500, Train AUC: 0.6438 - Val Loss: 0.7280, Val Acc (0.5): 0.5143, Val AUC: 0.4601
  Train Best Threshold 0.45 → Balanced Acc: 0.6344, Acc: 0.6357, Sensitivity: 0.6383, Specificity: 0.6304, PPV: 0.7792, NPV: 0.4603, F1: 0.7018
  Val Best Threshold 0.60 → Balanced Acc: 0.5670, Acc: 0.4571, Sensitivity: 0.2174, Specificity: 0.9167, PPV: 0.8333, NPV: 0.3793, F1: 0.3448
Epoch 13/40 - Train Loss: 0.6629, Train Acc: 0.5643, Train AUC: 0.6839 - Val Loss: 0.7306, Val Acc (0.5): 0.4857, Val AUC: 0.4529
  Train Best Threshold 0.45 → Balanced Acc: 0.6281, Acc: 0.6571, Sensitivity: 0.7128, Specificity: 0.5435, PPV: 0.7614, NPV: 0.4808, F1: 0.7363
  Val Best Threshold 0.60 → Balanced Acc: 0.5888, Acc: 0.4857, Sensitivity: 0.2609, Specificity: 0.9167, PPV: 0.8571, NPV: 0.3929, F1: 0.4000
Early stopping at epoch 13
Loaded best model with validation AUC: 0.4891
Final Train Results (Best Model) at epoch 5 - Loss: 0.6932, Accuracy: 0.4071, AUC: 0.6436
Final Val Results (Best Model) at epoch 5 - Loss: 0.7293, Accuracy: 0.4286, AUC: 0.4891
Train Best Threshold: 0.45 | Balanced Acc: 0.5652 | Acc: 0.5429 | Sensitivity: 0.5000 | Specificity: 0.6304 | PPV: 0.7344 | NPV: 0.3816 | F1: 0.5949
Train Confusion Matrix at Best Threshold (rows=actual [0,1], cols=predicted [0,1]):
[[29 17]
 [47 47]]
Val Best Threshold: 0.05 | Balanced Acc: 0.5000 | Acc: 0.6571 | Sensitivity: 1.0000 | Specificity: 0.0000 | PPV: 0.6571 | NPV: 0.0000 | F1: 0.7931
Val Confusion Matrix at Best Threshold (rows=actual [0,1], cols=predicted [0,1]):
[[ 0 12]
 [ 0 23]]

======================================================================
Cross-Validation Results - C1 (Mean Pooling)
======================================================================
Model: C1 (Mean Pooling)
Backbone: resnet18
Pooling: mean
Val AUCs: ['0.7348', '0.5758', '0.7971', '0.7609', '0.4891']
Mean Val AUC: 0.6715 ± 0.1185
======================================================================
