Starting single train/val split training for C1 (Mean Pooling)
Configuration:
  clinical_csv: data/annotations/175_clinical_5_variables.csv
  image_root: data/nakagami_full
  patient_id_column: NO
  label_column: CL_F2
  image_pattern: Nakagami_image_*.png
  n_folds: 5
  batch_size: 16
  learning_rate: 1e-05
  num_epochs: 40
  early_stopping_patience: 10
  early_stopping_min_delta: 0.001
  backbone: resnet18
  pretrained: True
  device: cuda
  num_workers: 4
  pooling: mean
  attention_hidden: 128
  clinical_dim: 32
  fusion_hidden: 128
  dropout: 0.4
  clinical_features: ['AST', 'ALT', 'PLT', 'APRI', 'FIB_4']
  seed: 42
  no_cv: True
  val_split: 0.2
  weight_decay: 0.0001
  label_smoothing: 0.1
  log_dir: runs/bmode_clinical
Loading clinical data...
Loaded 175 patients from clinical data
Building patient records...
Building patient records from 175 patients...
Image root: data/nakagami_full
Image pattern: Nakagami_image_*.png
Successfully created 175 patient records
Created 175 patient records
Train/Val Split:
  Train: 140 patients (80.0%)
  Val:   35 patients (20.0%)
====================Training single model====================
Train: 140 patients
Val: 35 patients
Fitting clinical preprocessor on training data...
Built clinical feature dictionaries: train=140, val=35
Clinical input dimension: 5
Backbone feature dimension: 512
Created mean pooling model with backbone resnet18
Using device: cuda
Class weights: [1.0, 0.4893617033958435]
Weight decay (L2 reg): 0.0001
Label smoothing: 0.1

Epoch 1/40 - Train Loss: 0.7157, Train Acc: 0.3357, Train AUC: 0.5879 - Val Loss: 0.7454, Val Acc (0.5): 0.3429, Val AUC: 0.5000
  Train Best Threshold 0.40 → Balanced Acc: 0.5867, Acc: 0.5643, Sensitivity: 0.5213, Specificity: 0.6522, PPV: 0.7538, NPV: 0.4000, F1: 0.6164
  Val Best Threshold 0.05 → Balanced Acc: 0.5000, Acc: 0.6571, Sensitivity: 1.0000, Specificity: 0.0000, PPV: 0.6571, NPV: 0.0000, F1: 0.7931
  → New best validation AUC: 0.5000
Epoch 2/40 - Train Loss: 0.7102, Train Acc: 0.3500, Train AUC: 0.5800 - Val Loss: 0.7422, Val Acc (0.5): 0.3429, Val AUC: 0.5652
  Train Best Threshold 0.35 → Balanced Acc: 0.6043, Acc: 0.7071, Sensitivity: 0.9043, Specificity: 0.3043, PPV: 0.7265, NPV: 0.6087, F1: 0.8057
  Val Best Threshold 0.45 → Balanced Acc: 0.5960, Acc: 0.6000, Sensitivity: 0.6087, Specificity: 0.5833, PPV: 0.7368, NPV: 0.4375, F1: 0.6667
  → New best validation AUC: 0.5652
Epoch 3/40 - Train Loss: 0.7280, Train Acc: 0.3571, Train AUC: 0.4667 - Val Loss: 0.7407, Val Acc (0.5): 0.3429, Val AUC: 0.6159
  Train Best Threshold 0.50 → Balanced Acc: 0.5046, Acc: 0.3571, Sensitivity: 0.0745, Specificity: 0.9348, PPV: 0.7000, NPV: 0.3308, F1: 0.1346
  Val Best Threshold 0.45 → Balanced Acc: 0.5743, Acc: 0.5714, Sensitivity: 0.5652, Specificity: 0.5833, PPV: 0.7222, NPV: 0.4118, F1: 0.6341
  → New best validation AUC: 0.6159
Epoch 4/40 - Train Loss: 0.7156, Train Acc: 0.3357, Train AUC: 0.5086 - Val Loss: 0.7350, Val Acc (0.5): 0.3429, Val AUC: 0.6413
  Train Best Threshold 0.35 → Balanced Acc: 0.5384, Acc: 0.6857, Sensitivity: 0.9681, Specificity: 0.1087, PPV: 0.6894, NPV: 0.6250, F1: 0.8053
  Val Best Threshold 0.45 → Balanced Acc: 0.6196, Acc: 0.6571, Sensitivity: 0.7391, Specificity: 0.5000, PPV: 0.7391, NPV: 0.5000, F1: 0.7391
  → New best validation AUC: 0.6413
Epoch 5/40 - Train Loss: 0.7011, Train Acc: 0.4286, Train AUC: 0.5553 - Val Loss: 0.7308, Val Acc (0.5): 0.3429, Val AUC: 0.6920
  Train Best Threshold 0.45 → Balanced Acc: 0.5705, Acc: 0.5500, Sensitivity: 0.5106, Specificity: 0.6304, PPV: 0.7385, NPV: 0.3867, F1: 0.6038
  Val Best Threshold 0.45 → Balanced Acc: 0.6196, Acc: 0.6571, Sensitivity: 0.7391, Specificity: 0.5000, PPV: 0.7391, NPV: 0.5000, F1: 0.7391
  → New best validation AUC: 0.6920
Epoch 6/40 - Train Loss: 0.7321, Train Acc: 0.3429, Train AUC: 0.3869 - Val Loss: 0.7280, Val Acc (0.5): 0.3714, Val AUC: 0.7283
  Train Best Threshold 0.35 → Balanced Acc: 0.5326, Acc: 0.6929, Sensitivity: 1.0000, Specificity: 0.0652, PPV: 0.6861, NPV: 1.0000, F1: 0.8139
  Val Best Threshold 0.45 → Balanced Acc: 0.7264, Acc: 0.7714, Sensitivity: 0.8696, Specificity: 0.5833, PPV: 0.8000, NPV: 0.7000, F1: 0.8333
  → New best validation AUC: 0.7283
Epoch 7/40 - Train Loss: 0.6988, Train Acc: 0.4571, Train AUC: 0.5648 - Val Loss: 0.7264, Val Acc (0.5): 0.4000, Val AUC: 0.7464
  Train Best Threshold 0.40 → Balanced Acc: 0.5550, Acc: 0.6857, Sensitivity: 0.9362, Specificity: 0.1739, PPV: 0.6984, NPV: 0.5714, F1: 0.8000
  Val Best Threshold 0.45 → Balanced Acc: 0.7047, Acc: 0.7429, Sensitivity: 0.8261, Specificity: 0.5833, PPV: 0.7917, NPV: 0.6364, F1: 0.8085
  → New best validation AUC: 0.7464
Epoch 8/40 - Train Loss: 0.6868, Train Acc: 0.4714, Train AUC: 0.6179 - Val Loss: 0.7247, Val Acc (0.5): 0.4286, Val AUC: 0.7754
  Train Best Threshold 0.45 → Balanced Acc: 0.5953, Acc: 0.6429, Sensitivity: 0.7340, Specificity: 0.4565, PPV: 0.7340, NPV: 0.4565, F1: 0.7340
  Val Best Threshold 0.45 → Balanced Acc: 0.6812, Acc: 0.6857, Sensitivity: 0.6957, Specificity: 0.6667, PPV: 0.8000, NPV: 0.5333, F1: 0.7442
  → New best validation AUC: 0.7754
Epoch 9/40 - Train Loss: 0.6959, Train Acc: 0.4714, Train AUC: 0.5724 - Val Loss: 0.7197, Val Acc (0.5): 0.4571, Val AUC: 0.7790
  Train Best Threshold 0.40 → Balanced Acc: 0.5661, Acc: 0.6857, Sensitivity: 0.9149, Specificity: 0.2174, PPV: 0.7049, NPV: 0.5556, F1: 0.7963
  Val Best Threshold 0.45 → Balanced Acc: 0.6612, Acc: 0.6857, Sensitivity: 0.7391, Specificity: 0.5833, PPV: 0.7727, NPV: 0.5385, F1: 0.7556
  → New best validation AUC: 0.7790
Epoch 10/40 - Train Loss: 0.6832, Train Acc: 0.5143, Train AUC: 0.6623 - Val Loss: 0.7168, Val Acc (0.5): 0.5143, Val AUC: 0.7899
  Train Best Threshold 0.45 → Balanced Acc: 0.6489, Acc: 0.7000, Sensitivity: 0.7979, Specificity: 0.5000, PPV: 0.7653, NPV: 0.5476, F1: 0.7812
  Val Best Threshold 0.45 → Balanced Acc: 0.6812, Acc: 0.6857, Sensitivity: 0.6957, Specificity: 0.6667, PPV: 0.8000, NPV: 0.5333, F1: 0.7442
  → New best validation AUC: 0.7899
Epoch 11/40 - Train Loss: 0.6697, Train Acc: 0.5500, Train AUC: 0.7151 - Val Loss: 0.7155, Val Acc (0.5): 0.4857, Val AUC: 0.8333
  Train Best Threshold 0.45 → Balanced Acc: 0.6704, Acc: 0.7214, Sensitivity: 0.8191, Specificity: 0.5217, PPV: 0.7778, NPV: 0.5854, F1: 0.7979
  Val Best Threshold 0.45 → Balanced Acc: 0.7428, Acc: 0.7143, Sensitivity: 0.6522, Specificity: 0.8333, PPV: 0.8824, NPV: 0.5556, F1: 0.7500
  → New best validation AUC: 0.8333
Epoch 12/40 - Train Loss: 0.6794, Train Acc: 0.5929, Train AUC: 0.6871 - Val Loss: 0.7177, Val Acc (0.5): 0.4857, Val AUC: 0.8261
  Train Best Threshold 0.50 → Balanced Acc: 0.6635, Acc: 0.5929, Sensitivity: 0.4574, Specificity: 0.8696, PPV: 0.8776, NPV: 0.4396, F1: 0.6014
  Val Best Threshold 0.45 → Balanced Acc: 0.7192, Acc: 0.6571, Sensitivity: 0.5217, Specificity: 0.9167, PPV: 0.9231, NPV: 0.5000, F1: 0.6667
Epoch 13/40 - Train Loss: 0.6727, Train Acc: 0.5214, Train AUC: 0.6852 - Val Loss: 0.7161, Val Acc (0.5): 0.4857, Val AUC: 0.8623
  Train Best Threshold 0.45 → Balanced Acc: 0.6277, Acc: 0.6714, Sensitivity: 0.7553, Specificity: 0.5000, PPV: 0.7553, NPV: 0.5000, F1: 0.7553
  Val Best Threshold 0.40 → Balanced Acc: 0.6866, Acc: 0.7714, Sensitivity: 0.9565, Specificity: 0.4167, PPV: 0.7586, NPV: 0.8333, F1: 0.8462
  → New best validation AUC: 0.8623
Epoch 14/40 - Train Loss: 0.6727, Train Acc: 0.6071, Train AUC: 0.7017 - Val Loss: 0.7099, Val Acc (0.5): 0.4857, Val AUC: 0.8732
  Train Best Threshold 0.50 → Balanced Acc: 0.6519, Acc: 0.6071, Sensitivity: 0.5213, Specificity: 0.7826, PPV: 0.8305, NPV: 0.4444, F1: 0.6405
  Val Best Threshold 0.40 → Balanced Acc: 0.7283, Acc: 0.8000, Sensitivity: 0.9565, Specificity: 0.5000, PPV: 0.7857, NPV: 0.8571, F1: 0.8627
  → New best validation AUC: 0.8732
Epoch 15/40 - Train Loss: 0.6792, Train Acc: 0.6000, Train AUC: 0.6591 - Val Loss: 0.7045, Val Acc (0.5): 0.4857, Val AUC: 0.8804
  Train Best Threshold 0.45 → Balanced Acc: 0.6330, Acc: 0.6786, Sensitivity: 0.7660, Specificity: 0.5000, PPV: 0.7579, NPV: 0.5111, F1: 0.7619
  Val Best Threshold 0.45 → Balanced Acc: 0.7409, Acc: 0.6857, Sensitivity: 0.5652, Specificity: 0.9167, PPV: 0.9286, NPV: 0.5238, F1: 0.7027
  → New best validation AUC: 0.8804
Epoch 16/40 - Train Loss: 0.6570, Train Acc: 0.6429, Train AUC: 0.7218 - Val Loss: 0.7042, Val Acc (0.5): 0.4857, Val AUC: 0.8804
  Train Best Threshold 0.50 → Balanced Acc: 0.6508, Acc: 0.6429, Sensitivity: 0.6277, Specificity: 0.6739, PPV: 0.7973, NPV: 0.4697, F1: 0.7024
  Val Best Threshold 0.40 → Balanced Acc: 0.8116, Acc: 0.8571, Sensitivity: 0.9565, Specificity: 0.6667, PPV: 0.8462, NPV: 0.8889, F1: 0.8980
Epoch 17/40 - Train Loss: 0.6654, Train Acc: 0.6071, Train AUC: 0.7065 - Val Loss: 0.7006, Val Acc (0.5): 0.4857, Val AUC: 0.8841
  Train Best Threshold 0.45 → Balanced Acc: 0.6545, Acc: 0.7000, Sensitivity: 0.7872, Specificity: 0.5217, PPV: 0.7708, NPV: 0.5455, F1: 0.7789
  Val Best Threshold 0.40 → Balanced Acc: 0.7899, Acc: 0.8286, Sensitivity: 0.9130, Specificity: 0.6667, PPV: 0.8400, NPV: 0.8000, F1: 0.8750
  → New best validation AUC: 0.8841
Epoch 18/40 - Train Loss: 0.6558, Train Acc: 0.6357, Train AUC: 0.7269 - Val Loss: 0.7005, Val Acc (0.5): 0.4857, Val AUC: 0.8768
  Train Best Threshold 0.50 → Balanced Acc: 0.6843, Acc: 0.6357, Sensitivity: 0.5426, Specificity: 0.8261, PPV: 0.8644, NPV: 0.4691, F1: 0.6667
  Val Best Threshold 0.40 → Balanced Acc: 0.7681, Acc: 0.8000, Sensitivity: 0.8696, Specificity: 0.6667, PPV: 0.8333, NPV: 0.7273, F1: 0.8511
Epoch 19/40 - Train Loss: 0.6678, Train Acc: 0.5571, Train AUC: 0.6892 - Val Loss: 0.7018, Val Acc (0.5): 0.5143, Val AUC: 0.8841
  Train Best Threshold 0.40 → Balanced Acc: 0.6314, Acc: 0.7286, Sensitivity: 0.9149, Specificity: 0.3478, PPV: 0.7414, NPV: 0.6667, F1: 0.8190
  Val Best Threshold 0.40 → Balanced Acc: 0.7663, Acc: 0.7714, Sensitivity: 0.7826, Specificity: 0.7500, PPV: 0.8571, NPV: 0.6429, F1: 0.8182
Epoch 20/40 - Train Loss: 0.6489, Train Acc: 0.6357, Train AUC: 0.7350 - Val Loss: 0.6996, Val Acc (0.5): 0.5143, Val AUC: 0.8841
  Train Best Threshold 0.50 → Balanced Acc: 0.6732, Acc: 0.6357, Sensitivity: 0.5638, Specificity: 0.7826, PPV: 0.8413, NPV: 0.4675, F1: 0.6752
  Val Best Threshold 0.40 → Balanced Acc: 0.8714, Acc: 0.8571, Sensitivity: 0.8261, Specificity: 0.9167, PPV: 0.9500, NPV: 0.7333, F1: 0.8837
Epoch 21/40 - Train Loss: 0.6405, Train Acc: 0.6286, Train AUC: 0.7606 - Val Loss: 0.7054, Val Acc (0.5): 0.5143, Val AUC: 0.8804
  Train Best Threshold 0.45 → Balanced Acc: 0.6931, Acc: 0.7071, Sensitivity: 0.7340, Specificity: 0.6522, PPV: 0.8118, NPV: 0.5455, F1: 0.7709
  Val Best Threshold 0.40 → Balanced Acc: 0.8279, Acc: 0.8000, Sensitivity: 0.7391, Specificity: 0.9167, PPV: 0.9444, NPV: 0.6471, F1: 0.8293
Epoch 22/40 - Train Loss: 0.6427, Train Acc: 0.6714, Train AUC: 0.7549 - Val Loss: 0.7093, Val Acc (0.5): 0.5143, Val AUC: 0.9022
  Train Best Threshold 0.45 → Balanced Acc: 0.7146, Acc: 0.7286, Sensitivity: 0.7553, Specificity: 0.6739, PPV: 0.8256, NPV: 0.5741, F1: 0.7889
  Val Best Threshold 0.35 → Balanced Acc: 0.8116, Acc: 0.8571, Sensitivity: 0.9565, Specificity: 0.6667, PPV: 0.8462, NPV: 0.8889, F1: 0.8980
  → New best validation AUC: 0.9022
Epoch 23/40 - Train Loss: 0.6545, Train Acc: 0.6286, Train AUC: 0.7165 - Val Loss: 0.7068, Val Acc (0.5): 0.5143, Val AUC: 0.9094
  Train Best Threshold 0.55 → Balanced Acc: 0.6640, Acc: 0.5786, Sensitivity: 0.4149, Specificity: 0.9130, PPV: 0.9070, NPV: 0.4330, F1: 0.5693
  Val Best Threshold 0.35 → Balanced Acc: 0.8315, Acc: 0.8571, Sensitivity: 0.9130, Specificity: 0.7500, PPV: 0.8750, NPV: 0.8182, F1: 0.8936
  → New best validation AUC: 0.9094
Epoch 24/40 - Train Loss: 0.6348, Train Acc: 0.6929, Train AUC: 0.7542 - Val Loss: 0.7026, Val Acc (0.5): 0.5143, Val AUC: 0.9094
  Train Best Threshold 0.50 → Balanced Acc: 0.7435, Acc: 0.6929, Sensitivity: 0.5957, Specificity: 0.8913, PPV: 0.9180, NPV: 0.5190, F1: 0.7226
  Val Best Threshold 0.35 → Balanced Acc: 0.8315, Acc: 0.8571, Sensitivity: 0.9130, Specificity: 0.7500, PPV: 0.8750, NPV: 0.8182, F1: 0.8936
Epoch 25/40 - Train Loss: 0.6334, Train Acc: 0.6929, Train AUC: 0.7858 - Val Loss: 0.6958, Val Acc (0.5): 0.5143, Val AUC: 0.9094
  Train Best Threshold 0.50 → Balanced Acc: 0.7380, Acc: 0.6929, Sensitivity: 0.6064, Specificity: 0.8696, PPV: 0.9048, NPV: 0.5195, F1: 0.7261
  Val Best Threshold 0.40 → Balanced Acc: 0.8496, Acc: 0.8286, Sensitivity: 0.7826, Specificity: 0.9167, PPV: 0.9474, NPV: 0.6875, F1: 0.8571
Epoch 26/40 - Train Loss: 0.6147, Train Acc: 0.7143, Train AUC: 0.8180 - Val Loss: 0.7053, Val Acc (0.5): 0.5143, Val AUC: 0.9167
  Train Best Threshold 0.50 → Balanced Acc: 0.7595, Acc: 0.7143, Sensitivity: 0.6277, Specificity: 0.8913, PPV: 0.9219, NPV: 0.5395, F1: 0.7468
  Val Best Threshold 0.35 → Balanced Acc: 0.8315, Acc: 0.8571, Sensitivity: 0.9130, Specificity: 0.7500, PPV: 0.8750, NPV: 0.8182, F1: 0.8936
  → New best validation AUC: 0.9167
Epoch 27/40 - Train Loss: 0.6266, Train Acc: 0.6286, Train AUC: 0.7599 - Val Loss: 0.7111, Val Acc (0.5): 0.5143, Val AUC: 0.9239
  Train Best Threshold 0.55 → Balanced Acc: 0.6797, Acc: 0.6071, Sensitivity: 0.4681, Specificity: 0.8913, PPV: 0.8980, NPV: 0.4505, F1: 0.6154
  Val Best Threshold 0.35 → Balanced Acc: 0.8297, Acc: 0.8286, Sensitivity: 0.8261, Specificity: 0.8333, PPV: 0.9048, NPV: 0.7143, F1: 0.8636
  → New best validation AUC: 0.9239
Epoch 28/40 - Train Loss: 0.6052, Train Acc: 0.7429, Train AUC: 0.8201 - Val Loss: 0.7230, Val Acc (0.5): 0.4857, Val AUC: 0.9275
  Train Best Threshold 0.50 → Balanced Acc: 0.7641, Acc: 0.7429, Sensitivity: 0.7021, Specificity: 0.8261, PPV: 0.8919, NPV: 0.5758, F1: 0.7857
  Val Best Threshold 0.35 → Balanced Acc: 0.8496, Acc: 0.8286, Sensitivity: 0.7826, Specificity: 0.9167, PPV: 0.9474, NPV: 0.6875, F1: 0.8571
  → New best validation AUC: 0.9275
Epoch 29/40 - Train Loss: 0.6200, Train Acc: 0.6857, Train AUC: 0.7852 - Val Loss: 0.7383, Val Acc (0.5): 0.4857, Val AUC: 0.9348
  Train Best Threshold 0.50 → Balanced Acc: 0.7327, Acc: 0.6857, Sensitivity: 0.5957, Specificity: 0.8696, PPV: 0.9032, NPV: 0.5128, F1: 0.7179
  Val Best Threshold 0.30 → Balanced Acc: 0.8315, Acc: 0.8571, Sensitivity: 0.9130, Specificity: 0.7500, PPV: 0.8750, NPV: 0.8182, F1: 0.8936
  → New best validation AUC: 0.9348
Epoch 30/40 - Train Loss: 0.6346, Train Acc: 0.6714, Train AUC: 0.7500 - Val Loss: 0.7415, Val Acc (0.5): 0.4857, Val AUC: 0.9384
  Train Best Threshold 0.50 → Balanced Acc: 0.6998, Acc: 0.6714, Sensitivity: 0.6170, Specificity: 0.7826, PPV: 0.8529, NPV: 0.5000, F1: 0.7160
  Val Best Threshold 0.30 → Balanced Acc: 0.8514, Acc: 0.8571, Sensitivity: 0.8696, Specificity: 0.8333, PPV: 0.9091, NPV: 0.7692, F1: 0.8889
  → New best validation AUC: 0.9384
Epoch 31/40 - Train Loss: 0.6155, Train Acc: 0.6643, Train AUC: 0.7912 - Val Loss: 0.7337, Val Acc (0.5): 0.4857, Val AUC: 0.9348
  Train Best Threshold 0.45 → Balanced Acc: 0.7148, Acc: 0.7214, Sensitivity: 0.7340, Specificity: 0.6957, PPV: 0.8313, NPV: 0.5614, F1: 0.7797
  Val Best Threshold 0.30 → Balanced Acc: 0.8514, Acc: 0.8571, Sensitivity: 0.8696, Specificity: 0.8333, PPV: 0.9091, NPV: 0.7692, F1: 0.8889
Epoch 32/40 - Train Loss: 0.5931, Train Acc: 0.7143, Train AUC: 0.8404 - Val Loss: 0.7313, Val Acc (0.5): 0.4857, Val AUC: 0.9239
  Train Best Threshold 0.45 → Balanced Acc: 0.7632, Acc: 0.7714, Sensitivity: 0.7872, Specificity: 0.7391, PPV: 0.8605, NPV: 0.6296, F1: 0.8222
  Val Best Threshold 0.30 → Balanced Acc: 0.8514, Acc: 0.8571, Sensitivity: 0.8696, Specificity: 0.8333, PPV: 0.9091, NPV: 0.7692, F1: 0.8889
Epoch 33/40 - Train Loss: 0.6106, Train Acc: 0.6929, Train AUC: 0.7928 - Val Loss: 0.7254, Val Acc (0.5): 0.5143, Val AUC: 0.9203
  Train Best Threshold 0.45 → Balanced Acc: 0.7144, Acc: 0.7357, Sensitivity: 0.7766, Specificity: 0.6522, PPV: 0.8202, NPV: 0.5882, F1: 0.7978
  Val Best Threshold 0.30 → Balanced Acc: 0.8931, Acc: 0.8857, Sensitivity: 0.8696, Specificity: 0.9167, PPV: 0.9524, NPV: 0.7857, F1: 0.9091
Epoch 34/40 - Train Loss: 0.6105, Train Acc: 0.6929, Train AUC: 0.7909 - Val Loss: 0.6913, Val Acc (0.5): 0.5429, Val AUC: 0.9022
  Train Best Threshold 0.55 → Balanced Acc: 0.7229, Acc: 0.6429, Sensitivity: 0.4894, Specificity: 0.9565, PPV: 0.9583, NPV: 0.4783, F1: 0.6479
  Val Best Threshold 0.35 → Balanced Acc: 0.8496, Acc: 0.8286, Sensitivity: 0.7826, Specificity: 0.9167, PPV: 0.9474, NPV: 0.6875, F1: 0.8571
Epoch 35/40 - Train Loss: 0.5798, Train Acc: 0.7286, Train AUC: 0.8430 - Val Loss: 0.6592, Val Acc (0.5): 0.5714, Val AUC: 0.8877
  Train Best Threshold 0.45 → Balanced Acc: 0.7743, Acc: 0.7714, Sensitivity: 0.7660, Specificity: 0.7826, PPV: 0.8780, NPV: 0.6207, F1: 0.8182
  Val Best Threshold 0.35 → Balanced Acc: 0.8514, Acc: 0.8571, Sensitivity: 0.8696, Specificity: 0.8333, PPV: 0.9091, NPV: 0.7692, F1: 0.8889
Epoch 36/40 - Train Loss: 0.5978, Train Acc: 0.7357, Train AUC: 0.8191 - Val Loss: 0.6417, Val Acc (0.5): 0.6571, Val AUC: 0.8949
  Train Best Threshold 0.50 → Balanced Acc: 0.7588, Acc: 0.7357, Sensitivity: 0.6915, Specificity: 0.8261, PPV: 0.8904, NPV: 0.5672, F1: 0.7784
  Val Best Threshold 0.40 → Balanced Acc: 0.8714, Acc: 0.8571, Sensitivity: 0.8261, Specificity: 0.9167, PPV: 0.9500, NPV: 0.7333, F1: 0.8837
Epoch 37/40 - Train Loss: 0.5695, Train Acc: 0.7071, Train AUC: 0.8673 - Val Loss: 0.6638, Val Acc (0.5): 0.6000, Val AUC: 0.8949
  Train Best Threshold 0.45 → Balanced Acc: 0.7849, Acc: 0.7857, Sensitivity: 0.7872, Specificity: 0.7826, PPV: 0.8810, NPV: 0.6429, F1: 0.8315
  Val Best Threshold 0.35 → Balanced Acc: 0.8514, Acc: 0.8571, Sensitivity: 0.8696, Specificity: 0.8333, PPV: 0.9091, NPV: 0.7692, F1: 0.8889
Epoch 38/40 - Train Loss: 0.6009, Train Acc: 0.6786, Train AUC: 0.8055 - Val Loss: 0.7330, Val Acc (0.5): 0.5143, Val AUC: 0.9058
  Train Best Threshold 0.55 → Balanced Acc: 0.7278, Acc: 0.6643, Sensitivity: 0.5426, Specificity: 0.9130, PPV: 0.9273, NPV: 0.4941, F1: 0.6846
  Val Best Threshold 0.30 → Balanced Acc: 0.8931, Acc: 0.8857, Sensitivity: 0.8696, Specificity: 0.9167, PPV: 0.9524, NPV: 0.7857, F1: 0.9091
Epoch 39/40 - Train Loss: 0.5516, Train Acc: 0.7857, Train AUC: 0.8851 - Val Loss: 0.7161, Val Acc (0.5): 0.5143, Val AUC: 0.9130
  Train Best Threshold 0.50 → Balanced Acc: 0.8182, Acc: 0.7857, Sensitivity: 0.7234, Specificity: 0.9130, PPV: 0.9444, NPV: 0.6176, F1: 0.8193
  Val Best Threshold 0.30 → Balanced Acc: 0.8098, Acc: 0.8286, Sensitivity: 0.8696, Specificity: 0.7500, PPV: 0.8696, NPV: 0.7500, F1: 0.8696
Epoch 40/40 - Train Loss: 0.5729, Train Acc: 0.7643, Train AUC: 0.8446 - Val Loss: 0.6762, Val Acc (0.5): 0.5714, Val AUC: 0.9058
  Train Best Threshold 0.50 → Balanced Acc: 0.8023, Acc: 0.7643, Sensitivity: 0.6915, Specificity: 0.9130, PPV: 0.9420, NPV: 0.5915, F1: 0.7975
  Val Best Threshold 0.35 → Balanced Acc: 0.8931, Acc: 0.8857, Sensitivity: 0.8696, Specificity: 0.9167, PPV: 0.9524, NPV: 0.7857, F1: 0.9091
Early stopping at epoch 40
Loaded best model with validation AUC: 0.9384
Final Train Results (Best Model) at epoch 30 - Loss: 0.6086, Accuracy: 0.6929, AUC: 0.8228
Final Val Results (Best Model) at epoch 30 - Loss: 0.7415, Accuracy: 0.4857, AUC: 0.9384
Train Best Threshold: 0.45 | Balanced Acc: 0.7303 | Acc: 0.7571 | Sensitivity: 0.8085 | Specificity: 0.6522 | PPV: 0.8261 | NPV: 0.6250 | F1: 0.8172
Train Confusion Matrix at Best Threshold (rows=actual [0,1], cols=predicted [0,1]):
[[30 16]
 [18 76]]
Val Best Threshold: 0.30 | Balanced Acc: 0.8514 | Acc: 0.8571 | Sensitivity: 0.8696 | Specificity: 0.8333 | PPV: 0.9091 | NPV: 0.7692 | F1: 0.8889
Val Confusion Matrix at Best Threshold (rows=actual [0,1], cols=predicted [0,1]):
[[10  2]
 [ 3 20]]
======================================================================

Training Results - C1 (Mean Pooling)
======================================================================
Model: C1 (Mean Pooling)
Backbone: resnet18
Pooling: mean
Val AUC: 0.9384
======================================================================
