Starting 5-fold cross-validation training for C1 (Mean Pooling)
Configuration:
  clinical_csv: data/annotations/175_clinical_5_variables.csv
  image_root: data/nakagami_full
  patient_id_column: NO
  label_column: CL_F2
  image_pattern: Nakagami_image_*.png
  n_folds: 5
  batch_size: 16
  learning_rate: 1e-05
  num_epochs: 40
  early_stopping_patience: 12
  early_stopping_min_delta: 0.001
  backbone: resnet18
  pretrained: True
  device: cuda
  num_workers: 4
  pooling: mean
  attention_hidden: 128
  clinical_dim: 32
  fusion_hidden: 128
  dropout: 0.3
  clinical_features: ['AST', 'ALT', 'PLT', 'APRI', 'FIB_4']
  seed: 42
  no_cv: False
  val_split: 0.2
  weight_decay: 0.0
  label_smoothing: 0.0
  log_dir: runs/bmode_clinical
Loading clinical data...
Loaded 175 patients from clinical data
Building patient records...
Building patient records from 175 patients...
Image root: data/nakagami_full
Image pattern: Nakagami_image_*.png
Successfully created 175 patient records
Created 175 patient records

Fold 1 Training Cases (140): ['1', '100', '101', '102', '105', '106', '107', '108', '11', '111', '112', '113', '115', '118', '119', '122', '126', '132', '137', '142', '145', '146', '152', '153', '157', '158', '162', '164', '165', '166', '169', '173', '175', '177', '178', '18', '180', '181', '185', '186', '191', '197', '203', '204', '205', '206', '207', '210', '211', '215', '217', '218', '219', '220', '221', '223', '224', '226', '231', '232', '24', '241', '244', '245', '25', '250', '251', '255', '257', '259', '260', '262', '263', '268', '269', '27', '272', '273', '275', '278', '280', '281', '283', '284', '287', '289', '29', '298', '299', '301', '304', '306', '308', '31', '311', '312', '313', '319', '32', '320', '324', '329', '332', '38', '43', '45', '46', '48', '49', '5', '50', '51', '52', '57', '58', '6', '60', '62', '63', '64', '67', '68', '69', '7', '73', '77', '78', '81', '83', '85', '86', '88', '9', '90', '91', '92', '95', '96', '97', '98']
Fold 1 Validation Cases (35): ['104', '110', '114', '123', '129', '135', '144', '154', '163', '192', '253', '254', '258', '26', '264', '274', '276', '292', '300', '303', '307', '310', '331', '37', '4', '40', '53', '55', '65', '8', '80', '87', '89', '93', '99']
Fold 1 class distribution:
  Train: Class 0=47 (33.6%), Class 1=93 (66.4%)
  Val:   Class 0=11 (31.4%), Class 1=24 (68.6%)

======================================================================
Fold 1/5
======================================================================
Train: 140 patients
Val: 35 patients
Fitting clinical preprocessor on training data...
Built clinical feature dictionaries: train=140, val=35
Clinical input dimension: 5
Backbone feature dimension: 512
Created mean pooling model with backbone resnet18
Using device: cuda
Class weights: [1.0, 0.5053763389587402]

Epoch 1/40 - Train Loss: 0.7294, Train Acc: 0.3357, Train AUC: 0.4786 - Val Loss: 0.6925, Val Acc (0.5): 0.3143, Val AUC: 0.4659
  Train Best Threshold 0.55 → Balanced Acc: 0.5054, Acc: 0.3429, Sensitivity: 0.0108, Specificity: 1.0000, PPV: 1.0000, NPV: 0.3381, F1: 0.0213
  Val Best Threshold 0.40 → Balanced Acc: 0.5038, Acc: 0.6571, Sensitivity: 0.9167, Specificity: 0.0909, PPV: 0.6875, NPV: 0.3333, F1: 0.7857
  → New best validation AUC: 0.4659
Epoch 2/40 - Train Loss: 0.7219, Train Acc: 0.3286, Train AUC: 0.4862 - Val Loss: 0.6982, Val Acc (0.5): 0.3429, Val AUC: 0.3674
  Train Best Threshold 0.55 → Balanced Acc: 0.5054, Acc: 0.3429, Sensitivity: 0.0108, Specificity: 1.0000, PPV: 1.0000, NPV: 0.3381, F1: 0.0213
  Val Best Threshold 0.50 → Balanced Acc: 0.5208, Acc: 0.3429, Sensitivity: 0.0417, Specificity: 1.0000, PPV: 1.0000, NPV: 0.3235, F1: 0.0800
Epoch 3/40 - Train Loss: 0.7000, Train Acc: 0.3929, Train AUC: 0.5603 - Val Loss: 0.7025, Val Acc (0.5): 0.2571, Val AUC: 0.2955
  Train Best Threshold 0.45 → Balanced Acc: 0.5978, Acc: 0.5286, Sensitivity: 0.3871, Specificity: 0.8085, PPV: 0.8000, NPV: 0.4000, F1: 0.5217
  Val Best Threshold 0.45 → Balanced Acc: 0.5038, Acc: 0.6571, Sensitivity: 0.9167, Specificity: 0.0909, PPV: 0.6875, NPV: 0.3333, F1: 0.7857
Epoch 4/40 - Train Loss: 0.6903, Train Acc: 0.3714, Train AUC: 0.5937 - Val Loss: 0.7035, Val Acc (0.5): 0.2857, Val AUC: 0.3371
  Train Best Threshold 0.45 → Balanced Acc: 0.5985, Acc: 0.5714, Sensitivity: 0.5161, Specificity: 0.6809, PPV: 0.7619, NPV: 0.4156, F1: 0.6154
  Val Best Threshold 0.45 → Balanced Acc: 0.5455, Acc: 0.7143, Sensitivity: 1.0000, Specificity: 0.0909, PPV: 0.7059, NPV: 1.0000, F1: 0.8276
Epoch 5/40 - Train Loss: 0.6924, Train Acc: 0.4286, Train AUC: 0.5834 - Val Loss: 0.7033, Val Acc (0.5): 0.4286, Val AUC: 0.3447
  Train Best Threshold 0.40 → Balanced Acc: 0.5528, Acc: 0.6786, Sensitivity: 0.9355, Specificity: 0.1702, PPV: 0.6905, NPV: 0.5714, F1: 0.7945
  Val Best Threshold 0.55 → Balanced Acc: 0.5208, Acc: 0.3429, Sensitivity: 0.0417, Specificity: 1.0000, PPV: 1.0000, NPV: 0.3235, F1: 0.0800
Epoch 6/40 - Train Loss: 0.6752, Train Acc: 0.4929, Train AUC: 0.6591 - Val Loss: 0.7029, Val Acc (0.5): 0.5714, Val AUC: 0.4280
  Train Best Threshold 0.45 → Balanced Acc: 0.6367, Acc: 0.6571, Sensitivity: 0.6989, Specificity: 0.5745, PPV: 0.7647, NPV: 0.4909, F1: 0.7303
  Val Best Threshold 0.55 → Balanced Acc: 0.5208, Acc: 0.3429, Sensitivity: 0.0417, Specificity: 1.0000, PPV: 1.0000, NPV: 0.3235, F1: 0.0800
Epoch 7/40 - Train Loss: 0.6795, Train Acc: 0.4929, Train AUC: 0.6026 - Val Loss: 0.7008, Val Acc (0.5): 0.6286, Val AUC: 0.4924
  Train Best Threshold 0.50 → Balanced Acc: 0.5604, Acc: 0.4929, Sensitivity: 0.3548, Specificity: 0.7660, PPV: 0.7500, NPV: 0.3750, F1: 0.4818
  Val Best Threshold 0.55 → Balanced Acc: 0.5208, Acc: 0.3429, Sensitivity: 0.0417, Specificity: 1.0000, PPV: 1.0000, NPV: 0.3235, F1: 0.0800
  → New best validation AUC: 0.4924
Epoch 8/40 - Train Loss: 0.6845, Train Acc: 0.4857, Train AUC: 0.5660 - Val Loss: 0.6983, Val Acc (0.5): 0.6286, Val AUC: 0.5795
  Train Best Threshold 0.55 → Balanced Acc: 0.5486, Acc: 0.4143, Sensitivity: 0.1398, Specificity: 0.9574, PPV: 0.8667, NPV: 0.3600, F1: 0.2407
  Val Best Threshold 0.55 → Balanced Acc: 0.5625, Acc: 0.4000, Sensitivity: 0.1250, Specificity: 1.0000, PPV: 1.0000, NPV: 0.3438, F1: 0.2222
  → New best validation AUC: 0.5795
Epoch 9/40 - Train Loss: 0.6704, Train Acc: 0.5571, Train AUC: 0.6394 - Val Loss: 0.6965, Val Acc (0.5): 0.5714, Val AUC: 0.5833
  Train Best Threshold 0.50 → Balanced Acc: 0.6035, Acc: 0.5571, Sensitivity: 0.4624, Specificity: 0.7447, PPV: 0.7818, NPV: 0.4118, F1: 0.5811
  Val Best Threshold 0.55 → Balanced Acc: 0.6250, Acc: 0.4857, Sensitivity: 0.2500, Specificity: 1.0000, PPV: 1.0000, NPV: 0.3793, F1: 0.4000
  → New best validation AUC: 0.5833
Epoch 10/40 - Train Loss: 0.6694, Train Acc: 0.5500, Train AUC: 0.6545 - Val Loss: 0.6971, Val Acc (0.5): 0.6286, Val AUC: 0.6061
  Train Best Threshold 0.45 → Balanced Acc: 0.6374, Acc: 0.7000, Sensitivity: 0.8280, Specificity: 0.4468, PPV: 0.7476, NPV: 0.5676, F1: 0.7857
  Val Best Threshold 0.55 → Balanced Acc: 0.6799, Acc: 0.6286, Sensitivity: 0.5417, Specificity: 0.8182, PPV: 0.8667, NPV: 0.4500, F1: 0.6667
  → New best validation AUC: 0.6061
Epoch 11/40 - Train Loss: 0.6732, Train Acc: 0.5857, Train AUC: 0.6291 - Val Loss: 0.6953, Val Acc (0.5): 0.6286, Val AUC: 0.6098
  Train Best Threshold 0.50 → Balanced Acc: 0.6040, Acc: 0.5857, Sensitivity: 0.5484, Specificity: 0.6596, PPV: 0.7612, NPV: 0.4247, F1: 0.6375
  Val Best Threshold 0.55 → Balanced Acc: 0.5890, Acc: 0.5714, Sensitivity: 0.5417, Specificity: 0.6364, PPV: 0.7647, NPV: 0.3889, F1: 0.6341
  → New best validation AUC: 0.6098
Epoch 12/40 - Train Loss: 0.6638, Train Acc: 0.5643, Train AUC: 0.6722 - Val Loss: 0.6956, Val Acc (0.5): 0.6286, Val AUC: 0.6098
  Train Best Threshold 0.45 → Balanced Acc: 0.6161, Acc: 0.6857, Sensitivity: 0.8280, Specificity: 0.4043, PPV: 0.7333, NPV: 0.5429, F1: 0.7778
  Val Best Threshold 0.60 → Balanced Acc: 0.6250, Acc: 0.4857, Sensitivity: 0.2500, Specificity: 1.0000, PPV: 1.0000, NPV: 0.3793, F1: 0.4000
Epoch 13/40 - Train Loss: 0.6739, Train Acc: 0.6000, Train AUC: 0.6250 - Val Loss: 0.6941, Val Acc (0.5): 0.6286, Val AUC: 0.6098
  Train Best Threshold 0.50 → Balanced Acc: 0.6305, Acc: 0.6000, Sensitivity: 0.5376, Specificity: 0.7234, PPV: 0.7937, NPV: 0.4416, F1: 0.6410
  Val Best Threshold 0.60 → Balanced Acc: 0.6250, Acc: 0.4857, Sensitivity: 0.2500, Specificity: 1.0000, PPV: 1.0000, NPV: 0.3793, F1: 0.4000
Epoch 14/40 - Train Loss: 0.6426, Train Acc: 0.6643, Train AUC: 0.7307 - Val Loss: 0.6910, Val Acc (0.5): 0.5714, Val AUC: 0.6364
  Train Best Threshold 0.50 → Balanced Acc: 0.6736, Acc: 0.6643, Sensitivity: 0.6452, Specificity: 0.7021, PPV: 0.8108, NPV: 0.5000, F1: 0.7186
  Val Best Threshold 0.60 → Balanced Acc: 0.6458, Acc: 0.5143, Sensitivity: 0.2917, Specificity: 1.0000, PPV: 1.0000, NPV: 0.3929, F1: 0.4516
  → New best validation AUC: 0.6364
Epoch 15/40 - Train Loss: 0.6546, Train Acc: 0.6214, Train AUC: 0.6680 - Val Loss: 0.6880, Val Acc (0.5): 0.6000, Val AUC: 0.6326
  Train Best Threshold 0.50 → Balanced Acc: 0.6361, Acc: 0.6214, Sensitivity: 0.5914, Specificity: 0.6809, PPV: 0.7857, NPV: 0.4571, F1: 0.6748
  Val Best Threshold 0.60 → Balanced Acc: 0.6667, Acc: 0.5429, Sensitivity: 0.3333, Specificity: 1.0000, PPV: 1.0000, NPV: 0.4074, F1: 0.5000
Epoch 16/40 - Train Loss: 0.6359, Train Acc: 0.6714, Train AUC: 0.7229 - Val Loss: 0.6843, Val Acc (0.5): 0.6000, Val AUC: 0.6402
  Train Best Threshold 0.55 → Balanced Acc: 0.6728, Acc: 0.6143, Sensitivity: 0.4946, Specificity: 0.8511, PPV: 0.8679, NPV: 0.4598, F1: 0.6301
  Val Best Threshold 0.60 → Balanced Acc: 0.6667, Acc: 0.5429, Sensitivity: 0.3333, Specificity: 1.0000, PPV: 1.0000, NPV: 0.4074, F1: 0.5000
  → New best validation AUC: 0.6402
Epoch 17/40 - Train Loss: 0.6321, Train Acc: 0.6500, Train AUC: 0.7339 - Val Loss: 0.6795, Val Acc (0.5): 0.5714, Val AUC: 0.6402
  Train Best Threshold 0.50 → Balanced Acc: 0.6576, Acc: 0.6500, Sensitivity: 0.6344, Specificity: 0.6809, PPV: 0.7973, NPV: 0.4848, F1: 0.7066
  Val Best Threshold 0.55 → Balanced Acc: 0.6553, Acc: 0.6286, Sensitivity: 0.5833, Specificity: 0.7273, PPV: 0.8235, NPV: 0.4444, F1: 0.6829
Epoch 18/40 - Train Loss: 0.6357, Train Acc: 0.6500, Train AUC: 0.7461 - Val Loss: 0.6697, Val Acc (0.5): 0.6286, Val AUC: 0.6477
  Train Best Threshold 0.50 → Balanced Acc: 0.6682, Acc: 0.6500, Sensitivity: 0.6129, Specificity: 0.7234, PPV: 0.8143, NPV: 0.4857, F1: 0.6994
  Val Best Threshold 0.55 → Balanced Acc: 0.6345, Acc: 0.6000, Sensitivity: 0.5417, Specificity: 0.7273, PPV: 0.8125, NPV: 0.4211, F1: 0.6500
  → New best validation AUC: 0.6477
Epoch 19/40 - Train Loss: 0.6330, Train Acc: 0.6429, Train AUC: 0.7179 - Val Loss: 0.6618, Val Acc (0.5): 0.6000, Val AUC: 0.6591
  Train Best Threshold 0.45 → Balanced Acc: 0.6797, Acc: 0.7143, Sensitivity: 0.7849, Specificity: 0.5745, PPV: 0.7849, NPV: 0.5745, F1: 0.7849
  Val Best Threshold 0.55 → Balanced Acc: 0.6591, Acc: 0.6000, Sensitivity: 0.5000, Specificity: 0.8182, PPV: 0.8571, NPV: 0.4286, F1: 0.6316
  → New best validation AUC: 0.6591
Epoch 20/40 - Train Loss: 0.6364, Train Acc: 0.6500, Train AUC: 0.7131 - Val Loss: 0.6585, Val Acc (0.5): 0.6286, Val AUC: 0.6629
  Train Best Threshold 0.45 → Balanced Acc: 0.6690, Acc: 0.7000, Sensitivity: 0.7634, Specificity: 0.5745, PPV: 0.7802, NPV: 0.5510, F1: 0.7717
  Val Best Threshold 0.50 → Balanced Acc: 0.6553, Acc: 0.6286, Sensitivity: 0.5833, Specificity: 0.7273, PPV: 0.8235, NPV: 0.4444, F1: 0.6829
  → New best validation AUC: 0.6629
Epoch 21/40 - Train Loss: 0.6144, Train Acc: 0.6429, Train AUC: 0.7634 - Val Loss: 0.6560, Val Acc (0.5): 0.6286, Val AUC: 0.6667
  Train Best Threshold 0.55 → Balanced Acc: 0.6781, Acc: 0.6143, Sensitivity: 0.4839, Specificity: 0.8723, PPV: 0.8824, NPV: 0.4607, F1: 0.6250
  Val Best Threshold 0.55 → Balanced Acc: 0.6629, Acc: 0.5714, Sensitivity: 0.4167, Specificity: 0.9091, PPV: 0.9091, NPV: 0.4167, F1: 0.5714
  → New best validation AUC: 0.6667
Epoch 22/40 - Train Loss: 0.6089, Train Acc: 0.6500, Train AUC: 0.7477 - Val Loss: 0.6502, Val Acc (0.5): 0.6000, Val AUC: 0.6629
  Train Best Threshold 0.45 → Balanced Acc: 0.6529, Acc: 0.6857, Sensitivity: 0.7527, Specificity: 0.5532, PPV: 0.7692, NPV: 0.5306, F1: 0.7609
  Val Best Threshold 0.50 → Balanced Acc: 0.6591, Acc: 0.6000, Sensitivity: 0.5000, Specificity: 0.8182, PPV: 0.8571, NPV: 0.4286, F1: 0.6316
Epoch 23/40 - Train Loss: 0.5899, Train Acc: 0.6643, Train AUC: 0.7849 - Val Loss: 0.6487, Val Acc (0.5): 0.6286, Val AUC: 0.6705
  Train Best Threshold 0.55 → Balanced Acc: 0.7051, Acc: 0.6571, Sensitivity: 0.5591, Specificity: 0.8511, PPV: 0.8814, NPV: 0.4938, F1: 0.6842
  Val Best Threshold 0.50 → Balanced Acc: 0.6799, Acc: 0.6286, Sensitivity: 0.5417, Specificity: 0.8182, PPV: 0.8667, NPV: 0.4500, F1: 0.6667
  → New best validation AUC: 0.6705
Epoch 24/40 - Train Loss: 0.5934, Train Acc: 0.7143, Train AUC: 0.7833 - Val Loss: 0.6467, Val Acc (0.5): 0.6286, Val AUC: 0.6667
  Train Best Threshold 0.50 → Balanced Acc: 0.7376, Acc: 0.7143, Sensitivity: 0.6667, Specificity: 0.8085, PPV: 0.8732, NPV: 0.5507, F1: 0.7561
  Val Best Threshold 0.55 → Balanced Acc: 0.6629, Acc: 0.5714, Sensitivity: 0.4167, Specificity: 0.9091, PPV: 0.9091, NPV: 0.4167, F1: 0.5714
Epoch 25/40 - Train Loss: 0.5700, Train Acc: 0.7071, Train AUC: 0.8106 - Val Loss: 0.6448, Val Acc (0.5): 0.6000, Val AUC: 0.6629
  Train Best Threshold 0.55 → Balanced Acc: 0.7585, Acc: 0.7071, Sensitivity: 0.6022, Specificity: 0.9149, PPV: 0.9333, NPV: 0.5375, F1: 0.7320
  Val Best Threshold 0.45 → Balanced Acc: 0.6761, Acc: 0.6571, Sensitivity: 0.6250, Specificity: 0.7273, PPV: 0.8333, NPV: 0.4706, F1: 0.7143
Epoch 26/40 - Train Loss: 0.5861, Train Acc: 0.6357, Train AUC: 0.7875 - Val Loss: 0.6433, Val Acc (0.5): 0.5714, Val AUC: 0.6705
  Train Best Threshold 0.45 → Balanced Acc: 0.7168, Acc: 0.7286, Sensitivity: 0.7527, Specificity: 0.6809, PPV: 0.8235, NPV: 0.5818, F1: 0.7865
  Val Best Threshold 0.45 → Balanced Acc: 0.6553, Acc: 0.6286, Sensitivity: 0.5833, Specificity: 0.7273, PPV: 0.8235, NPV: 0.4444, F1: 0.6829
Epoch 27/40 - Train Loss: 0.5888, Train Acc: 0.7214, Train AUC: 0.7765 - Val Loss: 0.6442, Val Acc (0.5): 0.6000, Val AUC: 0.6667
  Train Best Threshold 0.50 → Balanced Acc: 0.7272, Acc: 0.7214, Sensitivity: 0.7097, Specificity: 0.7447, PPV: 0.8462, NPV: 0.5645, F1: 0.7719
  Val Best Threshold 0.45 → Balanced Acc: 0.6761, Acc: 0.6571, Sensitivity: 0.6250, Specificity: 0.7273, PPV: 0.8333, NPV: 0.4706, F1: 0.7143
Epoch 28/40 - Train Loss: 0.5896, Train Acc: 0.6714, Train AUC: 0.7742 - Val Loss: 0.6448, Val Acc (0.5): 0.6571, Val AUC: 0.6591
  Train Best Threshold 0.60 → Balanced Acc: 0.6940, Acc: 0.6214, Sensitivity: 0.4731, Specificity: 0.9149, PPV: 0.9167, NPV: 0.4674, F1: 0.6241
  Val Best Threshold 0.50 → Balanced Acc: 0.6761, Acc: 0.6571, Sensitivity: 0.6250, Specificity: 0.7273, PPV: 0.8333, NPV: 0.4706, F1: 0.7143
Epoch 29/40 - Train Loss: 0.5624, Train Acc: 0.7286, Train AUC: 0.8232 - Val Loss: 0.6464, Val Acc (0.5): 0.6571, Val AUC: 0.6591
  Train Best Threshold 0.45 → Balanced Acc: 0.7862, Acc: 0.7929, Sensitivity: 0.8065, Specificity: 0.7660, PPV: 0.8721, NPV: 0.6667, F1: 0.8380
  Val Best Threshold 0.50 → Balanced Acc: 0.6761, Acc: 0.6571, Sensitivity: 0.6250, Specificity: 0.7273, PPV: 0.8333, NPV: 0.4706, F1: 0.7143
Epoch 30/40 - Train Loss: 0.5817, Train Acc: 0.7286, Train AUC: 0.7936 - Val Loss: 0.6477, Val Acc (0.5): 0.6571, Val AUC: 0.6591
  Train Best Threshold 0.45 → Balanced Acc: 0.7543, Acc: 0.7714, Sensitivity: 0.8065, Specificity: 0.7021, PPV: 0.8427, NPV: 0.6471, F1: 0.8242
  Val Best Threshold 0.50 → Balanced Acc: 0.6761, Acc: 0.6571, Sensitivity: 0.6250, Specificity: 0.7273, PPV: 0.8333, NPV: 0.4706, F1: 0.7143
Epoch 31/40 - Train Loss: 0.5622, Train Acc: 0.7286, Train AUC: 0.8197 - Val Loss: 0.6496, Val Acc (0.5): 0.6286, Val AUC: 0.6818
  Train Best Threshold 0.45 → Balanced Acc: 0.7491, Acc: 0.7786, Sensitivity: 0.8387, Specificity: 0.6596, PPV: 0.8298, NPV: 0.6739, F1: 0.8342
  Val Best Threshold 0.55 → Balanced Acc: 0.6761, Acc: 0.6571, Sensitivity: 0.6250, Specificity: 0.7273, PPV: 0.8333, NPV: 0.4706, F1: 0.7143
  → New best validation AUC: 0.6818
Epoch 32/40 - Train Loss: 0.5684, Train Acc: 0.7357, Train AUC: 0.7959 - Val Loss: 0.6481, Val Acc (0.5): 0.6286, Val AUC: 0.6894
  Train Best Threshold 0.55 → Balanced Acc: 0.7588, Acc: 0.7214, Sensitivity: 0.6452, Specificity: 0.8723, PPV: 0.9091, NPV: 0.5541, F1: 0.7547
  Val Best Threshold 0.70 → Balanced Acc: 0.6667, Acc: 0.5429, Sensitivity: 0.3333, Specificity: 1.0000, PPV: 1.0000, NPV: 0.4074, F1: 0.5000
  → New best validation AUC: 0.6894
Epoch 33/40 - Train Loss: 0.5545, Train Acc: 0.7714, Train AUC: 0.8158 - Val Loss: 0.6560, Val Acc (0.5): 0.6286, Val AUC: 0.6970
  Train Best Threshold 0.50 → Balanced Acc: 0.7806, Acc: 0.7714, Sensitivity: 0.7527, Specificity: 0.8085, PPV: 0.8861, NPV: 0.6230, F1: 0.8140
  Val Best Threshold 0.60 → Balanced Acc: 0.6761, Acc: 0.6571, Sensitivity: 0.6250, Specificity: 0.7273, PPV: 0.8333, NPV: 0.4706, F1: 0.7143
  → New best validation AUC: 0.6970
Epoch 34/40 - Train Loss: 0.5356, Train Acc: 0.7643, Train AUC: 0.8582 - Val Loss: 0.6486, Val Acc (0.5): 0.6571, Val AUC: 0.6932
  Train Best Threshold 0.45 → Balanced Acc: 0.7918, Acc: 0.8143, Sensitivity: 0.8602, Specificity: 0.7234, PPV: 0.8602, NPV: 0.7234, F1: 0.8602
  Val Best Threshold 0.55 → Balanced Acc: 0.6970, Acc: 0.6857, Sensitivity: 0.6667, Specificity: 0.7273, PPV: 0.8421, NPV: 0.5000, F1: 0.7442
Epoch 35/40 - Train Loss: 0.5455, Train Acc: 0.7571, Train AUC: 0.8305 - Val Loss: 0.6406, Val Acc (0.5): 0.6857, Val AUC: 0.7008
  Train Best Threshold 0.50 → Balanced Acc: 0.7593, Acc: 0.7571, Sensitivity: 0.7527, Specificity: 0.7660, PPV: 0.8642, NPV: 0.6102, F1: 0.8046
  Val Best Threshold 0.55 → Balanced Acc: 0.7008, Acc: 0.6571, Sensitivity: 0.5833, Specificity: 0.8182, PPV: 0.8750, NPV: 0.4737, F1: 0.7000
  → New best validation AUC: 0.7008
Epoch 36/40 - Train Loss: 0.5015, Train Acc: 0.7571, Train AUC: 0.8902 - Val Loss: 0.6365, Val Acc (0.5): 0.6571, Val AUC: 0.6970
  Train Best Threshold 0.45 → Balanced Acc: 0.8129, Acc: 0.8143, Sensitivity: 0.8172, Specificity: 0.8085, PPV: 0.8941, NPV: 0.6909, F1: 0.8539
  Val Best Threshold 0.55 → Balanced Acc: 0.6761, Acc: 0.6571, Sensitivity: 0.6250, Specificity: 0.7273, PPV: 0.8333, NPV: 0.4706, F1: 0.7143
Epoch 37/40 - Train Loss: 0.5481, Train Acc: 0.7714, Train AUC: 0.8165 - Val Loss: 0.6405, Val Acc (0.5): 0.6857, Val AUC: 0.7008
  Train Best Threshold 0.50 → Balanced Acc: 0.7753, Acc: 0.7714, Sensitivity: 0.7634, Specificity: 0.7872, PPV: 0.8765, NPV: 0.6271, F1: 0.8161
  Val Best Threshold 0.55 → Balanced Acc: 0.7216, Acc: 0.6857, Sensitivity: 0.6250, Specificity: 0.8182, PPV: 0.8824, NPV: 0.5000, F1: 0.7317
Epoch 38/40 - Train Loss: 0.5185, Train Acc: 0.7857, Train AUC: 0.8527 - Val Loss: 0.6415, Val Acc (0.5): 0.7143, Val AUC: 0.6970
  Train Best Threshold 0.50 → Balanced Acc: 0.7966, Acc: 0.7857, Sensitivity: 0.7634, Specificity: 0.8298, PPV: 0.8987, NPV: 0.6393, F1: 0.8256
  Val Best Threshold 0.50 → Balanced Acc: 0.7178, Acc: 0.7143, Sensitivity: 0.7083, Specificity: 0.7273, PPV: 0.8500, NPV: 0.5333, F1: 0.7727
Epoch 39/40 - Train Loss: 0.5400, Train Acc: 0.7571, Train AUC: 0.8195 - Val Loss: 0.6425, Val Acc (0.5): 0.7143, Val AUC: 0.7008
  Train Best Threshold 0.45 → Balanced Acc: 0.7652, Acc: 0.7929, Sensitivity: 0.8495, Specificity: 0.6809, PPV: 0.8404, NPV: 0.6957, F1: 0.8449
  Val Best Threshold 0.55 → Balanced Acc: 0.7216, Acc: 0.6857, Sensitivity: 0.6250, Specificity: 0.8182, PPV: 0.8824, NPV: 0.5000, F1: 0.7317
Epoch 40/40 - Train Loss: 0.5121, Train Acc: 0.7714, Train AUC: 0.8575 - Val Loss: 0.6427, Val Acc (0.5): 0.6571, Val AUC: 0.7008
  Train Best Threshold 0.40 → Balanced Acc: 0.7922, Acc: 0.8357, Sensitivity: 0.9247, Specificity: 0.6596, PPV: 0.8431, NPV: 0.8158, F1: 0.8821
  Val Best Threshold 0.45 → Balanced Acc: 0.7633, Acc: 0.7429, Sensitivity: 0.7083, Specificity: 0.8182, PPV: 0.8947, NPV: 0.5625, F1: 0.7907
Loaded best model with validation AUC: 0.7008
Final Train Results (Best Model) at epoch 35 - Loss: 0.5157, Accuracy: 0.7857, AUC: 0.8808
Final Val Results (Best Model) at epoch 35 - Loss: 0.6406, Accuracy: 0.6857, AUC: 0.7008
Train Best Threshold: 0.45 | Balanced Acc: 0.8186 | Acc: 0.8429 | Sensitivity: 0.8925 | Specificity: 0.7447 | PPV: 0.8737 | NPV: 0.7778 | F1: 0.8830
Train Confusion Matrix at Best Threshold (rows=actual [0,1], cols=predicted [0,1]):
[[35 12]
 [10 83]]
Val Best Threshold: 0.55 | Balanced Acc: 0.7008 | Acc: 0.6571 | Sensitivity: 0.5833 | Specificity: 0.8182 | PPV: 0.8750 | NPV: 0.4737 | F1: 0.7000
Val Confusion Matrix at Best Threshold (rows=actual [0,1], cols=predicted [0,1]):
[[ 9  2]
 [10 14]]

Fold 2 Training Cases (140): ['100', '102', '104', '106', '107', '11', '110', '111', '112', '114', '115', '118', '122', '123', '129', '132', '135', '137', '142', '144', '146', '153', '154', '157', '158', '162', '163', '164', '165', '166', '173', '177', '178', '18', '180', '185', '191', '192', '197', '204', '205', '207', '210', '211', '215', '217', '218', '219', '220', '221', '224', '226', '231', '232', '24', '241', '244', '251', '253', '254', '257', '258', '259', '26', '260', '262', '264', '268', '269', '272', '273', '274', '275', '276', '278', '280', '281', '283', '287', '289', '292', '298', '299', '300', '301', '303', '304', '306', '307', '308', '31', '310', '311', '312', '313', '319', '32', '320', '324', '329', '331', '332', '37', '38', '4', '40', '43', '45', '46', '48', '49', '5', '50', '51', '52', '53', '55', '58', '6', '63', '64', '65', '67', '68', '69', '77', '8', '80', '83', '85', '87', '88', '89', '9', '90', '92', '93', '95', '96', '99']
Fold 2 Validation Cases (35): ['1', '101', '105', '108', '113', '119', '126', '145', '152', '169', '175', '181', '186', '203', '206', '223', '245', '25', '250', '255', '263', '27', '284', '29', '57', '60', '62', '7', '73', '78', '81', '86', '91', '97', '98']
Fold 2 class distribution:
  Train: Class 0=47 (33.6%), Class 1=93 (66.4%)
  Val:   Class 0=11 (31.4%), Class 1=24 (68.6%)

======================================================================
Fold 2/5
======================================================================
Train: 140 patients
Val: 35 patients
Fitting clinical preprocessor on training data...
Built clinical feature dictionaries: train=140, val=35
Clinical input dimension: 5
Backbone feature dimension: 512
Created mean pooling model with backbone resnet18
Using device: cuda
Class weights: [1.0, 0.5053763389587402]

Epoch 1/40 - Train Loss: 0.7190, Train Acc: 0.3286, Train AUC: 0.5406 - Val Loss: 0.6846, Val Acc (0.5): 0.3143, Val AUC: 0.4356
  Train Best Threshold 0.40 → Balanced Acc: 0.5239, Acc: 0.5143, Sensitivity: 0.4946, Specificity: 0.5532, PPV: 0.6866, NPV: 0.3562, F1: 0.5750
  Val Best Threshold 0.45 → Balanced Acc: 0.5208, Acc: 0.3429, Sensitivity: 0.0417, Specificity: 1.0000, PPV: 1.0000, NPV: 0.3235, F1: 0.0800
  → New best validation AUC: 0.4356
Epoch 2/40 - Train Loss: 0.7270, Train Acc: 0.3429, Train AUC: 0.4523 - Val Loss: 0.6908, Val Acc (0.5): 0.3143, Val AUC: 0.4053
  Train Best Threshold 0.35 → Balanced Acc: 0.5102, Acc: 0.6429, Sensitivity: 0.9140, Specificity: 0.1064, PPV: 0.6693, NPV: 0.3846, F1: 0.7727
  Val Best Threshold 0.05 → Balanced Acc: 0.5000, Acc: 0.6857, Sensitivity: 1.0000, Specificity: 0.0000, PPV: 0.6857, NPV: 0.0000, F1: 0.8136
Epoch 3/40 - Train Loss: 0.6999, Train Acc: 0.3857, Train AUC: 0.5790 - Val Loss: 0.6894, Val Acc (0.5): 0.3143, Val AUC: 0.4053
  Train Best Threshold 0.40 → Balanced Acc: 0.5413, Acc: 0.6143, Sensitivity: 0.7634, Specificity: 0.3191, PPV: 0.6893, NPV: 0.4054, F1: 0.7245
  Val Best Threshold 0.05 → Balanced Acc: 0.5000, Acc: 0.6857, Sensitivity: 1.0000, Specificity: 0.0000, PPV: 0.6857, NPV: 0.0000, F1: 0.8136
Epoch 4/40 - Train Loss: 0.7021, Train Acc: 0.3857, Train AUC: 0.4978 - Val Loss: 0.6880, Val Acc (0.5): 0.3429, Val AUC: 0.4508
  Train Best Threshold 0.50 → Balanced Acc: 0.5271, Acc: 0.3857, Sensitivity: 0.0968, Specificity: 0.9574, PPV: 0.8182, NPV: 0.3488, F1: 0.1731
  Val Best Threshold 0.50 → Balanced Acc: 0.5208, Acc: 0.3429, Sensitivity: 0.0417, Specificity: 1.0000, PPV: 1.0000, NPV: 0.3235, F1: 0.0800
  → New best validation AUC: 0.4508
Epoch 5/40 - Train Loss: 0.6948, Train Acc: 0.4571, Train AUC: 0.5447 - Val Loss: 0.6868, Val Acc (0.5): 0.4571, Val AUC: 0.4621
  Train Best Threshold 0.50 → Balanced Acc: 0.5756, Acc: 0.4571, Sensitivity: 0.2151, Specificity: 0.9362, PPV: 0.8696, NPV: 0.3761, F1: 0.3448
  Val Best Threshold 0.50 → Balanced Acc: 0.6042, Acc: 0.4571, Sensitivity: 0.2083, Specificity: 1.0000, PPV: 1.0000, NPV: 0.3667, F1: 0.3448
  → New best validation AUC: 0.4621
Epoch 6/40 - Train Loss: 0.6900, Train Acc: 0.4429, Train AUC: 0.5655 - Val Loss: 0.6835, Val Acc (0.5): 0.4857, Val AUC: 0.5455
  Train Best Threshold 0.45 → Balanced Acc: 0.5671, Acc: 0.5857, Sensitivity: 0.6237, Specificity: 0.5106, PPV: 0.7160, NPV: 0.4068, F1: 0.6667
  Val Best Threshold 0.50 → Balanced Acc: 0.6250, Acc: 0.4857, Sensitivity: 0.2500, Specificity: 1.0000, PPV: 1.0000, NPV: 0.3793, F1: 0.4000
  → New best validation AUC: 0.5455
Epoch 7/40 - Train Loss: 0.6822, Train Acc: 0.4857, Train AUC: 0.6049 - Val Loss: 0.6818, Val Acc (0.5): 0.4571, Val AUC: 0.5379
  Train Best Threshold 0.50 → Balanced Acc: 0.5550, Acc: 0.4857, Sensitivity: 0.3441, Specificity: 0.7660, PPV: 0.7442, NPV: 0.3711, F1: 0.4706
  Val Best Threshold 0.50 → Balanced Acc: 0.5795, Acc: 0.4571, Sensitivity: 0.2500, Specificity: 0.9091, PPV: 0.8571, NPV: 0.3571, F1: 0.3871
Epoch 8/40 - Train Loss: 0.6694, Train Acc: 0.5357, Train AUC: 0.6621 - Val Loss: 0.6806, Val Acc (0.5): 0.4571, Val AUC: 0.5720
  Train Best Threshold 0.50 → Balanced Acc: 0.6084, Acc: 0.5357, Sensitivity: 0.3871, Specificity: 0.8298, PPV: 0.8182, NPV: 0.4062, F1: 0.5255
  Val Best Threshold 0.55 → Balanced Acc: 0.5625, Acc: 0.4000, Sensitivity: 0.1250, Specificity: 1.0000, PPV: 1.0000, NPV: 0.3438, F1: 0.2222
  → New best validation AUC: 0.5720
Epoch 9/40 - Train Loss: 0.6573, Train Acc: 0.6000, Train AUC: 0.7188 - Val Loss: 0.6780, Val Acc (0.5): 0.5143, Val AUC: 0.6061
  Train Best Threshold 0.50 → Balanced Acc: 0.6516, Acc: 0.6000, Sensitivity: 0.4946, Specificity: 0.8085, PPV: 0.8364, NPV: 0.4471, F1: 0.6216
  Val Best Threshold 0.55 → Balanced Acc: 0.6250, Acc: 0.4857, Sensitivity: 0.2500, Specificity: 1.0000, PPV: 1.0000, NPV: 0.3793, F1: 0.4000
  → New best validation AUC: 0.6061
Epoch 10/40 - Train Loss: 0.6607, Train Acc: 0.5571, Train AUC: 0.7097 - Val Loss: 0.6753, Val Acc (0.5): 0.5714, Val AUC: 0.6212
  Train Best Threshold 0.45 → Balanced Acc: 0.6431, Acc: 0.7286, Sensitivity: 0.9032, Specificity: 0.3830, PPV: 0.7434, NPV: 0.6667, F1: 0.8155
  Val Best Threshold 0.55 → Balanced Acc: 0.6250, Acc: 0.4857, Sensitivity: 0.2500, Specificity: 1.0000, PPV: 1.0000, NPV: 0.3793, F1: 0.4000
  → New best validation AUC: 0.6212
Epoch 11/40 - Train Loss: 0.6678, Train Acc: 0.5929, Train AUC: 0.6653 - Val Loss: 0.6735, Val Acc (0.5): 0.5714, Val AUC: 0.6326
  Train Best Threshold 0.50 → Balanced Acc: 0.6041, Acc: 0.5929, Sensitivity: 0.5699, Specificity: 0.6383, PPV: 0.7571, NPV: 0.4286, F1: 0.6503
  Val Best Threshold 0.55 → Balanced Acc: 0.6250, Acc: 0.4857, Sensitivity: 0.2500, Specificity: 1.0000, PPV: 1.0000, NPV: 0.3793, F1: 0.4000
  → New best validation AUC: 0.6326
Epoch 12/40 - Train Loss: 0.6601, Train Acc: 0.5929, Train AUC: 0.7060 - Val Loss: 0.6704, Val Acc (0.5): 0.5429, Val AUC: 0.6591
  Train Best Threshold 0.45 → Balanced Acc: 0.6426, Acc: 0.7000, Sensitivity: 0.8172, Specificity: 0.4681, PPV: 0.7525, NPV: 0.5641, F1: 0.7835
  Val Best Threshold 0.55 → Balanced Acc: 0.6458, Acc: 0.5143, Sensitivity: 0.2917, Specificity: 1.0000, PPV: 1.0000, NPV: 0.3929, F1: 0.4516
  → New best validation AUC: 0.6591
Epoch 13/40 - Train Loss: 0.6735, Train Acc: 0.5786, Train AUC: 0.6344 - Val Loss: 0.6628, Val Acc (0.5): 0.5429, Val AUC: 0.6742
  Train Best Threshold 0.45 → Balanced Acc: 0.5896, Acc: 0.6714, Sensitivity: 0.8387, Specificity: 0.3404, PPV: 0.7156, NPV: 0.5161, F1: 0.7723
  Val Best Threshold 0.55 → Balanced Acc: 0.6667, Acc: 0.5429, Sensitivity: 0.3333, Specificity: 1.0000, PPV: 1.0000, NPV: 0.4074, F1: 0.5000
  → New best validation AUC: 0.6742
Epoch 14/40 - Train Loss: 0.6554, Train Acc: 0.6429, Train AUC: 0.6900 - Val Loss: 0.6546, Val Acc (0.5): 0.5429, Val AUC: 0.6856
  Train Best Threshold 0.50 → Balanced Acc: 0.6733, Acc: 0.6429, Sensitivity: 0.5806, Specificity: 0.7660, PPV: 0.8308, NPV: 0.4800, F1: 0.6835
  Val Best Threshold 0.55 → Balanced Acc: 0.6458, Acc: 0.5143, Sensitivity: 0.2917, Specificity: 1.0000, PPV: 1.0000, NPV: 0.3929, F1: 0.4516
  → New best validation AUC: 0.6856
Epoch 15/40 - Train Loss: 0.6586, Train Acc: 0.5929, Train AUC: 0.6658 - Val Loss: 0.6479, Val Acc (0.5): 0.5714, Val AUC: 0.7045
  Train Best Threshold 0.45 → Balanced Acc: 0.6161, Acc: 0.6857, Sensitivity: 0.8280, Specificity: 0.4043, PPV: 0.7333, NPV: 0.5429, F1: 0.7778
  Val Best Threshold 0.50 → Balanced Acc: 0.6629, Acc: 0.5714, Sensitivity: 0.4167, Specificity: 0.9091, PPV: 0.9091, NPV: 0.4167, F1: 0.5714
  → New best validation AUC: 0.7045
Epoch 16/40 - Train Loss: 0.6316, Train Acc: 0.6429, Train AUC: 0.7568 - Val Loss: 0.6418, Val Acc (0.5): 0.5714, Val AUC: 0.6932
  Train Best Threshold 0.55 → Balanced Acc: 0.6994, Acc: 0.6286, Sensitivity: 0.4839, Specificity: 0.9149, PPV: 0.9184, NPV: 0.4725, F1: 0.6338
  Val Best Threshold 0.50 → Balanced Acc: 0.6629, Acc: 0.5714, Sensitivity: 0.4167, Specificity: 0.9091, PPV: 0.9091, NPV: 0.4167, F1: 0.5714
Epoch 17/40 - Train Loss: 0.6227, Train Acc: 0.6786, Train AUC: 0.7895 - Val Loss: 0.6376, Val Acc (0.5): 0.5714, Val AUC: 0.6932
  Train Best Threshold 0.50 → Balanced Acc: 0.7054, Acc: 0.6786, Sensitivity: 0.6237, Specificity: 0.7872, PPV: 0.8529, NPV: 0.5139, F1: 0.7205
  Val Best Threshold 0.55 → Balanced Acc: 0.6667, Acc: 0.5429, Sensitivity: 0.3333, Specificity: 1.0000, PPV: 1.0000, NPV: 0.4074, F1: 0.5000
Epoch 18/40 - Train Loss: 0.6347, Train Acc: 0.6286, Train AUC: 0.7355 - Val Loss: 0.6386, Val Acc (0.5): 0.5714, Val AUC: 0.6818
  Train Best Threshold 0.45 → Balanced Acc: 0.6691, Acc: 0.7071, Sensitivity: 0.7849, Specificity: 0.5532, PPV: 0.7766, NPV: 0.5652, F1: 0.7807
  Val Best Threshold 0.55 → Balanced Acc: 0.6667, Acc: 0.5429, Sensitivity: 0.3333, Specificity: 1.0000, PPV: 1.0000, NPV: 0.4074, F1: 0.5000
Epoch 19/40 - Train Loss: 0.6212, Train Acc: 0.6929, Train AUC: 0.7792 - Val Loss: 0.6342, Val Acc (0.5): 0.5714, Val AUC: 0.6818
  Train Best Threshold 0.45 → Balanced Acc: 0.7386, Acc: 0.7786, Sensitivity: 0.8602, Specificity: 0.6170, PPV: 0.8163, NPV: 0.6905, F1: 0.8377
  Val Best Threshold 0.55 → Balanced Acc: 0.7083, Acc: 0.6000, Sensitivity: 0.4167, Specificity: 1.0000, PPV: 1.0000, NPV: 0.4400, F1: 0.5882
Epoch 20/40 - Train Loss: 0.6185, Train Acc: 0.6286, Train AUC: 0.7566 - Val Loss: 0.6313, Val Acc (0.5): 0.5714, Val AUC: 0.6780
  Train Best Threshold 0.45 → Balanced Acc: 0.6903, Acc: 0.7214, Sensitivity: 0.7849, Specificity: 0.5957, PPV: 0.7935, NPV: 0.5833, F1: 0.7892
  Val Best Threshold 0.55 → Balanced Acc: 0.6875, Acc: 0.5714, Sensitivity: 0.3750, Specificity: 1.0000, PPV: 1.0000, NPV: 0.4231, F1: 0.5455
Epoch 21/40 - Train Loss: 0.6282, Train Acc: 0.6857, Train AUC: 0.7479 - Val Loss: 0.6288, Val Acc (0.5): 0.5714, Val AUC: 0.6818
  Train Best Threshold 0.50 → Balanced Acc: 0.7108, Acc: 0.6857, Sensitivity: 0.6344, Specificity: 0.7872, PPV: 0.8551, NPV: 0.5211, F1: 0.7284
  Val Best Threshold 0.55 → Balanced Acc: 0.7083, Acc: 0.6000, Sensitivity: 0.4167, Specificity: 1.0000, PPV: 1.0000, NPV: 0.4400, F1: 0.5882
Epoch 22/40 - Train Loss: 0.6024, Train Acc: 0.6571, Train AUC: 0.7607 - Val Loss: 0.6263, Val Acc (0.5): 0.5714, Val AUC: 0.6818
  Train Best Threshold 0.45 → Balanced Acc: 0.6744, Acc: 0.7143, Sensitivity: 0.7957, Specificity: 0.5532, PPV: 0.7789, NPV: 0.5778, F1: 0.7872
  Val Best Threshold 0.55 → Balanced Acc: 0.6875, Acc: 0.5714, Sensitivity: 0.3750, Specificity: 1.0000, PPV: 1.0000, NPV: 0.4231, F1: 0.5455
Epoch 23/40 - Train Loss: 0.6030, Train Acc: 0.6857, Train AUC: 0.7612 - Val Loss: 0.6289, Val Acc (0.5): 0.5714, Val AUC: 0.6818
  Train Best Threshold 0.45 → Balanced Acc: 0.7012, Acc: 0.7429, Sensitivity: 0.8280, Specificity: 0.5745, PPV: 0.7938, NPV: 0.6279, F1: 0.8105
  Val Best Threshold 0.55 → Balanced Acc: 0.7083, Acc: 0.6000, Sensitivity: 0.4167, Specificity: 1.0000, PPV: 1.0000, NPV: 0.4400, F1: 0.5882
Epoch 24/40 - Train Loss: 0.5868, Train Acc: 0.7143, Train AUC: 0.8023 - Val Loss: 0.6324, Val Acc (0.5): 0.5143, Val AUC: 0.6667
  Train Best Threshold 0.50 → Balanced Acc: 0.7165, Acc: 0.7143, Sensitivity: 0.7097, Specificity: 0.7234, PPV: 0.8354, NPV: 0.5574, F1: 0.7674
  Val Best Threshold 0.55 → Balanced Acc: 0.7083, Acc: 0.6000, Sensitivity: 0.4167, Specificity: 1.0000, PPV: 1.0000, NPV: 0.4400, F1: 0.5882
Epoch 25/40 - Train Loss: 0.6098, Train Acc: 0.6429, Train AUC: 0.7358 - Val Loss: 0.6305, Val Acc (0.5): 0.5143, Val AUC: 0.6667
  Train Best Threshold 0.45 → Balanced Acc: 0.6528, Acc: 0.6786, Sensitivity: 0.7312, Specificity: 0.5745, PPV: 0.7727, NPV: 0.5192, F1: 0.7514
  Val Best Threshold 0.55 → Balanced Acc: 0.7083, Acc: 0.6000, Sensitivity: 0.4167, Specificity: 1.0000, PPV: 1.0000, NPV: 0.4400, F1: 0.5882
Early stopping at epoch 25
Loaded best model with validation AUC: 0.7045
Final Train Results (Best Model) at epoch 15 - Loss: 0.6291, Accuracy: 0.6786, AUC: 0.7998
Final Val Results (Best Model) at epoch 15 - Loss: 0.6479, Accuracy: 0.5714, AUC: 0.7045
Train Best Threshold: 0.45 | Balanced Acc: 0.7495 | Acc: 0.8000 | Sensitivity: 0.9032 | Specificity: 0.5957 | PPV: 0.8155 | NPV: 0.7568 | F1: 0.8571
Train Confusion Matrix at Best Threshold (rows=actual [0,1], cols=predicted [0,1]):
[[28 19]
 [ 9 84]]
Val Best Threshold: 0.50 | Balanced Acc: 0.6629 | Acc: 0.5714 | Sensitivity: 0.4167 | Specificity: 0.9091 | PPV: 0.9091 | NPV: 0.4167 | F1: 0.5714
Val Confusion Matrix at Best Threshold (rows=actual [0,1], cols=predicted [0,1]):
[[10  1]
 [14 10]]

Fold 3 Training Cases (140): ['1', '101', '104', '105', '107', '108', '11', '110', '111', '112', '113', '114', '115', '119', '122', '123', '126', '129', '132', '135', '144', '145', '146', '152', '153', '154', '157', '158', '162', '163', '166', '169', '175', '177', '18', '180', '181', '185', '186', '191', '192', '203', '206', '207', '210', '211', '215', '217', '218', '220', '223', '224', '231', '232', '24', '244', '245', '25', '250', '251', '253', '254', '255', '257', '258', '259', '26', '263', '264', '268', '269', '27', '272', '274', '276', '278', '280', '283', '284', '287', '289', '29', '292', '298', '299', '300', '301', '303', '306', '307', '308', '31', '310', '312', '313', '319', '32', '320', '329', '331', '37', '38', '4', '40', '43', '46', '48', '49', '5', '51', '52', '53', '55', '57', '60', '62', '65', '67', '69', '7', '73', '77', '78', '8', '80', '81', '83', '86', '87', '88', '89', '9', '90', '91', '92', '93', '95', '97', '98', '99']
Fold 3 Validation Cases (35): ['100', '102', '106', '118', '137', '142', '164', '165', '173', '178', '197', '204', '205', '219', '221', '226', '241', '260', '262', '273', '275', '281', '304', '311', '324', '332', '45', '50', '58', '6', '63', '64', '68', '85', '96']
Fold 3 class distribution:
  Train: Class 0=46 (32.9%), Class 1=94 (67.1%)
  Val:   Class 0=12 (34.3%), Class 1=23 (65.7%)

======================================================================
Fold 3/5
======================================================================
Train: 140 patients
Val: 35 patients
Fitting clinical preprocessor on training data...
Built clinical feature dictionaries: train=140, val=35
Clinical input dimension: 5
Backbone feature dimension: 512
Created mean pooling model with backbone resnet18
Using device: cuda
Class weights: [1.0, 0.4893617033958435]

Epoch 1/40 - Train Loss: 0.7173, Train Acc: 0.3429, Train AUC: 0.5749 - Val Loss: 0.6787, Val Acc (0.5): 0.3429, Val AUC: 0.6775
  Train Best Threshold 0.40 → Balanced Acc: 0.5604, Acc: 0.5214, Sensitivity: 0.4468, Specificity: 0.6739, PPV: 0.7368, NPV: 0.3735, F1: 0.5563
  Val Best Threshold 0.45 → Balanced Acc: 0.5960, Acc: 0.6000, Sensitivity: 0.6087, Specificity: 0.5833, PPV: 0.7368, NPV: 0.4375, F1: 0.6667
  → New best validation AUC: 0.6775
Epoch 2/40 - Train Loss: 0.7245, Train Acc: 0.3286, Train AUC: 0.4931 - Val Loss: 0.6824, Val Acc (0.5): 0.4571, Val AUC: 0.6123
  Train Best Threshold 0.35 → Balanced Acc: 0.5282, Acc: 0.6571, Sensitivity: 0.9043, Specificity: 0.1522, PPV: 0.6855, NPV: 0.4375, F1: 0.7798
  Val Best Threshold 0.50 → Balanced Acc: 0.5670, Acc: 0.4571, Sensitivity: 0.2174, Specificity: 0.9167, PPV: 0.8333, NPV: 0.3793, F1: 0.3448
Epoch 3/40 - Train Loss: 0.7035, Train Acc: 0.3786, Train AUC: 0.5162 - Val Loss: 0.6861, Val Acc (0.5): 0.6000, Val AUC: 0.6014
  Train Best Threshold 0.50 → Balanced Acc: 0.5206, Acc: 0.3786, Sensitivity: 0.1064, Specificity: 0.9348, PPV: 0.7692, NPV: 0.3386, F1: 0.1869
  Val Best Threshold 0.50 → Balanced Acc: 0.6159, Acc: 0.6000, Sensitivity: 0.5652, Specificity: 0.6667, PPV: 0.7647, NPV: 0.4444, F1: 0.6500
Epoch 4/40 - Train Loss: 0.7085, Train Acc: 0.3857, Train AUC: 0.4986 - Val Loss: 0.6895, Val Acc (0.5): 0.5714, Val AUC: 0.5942
  Train Best Threshold 0.50 → Balanced Acc: 0.5204, Acc: 0.3857, Sensitivity: 0.1277, Specificity: 0.9130, PPV: 0.7500, NPV: 0.3387, F1: 0.2182
  Val Best Threshold 0.50 → Balanced Acc: 0.5344, Acc: 0.5714, Sensitivity: 0.6522, Specificity: 0.4167, PPV: 0.6818, NPV: 0.3846, F1: 0.6667
Epoch 5/40 - Train Loss: 0.6838, Train Acc: 0.4714, Train AUC: 0.6214 - Val Loss: 0.6910, Val Acc (0.5): 0.6857, Val AUC: 0.6159
  Train Best Threshold 0.45 → Balanced Acc: 0.6022, Acc: 0.6000, Sensitivity: 0.5957, Specificity: 0.6087, PPV: 0.7568, NPV: 0.4242, F1: 0.6667
  Val Best Threshold 0.50 → Balanced Acc: 0.6214, Acc: 0.6857, Sensitivity: 0.8261, Specificity: 0.4167, PPV: 0.7308, NPV: 0.5556, F1: 0.7755
Epoch 6/40 - Train Loss: 0.6740, Train Acc: 0.5357, Train AUC: 0.6455 - Val Loss: 0.6923, Val Acc (0.5): 0.6571, Val AUC: 0.6341
  Train Best Threshold 0.50 → Balanced Acc: 0.6210, Acc: 0.5357, Sensitivity: 0.3723, Specificity: 0.8696, PPV: 0.8537, NPV: 0.4040, F1: 0.5185
  Val Best Threshold 0.55 → Balanced Acc: 0.5670, Acc: 0.4571, Sensitivity: 0.2174, Specificity: 0.9167, PPV: 0.8333, NPV: 0.3793, F1: 0.3448
Epoch 7/40 - Train Loss: 0.6890, Train Acc: 0.4857, Train AUC: 0.5624 - Val Loss: 0.6943, Val Acc (0.5): 0.6571, Val AUC: 0.6594
  Train Best Threshold 0.45 → Balanced Acc: 0.5465, Acc: 0.6071, Sensitivity: 0.7234, Specificity: 0.3696, PPV: 0.7010, NPV: 0.3953, F1: 0.7120
  Val Best Threshold 0.55 → Balanced Acc: 0.6540, Acc: 0.5714, Sensitivity: 0.3913, Specificity: 0.9167, PPV: 0.9000, NPV: 0.4400, F1: 0.5455
Epoch 8/40 - Train Loss: 0.6754, Train Acc: 0.5357, Train AUC: 0.6450 - Val Loss: 0.6967, Val Acc (0.5): 0.6571, Val AUC: 0.6739
  Train Best Threshold 0.50 → Balanced Acc: 0.6043, Acc: 0.5357, Sensitivity: 0.4043, Specificity: 0.8043, PPV: 0.8085, NPV: 0.3978, F1: 0.5390
  Val Best Threshold 0.55 → Balanced Acc: 0.6159, Acc: 0.6000, Sensitivity: 0.5652, Specificity: 0.6667, PPV: 0.7647, NPV: 0.4444, F1: 0.6500
Epoch 9/40 - Train Loss: 0.6640, Train Acc: 0.5857, Train AUC: 0.6762 - Val Loss: 0.6937, Val Acc (0.5): 0.6571, Val AUC: 0.7174
  Train Best Threshold 0.50 → Balanced Acc: 0.6360, Acc: 0.5857, Sensitivity: 0.4894, Specificity: 0.7826, PPV: 0.8214, NPV: 0.4286, F1: 0.6133
  Val Best Threshold 0.55 → Balanced Acc: 0.6377, Acc: 0.6286, Sensitivity: 0.6087, Specificity: 0.6667, PPV: 0.7778, NPV: 0.4706, F1: 0.6829
  → New best validation AUC: 0.7174
Epoch 10/40 - Train Loss: 0.6689, Train Acc: 0.5643, Train AUC: 0.6536 - Val Loss: 0.6886, Val Acc (0.5): 0.6571, Val AUC: 0.7283
  Train Best Threshold 0.50 → Balanced Acc: 0.6034, Acc: 0.5643, Sensitivity: 0.4894, Specificity: 0.7174, PPV: 0.7797, NPV: 0.4074, F1: 0.6013
  Val Best Threshold 0.55 → Balanced Acc: 0.6793, Acc: 0.6571, Sensitivity: 0.6087, Specificity: 0.7500, PPV: 0.8235, NPV: 0.5000, F1: 0.7000
  → New best validation AUC: 0.7283
Epoch 11/40 - Train Loss: 0.6635, Train Acc: 0.5714, Train AUC: 0.6499 - Val Loss: 0.6829, Val Acc (0.5): 0.7143, Val AUC: 0.7500
  Train Best Threshold 0.50 → Balanced Acc: 0.6031, Acc: 0.5714, Sensitivity: 0.5106, Specificity: 0.6957, PPV: 0.7742, NPV: 0.4103, F1: 0.6154
  Val Best Threshold 0.55 → Balanced Acc: 0.7210, Acc: 0.6857, Sensitivity: 0.6087, Specificity: 0.8333, PPV: 0.8750, NPV: 0.5263, F1: 0.7179
  → New best validation AUC: 0.7500
Epoch 12/40 - Train Loss: 0.6636, Train Acc: 0.6214, Train AUC: 0.6647 - Val Loss: 0.6842, Val Acc (0.5): 0.6857, Val AUC: 0.7572
  Train Best Threshold 0.50 → Balanced Acc: 0.6515, Acc: 0.6214, Sensitivity: 0.5638, Specificity: 0.7391, PPV: 0.8154, NPV: 0.4533, F1: 0.6667
  Val Best Threshold 0.55 → Balanced Acc: 0.7029, Acc: 0.7143, Sensitivity: 0.7391, Specificity: 0.6667, PPV: 0.8095, NPV: 0.5714, F1: 0.7727
  → New best validation AUC: 0.7572
Epoch 13/40 - Train Loss: 0.6664, Train Acc: 0.6071, Train AUC: 0.6522 - Val Loss: 0.6793, Val Acc (0.5): 0.7714, Val AUC: 0.7645
  Train Best Threshold 0.50 → Balanced Acc: 0.6408, Acc: 0.6071, Sensitivity: 0.5426, Specificity: 0.7391, PPV: 0.8095, NPV: 0.4416, F1: 0.6497
  Val Best Threshold 0.55 → Balanced Acc: 0.7029, Acc: 0.7143, Sensitivity: 0.7391, Specificity: 0.6667, PPV: 0.8095, NPV: 0.5714, F1: 0.7727
  → New best validation AUC: 0.7645
Epoch 14/40 - Train Loss: 0.6556, Train Acc: 0.5786, Train AUC: 0.6746 - Val Loss: 0.6692, Val Acc (0.5): 0.7429, Val AUC: 0.7754
  Train Best Threshold 0.55 → Balanced Acc: 0.6376, Acc: 0.5357, Sensitivity: 0.3404, Specificity: 0.9348, PPV: 0.9143, NPV: 0.4095, F1: 0.4961
  Val Best Threshold 0.55 → Balanced Acc: 0.7645, Acc: 0.7429, Sensitivity: 0.6957, Specificity: 0.8333, PPV: 0.8889, NPV: 0.5882, F1: 0.7805
  → New best validation AUC: 0.7754
Epoch 15/40 - Train Loss: 0.6518, Train Acc: 0.6286, Train AUC: 0.6806 - Val Loss: 0.6592, Val Acc (0.5): 0.7714, Val AUC: 0.7826
  Train Best Threshold 0.50 → Balanced Acc: 0.6568, Acc: 0.6286, Sensitivity: 0.5745, Specificity: 0.7391, PPV: 0.8182, NPV: 0.4595, F1: 0.6750
  Val Best Threshold 0.55 → Balanced Acc: 0.7428, Acc: 0.7143, Sensitivity: 0.6522, Specificity: 0.8333, PPV: 0.8824, NPV: 0.5556, F1: 0.7500
  → New best validation AUC: 0.7826
Epoch 16/40 - Train Loss: 0.6425, Train Acc: 0.6643, Train AUC: 0.7065 - Val Loss: 0.6486, Val Acc (0.5): 0.7143, Val AUC: 0.7754
  Train Best Threshold 0.50 → Balanced Acc: 0.6834, Acc: 0.6643, Sensitivity: 0.6277, Specificity: 0.7391, PPV: 0.8310, NPV: 0.4928, F1: 0.7152
  Val Best Threshold 0.55 → Balanced Acc: 0.6993, Acc: 0.6571, Sensitivity: 0.5652, Specificity: 0.8333, PPV: 0.8667, NPV: 0.5000, F1: 0.6842
Epoch 17/40 - Train Loss: 0.6396, Train Acc: 0.6429, Train AUC: 0.7063 - Val Loss: 0.6385, Val Acc (0.5): 0.7714, Val AUC: 0.7717
  Train Best Threshold 0.50 → Balanced Acc: 0.6674, Acc: 0.6429, Sensitivity: 0.5957, Specificity: 0.7391, PPV: 0.8235, NPV: 0.4722, F1: 0.6914
  Val Best Threshold 0.50 → Balanced Acc: 0.7663, Acc: 0.7714, Sensitivity: 0.7826, Specificity: 0.7500, PPV: 0.8571, NPV: 0.6429, F1: 0.8182
Epoch 18/40 - Train Loss: 0.6456, Train Acc: 0.6143, Train AUC: 0.6864 - Val Loss: 0.6283, Val Acc (0.5): 0.7429, Val AUC: 0.7826
  Train Best Threshold 0.45 → Balanced Acc: 0.6388, Acc: 0.6714, Sensitivity: 0.7340, Specificity: 0.5435, PPV: 0.7667, NPV: 0.5000, F1: 0.7500
  Val Best Threshold 0.50 → Balanced Acc: 0.7446, Acc: 0.7429, Sensitivity: 0.7391, Specificity: 0.7500, PPV: 0.8500, NPV: 0.6000, F1: 0.7907
Epoch 19/40 - Train Loss: 0.6088, Train Acc: 0.6571, Train AUC: 0.7715 - Val Loss: 0.6179, Val Acc (0.5): 0.6857, Val AUC: 0.7790
  Train Best Threshold 0.45 → Balanced Acc: 0.6871, Acc: 0.7214, Sensitivity: 0.7872, Specificity: 0.5870, PPV: 0.7957, NPV: 0.5745, F1: 0.7914
  Val Best Threshold 0.50 → Balanced Acc: 0.7210, Acc: 0.6857, Sensitivity: 0.6087, Specificity: 0.8333, PPV: 0.8750, NPV: 0.5263, F1: 0.7179
Epoch 20/40 - Train Loss: 0.6120, Train Acc: 0.6643, Train AUC: 0.7669 - Val Loss: 0.6097, Val Acc (0.5): 0.6286, Val AUC: 0.7790
  Train Best Threshold 0.45 → Balanced Acc: 0.6931, Acc: 0.7071, Sensitivity: 0.7340, Specificity: 0.6522, PPV: 0.8118, NPV: 0.5455, F1: 0.7709
  Val Best Threshold 0.45 → Balanced Acc: 0.7446, Acc: 0.7429, Sensitivity: 0.7391, Specificity: 0.7500, PPV: 0.8500, NPV: 0.6000, F1: 0.7907
Epoch 21/40 - Train Loss: 0.6176, Train Acc: 0.6429, Train AUC: 0.7449 - Val Loss: 0.6072, Val Acc (0.5): 0.6571, Val AUC: 0.7899
  Train Best Threshold 0.45 → Balanced Acc: 0.7306, Acc: 0.7500, Sensitivity: 0.7872, Specificity: 0.6739, PPV: 0.8315, NPV: 0.6078, F1: 0.8087
  Val Best Threshold 0.45 → Balanced Acc: 0.7446, Acc: 0.7429, Sensitivity: 0.7391, Specificity: 0.7500, PPV: 0.8500, NPV: 0.6000, F1: 0.7907
  → New best validation AUC: 0.7899
Epoch 22/40 - Train Loss: 0.6272, Train Acc: 0.6143, Train AUC: 0.7037 - Val Loss: 0.6075, Val Acc (0.5): 0.6857, Val AUC: 0.7790
  Train Best Threshold 0.55 → Balanced Acc: 0.6739, Acc: 0.6143, Sensitivity: 0.5000, Specificity: 0.8478, PPV: 0.8704, NPV: 0.4535, F1: 0.6351
  Val Best Threshold 0.45 → Balanced Acc: 0.7464, Acc: 0.7714, Sensitivity: 0.8261, Specificity: 0.6667, PPV: 0.8261, NPV: 0.6667, F1: 0.8261
Epoch 23/40 - Train Loss: 0.5896, Train Acc: 0.6857, Train AUC: 0.7821 - Val Loss: 0.6123, Val Acc (0.5): 0.6857, Val AUC: 0.7717
  Train Best Threshold 0.55 → Balanced Acc: 0.7278, Acc: 0.6643, Sensitivity: 0.5426, Specificity: 0.9130, PPV: 0.9273, NPV: 0.4941, F1: 0.6846
  Val Best Threshold 0.45 → Balanced Acc: 0.7047, Acc: 0.7429, Sensitivity: 0.8261, Specificity: 0.5833, PPV: 0.7917, NPV: 0.6364, F1: 0.8085
Epoch 24/40 - Train Loss: 0.6065, Train Acc: 0.6786, Train AUC: 0.7606 - Val Loss: 0.6152, Val Acc (0.5): 0.7143, Val AUC: 0.7754
  Train Best Threshold 0.45 → Balanced Acc: 0.6982, Acc: 0.7214, Sensitivity: 0.7660, Specificity: 0.6304, PPV: 0.8090, NPV: 0.5686, F1: 0.7869
  Val Best Threshold 0.45 → Balanced Acc: 0.7482, Acc: 0.8000, Sensitivity: 0.9130, Specificity: 0.5833, PPV: 0.8077, NPV: 0.7778, F1: 0.8571
Epoch 25/40 - Train Loss: 0.6038, Train Acc: 0.7071, Train AUC: 0.7690 - Val Loss: 0.6133, Val Acc (0.5): 0.7143, Val AUC: 0.7717
  Train Best Threshold 0.45 → Balanced Acc: 0.7357, Acc: 0.7643, Sensitivity: 0.8191, Specificity: 0.6522, PPV: 0.8280, NPV: 0.6383, F1: 0.8235
  Val Best Threshold 0.45 → Balanced Acc: 0.7264, Acc: 0.7714, Sensitivity: 0.8696, Specificity: 0.5833, PPV: 0.8000, NPV: 0.7000, F1: 0.8333
Epoch 26/40 - Train Loss: 0.5863, Train Acc: 0.7143, Train AUC: 0.7995 - Val Loss: 0.6047, Val Acc (0.5): 0.7143, Val AUC: 0.7790
  Train Best Threshold 0.50 → Balanced Acc: 0.7484, Acc: 0.7143, Sensitivity: 0.6489, Specificity: 0.8478, PPV: 0.8971, NPV: 0.5417, F1: 0.7531
  Val Best Threshold 0.50 → Balanced Acc: 0.7228, Acc: 0.7143, Sensitivity: 0.6957, Specificity: 0.7500, PPV: 0.8421, NPV: 0.5625, F1: 0.7619
Epoch 27/40 - Train Loss: 0.5745, Train Acc: 0.7071, Train AUC: 0.8041 - Val Loss: 0.6023, Val Acc (0.5): 0.7143, Val AUC: 0.7826
  Train Best Threshold 0.45 → Balanced Acc: 0.7412, Acc: 0.7643, Sensitivity: 0.8085, Specificity: 0.6739, PPV: 0.8352, NPV: 0.6327, F1: 0.8216
  Val Best Threshold 0.45 → Balanced Acc: 0.7264, Acc: 0.7714, Sensitivity: 0.8696, Specificity: 0.5833, PPV: 0.8000, NPV: 0.7000, F1: 0.8333
Epoch 28/40 - Train Loss: 0.5726, Train Acc: 0.7071, Train AUC: 0.8099 - Val Loss: 0.5845, Val Acc (0.5): 0.6857, Val AUC: 0.7862
  Train Best Threshold 0.45 → Balanced Acc: 0.7308, Acc: 0.7429, Sensitivity: 0.7660, Specificity: 0.6957, PPV: 0.8372, NPV: 0.5926, F1: 0.8000
  Val Best Threshold 0.45 → Balanced Acc: 0.7663, Acc: 0.7714, Sensitivity: 0.7826, Specificity: 0.7500, PPV: 0.8571, NPV: 0.6429, F1: 0.8182
Epoch 29/40 - Train Loss: 0.5714, Train Acc: 0.6929, Train AUC: 0.8030 - Val Loss: 0.5767, Val Acc (0.5): 0.6286, Val AUC: 0.7754
  Train Best Threshold 0.45 → Balanced Acc: 0.7419, Acc: 0.7429, Sensitivity: 0.7447, Specificity: 0.7391, PPV: 0.8537, NPV: 0.5862, F1: 0.7955
  Val Best Threshold 0.45 → Balanced Acc: 0.7663, Acc: 0.7714, Sensitivity: 0.7826, Specificity: 0.7500, PPV: 0.8571, NPV: 0.6429, F1: 0.8182
Epoch 30/40 - Train Loss: 0.5846, Train Acc: 0.7000, Train AUC: 0.8030 - Val Loss: 0.5677, Val Acc (0.5): 0.6286, Val AUC: 0.7754
  Train Best Threshold 0.50 → Balanced Acc: 0.7377, Acc: 0.7000, Sensitivity: 0.6277, Specificity: 0.8478, PPV: 0.8939, NPV: 0.5270, F1: 0.7375
  Val Best Threshold 0.40 → Balanced Acc: 0.7464, Acc: 0.7714, Sensitivity: 0.8261, Specificity: 0.6667, PPV: 0.8261, NPV: 0.6667, F1: 0.8261
Epoch 31/40 - Train Loss: 0.5705, Train Acc: 0.7071, Train AUC: 0.7875 - Val Loss: 0.5609, Val Acc (0.5): 0.6000, Val AUC: 0.7790
  Train Best Threshold 0.50 → Balanced Acc: 0.7320, Acc: 0.7071, Sensitivity: 0.6596, Specificity: 0.8043, PPV: 0.8732, NPV: 0.5362, F1: 0.7515
  Val Best Threshold 0.35 → Balanced Acc: 0.7482, Acc: 0.8000, Sensitivity: 0.9130, Specificity: 0.5833, PPV: 0.8077, NPV: 0.7778, F1: 0.8571
Early stopping at epoch 31
Loaded best model with validation AUC: 0.7899
Final Train Results (Best Model) at epoch 21 - Loss: 0.6048, Accuracy: 0.6571, AUC: 0.7641
Final Val Results (Best Model) at epoch 21 - Loss: 0.6072, Accuracy: 0.6571, AUC: 0.7899
Train Best Threshold: 0.55 | Balanced Acc: 0.6959 | Acc: 0.6214 | Sensitivity: 0.4787 | Specificity: 0.9130 | PPV: 0.9184 | NPV: 0.4615 | F1: 0.6294
Train Confusion Matrix at Best Threshold (rows=actual [0,1], cols=predicted [0,1]):
[[42  4]
 [49 45]]
Val Best Threshold: 0.45 | Balanced Acc: 0.7446 | Acc: 0.7429 | Sensitivity: 0.7391 | Specificity: 0.7500 | PPV: 0.8500 | NPV: 0.6000 | F1: 0.7907
Val Confusion Matrix at Best Threshold (rows=actual [0,1], cols=predicted [0,1]):
[[ 9  3]
 [ 6 17]]

Fold 4 Training Cases (140): ['1', '100', '101', '102', '104', '105', '106', '108', '110', '112', '113', '114', '115', '118', '119', '122', '123', '126', '129', '132', '135', '137', '142', '144', '145', '152', '153', '154', '158', '162', '163', '164', '165', '169', '173', '175', '178', '180', '181', '186', '192', '197', '203', '204', '205', '206', '207', '210', '211', '215', '219', '221', '223', '224', '226', '231', '24', '241', '244', '245', '25', '250', '251', '253', '254', '255', '257', '258', '26', '260', '262', '263', '264', '27', '273', '274', '275', '276', '278', '280', '281', '284', '287', '29', '292', '300', '301', '303', '304', '307', '308', '31', '310', '311', '32', '324', '329', '331', '332', '37', '38', '4', '40', '43', '45', '46', '49', '5', '50', '52', '53', '55', '57', '58', '6', '60', '62', '63', '64', '65', '67', '68', '7', '73', '78', '8', '80', '81', '83', '85', '86', '87', '88', '89', '91', '93', '96', '97', '98', '99']
Fold 4 Validation Cases (35): ['107', '11', '111', '146', '157', '166', '177', '18', '185', '191', '217', '218', '220', '232', '259', '268', '269', '272', '283', '289', '298', '299', '306', '312', '313', '319', '320', '48', '51', '69', '77', '9', '90', '92', '95']
Fold 4 class distribution:
  Train: Class 0=46 (32.9%), Class 1=94 (67.1%)
  Val:   Class 0=12 (34.3%), Class 1=23 (65.7%)

======================================================================
Fold 4/5
======================================================================
Train: 140 patients
Val: 35 patients
Fitting clinical preprocessor on training data...
Built clinical feature dictionaries: train=140, val=35
Clinical input dimension: 5
Backbone feature dimension: 512
Created mean pooling model with backbone resnet18
Using device: cuda
Class weights: [1.0, 0.4893617033958435]

Epoch 1/40 - Train Loss: 0.7391, Train Acc: 0.3286, Train AUC: 0.4729 - Val Loss: 0.6848, Val Acc (0.5): 0.3429, Val AUC: 0.4239
  Train Best Threshold 0.35 → Balanced Acc: 0.5185, Acc: 0.6143, Sensitivity: 0.7979, Specificity: 0.2391, PPV: 0.6818, NPV: 0.3667, F1: 0.7353
  Val Best Threshold 0.40 → Balanced Acc: 0.5199, Acc: 0.6571, Sensitivity: 0.9565, Specificity: 0.0833, PPV: 0.6667, NPV: 0.5000, F1: 0.7857
  → New best validation AUC: 0.4239
Epoch 2/40 - Train Loss: 0.7110, Train Acc: 0.3286, Train AUC: 0.5807 - Val Loss: 0.6880, Val Acc (0.5): 0.3143, Val AUC: 0.4601
  Train Best Threshold 0.40 → Balanced Acc: 0.5967, Acc: 0.6000, Sensitivity: 0.6064, Specificity: 0.5870, PPV: 0.7500, NPV: 0.4219, F1: 0.6706
  Val Best Threshold 0.05 → Balanced Acc: 0.5000, Acc: 0.6571, Sensitivity: 1.0000, Specificity: 0.0000, PPV: 0.6571, NPV: 0.0000, F1: 0.7931
  → New best validation AUC: 0.4601
Epoch 3/40 - Train Loss: 0.7083, Train Acc: 0.3571, Train AUC: 0.5500 - Val Loss: 0.6924, Val Acc (0.5): 0.5714, Val AUC: 0.4964
  Train Best Threshold 0.40 → Balanced Acc: 0.5301, Acc: 0.6000, Sensitivity: 0.7340, Specificity: 0.3261, PPV: 0.6900, NPV: 0.3750, F1: 0.7113
  Val Best Threshold 0.50 → Balanced Acc: 0.5344, Acc: 0.5714, Sensitivity: 0.6522, Specificity: 0.4167, PPV: 0.6818, NPV: 0.3846, F1: 0.6667
  → New best validation AUC: 0.4964
Epoch 4/40 - Train Loss: 0.7012, Train Acc: 0.3357, Train AUC: 0.5363 - Val Loss: 0.6939, Val Acc (0.5): 0.6000, Val AUC: 0.5326
  Train Best Threshold 0.45 → Balanced Acc: 0.5657, Acc: 0.5286, Sensitivity: 0.4574, Specificity: 0.6739, PPV: 0.7414, NPV: 0.3780, F1: 0.5658
  Val Best Threshold 0.50 → Balanced Acc: 0.5362, Acc: 0.6000, Sensitivity: 0.7391, Specificity: 0.3333, PPV: 0.6800, NPV: 0.4000, F1: 0.7083
  → New best validation AUC: 0.5326
Epoch 5/40 - Train Loss: 0.6951, Train Acc: 0.4500, Train AUC: 0.5458 - Val Loss: 0.6967, Val Acc (0.5): 0.6857, Val AUC: 0.5942
  Train Best Threshold 0.50 → Balanced Acc: 0.5682, Acc: 0.4500, Sensitivity: 0.2234, Specificity: 0.9130, PPV: 0.8400, NPV: 0.3652, F1: 0.3529
  Val Best Threshold 0.50 → Balanced Acc: 0.5417, Acc: 0.6857, Sensitivity: 1.0000, Specificity: 0.0833, PPV: 0.6765, NPV: 1.0000, F1: 0.8070
  → New best validation AUC: 0.5942
Epoch 6/40 - Train Loss: 0.6798, Train Acc: 0.4643, Train AUC: 0.6332 - Val Loss: 0.7020, Val Acc (0.5): 0.6571, Val AUC: 0.6449
  Train Best Threshold 0.45 → Balanced Acc: 0.5907, Acc: 0.6143, Sensitivity: 0.6596, Specificity: 0.5217, PPV: 0.7381, NPV: 0.4286, F1: 0.6966
  Val Best Threshold 0.55 → Balanced Acc: 0.6576, Acc: 0.6286, Sensitivity: 0.5652, Specificity: 0.7500, PPV: 0.8125, NPV: 0.4737, F1: 0.6667
  → New best validation AUC: 0.6449
Epoch 7/40 - Train Loss: 0.7038, Train Acc: 0.4500, Train AUC: 0.4928 - Val Loss: 0.6987, Val Acc (0.5): 0.6571, Val AUC: 0.6993
  Train Best Threshold 0.40 → Balanced Acc: 0.5007, Acc: 0.6500, Sensitivity: 0.9362, Specificity: 0.0652, PPV: 0.6718, NPV: 0.3333, F1: 0.7822
  Val Best Threshold 0.55 → Balanced Acc: 0.6159, Acc: 0.6000, Sensitivity: 0.5652, Specificity: 0.6667, PPV: 0.7647, NPV: 0.4444, F1: 0.6500
  → New best validation AUC: 0.6993
Epoch 8/40 - Train Loss: 0.6722, Train Acc: 0.5071, Train AUC: 0.6628 - Val Loss: 0.6927, Val Acc (0.5): 0.6857, Val AUC: 0.7464
  Train Best Threshold 0.45 → Balanced Acc: 0.6226, Acc: 0.6571, Sensitivity: 0.7234, Specificity: 0.5217, PPV: 0.7556, NPV: 0.4800, F1: 0.7391
  Val Best Threshold 0.55 → Balanced Acc: 0.6359, Acc: 0.6000, Sensitivity: 0.5217, Specificity: 0.7500, PPV: 0.8000, NPV: 0.4500, F1: 0.6316
  → New best validation AUC: 0.7464
Epoch 9/40 - Train Loss: 0.6685, Train Acc: 0.6214, Train AUC: 0.6802 - Val Loss: 0.6821, Val Acc (0.5): 0.6857, Val AUC: 0.7717
  Train Best Threshold 0.50 → Balanced Acc: 0.6959, Acc: 0.6214, Sensitivity: 0.4787, Specificity: 0.9130, PPV: 0.9184, NPV: 0.4615, F1: 0.6294
  Val Best Threshold 0.55 → Balanced Acc: 0.6757, Acc: 0.6000, Sensitivity: 0.4348, Specificity: 0.9167, PPV: 0.9091, NPV: 0.4583, F1: 0.5882
  → New best validation AUC: 0.7717
Epoch 10/40 - Train Loss: 0.6659, Train Acc: 0.5429, Train AUC: 0.6998 - Val Loss: 0.6757, Val Acc (0.5): 0.7429, Val AUC: 0.7826
  Train Best Threshold 0.45 → Balanced Acc: 0.6216, Acc: 0.6857, Sensitivity: 0.8085, Specificity: 0.4348, PPV: 0.7451, NPV: 0.5263, F1: 0.7755
  Val Best Threshold 0.55 → Balanced Acc: 0.7192, Acc: 0.6571, Sensitivity: 0.5217, Specificity: 0.9167, PPV: 0.9231, NPV: 0.5000, F1: 0.6667
  → New best validation AUC: 0.7826
Epoch 11/40 - Train Loss: 0.6581, Train Acc: 0.5857, Train AUC: 0.7160 - Val Loss: 0.6714, Val Acc (0.5): 0.7714, Val AUC: 0.7754
  Train Best Threshold 0.45 → Balanced Acc: 0.6702, Acc: 0.7286, Sensitivity: 0.8404, Specificity: 0.5000, PPV: 0.7745, NPV: 0.6053, F1: 0.8061
  Val Best Threshold 0.55 → Balanced Acc: 0.7192, Acc: 0.6571, Sensitivity: 0.5217, Specificity: 0.9167, PPV: 0.9231, NPV: 0.5000, F1: 0.6667
Epoch 12/40 - Train Loss: 0.6470, Train Acc: 0.6286, Train AUC: 0.7542 - Val Loss: 0.6693, Val Acc (0.5): 0.7429, Val AUC: 0.7826
  Train Best Threshold 0.50 → Balanced Acc: 0.6846, Acc: 0.6286, Sensitivity: 0.5213, Specificity: 0.8478, PPV: 0.8750, NPV: 0.4643, F1: 0.6533
  Val Best Threshold 0.55 → Balanced Acc: 0.6975, Acc: 0.6286, Sensitivity: 0.4783, Specificity: 0.9167, PPV: 0.9167, NPV: 0.4783, F1: 0.6286
Epoch 13/40 - Train Loss: 0.6637, Train Acc: 0.6000, Train AUC: 0.6691 - Val Loss: 0.6622, Val Acc (0.5): 0.7143, Val AUC: 0.7681
  Train Best Threshold 0.50 → Balanced Acc: 0.6244, Acc: 0.6000, Sensitivity: 0.5532, Specificity: 0.6957, PPV: 0.7879, NPV: 0.4324, F1: 0.6500
  Val Best Threshold 0.55 → Balanced Acc: 0.7192, Acc: 0.6571, Sensitivity: 0.5217, Specificity: 0.9167, PPV: 0.9231, NPV: 0.5000, F1: 0.6667
Epoch 14/40 - Train Loss: 0.6338, Train Acc: 0.6286, Train AUC: 0.7583 - Val Loss: 0.6549, Val Acc (0.5): 0.6857, Val AUC: 0.7754
  Train Best Threshold 0.50 → Balanced Acc: 0.6568, Acc: 0.6286, Sensitivity: 0.5745, Specificity: 0.7391, PPV: 0.8182, NPV: 0.4595, F1: 0.6750
  Val Best Threshold 0.50 → Balanced Acc: 0.6812, Acc: 0.6857, Sensitivity: 0.6957, Specificity: 0.6667, PPV: 0.8000, NPV: 0.5333, F1: 0.7442
Epoch 15/40 - Train Loss: 0.6375, Train Acc: 0.6286, Train AUC: 0.7181 - Val Loss: 0.6457, Val Acc (0.5): 0.7429, Val AUC: 0.7826
  Train Best Threshold 0.50 → Balanced Acc: 0.6568, Acc: 0.6286, Sensitivity: 0.5745, Specificity: 0.7391, PPV: 0.8182, NPV: 0.4595, F1: 0.6750
  Val Best Threshold 0.50 → Balanced Acc: 0.7844, Acc: 0.7429, Sensitivity: 0.6522, Specificity: 0.9167, PPV: 0.9375, NPV: 0.5789, F1: 0.7692
Epoch 16/40 - Train Loss: 0.6380, Train Acc: 0.6786, Train AUC: 0.7389 - Val Loss: 0.6394, Val Acc (0.5): 0.6857, Val AUC: 0.7717
  Train Best Threshold 0.50 → Balanced Acc: 0.6829, Acc: 0.6786, Sensitivity: 0.6702, Specificity: 0.6957, PPV: 0.8182, NPV: 0.5079, F1: 0.7368
  Val Best Threshold 0.50 → Balanced Acc: 0.7409, Acc: 0.6857, Sensitivity: 0.5652, Specificity: 0.9167, PPV: 0.9286, NPV: 0.5238, F1: 0.7027
Epoch 17/40 - Train Loss: 0.6100, Train Acc: 0.7071, Train AUC: 0.7868 - Val Loss: 0.6321, Val Acc (0.5): 0.6857, Val AUC: 0.7754
  Train Best Threshold 0.50 → Balanced Acc: 0.7153, Acc: 0.7071, Sensitivity: 0.6915, Specificity: 0.7391, PPV: 0.8442, NPV: 0.5397, F1: 0.7602
  Val Best Threshold 0.50 → Balanced Acc: 0.7409, Acc: 0.6857, Sensitivity: 0.5652, Specificity: 0.9167, PPV: 0.9286, NPV: 0.5238, F1: 0.7027
Epoch 18/40 - Train Loss: 0.6218, Train Acc: 0.6500, Train AUC: 0.7530 - Val Loss: 0.6247, Val Acc (0.5): 0.6857, Val AUC: 0.7790
  Train Best Threshold 0.50 → Balanced Acc: 0.6728, Acc: 0.6500, Sensitivity: 0.6064, Specificity: 0.7391, PPV: 0.8261, NPV: 0.4789, F1: 0.6994
  Val Best Threshold 0.50 → Balanced Acc: 0.7409, Acc: 0.6857, Sensitivity: 0.5652, Specificity: 0.9167, PPV: 0.9286, NPV: 0.5238, F1: 0.7027
Epoch 19/40 - Train Loss: 0.5885, Train Acc: 0.7143, Train AUC: 0.8217 - Val Loss: 0.6196, Val Acc (0.5): 0.6286, Val AUC: 0.7826
  Train Best Threshold 0.50 → Balanced Acc: 0.7262, Acc: 0.7143, Sensitivity: 0.6915, Specificity: 0.7609, PPV: 0.8553, NPV: 0.5469, F1: 0.7647
  Val Best Threshold 0.45 → Balanced Acc: 0.7428, Acc: 0.7143, Sensitivity: 0.6522, Specificity: 0.8333, PPV: 0.8824, NPV: 0.5556, F1: 0.7500
Epoch 20/40 - Train Loss: 0.6120, Train Acc: 0.6643, Train AUC: 0.7505 - Val Loss: 0.6132, Val Acc (0.5): 0.6286, Val AUC: 0.7826
  Train Best Threshold 0.50 → Balanced Acc: 0.6889, Acc: 0.6643, Sensitivity: 0.6170, Specificity: 0.7609, PPV: 0.8406, NPV: 0.4930, F1: 0.7117
  Val Best Threshold 0.40 → Balanced Acc: 0.7246, Acc: 0.7429, Sensitivity: 0.7826, Specificity: 0.6667, PPV: 0.8182, NPV: 0.6154, F1: 0.8000
Early stopping at epoch 20
Loaded best model with validation AUC: 0.7826
Final Train Results (Best Model) at epoch 10 - Loss: 0.6571, Accuracy: 0.6286, AUC: 0.7801
Final Val Results (Best Model) at epoch 10 - Loss: 0.6757, Accuracy: 0.7429, AUC: 0.7826
Train Best Threshold: 0.50 | Balanced Acc: 0.6901 | Acc: 0.6286 | Sensitivity: 0.5106 | Specificity: 0.8696 | PPV: 0.8889 | NPV: 0.4651 | F1: 0.6486
Train Confusion Matrix at Best Threshold (rows=actual [0,1], cols=predicted [0,1]):
[[40  6]
 [46 48]]
Val Best Threshold: 0.55 | Balanced Acc: 0.7192 | Acc: 0.6571 | Sensitivity: 0.5217 | Specificity: 0.9167 | PPV: 0.9231 | NPV: 0.5000 | F1: 0.6667
Val Confusion Matrix at Best Threshold (rows=actual [0,1], cols=predicted [0,1]):
[[11  1]
 [11 12]]

Fold 5 Training Cases (140): ['1', '100', '101', '102', '104', '105', '106', '107', '108', '11', '110', '111', '113', '114', '118', '119', '123', '126', '129', '135', '137', '142', '144', '145', '146', '152', '154', '157', '163', '164', '165', '166', '169', '173', '175', '177', '178', '18', '181', '185', '186', '191', '192', '197', '203', '204', '205', '206', '217', '218', '219', '220', '221', '223', '226', '232', '241', '245', '25', '250', '253', '254', '255', '258', '259', '26', '260', '262', '263', '264', '268', '269', '27', '272', '273', '274', '275', '276', '281', '283', '284', '289', '29', '292', '298', '299', '300', '303', '304', '306', '307', '310', '311', '312', '313', '319', '320', '324', '331', '332', '37', '4', '40', '45', '48', '50', '51', '53', '55', '57', '58', '6', '60', '62', '63', '64', '65', '68', '69', '7', '73', '77', '78', '8', '80', '81', '85', '86', '87', '89', '9', '90', '91', '92', '93', '95', '96', '97', '98', '99']
Fold 5 Validation Cases (35): ['112', '115', '122', '132', '153', '158', '162', '180', '207', '210', '211', '215', '224', '231', '24', '244', '251', '257', '278', '280', '287', '301', '308', '31', '32', '329', '38', '43', '46', '49', '5', '52', '67', '83', '88']
Fold 5 class distribution:
  Train: Class 0=46 (32.9%), Class 1=94 (67.1%)
  Val:   Class 0=12 (34.3%), Class 1=23 (65.7%)

======================================================================
Fold 5/5
======================================================================
Train: 140 patients
Val: 35 patients
Fitting clinical preprocessor on training data...
Built clinical feature dictionaries: train=140, val=35
Clinical input dimension: 5
Backbone feature dimension: 512
Created mean pooling model with backbone resnet18
Using device: cuda
Class weights: [1.0, 0.4893617033958435]

Epoch 1/40 - Train Loss: 0.7300, Train Acc: 0.3429, Train AUC: 0.5349 - Val Loss: 0.7340, Val Acc (0.5): 0.3429, Val AUC: 0.4928
  Train Best Threshold 0.40 → Balanced Acc: 0.5224, Acc: 0.4929, Sensitivity: 0.4362, Specificity: 0.6087, PPV: 0.6949, NPV: 0.3457, F1: 0.5359
  Val Best Threshold 0.45 → Balanced Acc: 0.5942, Acc: 0.5714, Sensitivity: 0.5217, Specificity: 0.6667, PPV: 0.7500, NPV: 0.4211, F1: 0.6154
  → New best validation AUC: 0.4928
Epoch 2/40 - Train Loss: 0.7081, Train Acc: 0.3357, Train AUC: 0.6170 - Val Loss: 0.7130, Val Acc (0.5): 0.4000, Val AUC: 0.5326
  Train Best Threshold 0.40 → Balanced Acc: 0.6179, Acc: 0.6286, Sensitivity: 0.6489, Specificity: 0.5870, PPV: 0.7625, NPV: 0.4500, F1: 0.7011
  Val Best Threshold 0.50 → Balanced Acc: 0.5435, Acc: 0.4000, Sensitivity: 0.0870, Specificity: 1.0000, PPV: 1.0000, NPV: 0.3636, F1: 0.1600
  → New best validation AUC: 0.5326
Epoch 3/40 - Train Loss: 0.6977, Train Acc: 0.3714, Train AUC: 0.5981 - Val Loss: 0.6986, Val Acc (0.5): 0.4857, Val AUC: 0.5688
  Train Best Threshold 0.45 → Balanced Acc: 0.5927, Acc: 0.5500, Sensitivity: 0.4681, Specificity: 0.7174, PPV: 0.7719, NPV: 0.3976, F1: 0.5828
  Val Best Threshold 0.50 → Balanced Acc: 0.5688, Acc: 0.4857, Sensitivity: 0.3043, Specificity: 0.8333, PPV: 0.7778, NPV: 0.3846, F1: 0.4375
  → New best validation AUC: 0.5688
Epoch 4/40 - Train Loss: 0.6867, Train Acc: 0.3857, Train AUC: 0.6260 - Val Loss: 0.6931, Val Acc (0.5): 0.4857, Val AUC: 0.5978
  Train Best Threshold 0.45 → Balanced Acc: 0.6242, Acc: 0.6071, Sensitivity: 0.5745, Specificity: 0.6739, PPV: 0.7826, NPV: 0.4366, F1: 0.6626
  Val Best Threshold 0.50 → Balanced Acc: 0.5290, Acc: 0.4857, Sensitivity: 0.3913, Specificity: 0.6667, PPV: 0.6923, NPV: 0.3636, F1: 0.5000
  → New best validation AUC: 0.5978
Epoch 5/40 - Train Loss: 0.6948, Train Acc: 0.4429, Train AUC: 0.5435 - Val Loss: 0.6873, Val Acc (0.5): 0.6286, Val AUC: 0.6196
  Train Best Threshold 0.50 → Balanced Acc: 0.5629, Acc: 0.4429, Sensitivity: 0.2128, Specificity: 0.9130, PPV: 0.8333, NPV: 0.3621, F1: 0.3390
  Val Best Threshold 0.50 → Balanced Acc: 0.6377, Acc: 0.6286, Sensitivity: 0.6087, Specificity: 0.6667, PPV: 0.7778, NPV: 0.4706, F1: 0.6829
  → New best validation AUC: 0.6196
Epoch 6/40 - Train Loss: 0.6819, Train Acc: 0.4857, Train AUC: 0.6260 - Val Loss: 0.6805, Val Acc (0.5): 0.6286, Val AUC: 0.6159
  Train Best Threshold 0.45 → Balanced Acc: 0.5791, Acc: 0.6286, Sensitivity: 0.7234, Specificity: 0.4348, PPV: 0.7234, NPV: 0.4348, F1: 0.7234
  Val Best Threshold 0.50 → Balanced Acc: 0.6178, Acc: 0.6286, Sensitivity: 0.6522, Specificity: 0.5833, PPV: 0.7500, NPV: 0.4667, F1: 0.6977
Epoch 7/40 - Train Loss: 0.6694, Train Acc: 0.5143, Train AUC: 0.6716 - Val Loss: 0.6800, Val Acc (0.5): 0.6286, Val AUC: 0.6196
  Train Best Threshold 0.45 → Balanced Acc: 0.6115, Acc: 0.6571, Sensitivity: 0.7447, Specificity: 0.4783, PPV: 0.7447, NPV: 0.4783, F1: 0.7447
  Val Best Threshold 0.50 → Balanced Acc: 0.5978, Acc: 0.6286, Sensitivity: 0.6957, Specificity: 0.5000, PPV: 0.7273, NPV: 0.4615, F1: 0.7111
Epoch 8/40 - Train Loss: 0.6653, Train Acc: 0.5000, Train AUC: 0.6600 - Val Loss: 0.6820, Val Acc (0.5): 0.6000, Val AUC: 0.6087
  Train Best Threshold 0.40 → Balanced Acc: 0.5874, Acc: 0.7143, Sensitivity: 0.9574, Specificity: 0.2174, PPV: 0.7143, NPV: 0.7143, F1: 0.8182
  Val Best Threshold 0.55 → Balanced Acc: 0.6304, Acc: 0.5143, Sensitivity: 0.2609, Specificity: 1.0000, PPV: 1.0000, NPV: 0.4138, F1: 0.4138
Epoch 9/40 - Train Loss: 0.6663, Train Acc: 0.5571, Train AUC: 0.6603 - Val Loss: 0.6926, Val Acc (0.5): 0.6000, Val AUC: 0.6123
  Train Best Threshold 0.50 → Balanced Acc: 0.6147, Acc: 0.5571, Sensitivity: 0.4468, Specificity: 0.7826, PPV: 0.8077, NPV: 0.4091, F1: 0.5753
  Val Best Threshold 0.50 → Balanced Acc: 0.6159, Acc: 0.6000, Sensitivity: 0.5652, Specificity: 0.6667, PPV: 0.7647, NPV: 0.4444, F1: 0.6500
Epoch 10/40 - Train Loss: 0.6535, Train Acc: 0.6214, Train AUC: 0.7220 - Val Loss: 0.6944, Val Acc (0.5): 0.6000, Val AUC: 0.6051
  Train Best Threshold 0.50 → Balanced Acc: 0.6792, Acc: 0.6214, Sensitivity: 0.5106, Specificity: 0.8478, PPV: 0.8727, NPV: 0.4588, F1: 0.6443
  Val Best Threshold 0.50 → Balanced Acc: 0.6159, Acc: 0.6000, Sensitivity: 0.5652, Specificity: 0.6667, PPV: 0.7647, NPV: 0.4444, F1: 0.6500
Epoch 11/40 - Train Loss: 0.6634, Train Acc: 0.6143, Train AUC: 0.6684 - Val Loss: 0.6954, Val Acc (0.5): 0.5714, Val AUC: 0.6014
  Train Best Threshold 0.50 → Balanced Acc: 0.6462, Acc: 0.6143, Sensitivity: 0.5532, Specificity: 0.7391, PPV: 0.8125, NPV: 0.4474, F1: 0.6582
  Val Best Threshold 0.55 → Balanced Acc: 0.6087, Acc: 0.4857, Sensitivity: 0.2174, Specificity: 1.0000, PPV: 1.0000, NPV: 0.4000, F1: 0.3571
Epoch 12/40 - Train Loss: 0.6484, Train Acc: 0.6143, Train AUC: 0.7190 - Val Loss: 0.6899, Val Acc (0.5): 0.5429, Val AUC: 0.6087
  Train Best Threshold 0.45 → Balanced Acc: 0.6709, Acc: 0.7071, Sensitivity: 0.7766, Specificity: 0.5652, PPV: 0.7849, NPV: 0.5532, F1: 0.7807
  Val Best Threshold 0.55 → Balanced Acc: 0.5688, Acc: 0.4857, Sensitivity: 0.3043, Specificity: 0.8333, PPV: 0.7778, NPV: 0.3846, F1: 0.4375
Epoch 13/40 - Train Loss: 0.6508, Train Acc: 0.6143, Train AUC: 0.6901 - Val Loss: 0.6928, Val Acc (0.5): 0.5429, Val AUC: 0.6014
  Train Best Threshold 0.50 → Balanced Acc: 0.6517, Acc: 0.6143, Sensitivity: 0.5426, Specificity: 0.7609, PPV: 0.8226, NPV: 0.4487, F1: 0.6538
  Val Best Threshold 0.60 → Balanced Acc: 0.6087, Acc: 0.4857, Sensitivity: 0.2174, Specificity: 1.0000, PPV: 1.0000, NPV: 0.4000, F1: 0.3571
Epoch 14/40 - Train Loss: 0.6272, Train Acc: 0.6643, Train AUC: 0.7657 - Val Loss: 0.6888, Val Acc (0.5): 0.5429, Val AUC: 0.6232
  Train Best Threshold 0.50 → Balanced Acc: 0.6945, Acc: 0.6643, Sensitivity: 0.6064, Specificity: 0.7826, PPV: 0.8507, NPV: 0.4932, F1: 0.7081
  Val Best Threshold 0.60 → Balanced Acc: 0.6087, Acc: 0.4857, Sensitivity: 0.2174, Specificity: 1.0000, PPV: 1.0000, NPV: 0.4000, F1: 0.3571
  → New best validation AUC: 0.6232
Epoch 15/40 - Train Loss: 0.6344, Train Acc: 0.6786, Train AUC: 0.7327 - Val Loss: 0.6953, Val Acc (0.5): 0.5429, Val AUC: 0.6196
  Train Best Threshold 0.50 → Balanced Acc: 0.6996, Acc: 0.6786, Sensitivity: 0.6383, Specificity: 0.7609, PPV: 0.8451, NPV: 0.5072, F1: 0.7273
  Val Best Threshold 0.60 → Balanced Acc: 0.6087, Acc: 0.4857, Sensitivity: 0.2174, Specificity: 1.0000, PPV: 1.0000, NPV: 0.4000, F1: 0.3571
Epoch 16/40 - Train Loss: 0.6228, Train Acc: 0.7071, Train AUC: 0.7516 - Val Loss: 0.7011, Val Acc (0.5): 0.5429, Val AUC: 0.6196
  Train Best Threshold 0.50 → Balanced Acc: 0.7209, Acc: 0.7071, Sensitivity: 0.6809, Specificity: 0.7609, PPV: 0.8533, NPV: 0.5385, F1: 0.7574
  Val Best Threshold 0.60 → Balanced Acc: 0.6087, Acc: 0.4857, Sensitivity: 0.2174, Specificity: 1.0000, PPV: 1.0000, NPV: 0.4000, F1: 0.3571
Epoch 17/40 - Train Loss: 0.6041, Train Acc: 0.6857, Train AUC: 0.7815 - Val Loss: 0.7040, Val Acc (0.5): 0.5429, Val AUC: 0.6232
  Train Best Threshold 0.45 → Balanced Acc: 0.7357, Acc: 0.7643, Sensitivity: 0.8191, Specificity: 0.6522, PPV: 0.8280, NPV: 0.6383, F1: 0.8235
  Val Best Threshold 0.55 → Balanced Acc: 0.6123, Acc: 0.5429, Sensitivity: 0.3913, Specificity: 0.8333, PPV: 0.8182, NPV: 0.4167, F1: 0.5294
Epoch 18/40 - Train Loss: 0.6075, Train Acc: 0.6857, Train AUC: 0.7643 - Val Loss: 0.7070, Val Acc (0.5): 0.5429, Val AUC: 0.6232
  Train Best Threshold 0.45 → Balanced Acc: 0.7357, Acc: 0.7643, Sensitivity: 0.8191, Specificity: 0.6522, PPV: 0.8280, NPV: 0.6383, F1: 0.8235
  Val Best Threshold 0.60 → Balanced Acc: 0.6304, Acc: 0.5143, Sensitivity: 0.2609, Specificity: 1.0000, PPV: 1.0000, NPV: 0.4138, F1: 0.4138
Epoch 19/40 - Train Loss: 0.5959, Train Acc: 0.7143, Train AUC: 0.7891 - Val Loss: 0.7029, Val Acc (0.5): 0.5429, Val AUC: 0.6196
  Train Best Threshold 0.55 → Balanced Acc: 0.7329, Acc: 0.6786, Sensitivity: 0.5745, Specificity: 0.8913, PPV: 0.9153, NPV: 0.5062, F1: 0.7059
  Val Best Threshold 0.60 → Balanced Acc: 0.6322, Acc: 0.5429, Sensitivity: 0.3478, Specificity: 0.9167, PPV: 0.8889, NPV: 0.4231, F1: 0.5000
Epoch 20/40 - Train Loss: 0.5944, Train Acc: 0.7000, Train AUC: 0.7713 - Val Loss: 0.7160, Val Acc (0.5): 0.5429, Val AUC: 0.6196
  Train Best Threshold 0.50 → Balanced Acc: 0.7155, Acc: 0.7000, Sensitivity: 0.6702, Specificity: 0.7609, PPV: 0.8514, NPV: 0.5303, F1: 0.7500
  Val Best Threshold 0.60 → Balanced Acc: 0.6304, Acc: 0.5143, Sensitivity: 0.2609, Specificity: 1.0000, PPV: 1.0000, NPV: 0.4138, F1: 0.4138
Epoch 21/40 - Train Loss: 0.6161, Train Acc: 0.6714, Train AUC: 0.7331 - Val Loss: 0.7253, Val Acc (0.5): 0.5429, Val AUC: 0.6232
  Train Best Threshold 0.50 → Balanced Acc: 0.6832, Acc: 0.6714, Sensitivity: 0.6489, Specificity: 0.7174, PPV: 0.8243, NPV: 0.5000, F1: 0.7262
  Val Best Threshold 0.60 → Balanced Acc: 0.6304, Acc: 0.5143, Sensitivity: 0.2609, Specificity: 1.0000, PPV: 1.0000, NPV: 0.4138, F1: 0.4138
Epoch 22/40 - Train Loss: 0.6056, Train Acc: 0.6429, Train AUC: 0.7419 - Val Loss: 0.7303, Val Acc (0.5): 0.5429, Val AUC: 0.6196
  Train Best Threshold 0.55 → Balanced Acc: 0.6843, Acc: 0.6357, Sensitivity: 0.5426, Specificity: 0.8261, PPV: 0.8644, NPV: 0.4691, F1: 0.6667
  Val Best Threshold 0.60 → Balanced Acc: 0.6304, Acc: 0.5143, Sensitivity: 0.2609, Specificity: 1.0000, PPV: 1.0000, NPV: 0.4138, F1: 0.4138
Epoch 23/40 - Train Loss: 0.5883, Train Acc: 0.6714, Train AUC: 0.7810 - Val Loss: 0.7278, Val Acc (0.5): 0.5429, Val AUC: 0.6196
  Train Best Threshold 0.40 → Balanced Acc: 0.7190, Acc: 0.7643, Sensitivity: 0.8511, Specificity: 0.5870, PPV: 0.8081, NPV: 0.6585, F1: 0.8290
  Val Best Threshold 0.60 → Balanced Acc: 0.6304, Acc: 0.5143, Sensitivity: 0.2609, Specificity: 1.0000, PPV: 1.0000, NPV: 0.4138, F1: 0.4138
Epoch 24/40 - Train Loss: 0.5754, Train Acc: 0.7000, Train AUC: 0.7981 - Val Loss: 0.7304, Val Acc (0.5): 0.5429, Val AUC: 0.6304
  Train Best Threshold 0.50 → Balanced Acc: 0.7322, Acc: 0.7000, Sensitivity: 0.6383, Specificity: 0.8261, PPV: 0.8824, NPV: 0.5278, F1: 0.7407
  Val Best Threshold 0.60 → Balanced Acc: 0.6304, Acc: 0.5143, Sensitivity: 0.2609, Specificity: 1.0000, PPV: 1.0000, NPV: 0.4138, F1: 0.4138
  → New best validation AUC: 0.6304
Epoch 25/40 - Train Loss: 0.6019, Train Acc: 0.6571, Train AUC: 0.7417 - Val Loss: 0.7332, Val Acc (0.5): 0.5143, Val AUC: 0.6377
  Train Best Threshold 0.60 → Balanced Acc: 0.6852, Acc: 0.6071, Sensitivity: 0.4574, Specificity: 0.9130, PPV: 0.9149, NPV: 0.4516, F1: 0.6099
  Val Best Threshold 0.55 → Balanced Acc: 0.6540, Acc: 0.5714, Sensitivity: 0.3913, Specificity: 0.9167, PPV: 0.9000, NPV: 0.4400, F1: 0.5455
  → New best validation AUC: 0.6377
Epoch 26/40 - Train Loss: 0.5670, Train Acc: 0.7143, Train AUC: 0.8080 - Val Loss: 0.7124, Val Acc (0.5): 0.5429, Val AUC: 0.6522
  Train Best Threshold 0.55 → Balanced Acc: 0.7488, Acc: 0.7000, Sensitivity: 0.6064, Specificity: 0.8913, PPV: 0.9194, NPV: 0.5256, F1: 0.7308
  Val Best Threshold 0.55 → Balanced Acc: 0.6540, Acc: 0.5714, Sensitivity: 0.3913, Specificity: 0.9167, PPV: 0.9000, NPV: 0.4400, F1: 0.5455
  → New best validation AUC: 0.6522
Epoch 27/40 - Train Loss: 0.5838, Train Acc: 0.7071, Train AUC: 0.7650 - Val Loss: 0.6988, Val Acc (0.5): 0.5429, Val AUC: 0.6522
  Train Best Threshold 0.50 → Balanced Acc: 0.7098, Acc: 0.7071, Sensitivity: 0.7021, Specificity: 0.7174, PPV: 0.8354, NPV: 0.5410, F1: 0.7630
  Val Best Threshold 0.55 → Balanced Acc: 0.6540, Acc: 0.5714, Sensitivity: 0.3913, Specificity: 0.9167, PPV: 0.9000, NPV: 0.4400, F1: 0.5455
Epoch 28/40 - Train Loss: 0.5752, Train Acc: 0.7357, Train AUC: 0.7935 - Val Loss: 0.6900, Val Acc (0.5): 0.5714, Val AUC: 0.6594
  Train Best Threshold 0.45 → Balanced Acc: 0.7463, Acc: 0.7786, Sensitivity: 0.8404, Specificity: 0.6522, PPV: 0.8316, NPV: 0.6667, F1: 0.8360
  Val Best Threshold 0.55 → Balanced Acc: 0.6757, Acc: 0.6000, Sensitivity: 0.4348, Specificity: 0.9167, PPV: 0.9091, NPV: 0.4583, F1: 0.5882
  → New best validation AUC: 0.6594
Epoch 29/40 - Train Loss: 0.5413, Train Acc: 0.7143, Train AUC: 0.8367 - Val Loss: 0.6801, Val Acc (0.5): 0.5714, Val AUC: 0.6486
  Train Best Threshold 0.55 → Balanced Acc: 0.7597, Acc: 0.7071, Sensitivity: 0.6064, Specificity: 0.9130, PPV: 0.9344, NPV: 0.5316, F1: 0.7355
  Val Best Threshold 0.60 → Balanced Acc: 0.6540, Acc: 0.5714, Sensitivity: 0.3913, Specificity: 0.9167, PPV: 0.9000, NPV: 0.4400, F1: 0.5455
Epoch 30/40 - Train Loss: 0.5249, Train Acc: 0.7714, Train AUC: 0.8543 - Val Loss: 0.6719, Val Acc (0.5): 0.6000, Val AUC: 0.6486
  Train Best Threshold 0.50 → Balanced Acc: 0.8076, Acc: 0.7714, Sensitivity: 0.7021, Specificity: 0.9130, PPV: 0.9429, NPV: 0.6000, F1: 0.8049
  Val Best Threshold 0.60 → Balanced Acc: 0.6757, Acc: 0.6000, Sensitivity: 0.4348, Specificity: 0.9167, PPV: 0.9091, NPV: 0.4583, F1: 0.5882
Epoch 31/40 - Train Loss: 0.5207, Train Acc: 0.7786, Train AUC: 0.8501 - Val Loss: 0.6524, Val Acc (0.5): 0.6000, Val AUC: 0.6558
  Train Best Threshold 0.45 → Balanced Acc: 0.8006, Acc: 0.8143, Sensitivity: 0.8404, Specificity: 0.7609, PPV: 0.8778, NPV: 0.7000, F1: 0.8587
  Val Best Threshold 0.65 → Balanced Acc: 0.6757, Acc: 0.6000, Sensitivity: 0.4348, Specificity: 0.9167, PPV: 0.9091, NPV: 0.4583, F1: 0.5882
Epoch 32/40 - Train Loss: 0.5420, Train Acc: 0.7429, Train AUC: 0.8215 - Val Loss: 0.6502, Val Acc (0.5): 0.5714, Val AUC: 0.6594
  Train Best Threshold 0.55 → Balanced Acc: 0.7699, Acc: 0.7357, Sensitivity: 0.6702, Specificity: 0.8696, PPV: 0.9130, NPV: 0.5634, F1: 0.7730
  Val Best Threshold 0.65 → Balanced Acc: 0.6757, Acc: 0.6000, Sensitivity: 0.4348, Specificity: 0.9167, PPV: 0.9091, NPV: 0.4583, F1: 0.5882
Epoch 33/40 - Train Loss: 0.5460, Train Acc: 0.7143, Train AUC: 0.8115 - Val Loss: 0.6221, Val Acc (0.5): 0.6571, Val AUC: 0.6667
  Train Best Threshold 0.45 → Balanced Acc: 0.7414, Acc: 0.7571, Sensitivity: 0.7872, Specificity: 0.6957, PPV: 0.8409, NPV: 0.6154, F1: 0.8132
  Val Best Threshold 0.65 → Balanced Acc: 0.6757, Acc: 0.6000, Sensitivity: 0.4348, Specificity: 0.9167, PPV: 0.9091, NPV: 0.4583, F1: 0.5882
  → New best validation AUC: 0.6667
Epoch 34/40 - Train Loss: 0.5111, Train Acc: 0.7571, Train AUC: 0.8518 - Val Loss: 0.6160, Val Acc (0.5): 0.6857, Val AUC: 0.6848
  Train Best Threshold 0.55 → Balanced Acc: 0.7969, Acc: 0.7571, Sensitivity: 0.6809, Specificity: 0.9130, PPV: 0.9412, NPV: 0.5833, F1: 0.7901
  Val Best Threshold 0.65 → Balanced Acc: 0.6757, Acc: 0.6000, Sensitivity: 0.4348, Specificity: 0.9167, PPV: 0.9091, NPV: 0.4583, F1: 0.5882
  → New best validation AUC: 0.6848
Epoch 35/40 - Train Loss: 0.5041, Train Acc: 0.8000, Train AUC: 0.8686 - Val Loss: 0.6073, Val Acc (0.5): 0.7143, Val AUC: 0.7065
  Train Best Threshold 0.50 → Balanced Acc: 0.7956, Acc: 0.8000, Sensitivity: 0.8085, Specificity: 0.7826, PPV: 0.8837, NPV: 0.6667, F1: 0.8444
  Val Best Threshold 0.50 → Balanced Acc: 0.6830, Acc: 0.7143, Sensitivity: 0.7826, Specificity: 0.5833, PPV: 0.7826, NPV: 0.5833, F1: 0.7826
  → New best validation AUC: 0.7065
Epoch 36/40 - Train Loss: 0.4899, Train Acc: 0.7571, Train AUC: 0.8740 - Val Loss: 0.6250, Val Acc (0.5): 0.6286, Val AUC: 0.6884
  Train Best Threshold 0.45 → Balanced Acc: 0.8060, Acc: 0.8214, Sensitivity: 0.8511, Specificity: 0.7609, PPV: 0.8791, NPV: 0.7143, F1: 0.8649
  Val Best Threshold 0.45 → Balanced Acc: 0.6830, Acc: 0.7143, Sensitivity: 0.7826, Specificity: 0.5833, PPV: 0.7826, NPV: 0.5833, F1: 0.7826
Epoch 37/40 - Train Loss: 0.5042, Train Acc: 0.7500, Train AUC: 0.8564 - Val Loss: 0.6409, Val Acc (0.5): 0.6000, Val AUC: 0.7065
  Train Best Threshold 0.50 → Balanced Acc: 0.7639, Acc: 0.7500, Sensitivity: 0.7234, Specificity: 0.8043, PPV: 0.8831, NPV: 0.5873, F1: 0.7953
  Val Best Threshold 0.40 → Balanced Acc: 0.6830, Acc: 0.7143, Sensitivity: 0.7826, Specificity: 0.5833, PPV: 0.7826, NPV: 0.5833, F1: 0.7826
Epoch 38/40 - Train Loss: 0.4847, Train Acc: 0.7714, Train AUC: 0.8707 - Val Loss: 0.6364, Val Acc (0.5): 0.6000, Val AUC: 0.7174
  Train Best Threshold 0.55 → Balanced Acc: 0.8296, Acc: 0.7786, Sensitivity: 0.6809, Specificity: 0.9783, PPV: 0.9846, NPV: 0.6000, F1: 0.8050
  Val Best Threshold 0.45 → Balanced Acc: 0.7011, Acc: 0.6857, Sensitivity: 0.6522, Specificity: 0.7500, PPV: 0.8333, NPV: 0.5294, F1: 0.7317
  → New best validation AUC: 0.7174
Epoch 39/40 - Train Loss: 0.4914, Train Acc: 0.8143, Train AUC: 0.8656 - Val Loss: 0.6281, Val Acc (0.5): 0.6286, Val AUC: 0.7319
  Train Best Threshold 0.50 → Balanced Acc: 0.8228, Acc: 0.8143, Sensitivity: 0.7979, Specificity: 0.8478, PPV: 0.9146, NPV: 0.6724, F1: 0.8523
  Val Best Threshold 0.40 → Balanced Acc: 0.6830, Acc: 0.7143, Sensitivity: 0.7826, Specificity: 0.5833, PPV: 0.7826, NPV: 0.5833, F1: 0.7826
  → New best validation AUC: 0.7319
Epoch 40/40 - Train Loss: 0.4851, Train Acc: 0.8000, Train AUC: 0.8673 - Val Loss: 0.6670, Val Acc (0.5): 0.6000, Val AUC: 0.7174
  Train Best Threshold 0.50 → Balanced Acc: 0.8178, Acc: 0.8000, Sensitivity: 0.7660, Specificity: 0.8696, PPV: 0.9231, NPV: 0.6452, F1: 0.8372
  Val Best Threshold 0.35 → Balanced Acc: 0.6830, Acc: 0.7143, Sensitivity: 0.7826, Specificity: 0.5833, PPV: 0.7826, NPV: 0.5833, F1: 0.7826
Loaded best model with validation AUC: 0.7319
Final Train Results (Best Model) at epoch 39 - Loss: 0.4713, Accuracy: 0.8214, AUC: 0.8922
Final Val Results (Best Model) at epoch 39 - Loss: 0.6281, Accuracy: 0.6286, AUC: 0.7319
Train Best Threshold: 0.50 | Balanced Acc: 0.8115 | Acc: 0.8214 | Sensitivity: 0.8404 | Specificity: 0.7826 | PPV: 0.8876 | NPV: 0.7059 | F1: 0.8634
Train Confusion Matrix at Best Threshold (rows=actual [0,1], cols=predicted [0,1]):
[[36 10]
 [15 79]]
Val Best Threshold: 0.40 | Balanced Acc: 0.6830 | Acc: 0.7143 | Sensitivity: 0.7826 | Specificity: 0.5833 | PPV: 0.7826 | NPV: 0.5833 | F1: 0.7826
Val Confusion Matrix at Best Threshold (rows=actual [0,1], cols=predicted [0,1]):
[[ 7  5]
 [ 5 18]]

======================================================================
Cross-Validation Results - C1 (Mean Pooling)
======================================================================
Model: C1 (Mean Pooling)
Backbone: resnet18
Pooling: mean
Val AUCs: ['0.7008', '0.7045', '0.7899', '0.7826', '0.7319']
Mean Val AUC: 0.7419 ± 0.0378
======================================================================
