Starting single train/val split training for C1 (Mean Pooling)
Configuration:
  clinical_csv: data/annotations/175_clinical_5_variables.csv
  image_root: data/nakagami_full
  patient_id_column: NO
  label_column: CL_F2
  image_pattern: Nakagami_image_*.png
  n_folds: 5
  batch_size: 16
  learning_rate: 1e-05
  num_epochs: 60
  early_stopping_patience: 15
  early_stopping_min_delta: 0.001
  backbone: efficientnetv2_b2
  pretrained: True
  device: cuda
  num_workers: 4
  pooling: mean
  attention_hidden: 128
  clinical_dim: 512
  fusion_hidden: 128
  dropout: 0.5
  clinical_features: ['AST', 'ALT', 'PLT', 'APRI', 'FIB_4']
  seed: 42
  no_cv: True
  val_split: 0.2
  weight_decay: 0.0001
  label_smoothing: 0.1
  log_dir: runs/bmode_clinical
  scheduler: none
  scheduler_patience: 5
  scheduler_factor: 0.1
  scheduler_step_size: 10
  scheduler_gamma: 0.1
Loading clinical data...
Loaded 175 patients from clinical data
Building patient records...
Building patient records from 175 patients...
Image root: data/nakagami_full
Image pattern: Nakagami_image_*.png
Successfully created 175 patient records
Created 175 patient records
Train/Val Split:
  Train: 140 patients (80.0%)
  Val:   35 patients (20.0%)
====================Training single model====================
Train: 140 patients
Val: 35 patients
Fitting clinical preprocessor on training data...
Built clinical feature dictionaries: train=140, val=35
Clinical input dimension: 5
Backbone feature dimension: 1408
Created mean pooling model with backbone efficientnetv2_b2
Using device: cuda
Class weights: [1.0, 0.4893617033958435]
Weight decay (L2 reg): 0.0001
Label smoothing: 0.1

Epoch 1/60 - Train Loss: 0.7108, Train Acc: 0.3357, Train AUC: 0.4350 - Val Loss: 0.7427, Val Acc (0.5): 0.3429, Val AUC: 0.7464
  Train Best Threshold 0.50 → Balanced Acc: 0.5053, Acc: 0.3357, Sensitivity: 0.0106, Specificity: 1.0000, PPV: 1.0000, NPV: 0.3309, F1: 0.0211
  Val Best Threshold 0.45 → Balanced Acc: 0.5217, Acc: 0.3714, Sensitivity: 0.0435, Specificity: 1.0000, PPV: 1.0000, NPV: 0.3529, F1: 0.0833
  → New best validation AUC: 0.7464
Epoch 2/60 - Train Loss: 0.6991, Train Acc: 0.3643, Train AUC: 0.5782 - Val Loss: 0.7267, Val Acc (0.5): 0.3429, Val AUC: 0.9130
  Train Best Threshold 0.45 → Balanced Acc: 0.5703, Acc: 0.5571, Sensitivity: 0.5319, Specificity: 0.6087, PPV: 0.7353, NPV: 0.3889, F1: 0.6173
  Val Best Threshold 0.45 → Balanced Acc: 0.7826, Acc: 0.7143, Sensitivity: 0.5652, Specificity: 1.0000, PPV: 1.0000, NPV: 0.5455, F1: 0.7222
  → New best validation AUC: 0.9130
Epoch 3/60 - Train Loss: 0.6917, Train Acc: 0.3500, Train AUC: 0.6651 - Val Loss: 0.7151, Val Acc (0.5): 0.3429, Val AUC: 0.9022
  Train Best Threshold 0.45 → Balanced Acc: 0.6186, Acc: 0.6071, Sensitivity: 0.5851, Specificity: 0.6522, PPV: 0.7746, NPV: 0.4348, F1: 0.6667
  Val Best Threshold 0.45 → Balanced Acc: 0.8496, Acc: 0.8286, Sensitivity: 0.7826, Specificity: 0.9167, PPV: 0.9474, NPV: 0.6875, F1: 0.8571
Epoch 4/60 - Train Loss: 0.6926, Train Acc: 0.3857, Train AUC: 0.6799 - Val Loss: 0.7095, Val Acc (0.5): 0.3429, Val AUC: 0.8913
  Train Best Threshold 0.45 → Balanced Acc: 0.6392, Acc: 0.6571, Sensitivity: 0.6915, Specificity: 0.5870, PPV: 0.7738, NPV: 0.4821, F1: 0.7303
  Val Best Threshold 0.45 → Balanced Acc: 0.8496, Acc: 0.8286, Sensitivity: 0.7826, Specificity: 0.9167, PPV: 0.9474, NPV: 0.6875, F1: 0.8571
Epoch 5/60 - Train Loss: 0.6865, Train Acc: 0.4143, Train AUC: 0.6762 - Val Loss: 0.7046, Val Acc (0.5): 0.4000, Val AUC: 0.9022
  Train Best Threshold 0.45 → Balanced Acc: 0.6179, Acc: 0.6286, Sensitivity: 0.6489, Specificity: 0.5870, PPV: 0.7625, NPV: 0.4500, F1: 0.7011
  Val Best Threshold 0.45 → Balanced Acc: 0.8714, Acc: 0.8571, Sensitivity: 0.8261, Specificity: 0.9167, PPV: 0.9500, NPV: 0.7333, F1: 0.8837
Epoch 6/60 - Train Loss: 0.6816, Train Acc: 0.5000, Train AUC: 0.7407 - Val Loss: 0.7007, Val Acc (0.5): 0.4286, Val AUC: 0.9094
  Train Best Threshold 0.45 → Balanced Acc: 0.6876, Acc: 0.7071, Sensitivity: 0.7447, Specificity: 0.6304, PPV: 0.8046, NPV: 0.5472, F1: 0.7735
  Val Best Threshold 0.45 → Balanced Acc: 0.8279, Acc: 0.8000, Sensitivity: 0.7391, Specificity: 0.9167, PPV: 0.9444, NPV: 0.6471, F1: 0.8293
Epoch 7/60 - Train Loss: 0.6783, Train Acc: 0.4929, Train AUC: 0.7172 - Val Loss: 0.6957, Val Acc (0.5): 0.5143, Val AUC: 0.9130
  Train Best Threshold 0.45 → Balanced Acc: 0.6450, Acc: 0.6500, Sensitivity: 0.6596, Specificity: 0.6304, PPV: 0.7848, NPV: 0.4754, F1: 0.7168
  Val Best Threshold 0.45 → Balanced Acc: 0.8279, Acc: 0.8000, Sensitivity: 0.7391, Specificity: 0.9167, PPV: 0.9444, NPV: 0.6471, F1: 0.8293
Epoch 8/60 - Train Loss: 0.6743, Train Acc: 0.5357, Train AUC: 0.7438 - Val Loss: 0.6906, Val Acc (0.5): 0.5429, Val AUC: 0.9094
  Train Best Threshold 0.45 → Balanced Acc: 0.6822, Acc: 0.7000, Sensitivity: 0.7340, Specificity: 0.6304, PPV: 0.8023, NPV: 0.5370, F1: 0.7667
  Val Best Threshold 0.45 → Balanced Acc: 0.8062, Acc: 0.7714, Sensitivity: 0.6957, Specificity: 0.9167, PPV: 0.9412, NPV: 0.6111, F1: 0.8000
Epoch 9/60 - Train Loss: 0.6696, Train Acc: 0.5071, Train AUC: 0.7750 - Val Loss: 0.6854, Val Acc (0.5): 0.6286, Val AUC: 0.9094
  Train Best Threshold 0.45 → Balanced Acc: 0.7253, Acc: 0.7429, Sensitivity: 0.7766, Specificity: 0.6739, PPV: 0.8295, NPV: 0.5962, F1: 0.8022
  Val Best Threshold 0.45 → Balanced Acc: 0.8279, Acc: 0.8000, Sensitivity: 0.7391, Specificity: 0.9167, PPV: 0.9444, NPV: 0.6471, F1: 0.8293
Epoch 10/60 - Train Loss: 0.6633, Train Acc: 0.6143, Train AUC: 0.7898 - Val Loss: 0.6797, Val Acc (0.5): 0.7429, Val AUC: 0.9058
  Train Best Threshold 0.45 → Balanced Acc: 0.7257, Acc: 0.7286, Sensitivity: 0.7340, Specificity: 0.7174, PPV: 0.8415, NPV: 0.5690, F1: 0.7841
  Val Best Threshold 0.45 → Balanced Acc: 0.8279, Acc: 0.8000, Sensitivity: 0.7391, Specificity: 0.9167, PPV: 0.9444, NPV: 0.6471, F1: 0.8293
Epoch 11/60 - Train Loss: 0.6709, Train Acc: 0.5643, Train AUC: 0.7137 - Val Loss: 0.6721, Val Acc (0.5): 0.7143, Val AUC: 0.9058
  Train Best Threshold 0.45 → Balanced Acc: 0.6448, Acc: 0.6571, Sensitivity: 0.6809, Specificity: 0.6087, PPV: 0.7805, NPV: 0.4828, F1: 0.7273
  Val Best Threshold 0.45 → Balanced Acc: 0.8080, Acc: 0.8000, Sensitivity: 0.7826, Specificity: 0.8333, PPV: 0.9000, NPV: 0.6667, F1: 0.8372
Epoch 12/60 - Train Loss: 0.6679, Train Acc: 0.6143, Train AUC: 0.7419 - Val Loss: 0.6701, Val Acc (0.5): 0.7143, Val AUC: 0.9094
  Train Best Threshold 0.45 → Balanced Acc: 0.6873, Acc: 0.7143, Sensitivity: 0.7660, Specificity: 0.6087, PPV: 0.8000, NPV: 0.5600, F1: 0.7826
  Val Best Threshold 0.45 → Balanced Acc: 0.8279, Acc: 0.8000, Sensitivity: 0.7391, Specificity: 0.9167, PPV: 0.9444, NPV: 0.6471, F1: 0.8293
Epoch 13/60 - Train Loss: 0.6632, Train Acc: 0.6286, Train AUC: 0.7521 - Val Loss: 0.6634, Val Acc (0.5): 0.7143, Val AUC: 0.9094
  Train Best Threshold 0.45 → Balanced Acc: 0.7197, Acc: 0.7429, Sensitivity: 0.7872, Specificity: 0.6522, PPV: 0.8222, NPV: 0.6000, F1: 0.8043
  Val Best Threshold 0.45 → Balanced Acc: 0.7862, Acc: 0.7714, Sensitivity: 0.7391, Specificity: 0.8333, PPV: 0.8947, NPV: 0.6250, F1: 0.8095
Epoch 14/60 - Train Loss: 0.6565, Train Acc: 0.6500, Train AUC: 0.7653 - Val Loss: 0.6588, Val Acc (0.5): 0.7429, Val AUC: 0.9058
  Train Best Threshold 0.50 → Balanced Acc: 0.7005, Acc: 0.6500, Sensitivity: 0.5532, Specificity: 0.8478, PPV: 0.8814, NPV: 0.4815, F1: 0.6797
  Val Best Threshold 0.45 → Balanced Acc: 0.8080, Acc: 0.8000, Sensitivity: 0.7826, Specificity: 0.8333, PPV: 0.9000, NPV: 0.6667, F1: 0.8372
Epoch 15/60 - Train Loss: 0.6565, Train Acc: 0.6429, Train AUC: 0.7750 - Val Loss: 0.6566, Val Acc (0.5): 0.7429, Val AUC: 0.9094
  Train Best Threshold 0.50 → Balanced Acc: 0.7007, Acc: 0.6429, Sensitivity: 0.5319, Specificity: 0.8696, PPV: 0.8929, NPV: 0.4762, F1: 0.6667
  Val Best Threshold 0.45 → Balanced Acc: 0.8062, Acc: 0.7714, Sensitivity: 0.6957, Specificity: 0.9167, PPV: 0.9412, NPV: 0.6111, F1: 0.8000
Epoch 16/60 - Train Loss: 0.6480, Train Acc: 0.6714, Train AUC: 0.7953 - Val Loss: 0.6549, Val Acc (0.5): 0.7429, Val AUC: 0.9094
  Train Best Threshold 0.45 → Balanced Acc: 0.7310, Acc: 0.7357, Sensitivity: 0.7447, Specificity: 0.7174, PPV: 0.8434, NPV: 0.5789, F1: 0.7910
  Val Best Threshold 0.45 → Balanced Acc: 0.8062, Acc: 0.7714, Sensitivity: 0.6957, Specificity: 0.9167, PPV: 0.9412, NPV: 0.6111, F1: 0.8000
Epoch 17/60 - Train Loss: 0.6432, Train Acc: 0.6929, Train AUC: 0.7868 - Val Loss: 0.6480, Val Acc (0.5): 0.7429, Val AUC: 0.9130
  Train Best Threshold 0.50 → Balanced Acc: 0.7380, Acc: 0.6929, Sensitivity: 0.6064, Specificity: 0.8696, PPV: 0.9048, NPV: 0.5195, F1: 0.7261
  Val Best Threshold 0.50 → Balanced Acc: 0.7844, Acc: 0.7429, Sensitivity: 0.6522, Specificity: 0.9167, PPV: 0.9375, NPV: 0.5789, F1: 0.7692
Early stopping at epoch 17
Loaded best model with validation AUC: 0.9130
Final Train Results (Best Model) at epoch 2 - Loss: 0.6942, Accuracy: 0.3286, AUC: 0.7239
Final Val Results (Best Model) at epoch 2 - Loss: 0.7267, Accuracy: 0.3429, AUC: 0.9130
Train Best Threshold: 0.45 | Balanced Acc: 0.6515 | Acc: 0.6214 | Sensitivity: 0.5638 | Specificity: 0.7391 | PPV: 0.8154 | NPV: 0.4533 | F1: 0.6667
Train Confusion Matrix at Best Threshold (rows=actual [0,1], cols=predicted [0,1]):
[[34 12]
 [41 53]]
Val Best Threshold: 0.45 | Balanced Acc: 0.7826 | Acc: 0.7143 | Sensitivity: 0.5652 | Specificity: 1.0000 | PPV: 1.0000 | NPV: 0.5455 | F1: 0.7222
Val Confusion Matrix at Best Threshold (rows=actual [0,1], cols=predicted [0,1]):
[[12  0]
 [10 13]]
======================================================================

Training Results - C1 (Mean Pooling)
======================================================================
Model: C1 (Mean Pooling)
Backbone: efficientnetv2_b2
Pooling: mean
Val AUC: 0.9130
======================================================================
