Starting single train/val split training for C1 (Mean Pooling)
Configuration:
  clinical_csv: data/annotations/175_clinical_5_variables.csv
  image_root: data/nakagami_full
  patient_id_column: NO
  label_column: CL_F2
  image_pattern: Nakagami_image_*.png
  n_folds: 5
  batch_size: 16
  learning_rate: 1e-05
  num_epochs: 40
  early_stopping_patience: 12
  early_stopping_min_delta: 0.001
  backbone: resnet18
  pretrained: True
  device: cuda
  num_workers: 4
  pooling: mean
  attention_hidden: 128
  clinical_dim: 32
  fusion_hidden: 128
  dropout: 0.3
  clinical_features: ['AST', 'ALT', 'PLT', 'APRI', 'FIB_4']
  seed: 42
  no_cv: True
  val_split: 0.2
  weight_decay: 0.0
  label_smoothing: 0.0
  log_dir: runs/bmode_clinical
Loading clinical data...
Loaded 175 patients from clinical data
Building patient records...
Building patient records from 175 patients...
Image root: data/nakagami_full
Image pattern: Nakagami_image_*.png
Successfully created 175 patient records
Created 175 patient records
Train/Val Split:
  Train: 140 patients (80.0%)
  Val:   35 patients (20.0%)
====================Training single model====================
Train: 140 patients
Val: 35 patients
Fitting clinical preprocessor on training data...
Built clinical feature dictionaries: train=140, val=35
Clinical input dimension: 5
Backbone feature dimension: 512
Created mean pooling model with backbone resnet18
Using device: cuda
Class weights: [1.0, 0.4893617033958435]

Epoch 1/40 - Train Loss: 0.7093, Train Acc: 0.3357, Train AUC: 0.6203 - Val Loss: 0.7373, Val Acc (0.5): 0.3429, Val AUC: 0.5254
  Train Best Threshold 0.40 → Balanced Acc: 0.6247, Acc: 0.5929, Sensitivity: 0.5319, Specificity: 0.7174, PPV: 0.7937, NPV: 0.4286, F1: 0.6369
  Val Best Threshold 0.45 → Balanced Acc: 0.5054, Acc: 0.4286, Sensitivity: 0.2609, Specificity: 0.7500, PPV: 0.6667, NPV: 0.3462, F1: 0.3750
  → New best validation AUC: 0.5254
Epoch 2/40 - Train Loss: 0.7123, Train Acc: 0.3286, Train AUC: 0.5354 - Val Loss: 0.7328, Val Acc (0.5): 0.3429, Val AUC: 0.5833
  Train Best Threshold 0.35 → Balanced Acc: 0.5717, Acc: 0.6857, Sensitivity: 0.9043, Specificity: 0.2391, PPV: 0.7083, NPV: 0.5500, F1: 0.7944
  Val Best Threshold 0.45 → Balanced Acc: 0.6178, Acc: 0.6286, Sensitivity: 0.6522, Specificity: 0.5833, PPV: 0.7500, NPV: 0.4667, F1: 0.6977
  → New best validation AUC: 0.5833
Epoch 3/40 - Train Loss: 0.7198, Train Acc: 0.3714, Train AUC: 0.4743 - Val Loss: 0.7305, Val Acc (0.5): 0.3429, Val AUC: 0.6232
  Train Best Threshold 0.50 → Balanced Acc: 0.5097, Acc: 0.3714, Sensitivity: 0.1064, Specificity: 0.9130, PPV: 0.7143, NPV: 0.3333, F1: 0.1852
  Val Best Threshold 0.45 → Balanced Acc: 0.6178, Acc: 0.6286, Sensitivity: 0.6522, Specificity: 0.5833, PPV: 0.7500, NPV: 0.4667, F1: 0.6977
  → New best validation AUC: 0.6232
Epoch 4/40 - Train Loss: 0.6978, Train Acc: 0.3714, Train AUC: 0.5680 - Val Loss: 0.7237, Val Acc (0.5): 0.3429, Val AUC: 0.6630
  Train Best Threshold 0.40 → Balanced Acc: 0.5395, Acc: 0.6500, Sensitivity: 0.8617, Specificity: 0.2174, PPV: 0.6923, NPV: 0.4348, F1: 0.7678
  Val Best Threshold 0.45 → Balanced Acc: 0.6196, Acc: 0.6571, Sensitivity: 0.7391, Specificity: 0.5000, PPV: 0.7391, NPV: 0.5000, F1: 0.7391
  → New best validation AUC: 0.6630
Epoch 5/40 - Train Loss: 0.6828, Train Acc: 0.4143, Train AUC: 0.6193 - Val Loss: 0.7189, Val Acc (0.5): 0.3429, Val AUC: 0.7174
  Train Best Threshold 0.40 → Balanced Acc: 0.5657, Acc: 0.7000, Sensitivity: 0.9574, Specificity: 0.1739, PPV: 0.7031, NPV: 0.6667, F1: 0.8108
  Val Best Threshold 0.45 → Balanced Acc: 0.6196, Acc: 0.6571, Sensitivity: 0.7391, Specificity: 0.5000, PPV: 0.7391, NPV: 0.5000, F1: 0.7391
  → New best validation AUC: 0.7174
Epoch 6/40 - Train Loss: 0.7117, Train Acc: 0.3357, Train AUC: 0.4417 - Val Loss: 0.7155, Val Acc (0.5): 0.4000, Val AUC: 0.7717
  Train Best Threshold 0.40 → Balanced Acc: 0.5278, Acc: 0.6714, Sensitivity: 0.9468, Specificity: 0.1087, PPV: 0.6846, NPV: 0.5000, F1: 0.7946
  Val Best Threshold 0.45 → Balanced Acc: 0.7047, Acc: 0.7429, Sensitivity: 0.8261, Specificity: 0.5833, PPV: 0.7917, NPV: 0.6364, F1: 0.8085
  → New best validation AUC: 0.7717
Epoch 7/40 - Train Loss: 0.6916, Train Acc: 0.4214, Train AUC: 0.5490 - Val Loss: 0.7133, Val Acc (0.5): 0.4000, Val AUC: 0.7935
  Train Best Threshold 0.40 → Balanced Acc: 0.5493, Acc: 0.6929, Sensitivity: 0.9681, Specificity: 0.1304, PPV: 0.6947, NPV: 0.6667, F1: 0.8089
  Val Best Threshold 0.45 → Balanced Acc: 0.7029, Acc: 0.7143, Sensitivity: 0.7391, Specificity: 0.6667, PPV: 0.8095, NPV: 0.5714, F1: 0.7727
  → New best validation AUC: 0.7935
Epoch 8/40 - Train Loss: 0.6798, Train Acc: 0.4857, Train AUC: 0.6221 - Val Loss: 0.7107, Val Acc (0.5): 0.4286, Val AUC: 0.7971
  Train Best Threshold 0.45 → Balanced Acc: 0.6166, Acc: 0.6714, Sensitivity: 0.7766, Specificity: 0.4565, PPV: 0.7449, NPV: 0.5000, F1: 0.7604
  Val Best Threshold 0.45 → Balanced Acc: 0.6812, Acc: 0.6857, Sensitivity: 0.6957, Specificity: 0.6667, PPV: 0.8000, NPV: 0.5333, F1: 0.7442
  → New best validation AUC: 0.7971
Epoch 9/40 - Train Loss: 0.6824, Train Acc: 0.5143, Train AUC: 0.5941 - Val Loss: 0.7035, Val Acc (0.5): 0.5143, Val AUC: 0.7935
  Train Best Threshold 0.50 → Balanced Acc: 0.5772, Acc: 0.5143, Sensitivity: 0.3936, Specificity: 0.7609, PPV: 0.7708, NPV: 0.3804, F1: 0.5211
  Val Best Threshold 0.45 → Balanced Acc: 0.6830, Acc: 0.7143, Sensitivity: 0.7826, Specificity: 0.5833, PPV: 0.7826, NPV: 0.5833, F1: 0.7826
Epoch 10/40 - Train Loss: 0.6764, Train Acc: 0.5143, Train AUC: 0.6341 - Val Loss: 0.6982, Val Acc (0.5): 0.5143, Val AUC: 0.8152
  Train Best Threshold 0.50 → Balanced Acc: 0.5772, Acc: 0.5143, Sensitivity: 0.3936, Specificity: 0.7609, PPV: 0.7708, NPV: 0.3804, F1: 0.5211
  Val Best Threshold 0.45 → Balanced Acc: 0.6413, Acc: 0.6857, Sensitivity: 0.7826, Specificity: 0.5000, PPV: 0.7500, NPV: 0.5455, F1: 0.7660
  → New best validation AUC: 0.8152
Epoch 11/40 - Train Loss: 0.6496, Train Acc: 0.6143, Train AUC: 0.7560 - Val Loss: 0.6959, Val Acc (0.5): 0.5143, Val AUC: 0.8514
  Train Best Threshold 0.45 → Balanced Acc: 0.6968, Acc: 0.7643, Sensitivity: 0.8936, Specificity: 0.5000, PPV: 0.7850, NPV: 0.6970, F1: 0.8358
  Val Best Threshold 0.45 → Balanced Acc: 0.8080, Acc: 0.8000, Sensitivity: 0.7826, Specificity: 0.8333, PPV: 0.9000, NPV: 0.6667, F1: 0.8372
  → New best validation AUC: 0.8514
Epoch 12/40 - Train Loss: 0.6609, Train Acc: 0.6143, Train AUC: 0.6968 - Val Loss: 0.6995, Val Acc (0.5): 0.5143, Val AUC: 0.8442
  Train Best Threshold 0.50 → Balanced Acc: 0.6517, Acc: 0.6143, Sensitivity: 0.5426, Specificity: 0.7609, PPV: 0.8226, NPV: 0.4487, F1: 0.6538
  Val Best Threshold 0.45 → Balanced Acc: 0.7409, Acc: 0.6857, Sensitivity: 0.5652, Specificity: 0.9167, PPV: 0.9286, NPV: 0.5238, F1: 0.7027
Epoch 13/40 - Train Loss: 0.6587, Train Acc: 0.5857, Train AUC: 0.6952 - Val Loss: 0.6990, Val Acc (0.5): 0.4857, Val AUC: 0.8551
  Train Best Threshold 0.50 → Balanced Acc: 0.6249, Acc: 0.5857, Sensitivity: 0.5106, Specificity: 0.7391, PPV: 0.8000, NPV: 0.4250, F1: 0.6234
  Val Best Threshold 0.40 → Balanced Acc: 0.7283, Acc: 0.8000, Sensitivity: 0.9565, Specificity: 0.5000, PPV: 0.7857, NPV: 0.8571, F1: 0.8627
  → New best validation AUC: 0.8551
Epoch 14/40 - Train Loss: 0.6411, Train Acc: 0.7500, Train AUC: 0.7754 - Val Loss: 0.6928, Val Acc (0.5): 0.4857, Val AUC: 0.8623
  Train Best Threshold 0.50 → Balanced Acc: 0.7805, Acc: 0.7500, Sensitivity: 0.6915, Specificity: 0.8696, PPV: 0.9155, NPV: 0.5797, F1: 0.7879
  Val Best Threshold 0.40 → Balanced Acc: 0.7283, Acc: 0.8000, Sensitivity: 0.9565, Specificity: 0.5000, PPV: 0.7857, NPV: 0.8571, F1: 0.8627
  → New best validation AUC: 0.8623
Epoch 15/40 - Train Loss: 0.6562, Train Acc: 0.6500, Train AUC: 0.6855 - Val Loss: 0.6855, Val Acc (0.5): 0.5143, Val AUC: 0.8768
  Train Best Threshold 0.50 → Balanced Acc: 0.6450, Acc: 0.6500, Sensitivity: 0.6596, Specificity: 0.6304, PPV: 0.7848, NPV: 0.4754, F1: 0.7168
  Val Best Threshold 0.40 → Balanced Acc: 0.7699, Acc: 0.8286, Sensitivity: 0.9565, Specificity: 0.5833, PPV: 0.8148, NPV: 0.8750, F1: 0.8800
  → New best validation AUC: 0.8768
Epoch 16/40 - Train Loss: 0.6325, Train Acc: 0.7000, Train AUC: 0.7387 - Val Loss: 0.6830, Val Acc (0.5): 0.5143, Val AUC: 0.8768
  Train Best Threshold 0.50 → Balanced Acc: 0.6989, Acc: 0.7000, Sensitivity: 0.7021, Specificity: 0.6957, PPV: 0.8250, NPV: 0.5333, F1: 0.7586
  Val Best Threshold 0.40 → Balanced Acc: 0.7899, Acc: 0.8286, Sensitivity: 0.9130, Specificity: 0.6667, PPV: 0.8400, NPV: 0.8000, F1: 0.8750
Epoch 17/40 - Train Loss: 0.6432, Train Acc: 0.6357, Train AUC: 0.7068 - Val Loss: 0.6778, Val Acc (0.5): 0.5714, Val AUC: 0.8841
  Train Best Threshold 0.50 → Balanced Acc: 0.6510, Acc: 0.6357, Sensitivity: 0.6064, Specificity: 0.6957, PPV: 0.8028, NPV: 0.4638, F1: 0.6909
  Val Best Threshold 0.40 → Balanced Acc: 0.7899, Acc: 0.8286, Sensitivity: 0.9130, Specificity: 0.6667, PPV: 0.8400, NPV: 0.8000, F1: 0.8750
  → New best validation AUC: 0.8841
Epoch 18/40 - Train Loss: 0.6320, Train Acc: 0.6714, Train AUC: 0.7556 - Val Loss: 0.6765, Val Acc (0.5): 0.5143, Val AUC: 0.8768
  Train Best Threshold 0.50 → Balanced Acc: 0.7054, Acc: 0.6714, Sensitivity: 0.6064, Specificity: 0.8043, PPV: 0.8636, NPV: 0.5000, F1: 0.7125
  Val Best Threshold 0.40 → Balanced Acc: 0.7880, Acc: 0.8000, Sensitivity: 0.8261, Specificity: 0.7500, PPV: 0.8636, NPV: 0.6923, F1: 0.8444
Epoch 19/40 - Train Loss: 0.6422, Train Acc: 0.6429, Train AUC: 0.7146 - Val Loss: 0.6785, Val Acc (0.5): 0.4857, Val AUC: 0.8804
  Train Best Threshold 0.45 → Balanced Acc: 0.6600, Acc: 0.7000, Sensitivity: 0.7766, Specificity: 0.5435, PPV: 0.7766, NPV: 0.5435, F1: 0.7766
  Val Best Threshold 0.40 → Balanced Acc: 0.7663, Acc: 0.7714, Sensitivity: 0.7826, Specificity: 0.7500, PPV: 0.8571, NPV: 0.6429, F1: 0.8182
Epoch 20/40 - Train Loss: 0.6215, Train Acc: 0.6357, Train AUC: 0.7507 - Val Loss: 0.6721, Val Acc (0.5): 0.4857, Val AUC: 0.8841
  Train Best Threshold 0.50 → Balanced Acc: 0.6566, Acc: 0.6357, Sensitivity: 0.5957, Specificity: 0.7174, PPV: 0.8116, NPV: 0.4648, F1: 0.6871
  Val Best Threshold 0.40 → Balanced Acc: 0.8080, Acc: 0.8000, Sensitivity: 0.7826, Specificity: 0.8333, PPV: 0.9000, NPV: 0.6667, F1: 0.8372
Epoch 21/40 - Train Loss: 0.6134, Train Acc: 0.6857, Train AUC: 0.7731 - Val Loss: 0.6745, Val Acc (0.5): 0.4857, Val AUC: 0.8841
  Train Best Threshold 0.50 → Balanced Acc: 0.6994, Acc: 0.6857, Sensitivity: 0.6596, Specificity: 0.7391, PPV: 0.8378, NPV: 0.5152, F1: 0.7381
  Val Best Threshold 0.40 → Balanced Acc: 0.8279, Acc: 0.8000, Sensitivity: 0.7391, Specificity: 0.9167, PPV: 0.9444, NPV: 0.6471, F1: 0.8293
Epoch 22/40 - Train Loss: 0.6139, Train Acc: 0.6857, Train AUC: 0.7657 - Val Loss: 0.6796, Val Acc (0.5): 0.5143, Val AUC: 0.8877
  Train Best Threshold 0.45 → Balanced Acc: 0.7091, Acc: 0.7286, Sensitivity: 0.7660, Specificity: 0.6522, PPV: 0.8182, NPV: 0.5769, F1: 0.7912
  Val Best Threshold 0.40 → Balanced Acc: 0.8279, Acc: 0.8000, Sensitivity: 0.7391, Specificity: 0.9167, PPV: 0.9444, NPV: 0.6471, F1: 0.8293
  → New best validation AUC: 0.8877
Epoch 23/40 - Train Loss: 0.6218, Train Acc: 0.6643, Train AUC: 0.7463 - Val Loss: 0.6782, Val Acc (0.5): 0.5143, Val AUC: 0.8986
  Train Best Threshold 0.50 → Balanced Acc: 0.6834, Acc: 0.6643, Sensitivity: 0.6277, Specificity: 0.7391, PPV: 0.8310, NPV: 0.4928, F1: 0.7152
  Val Best Threshold 0.40 → Balanced Acc: 0.8279, Acc: 0.8000, Sensitivity: 0.7391, Specificity: 0.9167, PPV: 0.9444, NPV: 0.6471, F1: 0.8293
  → New best validation AUC: 0.8986
Epoch 24/40 - Train Loss: 0.6005, Train Acc: 0.7071, Train AUC: 0.7630 - Val Loss: 0.6748, Val Acc (0.5): 0.5143, Val AUC: 0.9022
  Train Best Threshold 0.50 → Balanced Acc: 0.7542, Acc: 0.7071, Sensitivity: 0.6170, Specificity: 0.8913, PPV: 0.9206, NPV: 0.5325, F1: 0.7389
  Val Best Threshold 0.35 → Balanced Acc: 0.8315, Acc: 0.8571, Sensitivity: 0.9130, Specificity: 0.7500, PPV: 0.8750, NPV: 0.8182, F1: 0.8936
  → New best validation AUC: 0.9022
Epoch 25/40 - Train Loss: 0.6015, Train Acc: 0.7071, Train AUC: 0.7641 - Val Loss: 0.6699, Val Acc (0.5): 0.5429, Val AUC: 0.9130
  Train Best Threshold 0.50 → Balanced Acc: 0.7264, Acc: 0.7071, Sensitivity: 0.6702, Specificity: 0.7826, PPV: 0.8630, NPV: 0.5373, F1: 0.7545
  Val Best Threshold 0.40 → Balanced Acc: 0.8496, Acc: 0.8286, Sensitivity: 0.7826, Specificity: 0.9167, PPV: 0.9474, NPV: 0.6875, F1: 0.8571
  → New best validation AUC: 0.9130
Epoch 26/40 - Train Loss: 0.5822, Train Acc: 0.7000, Train AUC: 0.8185 - Val Loss: 0.6824, Val Acc (0.5): 0.5143, Val AUC: 0.9167
  Train Best Threshold 0.45 → Balanced Acc: 0.7472, Acc: 0.7500, Sensitivity: 0.7553, Specificity: 0.7391, PPV: 0.8554, NPV: 0.5965, F1: 0.8023
  Val Best Threshold 0.40 → Balanced Acc: 0.8279, Acc: 0.8000, Sensitivity: 0.7391, Specificity: 0.9167, PPV: 0.9444, NPV: 0.6471, F1: 0.8293
  → New best validation AUC: 0.9167
Epoch 27/40 - Train Loss: 0.5859, Train Acc: 0.7000, Train AUC: 0.7895 - Val Loss: 0.6923, Val Acc (0.5): 0.5143, Val AUC: 0.9203
  Train Best Threshold 0.50 → Balanced Acc: 0.7155, Acc: 0.7000, Sensitivity: 0.6702, Specificity: 0.7609, PPV: 0.8514, NPV: 0.5303, F1: 0.7500
  Val Best Threshold 0.35 → Balanced Acc: 0.8496, Acc: 0.8286, Sensitivity: 0.7826, Specificity: 0.9167, PPV: 0.9474, NPV: 0.6875, F1: 0.8571
  → New best validation AUC: 0.9203
Epoch 28/40 - Train Loss: 0.5624, Train Acc: 0.7214, Train AUC: 0.8256 - Val Loss: 0.7094, Val Acc (0.5): 0.4857, Val AUC: 0.9275
  Train Best Threshold 0.55 → Balanced Acc: 0.7433, Acc: 0.7000, Sensitivity: 0.6170, Specificity: 0.8696, PPV: 0.9062, NPV: 0.5263, F1: 0.7342
  Val Best Threshold 0.30 → Balanced Acc: 0.8533, Acc: 0.8857, Sensitivity: 0.9565, Specificity: 0.7500, PPV: 0.8800, NPV: 0.9000, F1: 0.9167
  → New best validation AUC: 0.9275
Epoch 29/40 - Train Loss: 0.5774, Train Acc: 0.7071, Train AUC: 0.8069 - Val Loss: 0.7293, Val Acc (0.5): 0.4857, Val AUC: 0.9348
  Train Best Threshold 0.45 → Balanced Acc: 0.7738, Acc: 0.7857, Sensitivity: 0.8085, Specificity: 0.7391, PPV: 0.8636, NPV: 0.6538, F1: 0.8352
  Val Best Threshold 0.30 → Balanced Acc: 0.8714, Acc: 0.8571, Sensitivity: 0.8261, Specificity: 0.9167, PPV: 0.9500, NPV: 0.7333, F1: 0.8837
  → New best validation AUC: 0.9348
Epoch 30/40 - Train Loss: 0.6000, Train Acc: 0.6571, Train AUC: 0.7472 - Val Loss: 0.7372, Val Acc (0.5): 0.4857, Val AUC: 0.9384
  Train Best Threshold 0.55 → Balanced Acc: 0.7111, Acc: 0.6643, Sensitivity: 0.5745, Specificity: 0.8478, PPV: 0.8852, NPV: 0.4937, F1: 0.6968
  Val Best Threshold 0.30 → Balanced Acc: 0.8496, Acc: 0.8286, Sensitivity: 0.7826, Specificity: 0.9167, PPV: 0.9474, NPV: 0.6875, F1: 0.8571
  → New best validation AUC: 0.9384
Epoch 31/40 - Train Loss: 0.5684, Train Acc: 0.7000, Train AUC: 0.8050 - Val Loss: 0.7245, Val Acc (0.5): 0.4857, Val AUC: 0.9384
  Train Best Threshold 0.45 → Balanced Acc: 0.7253, Acc: 0.7429, Sensitivity: 0.7766, Specificity: 0.6739, PPV: 0.8295, NPV: 0.5962, F1: 0.8022
  Val Best Threshold 0.30 → Balanced Acc: 0.8496, Acc: 0.8286, Sensitivity: 0.7826, Specificity: 0.9167, PPV: 0.9474, NPV: 0.6875, F1: 0.8571
Epoch 32/40 - Train Loss: 0.5537, Train Acc: 0.7286, Train AUC: 0.8268 - Val Loss: 0.7068, Val Acc (0.5): 0.5143, Val AUC: 0.9312
  Train Best Threshold 0.50 → Balanced Acc: 0.7590, Acc: 0.7286, Sensitivity: 0.6702, Specificity: 0.8478, PPV: 0.9000, NPV: 0.5571, F1: 0.7683
  Val Best Threshold 0.30 → Balanced Acc: 0.8931, Acc: 0.8857, Sensitivity: 0.8696, Specificity: 0.9167, PPV: 0.9524, NPV: 0.7857, F1: 0.9091
Epoch 33/40 - Train Loss: 0.5765, Train Acc: 0.7071, Train AUC: 0.7831 - Val Loss: 0.6858, Val Acc (0.5): 0.5429, Val AUC: 0.9094
  Train Best Threshold 0.45 → Balanced Acc: 0.7142, Acc: 0.7429, Sensitivity: 0.7979, Specificity: 0.6304, PPV: 0.8152, NPV: 0.6042, F1: 0.8065
  Val Best Threshold 0.30 → Balanced Acc: 0.8931, Acc: 0.8857, Sensitivity: 0.8696, Specificity: 0.9167, PPV: 0.9524, NPV: 0.7857, F1: 0.9091
Epoch 34/40 - Train Loss: 0.5553, Train Acc: 0.7429, Train AUC: 0.8141 - Val Loss: 0.6387, Val Acc (0.5): 0.6000, Val AUC: 0.9022
  Train Best Threshold 0.50 → Balanced Acc: 0.7530, Acc: 0.7429, Sensitivity: 0.7234, Specificity: 0.7826, PPV: 0.8718, NPV: 0.5806, F1: 0.7907
  Val Best Threshold 0.35 → Balanced Acc: 0.8931, Acc: 0.8857, Sensitivity: 0.8696, Specificity: 0.9167, PPV: 0.9524, NPV: 0.7857, F1: 0.9091
Epoch 35/40 - Train Loss: 0.5340, Train Acc: 0.7500, Train AUC: 0.8457 - Val Loss: 0.5943, Val Acc (0.5): 0.6571, Val AUC: 0.8949
  Train Best Threshold 0.50 → Balanced Acc: 0.7639, Acc: 0.7500, Sensitivity: 0.7234, Specificity: 0.8043, PPV: 0.8831, NPV: 0.5873, F1: 0.7953
  Val Best Threshold 0.40 → Balanced Acc: 0.8514, Acc: 0.8571, Sensitivity: 0.8696, Specificity: 0.8333, PPV: 0.9091, NPV: 0.7692, F1: 0.8889
Epoch 36/40 - Train Loss: 0.5365, Train Acc: 0.7714, Train AUC: 0.8481 - Val Loss: 0.5757, Val Acc (0.5): 0.7143, Val AUC: 0.8768
  Train Best Threshold 0.50 → Balanced Acc: 0.7854, Acc: 0.7714, Sensitivity: 0.7447, Specificity: 0.8261, PPV: 0.8974, NPV: 0.6129, F1: 0.8140
  Val Best Threshold 0.45 → Balanced Acc: 0.8496, Acc: 0.8286, Sensitivity: 0.7826, Specificity: 0.9167, PPV: 0.9474, NPV: 0.6875, F1: 0.8571
Epoch 37/40 - Train Loss: 0.5194, Train Acc: 0.7286, Train AUC: 0.8642 - Val Loss: 0.6063, Val Acc (0.5): 0.6571, Val AUC: 0.8768
  Train Best Threshold 0.45 → Balanced Acc: 0.7845, Acc: 0.8000, Sensitivity: 0.8298, Specificity: 0.7391, PPV: 0.8667, NPV: 0.6800, F1: 0.8478
  Val Best Threshold 0.40 → Balanced Acc: 0.8297, Acc: 0.8286, Sensitivity: 0.8261, Specificity: 0.8333, PPV: 0.9048, NPV: 0.7143, F1: 0.8636
Epoch 38/40 - Train Loss: 0.5399, Train Acc: 0.7357, Train AUC: 0.8293 - Val Loss: 0.7132, Val Acc (0.5): 0.5143, Val AUC: 0.8986
  Train Best Threshold 0.55 → Balanced Acc: 0.7648, Acc: 0.7214, Sensitivity: 0.6383, Specificity: 0.8913, PPV: 0.9231, NPV: 0.5467, F1: 0.7547
  Val Best Threshold 0.30 → Balanced Acc: 0.8098, Acc: 0.8286, Sensitivity: 0.8696, Specificity: 0.7500, PPV: 0.8696, NPV: 0.7500, F1: 0.8696
Epoch 39/40 - Train Loss: 0.4874, Train Acc: 0.7929, Train AUC: 0.8895 - Val Loss: 0.6921, Val Acc (0.5): 0.5429, Val AUC: 0.8913
  Train Best Threshold 0.50 → Balanced Acc: 0.8180, Acc: 0.7929, Sensitivity: 0.7447, Specificity: 0.8913, PPV: 0.9333, NPV: 0.6308, F1: 0.8284
  Val Best Threshold 0.30 → Balanced Acc: 0.8098, Acc: 0.8286, Sensitivity: 0.8696, Specificity: 0.7500, PPV: 0.8696, NPV: 0.7500, F1: 0.8696
Epoch 40/40 - Train Loss: 0.5011, Train Acc: 0.7857, Train AUC: 0.8700 - Val Loss: 0.6309, Val Acc (0.5): 0.6286, Val AUC: 0.8913
  Train Best Threshold 0.50 → Balanced Acc: 0.8127, Acc: 0.7857, Sensitivity: 0.7340, Specificity: 0.8913, PPV: 0.9324, NPV: 0.6212, F1: 0.8214
  Val Best Threshold 0.35 → Balanced Acc: 0.8080, Acc: 0.8000, Sensitivity: 0.7826, Specificity: 0.8333, PPV: 0.9000, NPV: 0.6667, F1: 0.8372
Loaded best model with validation AUC: 0.9384
Final Train Results (Best Model) at epoch 30 - Loss: 0.5682, Accuracy: 0.7143, AUC: 0.8245
Final Val Results (Best Model) at epoch 30 - Loss: 0.7372, Accuracy: 0.4857, AUC: 0.9384
Train Best Threshold: 0.45 | Balanced Acc: 0.7248 | Acc: 0.7571 | Sensitivity: 0.8191 | Specificity: 0.6304 | PPV: 0.8191 | NPV: 0.6304 | F1: 0.8191
Train Confusion Matrix at Best Threshold (rows=actual [0,1], cols=predicted [0,1]):
[[29 17]
 [17 77]]
Val Best Threshold: 0.30 | Balanced Acc: 0.8496 | Acc: 0.8286 | Sensitivity: 0.7826 | Specificity: 0.9167 | PPV: 0.9474 | NPV: 0.6875 | F1: 0.8571
Val Confusion Matrix at Best Threshold (rows=actual [0,1], cols=predicted [0,1]):
[[11  1]
 [ 5 18]]
======================================================================

Training Results - C1 (Mean Pooling)
======================================================================
Model: C1 (Mean Pooling)
Backbone: resnet18
Pooling: mean
Val AUC: 0.9384
======================================================================
