Starting single train/val split training for C1 (Mean Pooling)
Configuration:
  clinical_csv: data/annotations/175_clinical_5_variables.csv
  image_root: data/nakagami_full
  patient_id_column: NO
  label_column: CL_F2
  image_pattern: Nakagami_image_*.png
  n_folds: 5
  batch_size: 16
  learning_rate: 1e-05
  num_epochs: 50
  early_stopping_patience: 15
  early_stopping_min_delta: 0.001
  backbone: resnet18
  pretrained: True
  device: cuda
  num_workers: 4
  pooling: mean
  attention_hidden: 128
  clinical_dim: 128
  fusion_hidden: 128
  dropout: 0.5
  clinical_features: ['AST', 'ALT', 'PLT', 'APRI', 'FIB_4']
  seed: 42
  no_cv: True
  val_split: 0.2
  weight_decay: 0.0001
  label_smoothing: 0.1
  log_dir: runs/bmode_clinical
Loading clinical data...
Loaded 175 patients from clinical data
Building patient records...
Building patient records from 175 patients...
Image root: data/nakagami_full
Image pattern: Nakagami_image_*.png
Successfully created 175 patient records
Created 175 patient records
Train/Val Split:
  Train: 140 patients (80.0%)
  Val:   35 patients (20.0%)
====================Training single model====================
Train: 140 patients
Val: 35 patients
Fitting clinical preprocessor on training data...
Built clinical feature dictionaries: train=140, val=35
Clinical input dimension: 5
Backbone feature dimension: 512
Created mean pooling model with backbone resnet18
Using device: cuda
Class weights: [1.0, 0.4893617033958435]
Weight decay (L2 reg): 0.0001
Label smoothing: 0.1

Epoch 1/50 - Train Loss: 0.7075, Train Acc: 0.4857, Train AUC: 0.5023 - Val Loss: 0.7330, Val Acc (0.5): 0.3429, Val AUC: 0.4565
  Train Best Threshold 0.40 → Balanced Acc: 0.5116, Acc: 0.6571, Sensitivity: 0.9362, Specificity: 0.0870, PPV: 0.6769, NPV: 0.4000, F1: 0.7857
  Val Best Threshold 0.05 → Balanced Acc: 0.5000, Acc: 0.6571, Sensitivity: 1.0000, Specificity: 0.0000, PPV: 0.6571, NPV: 0.0000, F1: 0.7931
  → New best validation AUC: 0.4565
Epoch 2/50 - Train Loss: 0.6989, Train Acc: 0.5286, Train AUC: 0.5798 - Val Loss: 0.7216, Val Acc (0.5): 0.3714, Val AUC: 0.5145
  Train Best Threshold 0.50 → Balanced Acc: 0.5768, Acc: 0.5286, Sensitivity: 0.4362, Specificity: 0.7174, PPV: 0.7593, NPV: 0.3837, F1: 0.5541
  Val Best Threshold 0.50 → Balanced Acc: 0.5217, Acc: 0.3714, Sensitivity: 0.0435, Specificity: 1.0000, PPV: 1.0000, NPV: 0.3529, F1: 0.0833
  → New best validation AUC: 0.5145
Epoch 3/50 - Train Loss: 0.7089, Train Acc: 0.4786, Train AUC: 0.5340 - Val Loss: 0.7154, Val Acc (0.5): 0.4286, Val AUC: 0.5906
  Train Best Threshold 0.45 → Balanced Acc: 0.5405, Acc: 0.6214, Sensitivity: 0.7766, Specificity: 0.3043, PPV: 0.6952, NPV: 0.4000, F1: 0.7337
  Val Best Threshold 0.50 → Balanced Acc: 0.5652, Acc: 0.4286, Sensitivity: 0.1304, Specificity: 1.0000, PPV: 1.0000, NPV: 0.3750, F1: 0.2308
  → New best validation AUC: 0.5906
Epoch 4/50 - Train Loss: 0.7066, Train Acc: 0.4786, Train AUC: 0.5250 - Val Loss: 0.7133, Val Acc (0.5): 0.4286, Val AUC: 0.6449
  Train Best Threshold 0.55 → Balanced Acc: 0.5146, Acc: 0.3929, Sensitivity: 0.1596, Specificity: 0.8696, PPV: 0.7143, NPV: 0.3361, F1: 0.2609
  Val Best Threshold 0.50 → Balanced Acc: 0.5652, Acc: 0.4286, Sensitivity: 0.1304, Specificity: 1.0000, PPV: 1.0000, NPV: 0.3750, F1: 0.2308
  → New best validation AUC: 0.6449
Epoch 5/50 - Train Loss: 0.7191, Train Acc: 0.4429, Train AUC: 0.4766 - Val Loss: 0.7110, Val Acc (0.5): 0.4571, Val AUC: 0.6920
  Train Best Threshold 0.55 → Balanced Acc: 0.5136, Acc: 0.4214, Sensitivity: 0.2447, Specificity: 0.7826, PPV: 0.6970, NPV: 0.3364, F1: 0.3622
  Val Best Threshold 0.50 → Balanced Acc: 0.5870, Acc: 0.4571, Sensitivity: 0.1739, Specificity: 1.0000, PPV: 1.0000, NPV: 0.3871, F1: 0.2963
  → New best validation AUC: 0.6920
Epoch 6/50 - Train Loss: 0.6953, Train Acc: 0.5214, Train AUC: 0.5777 - Val Loss: 0.7061, Val Acc (0.5): 0.4857, Val AUC: 0.7464
  Train Best Threshold 0.50 → Balanced Acc: 0.5604, Acc: 0.5214, Sensitivity: 0.4468, Specificity: 0.6739, PPV: 0.7368, NPV: 0.3735, F1: 0.5563
  Val Best Threshold 0.50 → Balanced Acc: 0.6087, Acc: 0.4857, Sensitivity: 0.2174, Specificity: 1.0000, PPV: 1.0000, NPV: 0.4000, F1: 0.3571
  → New best validation AUC: 0.7464
Epoch 7/50 - Train Loss: 0.7029, Train Acc: 0.5000, Train AUC: 0.5345 - Val Loss: 0.7034, Val Acc (0.5): 0.5143, Val AUC: 0.7790
  Train Best Threshold 0.60 → Balanced Acc: 0.5317, Acc: 0.3786, Sensitivity: 0.0851, Specificity: 0.9783, PPV: 0.8889, NPV: 0.3435, F1: 0.1553
  Val Best Threshold 0.50 → Balanced Acc: 0.6304, Acc: 0.5143, Sensitivity: 0.2609, Specificity: 1.0000, PPV: 1.0000, NPV: 0.4138, F1: 0.4138
  → New best validation AUC: 0.7790
Epoch 8/50 - Train Loss: 0.7157, Train Acc: 0.4500, Train AUC: 0.4820 - Val Loss: 0.7007, Val Acc (0.5): 0.5429, Val AUC: 0.7862
  Train Best Threshold 0.45 → Balanced Acc: 0.5247, Acc: 0.5929, Sensitivity: 0.7234, Specificity: 0.3261, PPV: 0.6869, NPV: 0.3659, F1: 0.7047
  Val Best Threshold 0.50 → Balanced Acc: 0.6522, Acc: 0.5429, Sensitivity: 0.3043, Specificity: 1.0000, PPV: 1.0000, NPV: 0.4286, F1: 0.4667
  → New best validation AUC: 0.7862
Epoch 9/50 - Train Loss: 0.6983, Train Acc: 0.5714, Train AUC: 0.5703 - Val Loss: 0.6998, Val Acc (0.5): 0.5429, Val AUC: 0.8043
  Train Best Threshold 0.50 → Balanced Acc: 0.5976, Acc: 0.5714, Sensitivity: 0.5213, Specificity: 0.6739, PPV: 0.7656, NPV: 0.4079, F1: 0.6203
  Val Best Threshold 0.50 → Balanced Acc: 0.6522, Acc: 0.5429, Sensitivity: 0.3043, Specificity: 1.0000, PPV: 1.0000, NPV: 0.4286, F1: 0.4667
  → New best validation AUC: 0.8043
Epoch 10/50 - Train Loss: 0.6907, Train Acc: 0.5429, Train AUC: 0.6133 - Val Loss: 0.6989, Val Acc (0.5): 0.5429, Val AUC: 0.8080
  Train Best Threshold 0.50 → Balanced Acc: 0.5930, Acc: 0.5429, Sensitivity: 0.4468, Specificity: 0.7391, PPV: 0.7778, NPV: 0.3953, F1: 0.5676
  Val Best Threshold 0.45 → Balanced Acc: 0.7464, Acc: 0.7714, Sensitivity: 0.8261, Specificity: 0.6667, PPV: 0.8261, NPV: 0.6667, F1: 0.8261
  → New best validation AUC: 0.8080
Epoch 11/50 - Train Loss: 0.7037, Train Acc: 0.5143, Train AUC: 0.5435 - Val Loss: 0.6965, Val Acc (0.5): 0.5429, Val AUC: 0.8116
  Train Best Threshold 0.45 → Balanced Acc: 0.5465, Acc: 0.6071, Sensitivity: 0.7234, Specificity: 0.3696, PPV: 0.7010, NPV: 0.3953, F1: 0.7120
  Val Best Threshold 0.45 → Balanced Acc: 0.7464, Acc: 0.7714, Sensitivity: 0.8261, Specificity: 0.6667, PPV: 0.8261, NPV: 0.6667, F1: 0.8261
  → New best validation AUC: 0.8116
Epoch 12/50 - Train Loss: 0.7075, Train Acc: 0.4929, Train AUC: 0.5338 - Val Loss: 0.6938, Val Acc (0.5): 0.5429, Val AUC: 0.8297
  Train Best Threshold 0.45 → Balanced Acc: 0.5245, Acc: 0.6000, Sensitivity: 0.7447, Specificity: 0.3043, PPV: 0.6863, NPV: 0.3684, F1: 0.7143
  Val Best Threshold 0.45 → Balanced Acc: 0.7464, Acc: 0.7714, Sensitivity: 0.8261, Specificity: 0.6667, PPV: 0.8261, NPV: 0.6667, F1: 0.8261
  → New best validation AUC: 0.8297
Epoch 13/50 - Train Loss: 0.6841, Train Acc: 0.6000, Train AUC: 0.6337 - Val Loss: 0.6941, Val Acc (0.5): 0.5429, Val AUC: 0.8297
  Train Best Threshold 0.50 → Balanced Acc: 0.6133, Acc: 0.6000, Sensitivity: 0.5745, Specificity: 0.6522, PPV: 0.7714, NPV: 0.4286, F1: 0.6585
  Val Best Threshold 0.45 → Balanced Acc: 0.7663, Acc: 0.7714, Sensitivity: 0.7826, Specificity: 0.7500, PPV: 0.8571, NPV: 0.6429, F1: 0.8182
Epoch 14/50 - Train Loss: 0.6863, Train Acc: 0.5786, Train AUC: 0.6272 - Val Loss: 0.6926, Val Acc (0.5): 0.5429, Val AUC: 0.8442
  Train Best Threshold 0.50 → Balanced Acc: 0.5974, Acc: 0.5786, Sensitivity: 0.5426, Specificity: 0.6522, PPV: 0.7612, NPV: 0.4110, F1: 0.6335
  Val Best Threshold 0.45 → Balanced Acc: 0.7663, Acc: 0.7714, Sensitivity: 0.7826, Specificity: 0.7500, PPV: 0.8571, NPV: 0.6429, F1: 0.8182
  → New best validation AUC: 0.8442
Epoch 15/50 - Train Loss: 0.6765, Train Acc: 0.5857, Train AUC: 0.6538 - Val Loss: 0.6922, Val Acc (0.5): 0.5714, Val AUC: 0.8551
  Train Best Threshold 0.50 → Balanced Acc: 0.6027, Acc: 0.5857, Sensitivity: 0.5532, Specificity: 0.6522, PPV: 0.7647, NPV: 0.4167, F1: 0.6420
  Val Best Threshold 0.45 → Balanced Acc: 0.7663, Acc: 0.7714, Sensitivity: 0.7826, Specificity: 0.7500, PPV: 0.8571, NPV: 0.6429, F1: 0.8182
  → New best validation AUC: 0.8551
Epoch 16/50 - Train Loss: 0.6746, Train Acc: 0.5571, Train AUC: 0.6642 - Val Loss: 0.6857, Val Acc (0.5): 0.5714, Val AUC: 0.8623
  Train Best Threshold 0.45 → Balanced Acc: 0.6115, Acc: 0.6571, Sensitivity: 0.7447, Specificity: 0.4783, PPV: 0.7447, NPV: 0.4783, F1: 0.7447
  Val Best Threshold 0.45 → Balanced Acc: 0.7880, Acc: 0.8000, Sensitivity: 0.8261, Specificity: 0.7500, PPV: 0.8636, NPV: 0.6923, F1: 0.8444
  → New best validation AUC: 0.8623
Epoch 17/50 - Train Loss: 0.6678, Train Acc: 0.6214, Train AUC: 0.6991 - Val Loss: 0.6818, Val Acc (0.5): 0.5714, Val AUC: 0.8587
  Train Best Threshold 0.50 → Balanced Acc: 0.6570, Acc: 0.6214, Sensitivity: 0.5532, Specificity: 0.7609, PPV: 0.8254, NPV: 0.4545, F1: 0.6624
  Val Best Threshold 0.45 → Balanced Acc: 0.7464, Acc: 0.7714, Sensitivity: 0.8261, Specificity: 0.6667, PPV: 0.8261, NPV: 0.6667, F1: 0.8261
Epoch 18/50 - Train Loss: 0.6569, Train Acc: 0.6500, Train AUC: 0.7329 - Val Loss: 0.6770, Val Acc (0.5): 0.6286, Val AUC: 0.8623
  Train Best Threshold 0.50 → Balanced Acc: 0.6894, Acc: 0.6500, Sensitivity: 0.5745, Specificity: 0.8043, PPV: 0.8571, NPV: 0.4805, F1: 0.6879
  Val Best Threshold 0.45 → Balanced Acc: 0.7880, Acc: 0.8000, Sensitivity: 0.8261, Specificity: 0.7500, PPV: 0.8636, NPV: 0.6923, F1: 0.8444
Epoch 19/50 - Train Loss: 0.6793, Train Acc: 0.5571, Train AUC: 0.6367 - Val Loss: 0.6754, Val Acc (0.5): 0.6286, Val AUC: 0.8587
  Train Best Threshold 0.55 → Balanced Acc: 0.6103, Acc: 0.5214, Sensitivity: 0.3511, Specificity: 0.8696, PPV: 0.8462, NPV: 0.3960, F1: 0.4962
  Val Best Threshold 0.45 → Balanced Acc: 0.7880, Acc: 0.8000, Sensitivity: 0.8261, Specificity: 0.7500, PPV: 0.8636, NPV: 0.6923, F1: 0.8444
Epoch 20/50 - Train Loss: 0.6368, Train Acc: 0.6429, Train AUC: 0.7963 - Val Loss: 0.6786, Val Acc (0.5): 0.5714, Val AUC: 0.8623
  Train Best Threshold 0.45 → Balanced Acc: 0.6975, Acc: 0.7429, Sensitivity: 0.8298, Specificity: 0.5652, PPV: 0.7959, NPV: 0.6190, F1: 0.8125
  Val Best Threshold 0.45 → Balanced Acc: 0.8080, Acc: 0.8000, Sensitivity: 0.7826, Specificity: 0.8333, PPV: 0.9000, NPV: 0.6667, F1: 0.8372
Epoch 21/50 - Train Loss: 0.6621, Train Acc: 0.6214, Train AUC: 0.6915 - Val Loss: 0.6756, Val Acc (0.5): 0.5714, Val AUC: 0.8659
  Train Best Threshold 0.50 → Balanced Acc: 0.6792, Acc: 0.6214, Sensitivity: 0.5106, Specificity: 0.8478, PPV: 0.8727, NPV: 0.4588, F1: 0.6443
  Val Best Threshold 0.45 → Balanced Acc: 0.8080, Acc: 0.8000, Sensitivity: 0.7826, Specificity: 0.8333, PPV: 0.9000, NPV: 0.6667, F1: 0.8372
  → New best validation AUC: 0.8659
Epoch 22/50 - Train Loss: 0.6764, Train Acc: 0.5786, Train AUC: 0.6684 - Val Loss: 0.6718, Val Acc (0.5): 0.6286, Val AUC: 0.8623
  Train Best Threshold 0.50 → Balanced Acc: 0.6140, Acc: 0.5786, Sensitivity: 0.5106, Specificity: 0.7174, PPV: 0.7869, NPV: 0.4177, F1: 0.6194
  Val Best Threshold 0.45 → Balanced Acc: 0.8080, Acc: 0.8000, Sensitivity: 0.7826, Specificity: 0.8333, PPV: 0.9000, NPV: 0.6667, F1: 0.8372
Epoch 23/50 - Train Loss: 0.6564, Train Acc: 0.6286, Train AUC: 0.7185 - Val Loss: 0.6696, Val Acc (0.5): 0.6286, Val AUC: 0.8623
  Train Best Threshold 0.45 → Balanced Acc: 0.6815, Acc: 0.7214, Sensitivity: 0.7979, Specificity: 0.5652, PPV: 0.7895, NPV: 0.5778, F1: 0.7937
  Val Best Threshold 0.45 → Balanced Acc: 0.8080, Acc: 0.8000, Sensitivity: 0.7826, Specificity: 0.8333, PPV: 0.9000, NPV: 0.6667, F1: 0.8372
Epoch 24/50 - Train Loss: 0.6616, Train Acc: 0.6286, Train AUC: 0.7088 - Val Loss: 0.6630, Val Acc (0.5): 0.6857, Val AUC: 0.8623
  Train Best Threshold 0.40 → Balanced Acc: 0.6693, Acc: 0.7571, Sensitivity: 0.9255, Specificity: 0.4130, PPV: 0.7632, NPV: 0.7308, F1: 0.8365
  Val Best Threshold 0.45 → Balanced Acc: 0.7663, Acc: 0.7714, Sensitivity: 0.7826, Specificity: 0.7500, PPV: 0.8571, NPV: 0.6429, F1: 0.8182
Epoch 25/50 - Train Loss: 0.6521, Train Acc: 0.6214, Train AUC: 0.7148 - Val Loss: 0.6664, Val Acc (0.5): 0.6571, Val AUC: 0.8623
  Train Best Threshold 0.45 → Balanced Acc: 0.6605, Acc: 0.6857, Sensitivity: 0.7340, Specificity: 0.5870, PPV: 0.7841, NPV: 0.5192, F1: 0.7582
  Val Best Threshold 0.45 → Balanced Acc: 0.8080, Acc: 0.8000, Sensitivity: 0.7826, Specificity: 0.8333, PPV: 0.9000, NPV: 0.6667, F1: 0.8372
Epoch 26/50 - Train Loss: 0.6532, Train Acc: 0.6714, Train AUC: 0.7315 - Val Loss: 0.6709, Val Acc (0.5): 0.5714, Val AUC: 0.8623
  Train Best Threshold 0.50 → Balanced Acc: 0.7054, Acc: 0.6714, Sensitivity: 0.6064, Specificity: 0.8043, PPV: 0.8636, NPV: 0.5000, F1: 0.7125
  Val Best Threshold 0.40 → Balanced Acc: 0.8116, Acc: 0.8571, Sensitivity: 0.9565, Specificity: 0.6667, PPV: 0.8462, NPV: 0.8889, F1: 0.8980
Epoch 27/50 - Train Loss: 0.6398, Train Acc: 0.6286, Train AUC: 0.7690 - Val Loss: 0.6652, Val Acc (0.5): 0.6571, Val AUC: 0.8587
  Train Best Threshold 0.45 → Balanced Acc: 0.7359, Acc: 0.7571, Sensitivity: 0.7979, Specificity: 0.6739, PPV: 0.8333, NPV: 0.6200, F1: 0.8152
  Val Best Threshold 0.40 → Balanced Acc: 0.8116, Acc: 0.8571, Sensitivity: 0.9565, Specificity: 0.6667, PPV: 0.8462, NPV: 0.8889, F1: 0.8980
Epoch 28/50 - Train Loss: 0.6288, Train Acc: 0.6643, Train AUC: 0.7625 - Val Loss: 0.6611, Val Acc (0.5): 0.6571, Val AUC: 0.8696
  Train Best Threshold 0.50 → Balanced Acc: 0.7111, Acc: 0.6643, Sensitivity: 0.5745, Specificity: 0.8478, PPV: 0.8852, NPV: 0.4937, F1: 0.6968
  Val Best Threshold 0.40 → Balanced Acc: 0.8116, Acc: 0.8571, Sensitivity: 0.9565, Specificity: 0.6667, PPV: 0.8462, NPV: 0.8889, F1: 0.8980
  → New best validation AUC: 0.8696
Epoch 29/50 - Train Loss: 0.6555, Train Acc: 0.6143, Train AUC: 0.7040 - Val Loss: 0.6544, Val Acc (0.5): 0.7143, Val AUC: 0.8623
  Train Best Threshold 0.45 → Balanced Acc: 0.6443, Acc: 0.6714, Sensitivity: 0.7234, Specificity: 0.5652, PPV: 0.7727, NPV: 0.5000, F1: 0.7473
  Val Best Threshold 0.40 → Balanced Acc: 0.8116, Acc: 0.8571, Sensitivity: 0.9565, Specificity: 0.6667, PPV: 0.8462, NPV: 0.8889, F1: 0.8980
Epoch 30/50 - Train Loss: 0.6426, Train Acc: 0.6857, Train AUC: 0.7507 - Val Loss: 0.6488, Val Acc (0.5): 0.7143, Val AUC: 0.8659
  Train Best Threshold 0.50 → Balanced Acc: 0.6994, Acc: 0.6857, Sensitivity: 0.6596, Specificity: 0.7391, PPV: 0.8378, NPV: 0.5152, F1: 0.7381
  Val Best Threshold 0.45 → Balanced Acc: 0.8297, Acc: 0.8286, Sensitivity: 0.8261, Specificity: 0.8333, PPV: 0.9048, NPV: 0.7143, F1: 0.8636
Epoch 31/50 - Train Loss: 0.6705, Train Acc: 0.6429, Train AUC: 0.6711 - Val Loss: 0.6506, Val Acc (0.5): 0.6857, Val AUC: 0.8659
  Train Best Threshold 0.50 → Balanced Acc: 0.6730, Acc: 0.6429, Sensitivity: 0.5851, Specificity: 0.7609, PPV: 0.8333, NPV: 0.4730, F1: 0.6875
  Val Best Threshold 0.40 → Balanced Acc: 0.8116, Acc: 0.8571, Sensitivity: 0.9565, Specificity: 0.6667, PPV: 0.8462, NPV: 0.8889, F1: 0.8980
Epoch 32/50 - Train Loss: 0.6434, Train Acc: 0.6714, Train AUC: 0.7438 - Val Loss: 0.6524, Val Acc (0.5): 0.6857, Val AUC: 0.8623
  Train Best Threshold 0.45 → Balanced Acc: 0.7197, Acc: 0.7429, Sensitivity: 0.7872, Specificity: 0.6522, PPV: 0.8222, NPV: 0.6000, F1: 0.8043
  Val Best Threshold 0.40 → Balanced Acc: 0.8116, Acc: 0.8571, Sensitivity: 0.9565, Specificity: 0.6667, PPV: 0.8462, NPV: 0.8889, F1: 0.8980
Epoch 33/50 - Train Loss: 0.6349, Train Acc: 0.6929, Train AUC: 0.7729 - Val Loss: 0.6589, Val Acc (0.5): 0.6286, Val AUC: 0.8659
  Train Best Threshold 0.50 → Balanced Acc: 0.7213, Acc: 0.6929, Sensitivity: 0.6383, Specificity: 0.8043, PPV: 0.8696, NPV: 0.5211, F1: 0.7362
  Val Best Threshold 0.40 → Balanced Acc: 0.7899, Acc: 0.8286, Sensitivity: 0.9130, Specificity: 0.6667, PPV: 0.8400, NPV: 0.8000, F1: 0.8750
Epoch 34/50 - Train Loss: 0.6434, Train Acc: 0.6571, Train AUC: 0.7505 - Val Loss: 0.6639, Val Acc (0.5): 0.6286, Val AUC: 0.8696
  Train Best Threshold 0.45 → Balanced Acc: 0.6982, Acc: 0.7214, Sensitivity: 0.7660, Specificity: 0.6304, PPV: 0.8090, NPV: 0.5686, F1: 0.7869
  Val Best Threshold 0.40 → Balanced Acc: 0.7899, Acc: 0.8286, Sensitivity: 0.9130, Specificity: 0.6667, PPV: 0.8400, NPV: 0.8000, F1: 0.8750
Epoch 35/50 - Train Loss: 0.6262, Train Acc: 0.6357, Train AUC: 0.7937 - Val Loss: 0.6673, Val Acc (0.5): 0.6000, Val AUC: 0.8732
  Train Best Threshold 0.45 → Balanced Acc: 0.7202, Acc: 0.7286, Sensitivity: 0.7447, Specificity: 0.6957, PPV: 0.8333, NPV: 0.5714, F1: 0.7865
  Val Best Threshold 0.40 → Balanced Acc: 0.8315, Acc: 0.8571, Sensitivity: 0.9130, Specificity: 0.7500, PPV: 0.8750, NPV: 0.8182, F1: 0.8936
  → New best validation AUC: 0.8732
Epoch 36/50 - Train Loss: 0.6022, Train Acc: 0.7500, Train AUC: 0.8441 - Val Loss: 0.6755, Val Acc (0.5): 0.6000, Val AUC: 0.8768
  Train Best Threshold 0.50 → Balanced Acc: 0.7805, Acc: 0.7500, Sensitivity: 0.6915, Specificity: 0.8696, PPV: 0.9155, NPV: 0.5797, F1: 0.7879
  Val Best Threshold 0.35 → Balanced Acc: 0.8116, Acc: 0.8571, Sensitivity: 0.9565, Specificity: 0.6667, PPV: 0.8462, NPV: 0.8889, F1: 0.8980
  → New best validation AUC: 0.8768
Epoch 37/50 - Train Loss: 0.6193, Train Acc: 0.7286, Train AUC: 0.8034 - Val Loss: 0.6760, Val Acc (0.5): 0.6000, Val AUC: 0.8732
  Train Best Threshold 0.50 → Balanced Acc: 0.7535, Acc: 0.7286, Sensitivity: 0.6809, Specificity: 0.8261, PPV: 0.8889, NPV: 0.5588, F1: 0.7711
  Val Best Threshold 0.40 → Balanced Acc: 0.8297, Acc: 0.8286, Sensitivity: 0.8261, Specificity: 0.8333, PPV: 0.9048, NPV: 0.7143, F1: 0.8636
Epoch 38/50 - Train Loss: 0.6215, Train Acc: 0.7143, Train AUC: 0.7831 - Val Loss: 0.6757, Val Acc (0.5): 0.6000, Val AUC: 0.8804
  Train Best Threshold 0.50 → Balanced Acc: 0.7428, Acc: 0.7143, Sensitivity: 0.6596, Specificity: 0.8261, PPV: 0.8857, NPV: 0.5429, F1: 0.7561
  Val Best Threshold 0.40 → Balanced Acc: 0.8297, Acc: 0.8286, Sensitivity: 0.8261, Specificity: 0.8333, PPV: 0.9048, NPV: 0.7143, F1: 0.8636
  → New best validation AUC: 0.8804
Epoch 39/50 - Train Loss: 0.5960, Train Acc: 0.7429, Train AUC: 0.8328 - Val Loss: 0.6891, Val Acc (0.5): 0.5714, Val AUC: 0.8986
  Train Best Threshold 0.50 → Balanced Acc: 0.7641, Acc: 0.7429, Sensitivity: 0.7021, Specificity: 0.8261, PPV: 0.8919, NPV: 0.5758, F1: 0.7857
  Val Best Threshold 0.40 → Balanced Acc: 0.8279, Acc: 0.8000, Sensitivity: 0.7391, Specificity: 0.9167, PPV: 0.9444, NPV: 0.6471, F1: 0.8293
  → New best validation AUC: 0.8986
Epoch 40/50 - Train Loss: 0.6107, Train Acc: 0.7357, Train AUC: 0.8120 - Val Loss: 0.7044, Val Acc (0.5): 0.5429, Val AUC: 0.9022
  Train Best Threshold 0.50 → Balanced Acc: 0.7643, Acc: 0.7357, Sensitivity: 0.6809, Specificity: 0.8478, PPV: 0.9014, NPV: 0.5652, F1: 0.7758
  Val Best Threshold 0.30 → Balanced Acc: 0.8116, Acc: 0.8571, Sensitivity: 0.9565, Specificity: 0.6667, PPV: 0.8462, NPV: 0.8889, F1: 0.8980
  → New best validation AUC: 0.9022
Epoch 41/50 - Train Loss: 0.6254, Train Acc: 0.7000, Train AUC: 0.7715 - Val Loss: 0.6828, Val Acc (0.5): 0.5429, Val AUC: 0.8986
  Train Best Threshold 0.50 → Balanced Acc: 0.7211, Acc: 0.7000, Sensitivity: 0.6596, Specificity: 0.7826, PPV: 0.8611, NPV: 0.5294, F1: 0.7470
  Val Best Threshold 0.35 → Balanced Acc: 0.8315, Acc: 0.8571, Sensitivity: 0.9130, Specificity: 0.7500, PPV: 0.8750, NPV: 0.8182, F1: 0.8936
Epoch 42/50 - Train Loss: 0.6141, Train Acc: 0.6786, Train AUC: 0.7923 - Val Loss: 0.6661, Val Acc (0.5): 0.6286, Val AUC: 0.9058
  Train Best Threshold 0.45 → Balanced Acc: 0.7414, Acc: 0.7571, Sensitivity: 0.7872, Specificity: 0.6957, PPV: 0.8409, NPV: 0.6154, F1: 0.8132
  Val Best Threshold 0.40 → Balanced Acc: 0.8714, Acc: 0.8571, Sensitivity: 0.8261, Specificity: 0.9167, PPV: 0.9500, NPV: 0.7333, F1: 0.8837
  → New best validation AUC: 0.9058
Epoch 43/50 - Train Loss: 0.6033, Train Acc: 0.7500, Train AUC: 0.8215 - Val Loss: 0.6571, Val Acc (0.5): 0.6857, Val AUC: 0.9022
  Train Best Threshold 0.50 → Balanced Acc: 0.7694, Acc: 0.7500, Sensitivity: 0.7128, Specificity: 0.8261, PPV: 0.8933, NPV: 0.5846, F1: 0.7929
  Val Best Threshold 0.40 → Balanced Acc: 0.8297, Acc: 0.8286, Sensitivity: 0.8261, Specificity: 0.8333, PPV: 0.9048, NPV: 0.7143, F1: 0.8636
Epoch 44/50 - Train Loss: 0.5988, Train Acc: 0.7214, Train AUC: 0.8145 - Val Loss: 0.6529, Val Acc (0.5): 0.6857, Val AUC: 0.9022
  Train Best Threshold 0.50 → Balanced Acc: 0.7593, Acc: 0.7214, Sensitivity: 0.6489, Specificity: 0.8696, PPV: 0.9104, NPV: 0.5479, F1: 0.7578
  Val Best Threshold 0.40 → Balanced Acc: 0.8297, Acc: 0.8286, Sensitivity: 0.8261, Specificity: 0.8333, PPV: 0.9048, NPV: 0.7143, F1: 0.8636
Epoch 45/50 - Train Loss: 0.5853, Train Acc: 0.6929, Train AUC: 0.8360 - Val Loss: 0.6405, Val Acc (0.5): 0.6857, Val AUC: 0.9022
  Train Best Threshold 0.45 → Balanced Acc: 0.7690, Acc: 0.7643, Sensitivity: 0.7553, Specificity: 0.7826, PPV: 0.8765, NPV: 0.6102, F1: 0.8114
  Val Best Threshold 0.40 → Balanced Acc: 0.8315, Acc: 0.8571, Sensitivity: 0.9130, Specificity: 0.7500, PPV: 0.8750, NPV: 0.8182, F1: 0.8936
Epoch 46/50 - Train Loss: 0.6097, Train Acc: 0.7000, Train AUC: 0.7916 - Val Loss: 0.6431, Val Acc (0.5): 0.6857, Val AUC: 0.9094
  Train Best Threshold 0.55 → Balanced Acc: 0.7276, Acc: 0.6714, Sensitivity: 0.5638, Specificity: 0.8913, PPV: 0.9138, NPV: 0.5000, F1: 0.6974
  Val Best Threshold 0.40 → Balanced Acc: 0.8514, Acc: 0.8571, Sensitivity: 0.8696, Specificity: 0.8333, PPV: 0.9091, NPV: 0.7692, F1: 0.8889
  → New best validation AUC: 0.9094
Epoch 47/50 - Train Loss: 0.5780, Train Acc: 0.7786, Train AUC: 0.8411 - Val Loss: 0.6375, Val Acc (0.5): 0.7143, Val AUC: 0.9203
  Train Best Threshold 0.50 → Balanced Acc: 0.7963, Acc: 0.7786, Sensitivity: 0.7447, Specificity: 0.8478, PPV: 0.9091, NPV: 0.6190, F1: 0.8187
  Val Best Threshold 0.40 → Balanced Acc: 0.8732, Acc: 0.8857, Sensitivity: 0.9130, Specificity: 0.8333, PPV: 0.9130, NPV: 0.8333, F1: 0.9130
  → New best validation AUC: 0.9203
Epoch 48/50 - Train Loss: 0.5852, Train Acc: 0.7500, Train AUC: 0.8457 - Val Loss: 0.6380, Val Acc (0.5): 0.6857, Val AUC: 0.9167
  Train Best Threshold 0.50 → Balanced Acc: 0.7694, Acc: 0.7500, Sensitivity: 0.7128, Specificity: 0.8261, PPV: 0.8933, NPV: 0.5846, F1: 0.7929
  Val Best Threshold 0.40 → Balanced Acc: 0.8514, Acc: 0.8571, Sensitivity: 0.8696, Specificity: 0.8333, PPV: 0.9091, NPV: 0.7692, F1: 0.8889
Epoch 49/50 - Train Loss: 0.5846, Train Acc: 0.7643, Train AUC: 0.8469 - Val Loss: 0.6477, Val Acc (0.5): 0.6571, Val AUC: 0.9167
  Train Best Threshold 0.50 → Balanced Acc: 0.7912, Acc: 0.7643, Sensitivity: 0.7128, Specificity: 0.8696, PPV: 0.9178, NPV: 0.5970, F1: 0.8024
  Val Best Threshold 0.35 → Balanced Acc: 0.8949, Acc: 0.9143, Sensitivity: 0.9565, Specificity: 0.8333, PPV: 0.9167, NPV: 0.9091, F1: 0.9362
Epoch 50/50 - Train Loss: 0.5965, Train Acc: 0.7500, Train AUC: 0.8337 - Val Loss: 0.6451, Val Acc (0.5): 0.6571, Val AUC: 0.9203
  Train Best Threshold 0.45 → Balanced Acc: 0.7840, Acc: 0.8143, Sensitivity: 0.8723, Specificity: 0.6957, PPV: 0.8542, NPV: 0.7273, F1: 0.8632
  Val Best Threshold 0.35 → Balanced Acc: 0.8949, Acc: 0.9143, Sensitivity: 0.9565, Specificity: 0.8333, PPV: 0.9167, NPV: 0.9091, F1: 0.9362
Loaded best model with validation AUC: 0.9203
Final Train Results (Best Model) at epoch 47 - Loss: 0.5755, Accuracy: 0.7714, AUC: 0.8612
Final Val Results (Best Model) at epoch 47 - Loss: 0.6375, Accuracy: 0.7143, AUC: 0.9203
Train Best Threshold: 0.50 | Balanced Acc: 0.7854 | Acc: 0.7714 | Sensitivity: 0.7447 | Specificity: 0.8261 | PPV: 0.8974 | NPV: 0.6129 | F1: 0.8140
Train Confusion Matrix at Best Threshold (rows=actual [0,1], cols=predicted [0,1]):
[[38  8]
 [24 70]]
Val Best Threshold: 0.40 | Balanced Acc: 0.8732 | Acc: 0.8857 | Sensitivity: 0.9130 | Specificity: 0.8333 | PPV: 0.9130 | NPV: 0.8333 | F1: 0.9130
Val Confusion Matrix at Best Threshold (rows=actual [0,1], cols=predicted [0,1]):
[[10  2]
 [ 2 21]]
======================================================================

Training Results - C1 (Mean Pooling)
======================================================================
Model: C1 (Mean Pooling)
Backbone: resnet18
Pooling: mean
Val AUC: 0.9203
======================================================================
