Starting 5-fold cross-validation training for A1 (Mean Pooling)
Configuration:
  clinical_csv: data/annotations/175_clinical_5_variables.csv
  image_root: data/nakagami_full
  patient_id_column: NO
  label_column: CL_F2
  image_pattern: Nakagami_image_*.png
  n_folds: 5
  batch_size: 16
  learning_rate: 0.0001
  num_epochs: 40
  early_stopping_patience: 10
  early_stopping_min_delta: 0.001
  backbone: efficientnetv2_b0
  pretrained: True
  device: cuda
  num_workers: 4
  model_type: mean
  attention_hidden: 128
  seed: 42
  no_cv: False
  val_split: 0.2
  log_dir: runs/bmode
Loading clinical data...
Loaded 175 patients from clinical data
Building patient records...
Building patient records from 175 patients...
Image root: data/nakagami_full
Image pattern: Nakagami_image_*.png
Successfully created 175 patient records
Created 175 patient records

======================================================================
Fold 1/5
======================================================================
Train: 140 patients
Val: 35 patients
Created A1 model (mean pooling) with backbone efficientnetv2_b0
Using device: cuda
Class weights: [1.0, 0.5053763389587402]
Epoch 1/40 - Train Loss: 0.7043, Train Acc: 0.4214, Train AUC: 0.4496 - Val Loss: 0.7083, Val Acc (0.5): 0.3143, Val AUC: 0.3939
  Train Best Threshold 0.55 → Balanced Acc: 0.5002, Acc: 0.3500, Sensitivity: 0.0430, Specificity: 0.9574, PPV: 0.6667, NPV: 0.3358, F1: 0.0808
  Val Best Threshold 0.05 → Balanced Acc: 0.5000, Acc: 0.6857, Sensitivity: 1.0000, Specificity: 0.0000, PPV: 0.6857, NPV: 0.0000, F1: 0.8136
  → New best validation AUC: 0.3939
Epoch 2/40 - Train Loss: 0.6876, Train Acc: 0.5571, Train AUC: 0.5726 - Val Loss: 0.6844, Val Acc (0.5): 0.3714, Val AUC: 0.6098
  Train Best Threshold 0.50 → Balanced Acc: 0.5772, Acc: 0.5571, Sensitivity: 0.5161, Specificity: 0.6383, PPV: 0.7385, NPV: 0.4000, F1: 0.6076
  Val Best Threshold 0.40 → Balanced Acc: 0.5492, Acc: 0.6857, Sensitivity: 0.9167, Specificity: 0.1818, PPV: 0.7097, NPV: 0.5000, F1: 0.8000
  → New best validation AUC: 0.6098
Epoch 3/40 - Train Loss: 0.6880, Train Acc: 0.5857, Train AUC: 0.5614 - Val Loss: 0.6699, Val Acc (0.5): 0.6000, Val AUC: 0.6894
  Train Best Threshold 0.50 → Balanced Acc: 0.5566, Acc: 0.5857, Sensitivity: 0.6452, Specificity: 0.4681, PPV: 0.7059, NPV: 0.4000, F1: 0.6742
  Val Best Threshold 0.50 → Balanced Acc: 0.6345, Acc: 0.6000, Sensitivity: 0.5417, Specificity: 0.7273, PPV: 0.8125, NPV: 0.4211, F1: 0.6500
  → New best validation AUC: 0.6894
Epoch 4/40 - Train Loss: 0.6660, Train Acc: 0.5786, Train AUC: 0.6291 - Val Loss: 0.6758, Val Acc (0.5): 0.6571, Val AUC: 0.6932
  Train Best Threshold 0.45 → Balanced Acc: 0.6004, Acc: 0.6929, Sensitivity: 0.8817, Specificity: 0.3191, PPV: 0.7193, NPV: 0.5769, F1: 0.7923
  Val Best Threshold 0.60 → Balanced Acc: 0.6875, Acc: 0.5714, Sensitivity: 0.3750, Specificity: 1.0000, PPV: 1.0000, NPV: 0.4231, F1: 0.5455
  → New best validation AUC: 0.6932
Epoch 5/40 - Train Loss: 0.6388, Train Acc: 0.6643, Train AUC: 0.7330 - Val Loss: 0.6698, Val Acc (0.5): 0.7143, Val AUC: 0.6856
  Train Best Threshold 0.50 → Balanced Acc: 0.6684, Acc: 0.6643, Sensitivity: 0.6559, Specificity: 0.6809, PPV: 0.8026, NPV: 0.5000, F1: 0.7219
  Val Best Threshold 0.50 → Balanced Acc: 0.6439, Acc: 0.7143, Sensitivity: 0.8333, Specificity: 0.4545, PPV: 0.7692, NPV: 0.5556, F1: 0.8000
Epoch 6/40 - Train Loss: 0.6410, Train Acc: 0.6357, Train AUC: 0.6941 - Val Loss: 0.6550, Val Acc (0.5): 0.6857, Val AUC: 0.7273
  Train Best Threshold 0.55 → Balanced Acc: 0.6836, Acc: 0.6286, Sensitivity: 0.5161, Specificity: 0.8511, PPV: 0.8727, NPV: 0.4706, F1: 0.6486
  Val Best Threshold 0.65 → Balanced Acc: 0.6629, Acc: 0.5714, Sensitivity: 0.4167, Specificity: 0.9091, PPV: 0.9091, NPV: 0.4167, F1: 0.5714
  → New best validation AUC: 0.7273
Epoch 7/40 - Train Loss: 0.6218, Train Acc: 0.6429, Train AUC: 0.7108 - Val Loss: 0.6385, Val Acc (0.5): 0.6857, Val AUC: 0.7121
  Train Best Threshold 0.45 → Balanced Acc: 0.6531, Acc: 0.6929, Sensitivity: 0.7742, Specificity: 0.5319, PPV: 0.7660, NPV: 0.5435, F1: 0.7701
  Val Best Threshold 0.55 → Balanced Acc: 0.6799, Acc: 0.6286, Sensitivity: 0.5417, Specificity: 0.8182, PPV: 0.8667, NPV: 0.4500, F1: 0.6667
Epoch 8/40 - Train Loss: 0.6053, Train Acc: 0.7143, Train AUC: 0.7653 - Val Loss: 0.6410, Val Acc (0.5): 0.6286, Val AUC: 0.7045
  Train Best Threshold 0.50 → Balanced Acc: 0.7323, Acc: 0.7143, Sensitivity: 0.6774, Specificity: 0.7872, PPV: 0.8630, NPV: 0.5522, F1: 0.7590
  Val Best Threshold 0.45 → Balanced Acc: 0.6932, Acc: 0.7143, Sensitivity: 0.7500, Specificity: 0.6364, PPV: 0.8182, NPV: 0.5385, F1: 0.7826
Epoch 9/40 - Train Loss: 0.6083, Train Acc: 0.6643, Train AUC: 0.7431 - Val Loss: 0.7180, Val Acc (0.5): 0.7143, Val AUC: 0.6856
  Train Best Threshold 0.60 → Balanced Acc: 0.6831, Acc: 0.6000, Sensitivity: 0.4301, Specificity: 0.9362, PPV: 0.9302, NPV: 0.4536, F1: 0.5882
  Val Best Threshold 0.65 → Balanced Acc: 0.6970, Acc: 0.6857, Sensitivity: 0.6667, Specificity: 0.7273, PPV: 0.8421, NPV: 0.5000, F1: 0.7442
Epoch 10/40 - Train Loss: 0.5727, Train Acc: 0.6786, Train AUC: 0.7898 - Val Loss: 0.7156, Val Acc (0.5): 0.6857, Val AUC: 0.6932
  Train Best Threshold 0.45 → Balanced Acc: 0.7223, Acc: 0.7429, Sensitivity: 0.7849, Specificity: 0.6596, PPV: 0.8202, NPV: 0.6078, F1: 0.8022
  Val Best Threshold 0.65 → Balanced Acc: 0.6970, Acc: 0.6857, Sensitivity: 0.6667, Specificity: 0.7273, PPV: 0.8421, NPV: 0.5000, F1: 0.7442
Epoch 11/40 - Train Loss: 0.5188, Train Acc: 0.7714, Train AUC: 0.8383 - Val Loss: 0.7322, Val Acc (0.5): 0.6571, Val AUC: 0.7083
  Train Best Threshold 0.50 → Balanced Acc: 0.7859, Acc: 0.7714, Sensitivity: 0.7419, Specificity: 0.8298, PPV: 0.8961, NPV: 0.6190, F1: 0.8118
  Val Best Threshold 0.70 → Balanced Acc: 0.6970, Acc: 0.6857, Sensitivity: 0.6667, Specificity: 0.7273, PPV: 0.8421, NPV: 0.5000, F1: 0.7442
Epoch 12/40 - Train Loss: 0.5094, Train Acc: 0.7714, Train AUC: 0.8476 - Val Loss: 0.7610, Val Acc (0.5): 0.6571, Val AUC: 0.6856
  Train Best Threshold 0.50 → Balanced Acc: 0.7806, Acc: 0.7714, Sensitivity: 0.7527, Specificity: 0.8085, PPV: 0.8861, NPV: 0.6230, F1: 0.8140
  Val Best Threshold 0.75 → Balanced Acc: 0.6970, Acc: 0.6857, Sensitivity: 0.6667, Specificity: 0.7273, PPV: 0.8421, NPV: 0.5000, F1: 0.7442
Epoch 13/40 - Train Loss: 0.4841, Train Acc: 0.7571, Train AUC: 0.8636 - Val Loss: 0.6795, Val Acc (0.5): 0.6571, Val AUC: 0.6780
  Train Best Threshold 0.40 → Balanced Acc: 0.7972, Acc: 0.8214, Sensitivity: 0.8710, Specificity: 0.7234, PPV: 0.8617, NPV: 0.7391, F1: 0.8663
  Val Best Threshold 0.60 → Balanced Acc: 0.6970, Acc: 0.6857, Sensitivity: 0.6667, Specificity: 0.7273, PPV: 0.8421, NPV: 0.5000, F1: 0.7442
Epoch 14/40 - Train Loss: 0.4939, Train Acc: 0.7786, Train AUC: 0.8364 - Val Loss: 0.7074, Val Acc (0.5): 0.7429, Val AUC: 0.7235
  Train Best Threshold 0.45 → Balanced Acc: 0.7970, Acc: 0.8071, Sensitivity: 0.8280, Specificity: 0.7660, PPV: 0.8750, NPV: 0.6923, F1: 0.8508
  Val Best Threshold 0.70 → Balanced Acc: 0.7178, Acc: 0.7143, Sensitivity: 0.7083, Specificity: 0.7273, PPV: 0.8500, NPV: 0.5333, F1: 0.7727
Epoch 15/40 - Train Loss: 0.4336, Train Acc: 0.7786, Train AUC: 0.8904 - Val Loss: 0.7931, Val Acc (0.5): 0.7143, Val AUC: 0.7538
  Train Best Threshold 0.40 → Balanced Acc: 0.7971, Acc: 0.8143, Sensitivity: 0.8495, Specificity: 0.7447, PPV: 0.8681, NPV: 0.7143, F1: 0.8587
  Val Best Threshold 0.85 → Balanced Acc: 0.7216, Acc: 0.6857, Sensitivity: 0.6250, Specificity: 0.8182, PPV: 0.8824, NPV: 0.5000, F1: 0.7317
  → New best validation AUC: 0.7538
Epoch 16/40 - Train Loss: 0.4968, Train Acc: 0.7643, Train AUC: 0.8405 - Val Loss: 1.1361, Val Acc (0.5): 0.6857, Val AUC: 0.7311
  Train Best Threshold 0.45 → Balanced Acc: 0.7704, Acc: 0.7929, Sensitivity: 0.8387, Specificity: 0.7021, PPV: 0.8478, NPV: 0.6875, F1: 0.8432
  Val Best Threshold 0.95 → Balanced Acc: 0.7008, Acc: 0.6571, Sensitivity: 0.5833, Specificity: 0.8182, PPV: 0.8750, NPV: 0.4737, F1: 0.7000
Epoch 17/40 - Train Loss: 0.4172, Train Acc: 0.8429, Train AUC: 0.9062 - Val Loss: 0.8004, Val Acc (0.5): 0.7429, Val AUC: 0.7538
  Train Best Threshold 0.50 → Balanced Acc: 0.8449, Acc: 0.8429, Sensitivity: 0.8387, Specificity: 0.8511, PPV: 0.9176, NPV: 0.7273, F1: 0.8764
  Val Best Threshold 0.85 → Balanced Acc: 0.6970, Acc: 0.6857, Sensitivity: 0.6667, Specificity: 0.7273, PPV: 0.8421, NPV: 0.5000, F1: 0.7442
Epoch 18/40 - Train Loss: 0.3867, Train Acc: 0.8429, Train AUC: 0.9165 - Val Loss: 0.9491, Val Acc (0.5): 0.6857, Val AUC: 0.7197
  Train Best Threshold 0.50 → Balanced Acc: 0.8344, Acc: 0.8429, Sensitivity: 0.8602, Specificity: 0.8085, PPV: 0.8989, NPV: 0.7451, F1: 0.8791
  Val Best Threshold 0.90 → Balanced Acc: 0.6761, Acc: 0.6571, Sensitivity: 0.6250, Specificity: 0.7273, PPV: 0.8333, NPV: 0.4706, F1: 0.7143
Epoch 19/40 - Train Loss: 0.3899, Train Acc: 0.8214, Train AUC: 0.9163 - Val Loss: 1.2555, Val Acc (0.5): 0.6857, Val AUC: 0.6932
  Train Best Threshold 0.65 → Balanced Acc: 0.8391, Acc: 0.8071, Sensitivity: 0.7419, Specificity: 0.9362, PPV: 0.9583, NPV: 0.6471, F1: 0.8364
  Val Best Threshold 0.90 → Balanced Acc: 0.6686, Acc: 0.7143, Sensitivity: 0.7917, Specificity: 0.5455, PPV: 0.7917, NPV: 0.5455, F1: 0.7917
Epoch 20/40 - Train Loss: 0.3904, Train Acc: 0.8143, Train AUC: 0.9121 - Val Loss: 1.2587, Val Acc (0.5): 0.6857, Val AUC: 0.6667
  Train Best Threshold 0.55 → Balanced Acc: 0.8551, Acc: 0.8214, Sensitivity: 0.7527, Specificity: 0.9574, PPV: 0.9722, NPV: 0.6618, F1: 0.8485
  Val Best Threshold 0.90 → Balanced Acc: 0.6477, Acc: 0.6857, Sensitivity: 0.7500, Specificity: 0.5455, PPV: 0.7826, NPV: 0.5000, F1: 0.7660
Epoch 21/40 - Train Loss: 0.3431, Train Acc: 0.8714, Train AUC: 0.9334 - Val Loss: 1.6797, Val Acc (0.5): 0.6571, Val AUC: 0.6364
  Train Best Threshold 0.45 → Balanced Acc: 0.8770, Acc: 0.8786, Sensitivity: 0.8817, Specificity: 0.8723, PPV: 0.9318, NPV: 0.7885, F1: 0.9061
  Val Best Threshold 0.95 → Balanced Acc: 0.5814, Acc: 0.6286, Sensitivity: 0.7083, Specificity: 0.4545, PPV: 0.7391, NPV: 0.4167, F1: 0.7234
Epoch 22/40 - Train Loss: 0.3038, Train Acc: 0.8714, Train AUC: 0.9570 - Val Loss: 0.9758, Val Acc (0.5): 0.6571, Val AUC: 0.6818
  Train Best Threshold 0.65 → Balanced Acc: 0.8871, Acc: 0.8500, Sensitivity: 0.7742, Specificity: 1.0000, PPV: 1.0000, NPV: 0.6912, F1: 0.8727
  Val Best Threshold 0.90 → Balanced Acc: 0.6591, Acc: 0.6000, Sensitivity: 0.5000, Specificity: 0.8182, PPV: 0.8571, NPV: 0.4286, F1: 0.6316
Epoch 23/40 - Train Loss: 0.2828, Train Acc: 0.8929, Train AUC: 0.9542 - Val Loss: 0.9323, Val Acc (0.5): 0.6286, Val AUC: 0.6667
  Train Best Threshold 0.60 → Balanced Acc: 0.8928, Acc: 0.8786, Sensitivity: 0.8495, Specificity: 0.9362, PPV: 0.9634, NPV: 0.7586, F1: 0.9029
  Val Best Threshold 0.65 → Balanced Acc: 0.6723, Acc: 0.6857, Sensitivity: 0.7083, Specificity: 0.6364, PPV: 0.8095, NPV: 0.5000, F1: 0.7556
Epoch 24/40 - Train Loss: 0.2255, Train Acc: 0.9286, Train AUC: 0.9812 - Val Loss: 1.0667, Val Acc (0.5): 0.6000, Val AUC: 0.6705
  Train Best Threshold 0.50 → Balanced Acc: 0.9252, Acc: 0.9286, Sensitivity: 0.9355, Specificity: 0.9149, PPV: 0.9560, NPV: 0.8776, F1: 0.9457
  Val Best Threshold 0.60 → Balanced Acc: 0.6515, Acc: 0.6571, Sensitivity: 0.6667, Specificity: 0.6364, PPV: 0.8000, NPV: 0.4667, F1: 0.7273
Epoch 25/40 - Train Loss: 0.2323, Train Acc: 0.9071, Train AUC: 0.9691 - Val Loss: 1.0736, Val Acc (0.5): 0.6286, Val AUC: 0.6856
  Train Best Threshold 0.60 → Balanced Acc: 0.9248, Acc: 0.9071, Sensitivity: 0.8710, Specificity: 0.9787, PPV: 0.9878, NPV: 0.7931, F1: 0.9257
  Val Best Threshold 0.85 → Balanced Acc: 0.7254, Acc: 0.6571, Sensitivity: 0.5417, Specificity: 0.9091, PPV: 0.9286, NPV: 0.4762, F1: 0.6842
Early stopping at epoch 25
Loaded best model with validation AUC: 0.7538
Final Train Results (Best Model) at epoch 15 - Loss: 0.4062, Accuracy: 0.7857, AUC: 0.8959
Final Val Results (Best Model) at epoch 15 - Loss: 0.7931, Accuracy: 0.7143, AUC: 0.7538
Train Best Threshold: 0.40 | Balanced Acc: 0.8400 | Acc: 0.8643 | Precision: 0.8854 | Recall: 0.9140 | Sensitivity: 0.9140 | Specificity: 0.7660 | PPV: 0.8854 | NPV: 0.8182 | F1: 0.8995
Train Confusion Matrix at Best Threshold (rows=actual [0,1], cols=predicted [0,1]):
[[36 11]
 [ 8 85]]
Val Best Threshold: 0.85 | Balanced Acc: 0.7216 | Acc: 0.6857 | Precision: 0.8824 | Recall: 0.6250 | Sensitivity: 0.6250 | Specificity: 0.8182 | PPV: 0.8824 | NPV: 0.5000 | F1: 0.7317
Val Confusion Matrix at Best Threshold (rows=actual [0,1], cols=predicted [0,1]):
[[ 9  2]
 [ 9 15]]

======================================================================
Fold 2/5
======================================================================
Train: 140 patients
Val: 35 patients
Created A1 model (mean pooling) with backbone efficientnetv2_b0
Using device: cuda
Class weights: [1.0, 0.5053763389587402]
Epoch 1/40 - Train Loss: 0.7056, Train Acc: 0.3857, Train AUC: 0.5159 - Val Loss: 0.7091, Val Acc (0.5): 0.3714, Val AUC: 0.4205
  Train Best Threshold 0.50 → Balanced Acc: 0.5376, Acc: 0.3857, Sensitivity: 0.0753, Specificity: 1.0000, PPV: 1.0000, NPV: 0.3534, F1: 0.1400
  Val Best Threshold 0.05 → Balanced Acc: 0.5000, Acc: 0.6857, Sensitivity: 1.0000, Specificity: 0.0000, PPV: 0.6857, NPV: 0.0000, F1: 0.8136
  → New best validation AUC: 0.4205
Epoch 2/40 - Train Loss: 0.6878, Train Acc: 0.4357, Train AUC: 0.5555 - Val Loss: 0.7519, Val Acc (0.5): 0.6857, Val AUC: 0.5833
  Train Best Threshold 0.45 → Balanced Acc: 0.5678, Acc: 0.6286, Sensitivity: 0.7527, Specificity: 0.3830, PPV: 0.7071, NPV: 0.4390, F1: 0.7292
  Val Best Threshold 0.60 → Balanced Acc: 0.5398, Acc: 0.5714, Sensitivity: 0.6250, Specificity: 0.4545, PPV: 0.7143, NPV: 0.3571, F1: 0.6667
  → New best validation AUC: 0.5833
Epoch 3/40 - Train Loss: 0.6815, Train Acc: 0.5857, Train AUC: 0.6097 - Val Loss: 0.7791, Val Acc (0.5): 0.6857, Val AUC: 0.6553
  Train Best Threshold 0.50 → Balanced Acc: 0.5724, Acc: 0.5857, Sensitivity: 0.6129, Specificity: 0.5319, PPV: 0.7215, NPV: 0.4098, F1: 0.6628
  Val Best Threshold 0.70 → Balanced Acc: 0.6212, Acc: 0.5143, Sensitivity: 0.3333, Specificity: 0.9091, PPV: 0.8889, NPV: 0.3846, F1: 0.4848
  → New best validation AUC: 0.6553
Epoch 4/40 - Train Loss: 0.6520, Train Acc: 0.6643, Train AUC: 0.7138 - Val Loss: 0.7582, Val Acc (0.5): 0.6857, Val AUC: 0.6439
  Train Best Threshold 0.55 → Balanced Acc: 0.6620, Acc: 0.5929, Sensitivity: 0.4516, Specificity: 0.8723, PPV: 0.8750, NPV: 0.4457, F1: 0.5957
  Val Best Threshold 0.70 → Balanced Acc: 0.6629, Acc: 0.5714, Sensitivity: 0.4167, Specificity: 0.9091, PPV: 0.9091, NPV: 0.4167, F1: 0.5714
Epoch 5/40 - Train Loss: 0.6524, Train Acc: 0.6500, Train AUC: 0.6893 - Val Loss: 0.7159, Val Acc (0.5): 0.6286, Val AUC: 0.6402
  Train Best Threshold 0.55 → Balanced Acc: 0.6731, Acc: 0.6286, Sensitivity: 0.5376, Specificity: 0.8085, PPV: 0.8475, NPV: 0.4691, F1: 0.6579
  Val Best Threshold 0.70 → Balanced Acc: 0.6667, Acc: 0.5429, Sensitivity: 0.3333, Specificity: 1.0000, PPV: 1.0000, NPV: 0.4074, F1: 0.5000
Epoch 6/40 - Train Loss: 0.6236, Train Acc: 0.7214, Train AUC: 0.7481 - Val Loss: 0.8493, Val Acc (0.5): 0.7143, Val AUC: 0.6212
  Train Best Threshold 0.50 → Balanced Acc: 0.7272, Acc: 0.7214, Sensitivity: 0.7097, Specificity: 0.7447, PPV: 0.8462, NPV: 0.5645, F1: 0.7719
  Val Best Threshold 0.80 → Balanced Acc: 0.6420, Acc: 0.5429, Sensitivity: 0.3750, Specificity: 0.9091, PPV: 0.9000, NPV: 0.4000, F1: 0.5294
Epoch 7/40 - Train Loss: 0.6111, Train Acc: 0.7000, Train AUC: 0.7474 - Val Loss: 1.0266, Val Acc (0.5): 0.6857, Val AUC: 0.5871
  Train Best Threshold 0.50 → Balanced Acc: 0.6953, Acc: 0.7000, Sensitivity: 0.7097, Specificity: 0.6809, PPV: 0.8148, NPV: 0.5424, F1: 0.7586
  Val Best Threshold 0.80 → Balanced Acc: 0.5682, Acc: 0.5429, Sensitivity: 0.5000, Specificity: 0.6364, PPV: 0.7500, NPV: 0.3684, F1: 0.6000
Epoch 8/40 - Train Loss: 0.6007, Train Acc: 0.7000, Train AUC: 0.7499 - Val Loss: 1.1704, Val Acc (0.5): 0.6857, Val AUC: 0.5568
  Train Best Threshold 0.45 → Balanced Acc: 0.7117, Acc: 0.7429, Sensitivity: 0.8065, Specificity: 0.6170, PPV: 0.8065, NPV: 0.6170, F1: 0.8065
  Val Best Threshold 0.65 → Balanced Acc: 0.5947, Acc: 0.7143, Sensitivity: 0.9167, Specificity: 0.2727, PPV: 0.7333, NPV: 0.6000, F1: 0.8148
Epoch 9/40 - Train Loss: 0.5538, Train Acc: 0.7286, Train AUC: 0.8129 - Val Loss: 1.1600, Val Acc (0.5): 0.7143, Val AUC: 0.5795
  Train Best Threshold 0.45 → Balanced Acc: 0.7702, Acc: 0.7786, Sensitivity: 0.7957, Specificity: 0.7447, PPV: 0.8605, NPV: 0.6481, F1: 0.8268
  Val Best Threshold 0.95 → Balanced Acc: 0.6250, Acc: 0.4857, Sensitivity: 0.2500, Specificity: 1.0000, PPV: 1.0000, NPV: 0.3793, F1: 0.4000
Epoch 10/40 - Train Loss: 0.5661, Train Acc: 0.6929, Train AUC: 0.7815 - Val Loss: 1.2154, Val Acc (0.5): 0.7429, Val AUC: 0.5909
  Train Best Threshold 0.55 → Balanced Acc: 0.7108, Acc: 0.6857, Sensitivity: 0.6344, Specificity: 0.7872, PPV: 0.8551, NPV: 0.5211, F1: 0.7284
  Val Best Threshold 0.45 → Balanced Acc: 0.6155, Acc: 0.7429, Sensitivity: 0.9583, Specificity: 0.2727, PPV: 0.7419, NPV: 0.7500, F1: 0.8364
Epoch 11/40 - Train Loss: 0.5487, Train Acc: 0.7357, Train AUC: 0.8016 - Val Loss: 1.2655, Val Acc (0.5): 0.6857, Val AUC: 0.5909
  Train Best Threshold 0.60 → Balanced Acc: 0.7639, Acc: 0.7143, Sensitivity: 0.6129, Specificity: 0.9149, PPV: 0.9344, NPV: 0.5443, F1: 0.7403
  Val Best Threshold 0.40 → Balanced Acc: 0.6155, Acc: 0.7429, Sensitivity: 0.9583, Specificity: 0.2727, PPV: 0.7419, NPV: 0.7500, F1: 0.8364
Epoch 12/40 - Train Loss: 0.5354, Train Acc: 0.7000, Train AUC: 0.8113 - Val Loss: 1.2573, Val Acc (0.5): 0.6857, Val AUC: 0.6061
  Train Best Threshold 0.45 → Balanced Acc: 0.7274, Acc: 0.7357, Sensitivity: 0.7527, Specificity: 0.7021, PPV: 0.8333, NPV: 0.5893, F1: 0.7910
  Val Best Threshold 0.35 → Balanced Acc: 0.6155, Acc: 0.7429, Sensitivity: 0.9583, Specificity: 0.2727, PPV: 0.7419, NPV: 0.7500, F1: 0.8364
Epoch 13/40 - Train Loss: 0.5287, Train Acc: 0.7143, Train AUC: 0.8030 - Val Loss: 1.0327, Val Acc (0.5): 0.6857, Val AUC: 0.6288
  Train Best Threshold 0.60 → Balanced Acc: 0.7376, Acc: 0.7143, Sensitivity: 0.6667, Specificity: 0.8085, PPV: 0.8732, NPV: 0.5507, F1: 0.7561
  Val Best Threshold 0.95 → Balanced Acc: 0.6250, Acc: 0.4857, Sensitivity: 0.2500, Specificity: 1.0000, PPV: 1.0000, NPV: 0.3793, F1: 0.4000
Early stopping at epoch 13
Loaded best model with validation AUC: 0.6553
Final Train Results (Best Model) at epoch 3 - Loss: 0.6592, Accuracy: 0.6571, AUC: 0.6955
Final Val Results (Best Model) at epoch 3 - Loss: 0.7791, Accuracy: 0.6857, AUC: 0.6553
Train Best Threshold: 0.50 | Balanced Acc: 0.6420 | Acc: 0.6571 | Precision: 0.7711 | Recall: 0.6882 | Sensitivity: 0.6882 | Specificity: 0.5957 | PPV: 0.7711 | NPV: 0.4912 | F1: 0.7273
Train Confusion Matrix at Best Threshold (rows=actual [0,1], cols=predicted [0,1]):
[[28 19]
 [29 64]]
Val Best Threshold: 0.70 | Balanced Acc: 0.6212 | Acc: 0.5143 | Precision: 0.8889 | Recall: 0.3333 | Sensitivity: 0.3333 | Specificity: 0.9091 | PPV: 0.8889 | NPV: 0.3846 | F1: 0.4848
Val Confusion Matrix at Best Threshold (rows=actual [0,1], cols=predicted [0,1]):
[[10  1]
 [16  8]]

======================================================================
Fold 3/5
======================================================================
Train: 140 patients
Val: 35 patients
Created A1 model (mean pooling) with backbone efficientnetv2_b0
Using device: cuda
Class weights: [1.0, 0.4893617033958435]
Epoch 1/40 - Train Loss: 0.7036, Train Acc: 0.4857, Train AUC: 0.4413 - Val Loss: 0.7894, Val Acc (0.5): 0.6571, Val AUC: 0.5797
  Train Best Threshold 0.60 → Balanced Acc: 0.5160, Acc: 0.3500, Sensitivity: 0.0319, Specificity: 1.0000, PPV: 1.0000, NPV: 0.3358, F1: 0.0619
  Val Best Threshold 0.65 → Balanced Acc: 0.5362, Acc: 0.6000, Sensitivity: 0.7391, Specificity: 0.3333, PPV: 0.6800, NPV: 0.4000, F1: 0.7083
  → New best validation AUC: 0.5797
Epoch 2/40 - Train Loss: 0.6814, Train Acc: 0.5786, Train AUC: 0.5990 - Val Loss: 0.7331, Val Acc (0.5): 0.6571, Val AUC: 0.6594
  Train Best Threshold 0.55 → Balanced Acc: 0.5842, Acc: 0.4714, Sensitivity: 0.2553, Specificity: 0.9130, PPV: 0.8571, NPV: 0.3750, F1: 0.3934
  Val Best Threshold 0.65 → Balanced Acc: 0.6105, Acc: 0.5143, Sensitivity: 0.3043, Specificity: 0.9167, PPV: 0.8750, NPV: 0.4074, F1: 0.4516
  → New best validation AUC: 0.6594
Epoch 3/40 - Train Loss: 0.6647, Train Acc: 0.6357, Train AUC: 0.6758 - Val Loss: 0.6707, Val Acc (0.5): 0.6857, Val AUC: 0.7428
  Train Best Threshold 0.50 → Balanced Acc: 0.6399, Acc: 0.6357, Sensitivity: 0.6277, Specificity: 0.6522, PPV: 0.7867, NPV: 0.4615, F1: 0.6982
  Val Best Threshold 0.60 → Balanced Acc: 0.6540, Acc: 0.5714, Sensitivity: 0.3913, Specificity: 0.9167, PPV: 0.9000, NPV: 0.4400, F1: 0.5455
  → New best validation AUC: 0.7428
Epoch 4/40 - Train Loss: 0.6542, Train Acc: 0.6143, Train AUC: 0.6873 - Val Loss: 0.5998, Val Acc (0.5): 0.7143, Val AUC: 0.8007
  Train Best Threshold 0.50 → Balanced Acc: 0.6295, Acc: 0.6143, Sensitivity: 0.5851, Specificity: 0.6739, PPV: 0.7857, NPV: 0.4429, F1: 0.6707
  Val Best Threshold 0.50 → Balanced Acc: 0.7428, Acc: 0.7143, Sensitivity: 0.6522, Specificity: 0.8333, PPV: 0.8824, NPV: 0.5556, F1: 0.7500
  → New best validation AUC: 0.8007
Epoch 5/40 - Train Loss: 0.6396, Train Acc: 0.6000, Train AUC: 0.6915 - Val Loss: 0.5813, Val Acc (0.5): 0.6857, Val AUC: 0.7935
  Train Best Threshold 0.60 → Balanced Acc: 0.6487, Acc: 0.5357, Sensitivity: 0.3191, Specificity: 0.9783, PPV: 0.9677, NPV: 0.4128, F1: 0.4800
  Val Best Threshold 0.55 → Balanced Acc: 0.7409, Acc: 0.6857, Sensitivity: 0.5652, Specificity: 0.9167, PPV: 0.9286, NPV: 0.5238, F1: 0.7027
Epoch 6/40 - Train Loss: 0.6310, Train Acc: 0.6357, Train AUC: 0.7063 - Val Loss: 0.6207, Val Acc (0.5): 0.7429, Val AUC: 0.7717
  Train Best Threshold 0.55 → Balanced Acc: 0.6519, Acc: 0.6071, Sensitivity: 0.5213, Specificity: 0.7826, PPV: 0.8305, NPV: 0.4444, F1: 0.6405
  Val Best Threshold 0.65 → Balanced Acc: 0.7210, Acc: 0.6857, Sensitivity: 0.6087, Specificity: 0.8333, PPV: 0.8750, NPV: 0.5263, F1: 0.7179
Epoch 7/40 - Train Loss: 0.6155, Train Acc: 0.6357, Train AUC: 0.7137 - Val Loss: 0.7256, Val Acc (0.5): 0.6857, Val AUC: 0.7464
  Train Best Threshold 0.45 → Balanced Acc: 0.6549, Acc: 0.6857, Sensitivity: 0.7447, Specificity: 0.5652, PPV: 0.7778, NPV: 0.5200, F1: 0.7609
  Val Best Threshold 0.70 → Balanced Acc: 0.7246, Acc: 0.7429, Sensitivity: 0.7826, Specificity: 0.6667, PPV: 0.8182, NPV: 0.6154, F1: 0.8000
Epoch 8/40 - Train Loss: 0.5923, Train Acc: 0.7214, Train AUC: 0.7620 - Val Loss: 0.7504, Val Acc (0.5): 0.6857, Val AUC: 0.7391
  Train Best Threshold 0.50 → Balanced Acc: 0.7037, Acc: 0.7214, Sensitivity: 0.7553, Specificity: 0.6522, PPV: 0.8161, NPV: 0.5660, F1: 0.7845
  Val Best Threshold 0.70 → Balanced Acc: 0.7029, Acc: 0.7143, Sensitivity: 0.7391, Specificity: 0.6667, PPV: 0.8095, NPV: 0.5714, F1: 0.7727
Epoch 9/40 - Train Loss: 0.5986, Train Acc: 0.6429, Train AUC: 0.7405 - Val Loss: 0.6409, Val Acc (0.5): 0.6857, Val AUC: 0.7464
  Train Best Threshold 0.55 → Balanced Acc: 0.6839, Acc: 0.6500, Sensitivity: 0.5851, Specificity: 0.7826, PPV: 0.8462, NPV: 0.4800, F1: 0.6918
  Val Best Threshold 0.70 → Balanced Acc: 0.7011, Acc: 0.6857, Sensitivity: 0.6522, Specificity: 0.7500, PPV: 0.8333, NPV: 0.5294, F1: 0.7317
Epoch 10/40 - Train Loss: 0.5901, Train Acc: 0.6929, Train AUC: 0.7724 - Val Loss: 0.5315, Val Acc (0.5): 0.7429, Val AUC: 0.8116
  Train Best Threshold 0.55 → Balanced Acc: 0.7160, Acc: 0.6857, Sensitivity: 0.6277, Specificity: 0.8043, PPV: 0.8676, NPV: 0.5139, F1: 0.7284
  Val Best Threshold 0.40 → Balanced Acc: 0.7283, Acc: 0.8000, Sensitivity: 0.9565, Specificity: 0.5000, PPV: 0.7857, NPV: 0.8571, F1: 0.8627
  → New best validation AUC: 0.8116
Epoch 11/40 - Train Loss: 0.5867, Train Acc: 0.7000, Train AUC: 0.7655 - Val Loss: 0.5610, Val Acc (0.5): 0.7143, Val AUC: 0.7717
  Train Best Threshold 0.45 → Balanced Acc: 0.7248, Acc: 0.7571, Sensitivity: 0.8191, Specificity: 0.6304, PPV: 0.8191, NPV: 0.6304, F1: 0.8191
  Val Best Threshold 0.70 → Balanced Acc: 0.7228, Acc: 0.7143, Sensitivity: 0.6957, Specificity: 0.7500, PPV: 0.8421, NPV: 0.5625, F1: 0.7619
Epoch 12/40 - Train Loss: 0.5135, Train Acc: 0.7571, Train AUC: 0.8374 - Val Loss: 0.5292, Val Acc (0.5): 0.6571, Val AUC: 0.7681
  Train Best Threshold 0.55 → Balanced Acc: 0.7912, Acc: 0.7643, Sensitivity: 0.7128, Specificity: 0.8696, PPV: 0.9178, NPV: 0.5970, F1: 0.8024
  Val Best Threshold 0.70 → Balanced Acc: 0.7428, Acc: 0.7143, Sensitivity: 0.6522, Specificity: 0.8333, PPV: 0.8824, NPV: 0.5556, F1: 0.7500
Epoch 13/40 - Train Loss: 0.5001, Train Acc: 0.7786, Train AUC: 0.8684 - Val Loss: 1.0469, Val Acc (0.5): 0.6571, Val AUC: 0.7717
  Train Best Threshold 0.55 → Balanced Acc: 0.8180, Acc: 0.7929, Sensitivity: 0.7447, Specificity: 0.8913, PPV: 0.9333, NPV: 0.6308, F1: 0.8284
  Val Best Threshold 0.90 → Balanced Acc: 0.7011, Acc: 0.6857, Sensitivity: 0.6522, Specificity: 0.7500, PPV: 0.8333, NPV: 0.5294, F1: 0.7317
Epoch 14/40 - Train Loss: 0.5220, Train Acc: 0.7357, Train AUC: 0.8205 - Val Loss: 1.1655, Val Acc (0.5): 0.6571, Val AUC: 0.7935
  Train Best Threshold 0.60 → Balanced Acc: 0.7542, Acc: 0.7071, Sensitivity: 0.6170, Specificity: 0.8913, PPV: 0.9206, NPV: 0.5325, F1: 0.7389
  Val Best Threshold 0.90 → Balanced Acc: 0.7446, Acc: 0.7429, Sensitivity: 0.7391, Specificity: 0.7500, PPV: 0.8500, NPV: 0.6000, F1: 0.7907
Epoch 15/40 - Train Loss: 0.4867, Train Acc: 0.7857, Train AUC: 0.8397 - Val Loss: 0.8551, Val Acc (0.5): 0.7143, Val AUC: 0.8188
  Train Best Threshold 0.40 → Balanced Acc: 0.8004, Acc: 0.8214, Sensitivity: 0.8617, Specificity: 0.7391, PPV: 0.8710, NPV: 0.7234, F1: 0.8663
  Val Best Threshold 0.85 → Balanced Acc: 0.7464, Acc: 0.7714, Sensitivity: 0.8261, Specificity: 0.6667, PPV: 0.8261, NPV: 0.6667, F1: 0.8261
  → New best validation AUC: 0.8188
Epoch 16/40 - Train Loss: 0.4692, Train Acc: 0.7643, Train AUC: 0.8605 - Val Loss: 1.2533, Val Acc (0.5): 0.6571, Val AUC: 0.7935
  Train Best Threshold 0.55 → Balanced Acc: 0.7745, Acc: 0.7643, Sensitivity: 0.7447, Specificity: 0.8043, PPV: 0.8861, NPV: 0.6066, F1: 0.8092
  Val Best Threshold 0.95 → Balanced Acc: 0.7011, Acc: 0.6857, Sensitivity: 0.6522, Specificity: 0.7500, PPV: 0.8333, NPV: 0.5294, F1: 0.7317
Epoch 17/40 - Train Loss: 0.4093, Train Acc: 0.8000, Train AUC: 0.8999 - Val Loss: 0.9750, Val Acc (0.5): 0.6857, Val AUC: 0.8297
  Train Best Threshold 0.65 → Balanced Acc: 0.8080, Acc: 0.7571, Sensitivity: 0.6596, Specificity: 0.9565, PPV: 0.9688, NPV: 0.5789, F1: 0.7848
  Val Best Threshold 0.85 → Balanced Acc: 0.7283, Acc: 0.8000, Sensitivity: 0.9565, Specificity: 0.5000, PPV: 0.7857, NPV: 0.8571, F1: 0.8627
  → New best validation AUC: 0.8297
Epoch 18/40 - Train Loss: 0.4518, Train Acc: 0.7643, Train AUC: 0.8617 - Val Loss: 0.9427, Val Acc (0.5): 0.6857, Val AUC: 0.7826
  Train Best Threshold 0.60 → Balanced Acc: 0.7646, Acc: 0.7286, Sensitivity: 0.6596, Specificity: 0.8696, PPV: 0.9118, NPV: 0.5556, F1: 0.7654
  Val Best Threshold 0.90 → Balanced Acc: 0.7228, Acc: 0.7143, Sensitivity: 0.6957, Specificity: 0.7500, PPV: 0.8421, NPV: 0.5625, F1: 0.7619
Epoch 19/40 - Train Loss: 0.3757, Train Acc: 0.8429, Train AUC: 0.9276 - Val Loss: 0.5880, Val Acc (0.5): 0.7143, Val AUC: 0.7681
  Train Best Threshold 0.65 → Balanced Acc: 0.8293, Acc: 0.7857, Sensitivity: 0.7021, Specificity: 0.9565, PPV: 0.9706, NPV: 0.6111, F1: 0.8148
  Val Best Threshold 0.80 → Balanced Acc: 0.7428, Acc: 0.7143, Sensitivity: 0.6522, Specificity: 0.8333, PPV: 0.8824, NPV: 0.5556, F1: 0.7500
Epoch 20/40 - Train Loss: 0.4299, Train Acc: 0.8000, Train AUC: 0.8869 - Val Loss: 0.4849, Val Acc (0.5): 0.6571, Val AUC: 0.8007
  Train Best Threshold 0.70 → Balanced Acc: 0.8078, Acc: 0.7643, Sensitivity: 0.6809, Specificity: 0.9348, PPV: 0.9552, NPV: 0.5890, F1: 0.7950
  Val Best Threshold 0.25 → Balanced Acc: 0.7681, Acc: 0.8000, Sensitivity: 0.8696, Specificity: 0.6667, PPV: 0.8333, NPV: 0.7273, F1: 0.8511
Epoch 21/40 - Train Loss: 0.3802, Train Acc: 0.8286, Train AUC: 0.9119 - Val Loss: 0.5551, Val Acc (0.5): 0.6857, Val AUC: 0.7572
  Train Best Threshold 0.40 → Balanced Acc: 0.8599, Acc: 0.8714, Sensitivity: 0.8936, Specificity: 0.8261, PPV: 0.9130, NPV: 0.7917, F1: 0.9032
  Val Best Threshold 0.65 → Balanced Acc: 0.7663, Acc: 0.7714, Sensitivity: 0.7826, Specificity: 0.7500, PPV: 0.8571, NPV: 0.6429, F1: 0.8182
Epoch 22/40 - Train Loss: 0.3393, Train Acc: 0.8714, Train AUC: 0.9332 - Val Loss: 0.5661, Val Acc (0.5): 0.7143, Val AUC: 0.7536
  Train Best Threshold 0.50 → Balanced Acc: 0.8710, Acc: 0.8714, Sensitivity: 0.8723, Specificity: 0.8696, PPV: 0.9318, NPV: 0.7692, F1: 0.9011
  Val Best Threshold 0.85 → Balanced Acc: 0.7210, Acc: 0.6857, Sensitivity: 0.6087, Specificity: 0.8333, PPV: 0.8750, NPV: 0.5263, F1: 0.7179
Epoch 23/40 - Train Loss: 0.3192, Train Acc: 0.8714, Train AUC: 0.9410 - Val Loss: 0.7901, Val Acc (0.5): 0.6571, Val AUC: 0.7536
  Train Best Threshold 0.65 → Balanced Acc: 0.8610, Acc: 0.8357, Sensitivity: 0.7872, Specificity: 0.9348, PPV: 0.9610, NPV: 0.6825, F1: 0.8655
  Val Best Threshold 0.95 → Balanced Acc: 0.6993, Acc: 0.6571, Sensitivity: 0.5652, Specificity: 0.8333, PPV: 0.8667, NPV: 0.5000, F1: 0.6842
Epoch 24/40 - Train Loss: 0.3005, Train Acc: 0.8643, Train AUC: 0.9475 - Val Loss: 1.2667, Val Acc (0.5): 0.7143, Val AUC: 0.7428
  Train Best Threshold 0.40 → Balanced Acc: 0.8871, Acc: 0.8857, Sensitivity: 0.8830, Specificity: 0.8913, PPV: 0.9432, NPV: 0.7885, F1: 0.9121
  Val Best Threshold 0.95 → Balanced Acc: 0.6793, Acc: 0.6571, Sensitivity: 0.6087, Specificity: 0.7500, PPV: 0.8235, NPV: 0.5000, F1: 0.7000
Epoch 25/40 - Train Loss: 0.3831, Train Acc: 0.8214, Train AUC: 0.9017 - Val Loss: 2.3271, Val Acc (0.5): 0.6571, Val AUC: 0.6957
  Train Best Threshold 0.65 → Balanced Acc: 0.8233, Acc: 0.8000, Sensitivity: 0.7553, Specificity: 0.8913, PPV: 0.9342, NPV: 0.6406, F1: 0.8353
  Val Best Threshold 0.95 → Balanced Acc: 0.6033, Acc: 0.7143, Sensitivity: 0.9565, Specificity: 0.2500, PPV: 0.7097, NPV: 0.7500, F1: 0.8148
Epoch 26/40 - Train Loss: 0.2685, Train Acc: 0.8857, Train AUC: 0.9683 - Val Loss: 1.6135, Val Acc (0.5): 0.6857, Val AUC: 0.6812
  Train Best Threshold 0.55 → Balanced Acc: 0.9089, Acc: 0.9000, Sensitivity: 0.8830, Specificity: 0.9348, PPV: 0.9651, NPV: 0.7963, F1: 0.9222
  Val Best Threshold 0.95 → Balanced Acc: 0.6196, Acc: 0.6571, Sensitivity: 0.7391, Specificity: 0.5000, PPV: 0.7391, NPV: 0.5000, F1: 0.7391
Epoch 27/40 - Train Loss: 0.2444, Train Acc: 0.9000, Train AUC: 0.9639 - Val Loss: 0.6922, Val Acc (0.5): 0.6000, Val AUC: 0.7210
  Train Best Threshold 0.60 → Balanced Acc: 0.9091, Acc: 0.8929, Sensitivity: 0.8617, Specificity: 0.9565, PPV: 0.9759, NPV: 0.7719, F1: 0.9153
  Val Best Threshold 0.95 → Balanced Acc: 0.7174, Acc: 0.6286, Sensitivity: 0.4348, Specificity: 1.0000, PPV: 1.0000, NPV: 0.4800, F1: 0.6061
Early stopping at epoch 27
Loaded best model with validation AUC: 0.8297
Final Train Results (Best Model) at epoch 17 - Loss: 0.3955, Accuracy: 0.8143, AUC: 0.9299
Final Val Results (Best Model) at epoch 17 - Loss: 0.9750, Accuracy: 0.6857, AUC: 0.8297
Train Best Threshold: 0.25 | Balanced Acc: 0.8760 | Acc: 0.8857 | Precision: 0.9239 | Recall: 0.9043 | Sensitivity: 0.9043 | Specificity: 0.8478 | PPV: 0.9239 | NPV: 0.8125 | F1: 0.9140
Train Confusion Matrix at Best Threshold (rows=actual [0,1], cols=predicted [0,1]):
[[39  7]
 [ 9 85]]
Val Best Threshold: 0.85 | Balanced Acc: 0.7283 | Acc: 0.8000 | Precision: 0.7857 | Recall: 0.9565 | Sensitivity: 0.9565 | Specificity: 0.5000 | PPV: 0.7857 | NPV: 0.8571 | F1: 0.8627
Val Confusion Matrix at Best Threshold (rows=actual [0,1], cols=predicted [0,1]):
[[ 6  6]
 [ 1 22]]

======================================================================
Fold 4/5
======================================================================
Train: 140 patients
Val: 35 patients
Created A1 model (mean pooling) with backbone efficientnetv2_b0
Using device: cuda
Class weights: [1.0, 0.4893617033958435]
Epoch 1/40 - Train Loss: 0.6926, Train Acc: 0.4714, Train AUC: 0.5113 - Val Loss: 0.6783, Val Acc (0.5): 0.3429, Val AUC: 0.4710
  Train Best Threshold 0.45 → Balanced Acc: 0.5280, Acc: 0.6643, Sensitivity: 0.9255, Specificity: 0.1304, PPV: 0.6850, NPV: 0.4615, F1: 0.7873
  Val Best Threshold 0.45 → Balanced Acc: 0.5109, Acc: 0.5143, Sensitivity: 0.5217, Specificity: 0.5000, PPV: 0.6667, NPV: 0.3529, F1: 0.5854
  → New best validation AUC: 0.4710
Epoch 2/40 - Train Loss: 0.6899, Train Acc: 0.5214, Train AUC: 0.5527 - Val Loss: 0.6977, Val Acc (0.5): 0.6571, Val AUC: 0.5942
  Train Best Threshold 0.55 → Balanced Acc: 0.5629, Acc: 0.4429, Sensitivity: 0.2128, Specificity: 0.9130, PPV: 0.8333, NPV: 0.3621, F1: 0.3390
  Val Best Threshold 0.55 → Balanced Acc: 0.6178, Acc: 0.6286, Sensitivity: 0.6522, Specificity: 0.5833, PPV: 0.7500, NPV: 0.4667, F1: 0.6977
  → New best validation AUC: 0.5942
Epoch 3/40 - Train Loss: 0.6809, Train Acc: 0.5786, Train AUC: 0.5967 - Val Loss: 0.6728, Val Acc (0.5): 0.6000, Val AUC: 0.6630
  Train Best Threshold 0.55 → Balanced Acc: 0.5728, Acc: 0.4786, Sensitivity: 0.2979, Specificity: 0.8478, PPV: 0.8000, NPV: 0.3714, F1: 0.4341
  Val Best Threshold 0.55 → Balanced Acc: 0.6775, Acc: 0.6286, Sensitivity: 0.5217, Specificity: 0.8333, PPV: 0.8571, NPV: 0.4762, F1: 0.6486
  → New best validation AUC: 0.6630
Epoch 4/40 - Train Loss: 0.6557, Train Acc: 0.6357, Train AUC: 0.6959 - Val Loss: 0.6483, Val Acc (0.5): 0.6857, Val AUC: 0.7029
  Train Best Threshold 0.55 → Balanced Acc: 0.6642, Acc: 0.5714, Sensitivity: 0.3936, Specificity: 0.9348, PPV: 0.9250, NPV: 0.4300, F1: 0.5522
  Val Best Threshold 0.50 → Balanced Acc: 0.7210, Acc: 0.6857, Sensitivity: 0.6087, Specificity: 0.8333, PPV: 0.8750, NPV: 0.5263, F1: 0.7179
  → New best validation AUC: 0.7029
Epoch 5/40 - Train Loss: 0.6477, Train Acc: 0.6643, Train AUC: 0.7160 - Val Loss: 0.6927, Val Acc (0.5): 0.6857, Val AUC: 0.7029
  Train Best Threshold 0.50 → Balanced Acc: 0.6612, Acc: 0.6643, Sensitivity: 0.6702, Specificity: 0.6522, PPV: 0.7975, NPV: 0.4918, F1: 0.7283
  Val Best Threshold 0.60 → Balanced Acc: 0.6993, Acc: 0.6571, Sensitivity: 0.5652, Specificity: 0.8333, PPV: 0.8667, NPV: 0.5000, F1: 0.6842
Epoch 6/40 - Train Loss: 0.6375, Train Acc: 0.6571, Train AUC: 0.7007 - Val Loss: 0.7804, Val Acc (0.5): 0.6571, Val AUC: 0.6920
  Train Best Threshold 0.60 → Balanced Acc: 0.6538, Acc: 0.5500, Sensitivity: 0.3511, Specificity: 0.9565, PPV: 0.9429, NPV: 0.4190, F1: 0.5116
  Val Best Threshold 0.70 → Balanced Acc: 0.6993, Acc: 0.6571, Sensitivity: 0.5652, Specificity: 0.8333, PPV: 0.8667, NPV: 0.5000, F1: 0.6842
Epoch 7/40 - Train Loss: 0.6311, Train Acc: 0.6429, Train AUC: 0.6959 - Val Loss: 0.6755, Val Acc (0.5): 0.7714, Val AUC: 0.7500
  Train Best Threshold 0.50 → Balanced Acc: 0.6508, Acc: 0.6429, Sensitivity: 0.6277, Specificity: 0.6739, PPV: 0.7973, NPV: 0.4697, F1: 0.7024
  Val Best Threshold 0.50 → Balanced Acc: 0.7464, Acc: 0.7714, Sensitivity: 0.8261, Specificity: 0.6667, PPV: 0.8261, NPV: 0.6667, F1: 0.8261
  → New best validation AUC: 0.7500
Epoch 8/40 - Train Loss: 0.6165, Train Acc: 0.6214, Train AUC: 0.7234 - Val Loss: 0.6030, Val Acc (0.5): 0.5714, Val AUC: 0.7754
  Train Best Threshold 0.55 → Balanced Acc: 0.6635, Acc: 0.5929, Sensitivity: 0.4574, Specificity: 0.8696, PPV: 0.8776, NPV: 0.4396, F1: 0.6014
  Val Best Threshold 0.30 → Balanced Acc: 0.7681, Acc: 0.8000, Sensitivity: 0.8696, Specificity: 0.6667, PPV: 0.8333, NPV: 0.7273, F1: 0.8511
  → New best validation AUC: 0.7754
Epoch 9/40 - Train Loss: 0.5928, Train Acc: 0.6643, Train AUC: 0.7593 - Val Loss: 0.6164, Val Acc (0.5): 0.5714, Val AUC: 0.7717
  Train Best Threshold 0.50 → Balanced Acc: 0.7000, Acc: 0.6643, Sensitivity: 0.5957, Specificity: 0.8043, PPV: 0.8615, NPV: 0.4933, F1: 0.7044
  Val Best Threshold 0.30 → Balanced Acc: 0.8080, Acc: 0.8000, Sensitivity: 0.7826, Specificity: 0.8333, PPV: 0.9000, NPV: 0.6667, F1: 0.8372
Epoch 10/40 - Train Loss: 0.5464, Train Acc: 0.7000, Train AUC: 0.8080 - Val Loss: 0.6288, Val Acc (0.5): 0.5429, Val AUC: 0.7645
  Train Best Threshold 0.50 → Balanced Acc: 0.7322, Acc: 0.7000, Sensitivity: 0.6383, Specificity: 0.8261, PPV: 0.8824, NPV: 0.5278, F1: 0.7407
  Val Best Threshold 0.30 → Balanced Acc: 0.7862, Acc: 0.7714, Sensitivity: 0.7391, Specificity: 0.8333, PPV: 0.8947, NPV: 0.6250, F1: 0.8095
Epoch 11/40 - Train Loss: 0.5224, Train Acc: 0.7500, Train AUC: 0.8342 - Val Loss: 0.6537, Val Acc (0.5): 0.5429, Val AUC: 0.7572
  Train Best Threshold 0.55 → Balanced Acc: 0.7759, Acc: 0.7214, Sensitivity: 0.6170, Specificity: 0.9348, PPV: 0.9508, NPV: 0.5443, F1: 0.7484
  Val Best Threshold 0.30 → Balanced Acc: 0.7428, Acc: 0.7143, Sensitivity: 0.6522, Specificity: 0.8333, PPV: 0.8824, NPV: 0.5556, F1: 0.7500
Epoch 12/40 - Train Loss: 0.4841, Train Acc: 0.7571, Train AUC: 0.8682 - Val Loss: 0.6730, Val Acc (0.5): 0.5429, Val AUC: 0.7500
  Train Best Threshold 0.45 → Balanced Acc: 0.7898, Acc: 0.8071, Sensitivity: 0.8404, Specificity: 0.7391, PPV: 0.8681, NPV: 0.6939, F1: 0.8541
  Val Best Threshold 0.30 → Balanced Acc: 0.7862, Acc: 0.7714, Sensitivity: 0.7391, Specificity: 0.8333, PPV: 0.8947, NPV: 0.6250, F1: 0.8095
Epoch 13/40 - Train Loss: 0.5050, Train Acc: 0.7214, Train AUC: 0.8242 - Val Loss: 0.6822, Val Acc (0.5): 0.6000, Val AUC: 0.7355
  Train Best Threshold 0.65 → Balanced Acc: 0.7655, Acc: 0.7000, Sensitivity: 0.5745, Specificity: 0.9565, PPV: 0.9643, NPV: 0.5238, F1: 0.7200
  Val Best Threshold 0.35 → Balanced Acc: 0.7029, Acc: 0.7143, Sensitivity: 0.7391, Specificity: 0.6667, PPV: 0.8095, NPV: 0.5714, F1: 0.7727
Epoch 14/40 - Train Loss: 0.4802, Train Acc: 0.7714, Train AUC: 0.8562 - Val Loss: 0.6839, Val Acc (0.5): 0.4571, Val AUC: 0.7174
  Train Best Threshold 0.55 → Balanced Acc: 0.7858, Acc: 0.7571, Sensitivity: 0.7021, Specificity: 0.8696, PPV: 0.9167, NPV: 0.5882, F1: 0.7952
  Val Best Threshold 0.30 → Balanced Acc: 0.6993, Acc: 0.6571, Sensitivity: 0.5652, Specificity: 0.8333, PPV: 0.8667, NPV: 0.5000, F1: 0.6842
Epoch 15/40 - Train Loss: 0.4717, Train Acc: 0.7857, Train AUC: 0.8608 - Val Loss: 0.7436, Val Acc (0.5): 0.4571, Val AUC: 0.6739
  Train Best Threshold 0.45 → Balanced Acc: 0.8171, Acc: 0.8214, Sensitivity: 0.8298, Specificity: 0.8043, PPV: 0.8966, NPV: 0.6981, F1: 0.8619
  Val Best Threshold 0.25 → Balanced Acc: 0.6359, Acc: 0.6000, Sensitivity: 0.5217, Specificity: 0.7500, PPV: 0.8000, NPV: 0.4500, F1: 0.6316
Epoch 16/40 - Train Loss: 0.4180, Train Acc: 0.7857, Train AUC: 0.9017 - Val Loss: 0.7963, Val Acc (0.5): 0.5714, Val AUC: 0.6159
  Train Best Threshold 0.40 → Balanced Acc: 0.8277, Acc: 0.8357, Sensitivity: 0.8511, Specificity: 0.8043, PPV: 0.8989, NPV: 0.7255, F1: 0.8743
  Val Best Threshold 0.25 → Balanced Acc: 0.6630, Acc: 0.7143, Sensitivity: 0.8261, Specificity: 0.5000, PPV: 0.7600, NPV: 0.6000, F1: 0.7917
Epoch 17/40 - Train Loss: 0.3664, Train Acc: 0.8357, Train AUC: 0.9272 - Val Loss: 0.9447, Val Acc (0.5): 0.5714, Val AUC: 0.5652
  Train Best Threshold 0.45 → Balanced Acc: 0.8550, Acc: 0.8500, Sensitivity: 0.8404, Specificity: 0.8696, PPV: 0.9294, NPV: 0.7273, F1: 0.8827
  Val Best Threshold 0.40 → Balanced Acc: 0.6413, Acc: 0.6857, Sensitivity: 0.7826, Specificity: 0.5000, PPV: 0.7500, NPV: 0.5455, F1: 0.7660
Epoch 18/40 - Train Loss: 0.3826, Train Acc: 0.8500, Train AUC: 0.9082 - Val Loss: 1.2102, Val Acc (0.5): 0.6571, Val AUC: 0.5652
  Train Best Threshold 0.40 → Balanced Acc: 0.8541, Acc: 0.8786, Sensitivity: 0.9255, Specificity: 0.7826, PPV: 0.8969, NPV: 0.8372, F1: 0.9110
  Val Best Threshold 0.70 → Balanced Acc: 0.5978, Acc: 0.6286, Sensitivity: 0.6957, Specificity: 0.5000, PPV: 0.7273, NPV: 0.4615, F1: 0.7111
Early stopping at epoch 18
Loaded best model with validation AUC: 0.7754
Final Train Results (Best Model) at epoch 8 - Loss: 0.5491, Accuracy: 0.6786, AUC: 0.8175
Final Val Results (Best Model) at epoch 8 - Loss: 0.6030, Accuracy: 0.5714, AUC: 0.7754
Train Best Threshold: 0.45 | Balanced Acc: 0.7697 | Acc: 0.7429 | Precision: 0.9028 | Recall: 0.6915 | Sensitivity: 0.6915 | Specificity: 0.8478 | PPV: 0.9028 | NPV: 0.5735 | F1: 0.7831
Train Confusion Matrix at Best Threshold (rows=actual [0,1], cols=predicted [0,1]):
[[39  7]
 [29 65]]
Val Best Threshold: 0.30 | Balanced Acc: 0.7681 | Acc: 0.8000 | Precision: 0.8333 | Recall: 0.8696 | Sensitivity: 0.8696 | Specificity: 0.6667 | PPV: 0.8333 | NPV: 0.7273 | F1: 0.8511
Val Confusion Matrix at Best Threshold (rows=actual [0,1], cols=predicted [0,1]):
[[ 8  4]
 [ 3 20]]

======================================================================
Fold 5/5
======================================================================
Train: 140 patients
Val: 35 patients
Created A1 model (mean pooling) with backbone efficientnetv2_b0
Using device: cuda
Class weights: [1.0, 0.4893617033958435]
Epoch 1/40 - Train Loss: 0.6943, Train Acc: 0.4571, Train AUC: 0.5280 - Val Loss: 0.6723, Val Acc (0.5): 0.6571, Val AUC: 0.4384
  Train Best Threshold 0.40 → Balanced Acc: 0.5273, Acc: 0.6857, Sensitivity: 0.9894, Specificity: 0.0652, PPV: 0.6838, NPV: 0.7500, F1: 0.8087
  Val Best Threshold 0.55 → Balanced Acc: 0.5580, Acc: 0.6286, Sensitivity: 0.7826, Specificity: 0.3333, PPV: 0.6923, NPV: 0.4444, F1: 0.7347
  → New best validation AUC: 0.4384
Epoch 2/40 - Train Loss: 0.6676, Train Acc: 0.6000, Train AUC: 0.6619 - Val Loss: 0.6664, Val Acc (0.5): 0.6857, Val AUC: 0.4746
  Train Best Threshold 0.50 → Balanced Acc: 0.5967, Acc: 0.6000, Sensitivity: 0.6064, Specificity: 0.5870, PPV: 0.7500, NPV: 0.4219, F1: 0.6706
  Val Best Threshold 0.70 → Balanced Acc: 0.5652, Acc: 0.4286, Sensitivity: 0.1304, Specificity: 1.0000, PPV: 1.0000, NPV: 0.3750, F1: 0.2308
  → New best validation AUC: 0.4746
Epoch 3/40 - Train Loss: 0.6501, Train Acc: 0.7357, Train AUC: 0.7350 - Val Loss: 0.6754, Val Acc (0.5): 0.6857, Val AUC: 0.4819
  Train Best Threshold 0.50 → Balanced Acc: 0.7144, Acc: 0.7357, Sensitivity: 0.7766, Specificity: 0.6522, PPV: 0.8202, NPV: 0.5882, F1: 0.7978
  Val Best Threshold 0.80 → Balanced Acc: 0.5435, Acc: 0.4000, Sensitivity: 0.0870, Specificity: 1.0000, PPV: 1.0000, NPV: 0.3636, F1: 0.1600
  → New best validation AUC: 0.4819
Epoch 4/40 - Train Loss: 0.6485, Train Acc: 0.6286, Train AUC: 0.6774 - Val Loss: 0.6890, Val Acc (0.5): 0.6571, Val AUC: 0.4674
  Train Best Threshold 0.50 → Balanced Acc: 0.6401, Acc: 0.6286, Sensitivity: 0.6064, Specificity: 0.6739, PPV: 0.7917, NPV: 0.4559, F1: 0.6867
  Val Best Threshold 0.50 → Balanced Acc: 0.5399, Acc: 0.6571, Sensitivity: 0.9130, Specificity: 0.1667, PPV: 0.6774, NPV: 0.5000, F1: 0.7778
Epoch 5/40 - Train Loss: 0.6241, Train Acc: 0.6429, Train AUC: 0.7144 - Val Loss: 0.7042, Val Acc (0.5): 0.6286, Val AUC: 0.5000
  Train Best Threshold 0.45 → Balanced Acc: 0.6762, Acc: 0.7143, Sensitivity: 0.7872, Specificity: 0.5652, PPV: 0.7872, NPV: 0.5652, F1: 0.7872
  Val Best Threshold 0.55 → Balanced Acc: 0.5580, Acc: 0.6286, Sensitivity: 0.7826, Specificity: 0.3333, PPV: 0.6923, NPV: 0.4444, F1: 0.7347
  → New best validation AUC: 0.5000
Epoch 6/40 - Train Loss: 0.5947, Train Acc: 0.6714, Train AUC: 0.7528 - Val Loss: 0.7295, Val Acc (0.5): 0.6286, Val AUC: 0.5145
  Train Best Threshold 0.50 → Balanced Acc: 0.6776, Acc: 0.6714, Sensitivity: 0.6596, Specificity: 0.6957, PPV: 0.8158, NPV: 0.5000, F1: 0.7294
  Val Best Threshold 0.50 → Balanced Acc: 0.5580, Acc: 0.6286, Sensitivity: 0.7826, Specificity: 0.3333, PPV: 0.6923, NPV: 0.4444, F1: 0.7347
  → New best validation AUC: 0.5145
Epoch 7/40 - Train Loss: 0.5844, Train Acc: 0.6714, Train AUC: 0.7671 - Val Loss: 0.7623, Val Acc (0.5): 0.6000, Val AUC: 0.4891
  Train Best Threshold 0.40 → Balanced Acc: 0.6975, Acc: 0.7429, Sensitivity: 0.8298, Specificity: 0.5652, PPV: 0.7959, NPV: 0.6190, F1: 0.8125
  Val Best Threshold 0.90 → Balanced Acc: 0.5435, Acc: 0.4000, Sensitivity: 0.0870, Specificity: 1.0000, PPV: 1.0000, NPV: 0.3636, F1: 0.1600
Epoch 8/40 - Train Loss: 0.5784, Train Acc: 0.6643, Train AUC: 0.7597 - Val Loss: 0.7519, Val Acc (0.5): 0.6000, Val AUC: 0.5000
  Train Best Threshold 0.45 → Balanced Acc: 0.6926, Acc: 0.7214, Sensitivity: 0.7766, Specificity: 0.6087, PPV: 0.8022, NPV: 0.5714, F1: 0.7892
  Val Best Threshold 0.90 → Balanced Acc: 0.5435, Acc: 0.4000, Sensitivity: 0.0870, Specificity: 1.0000, PPV: 1.0000, NPV: 0.3636, F1: 0.1600
Epoch 9/40 - Train Loss: 0.5743, Train Acc: 0.6857, Train AUC: 0.7720 - Val Loss: 0.7175, Val Acc (0.5): 0.6000, Val AUC: 0.5616
  Train Best Threshold 0.55 → Balanced Acc: 0.6996, Acc: 0.6786, Sensitivity: 0.6383, Specificity: 0.7609, PPV: 0.8451, NPV: 0.5072, F1: 0.7273
  Val Best Threshold 0.85 → Balanced Acc: 0.6087, Acc: 0.4857, Sensitivity: 0.2174, Specificity: 1.0000, PPV: 1.0000, NPV: 0.4000, F1: 0.3571
  → New best validation AUC: 0.5616
Epoch 10/40 - Train Loss: 0.5506, Train Acc: 0.7643, Train AUC: 0.8004 - Val Loss: 0.7293, Val Acc (0.5): 0.5714, Val AUC: 0.5797
  Train Best Threshold 0.50 → Balanced Acc: 0.7745, Acc: 0.7643, Sensitivity: 0.7447, Specificity: 0.8043, PPV: 0.8861, NPV: 0.6066, F1: 0.8092
  Val Best Threshold 0.55 → Balanced Acc: 0.5978, Acc: 0.6286, Sensitivity: 0.6957, Specificity: 0.5000, PPV: 0.7273, NPV: 0.4615, F1: 0.7111
  → New best validation AUC: 0.5797
Epoch 11/40 - Train Loss: 0.5280, Train Acc: 0.7643, Train AUC: 0.8212 - Val Loss: 0.6968, Val Acc (0.5): 0.5714, Val AUC: 0.6304
  Train Best Threshold 0.50 → Balanced Acc: 0.7690, Acc: 0.7643, Sensitivity: 0.7553, Specificity: 0.7826, PPV: 0.8765, NPV: 0.6102, F1: 0.8114
  Val Best Threshold 0.60 → Balanced Acc: 0.6359, Acc: 0.6000, Sensitivity: 0.5217, Specificity: 0.7500, PPV: 0.8000, NPV: 0.4500, F1: 0.6316
  → New best validation AUC: 0.6304
Epoch 12/40 - Train Loss: 0.4990, Train Acc: 0.7429, Train AUC: 0.8467 - Val Loss: 0.6699, Val Acc (0.5): 0.6286, Val AUC: 0.6413
  Train Best Threshold 0.55 → Balanced Acc: 0.7699, Acc: 0.7357, Sensitivity: 0.6702, Specificity: 0.8696, PPV: 0.9130, NPV: 0.5634, F1: 0.7730
  Val Best Threshold 0.55 → Balanced Acc: 0.6793, Acc: 0.6571, Sensitivity: 0.6087, Specificity: 0.7500, PPV: 0.8235, NPV: 0.5000, F1: 0.7000
  → New best validation AUC: 0.6413
Epoch 13/40 - Train Loss: 0.4451, Train Acc: 0.8714, Train AUC: 0.9036 - Val Loss: 0.6751, Val Acc (0.5): 0.5714, Val AUC: 0.6268
  Train Best Threshold 0.50 → Balanced Acc: 0.8710, Acc: 0.8714, Sensitivity: 0.8723, Specificity: 0.8696, PPV: 0.9318, NPV: 0.7692, F1: 0.9011
  Val Best Threshold 0.60 → Balanced Acc: 0.6594, Acc: 0.6571, Sensitivity: 0.6522, Specificity: 0.6667, PPV: 0.7895, NPV: 0.5000, F1: 0.7143
Epoch 14/40 - Train Loss: 0.5092, Train Acc: 0.7571, Train AUC: 0.8409 - Val Loss: 0.8034, Val Acc (0.5): 0.6000, Val AUC: 0.5652
  Train Best Threshold 0.55 → Balanced Acc: 0.7912, Acc: 0.7643, Sensitivity: 0.7128, Specificity: 0.8696, PPV: 0.9178, NPV: 0.5970, F1: 0.8024
  Val Best Threshold 0.90 → Balanced Acc: 0.6322, Acc: 0.5429, Sensitivity: 0.3478, Specificity: 0.9167, PPV: 0.8889, NPV: 0.4231, F1: 0.5000
Epoch 15/40 - Train Loss: 0.4864, Train Acc: 0.7643, Train AUC: 0.8444 - Val Loss: 0.6910, Val Acc (0.5): 0.6000, Val AUC: 0.5725
  Train Best Threshold 0.50 → Balanced Acc: 0.7523, Acc: 0.7643, Sensitivity: 0.7872, Specificity: 0.7174, PPV: 0.8506, NPV: 0.6226, F1: 0.8177
  Val Best Threshold 0.80 → Balanced Acc: 0.6105, Acc: 0.5143, Sensitivity: 0.3043, Specificity: 0.9167, PPV: 0.8750, NPV: 0.4074, F1: 0.4516
Epoch 16/40 - Train Loss: 0.4095, Train Acc: 0.8571, Train AUC: 0.8959 - Val Loss: 0.9162, Val Acc (0.5): 0.5429, Val AUC: 0.6449
  Train Best Threshold 0.55 → Balanced Acc: 0.8441, Acc: 0.8429, Sensitivity: 0.8404, Specificity: 0.8478, PPV: 0.9186, NPV: 0.7222, F1: 0.8778
  Val Best Threshold 0.40 → Balanced Acc: 0.6975, Acc: 0.6286, Sensitivity: 0.4783, Specificity: 0.9167, PPV: 0.9167, NPV: 0.4783, F1: 0.6286
  → New best validation AUC: 0.6449
Epoch 17/40 - Train Loss: 0.3801, Train Acc: 0.8286, Train AUC: 0.9251 - Val Loss: 0.9385, Val Acc (0.5): 0.6000, Val AUC: 0.6522
  Train Best Threshold 0.45 → Balanced Acc: 0.8603, Acc: 0.8571, Sensitivity: 0.8511, Specificity: 0.8696, PPV: 0.9302, NPV: 0.7407, F1: 0.8889
  Val Best Threshold 0.45 → Balanced Acc: 0.6975, Acc: 0.6286, Sensitivity: 0.4783, Specificity: 0.9167, PPV: 0.9167, NPV: 0.4783, F1: 0.6286
  → New best validation AUC: 0.6522
Epoch 18/40 - Train Loss: 0.4072, Train Acc: 0.8286, Train AUC: 0.9038 - Val Loss: 0.7413, Val Acc (0.5): 0.6571, Val AUC: 0.6667
  Train Best Threshold 0.50 → Balanced Acc: 0.8113, Acc: 0.8286, Sensitivity: 0.8617, Specificity: 0.7609, PPV: 0.8804, NPV: 0.7292, F1: 0.8710
  Val Best Threshold 0.50 → Balanced Acc: 0.6993, Acc: 0.6571, Sensitivity: 0.5652, Specificity: 0.8333, PPV: 0.8667, NPV: 0.5000, F1: 0.6842
  → New best validation AUC: 0.6667
Epoch 19/40 - Train Loss: 0.3976, Train Acc: 0.8714, Train AUC: 0.9086 - Val Loss: 0.6897, Val Acc (0.5): 0.5429, Val AUC: 0.6449
  Train Best Threshold 0.50 → Balanced Acc: 0.8432, Acc: 0.8714, Sensitivity: 0.9255, Specificity: 0.7609, PPV: 0.8878, NPV: 0.8333, F1: 0.9062
  Val Best Threshold 0.70 → Balanced Acc: 0.6975, Acc: 0.6286, Sensitivity: 0.4783, Specificity: 0.9167, PPV: 0.9167, NPV: 0.4783, F1: 0.6286
Epoch 20/40 - Train Loss: 0.3168, Train Acc: 0.8714, Train AUC: 0.9574 - Val Loss: 0.8709, Val Acc (0.5): 0.5714, Val AUC: 0.6123
  Train Best Threshold 0.50 → Balanced Acc: 0.8765, Acc: 0.8714, Sensitivity: 0.8617, Specificity: 0.8913, PPV: 0.9419, NPV: 0.7593, F1: 0.9000
  Val Best Threshold 0.70 → Balanced Acc: 0.6594, Acc: 0.6571, Sensitivity: 0.6522, Specificity: 0.6667, PPV: 0.7895, NPV: 0.5000, F1: 0.7143
Epoch 21/40 - Train Loss: 0.2829, Train Acc: 0.8786, Train AUC: 0.9609 - Val Loss: 0.8835, Val Acc (0.5): 0.6000, Val AUC: 0.6196
  Train Best Threshold 0.35 → Balanced Acc: 0.9029, Acc: 0.9143, Sensitivity: 0.9362, Specificity: 0.8696, PPV: 0.9362, NPV: 0.8696, F1: 0.9362
  Val Best Threshold 0.70 → Balanced Acc: 0.6793, Acc: 0.6571, Sensitivity: 0.6087, Specificity: 0.7500, PPV: 0.8235, NPV: 0.5000, F1: 0.7000
Epoch 22/40 - Train Loss: 0.2774, Train Acc: 0.8857, Train AUC: 0.9598 - Val Loss: 0.7284, Val Acc (0.5): 0.6286, Val AUC: 0.6667
  Train Best Threshold 0.45 → Balanced Acc: 0.8922, Acc: 0.9000, Sensitivity: 0.9149, Specificity: 0.8696, PPV: 0.9348, NPV: 0.8333, F1: 0.9247
  Val Best Threshold 0.80 → Balanced Acc: 0.6793, Acc: 0.6571, Sensitivity: 0.6087, Specificity: 0.7500, PPV: 0.8235, NPV: 0.5000, F1: 0.7000
Epoch 23/40 - Train Loss: 0.3115, Train Acc: 0.8500, Train AUC: 0.9420 - Val Loss: 0.8936, Val Acc (0.5): 0.6000, Val AUC: 0.6377
  Train Best Threshold 0.40 → Balanced Acc: 0.8596, Acc: 0.8786, Sensitivity: 0.9149, Specificity: 0.8043, PPV: 0.9053, NPV: 0.8222, F1: 0.9101
  Val Best Threshold 0.90 → Balanced Acc: 0.6159, Acc: 0.6000, Sensitivity: 0.5652, Specificity: 0.6667, PPV: 0.7647, NPV: 0.4444, F1: 0.6500
Epoch 24/40 - Train Loss: 0.2529, Train Acc: 0.9071, Train AUC: 0.9646 - Val Loss: 0.7736, Val Acc (0.5): 0.6286, Val AUC: 0.6957
  Train Best Threshold 0.40 → Balanced Acc: 0.9137, Acc: 0.9214, Sensitivity: 0.9362, Specificity: 0.8913, PPV: 0.9462, NPV: 0.8723, F1: 0.9412
  Val Best Threshold 0.90 → Balanced Acc: 0.6757, Acc: 0.6000, Sensitivity: 0.4348, Specificity: 0.9167, PPV: 0.9091, NPV: 0.4583, F1: 0.5882
  → New best validation AUC: 0.6957
Epoch 25/40 - Train Loss: 0.2916, Train Acc: 0.9000, Train AUC: 0.9494 - Val Loss: 0.9828, Val Acc (0.5): 0.6000, Val AUC: 0.6993
  Train Best Threshold 0.50 → Balanced Acc: 0.8922, Acc: 0.9000, Sensitivity: 0.9149, Specificity: 0.8696, PPV: 0.9348, NPV: 0.8333, F1: 0.9247
  Val Best Threshold 0.80 → Balanced Acc: 0.7174, Acc: 0.6286, Sensitivity: 0.4348, Specificity: 1.0000, PPV: 1.0000, NPV: 0.4800, F1: 0.6061
  → New best validation AUC: 0.6993
Epoch 26/40 - Train Loss: 0.2431, Train Acc: 0.9071, Train AUC: 0.9725 - Val Loss: 0.8496, Val Acc (0.5): 0.6000, Val AUC: 0.6920
  Train Best Threshold 0.70 → Balanced Acc: 0.9309, Acc: 0.9071, Sensitivity: 0.8617, Specificity: 1.0000, PPV: 1.0000, NPV: 0.7797, F1: 0.9257
  Val Best Threshold 0.70 → Balanced Acc: 0.6975, Acc: 0.6286, Sensitivity: 0.4783, Specificity: 0.9167, PPV: 0.9167, NPV: 0.4783, F1: 0.6286
Epoch 27/40 - Train Loss: 0.2145, Train Acc: 0.9500, Train AUC: 0.9757 - Val Loss: 0.8389, Val Acc (0.5): 0.6000, Val AUC: 0.6087
  Train Best Threshold 0.45 → Balanced Acc: 0.9517, Acc: 0.9500, Sensitivity: 0.9468, Specificity: 0.9565, PPV: 0.9780, NPV: 0.8980, F1: 0.9622
  Val Best Threshold 0.90 → Balanced Acc: 0.6141, Acc: 0.5714, Sensitivity: 0.4783, Specificity: 0.7500, PPV: 0.7857, NPV: 0.4286, F1: 0.5946
Epoch 28/40 - Train Loss: 0.1641, Train Acc: 0.9214, Train AUC: 0.9912 - Val Loss: 0.8454, Val Acc (0.5): 0.6286, Val AUC: 0.6159
  Train Best Threshold 0.35 → Balanced Acc: 0.9514, Acc: 0.9571, Sensitivity: 0.9681, Specificity: 0.9348, PPV: 0.9681, NPV: 0.9348, F1: 0.9681
  Val Best Threshold 0.65 → Balanced Acc: 0.5978, Acc: 0.6286, Sensitivity: 0.6957, Specificity: 0.5000, PPV: 0.7273, NPV: 0.4615, F1: 0.7111
Epoch 29/40 - Train Loss: 0.1764, Train Acc: 0.9143, Train AUC: 0.9833 - Val Loss: 0.7231, Val Acc (0.5): 0.6000, Val AUC: 0.6341
  Train Best Threshold 0.30 → Balanced Acc: 0.9459, Acc: 0.9571, Sensitivity: 0.9787, Specificity: 0.9130, PPV: 0.9583, NPV: 0.9545, F1: 0.9684
  Val Best Threshold 0.95 → Balanced Acc: 0.6087, Acc: 0.4857, Sensitivity: 0.2174, Specificity: 1.0000, PPV: 1.0000, NPV: 0.4000, F1: 0.3571
Epoch 30/40 - Train Loss: 0.1332, Train Acc: 0.9643, Train AUC: 0.9954 - Val Loss: 1.0769, Val Acc (0.5): 0.6286, Val AUC: 0.6196
  Train Best Threshold 0.40 → Balanced Acc: 0.9783, Acc: 0.9857, Sensitivity: 1.0000, Specificity: 0.9565, PPV: 0.9792, NPV: 1.0000, F1: 0.9895
  Val Best Threshold 0.50 → Balanced Acc: 0.6576, Acc: 0.6286, Sensitivity: 0.5652, Specificity: 0.7500, PPV: 0.8125, NPV: 0.4737, F1: 0.6667
Epoch 31/40 - Train Loss: 0.1515, Train Acc: 0.9357, Train AUC: 0.9887 - Val Loss: 1.1935, Val Acc (0.5): 0.6000, Val AUC: 0.6014
  Train Best Threshold 0.45 → Balanced Acc: 0.9461, Acc: 0.9500, Sensitivity: 0.9574, Specificity: 0.9348, PPV: 0.9677, NPV: 0.9149, F1: 0.9626
  Val Best Threshold 0.65 → Balanced Acc: 0.6775, Acc: 0.6286, Sensitivity: 0.5217, Specificity: 0.8333, PPV: 0.8571, NPV: 0.4762, F1: 0.6486
Epoch 32/40 - Train Loss: 0.1044, Train Acc: 0.9571, Train AUC: 0.9986 - Val Loss: 0.9666, Val Acc (0.5): 0.5143, Val AUC: 0.6123
  Train Best Threshold 0.40 → Balanced Acc: 0.9787, Acc: 0.9714, Sensitivity: 0.9574, Specificity: 1.0000, PPV: 1.0000, NPV: 0.9200, F1: 0.9783
  Val Best Threshold 0.95 → Balanced Acc: 0.6540, Acc: 0.5714, Sensitivity: 0.3913, Specificity: 0.9167, PPV: 0.9000, NPV: 0.4400, F1: 0.5455
Epoch 33/40 - Train Loss: 0.0896, Train Acc: 0.9714, Train AUC: 0.9984 - Val Loss: 1.2320, Val Acc (0.5): 0.6286, Val AUC: 0.5797
  Train Best Threshold 0.55 → Balanced Acc: 0.9840, Acc: 0.9786, Sensitivity: 0.9681, Specificity: 1.0000, PPV: 1.0000, NPV: 0.9388, F1: 0.9838
  Val Best Threshold 0.05 → Balanced Acc: 0.5199, Acc: 0.6571, Sensitivity: 0.9565, Specificity: 0.0833, PPV: 0.6667, NPV: 0.5000, F1: 0.7857
Epoch 34/40 - Train Loss: 0.0802, Train Acc: 0.9857, Train AUC: 0.9986 - Val Loss: 1.3902, Val Acc (0.5): 0.6000, Val AUC: 0.5870
  Train Best Threshold 0.45 → Balanced Acc: 0.9838, Acc: 0.9857, Sensitivity: 0.9894, Specificity: 0.9783, PPV: 0.9894, NPV: 0.9783, F1: 0.9894
  Val Best Threshold 0.05 → Balanced Acc: 0.5199, Acc: 0.6571, Sensitivity: 0.9565, Specificity: 0.0833, PPV: 0.6667, NPV: 0.5000, F1: 0.7857
Epoch 35/40 - Train Loss: 0.1100, Train Acc: 0.9571, Train AUC: 0.9917 - Val Loss: 1.3823, Val Acc (0.5): 0.5714, Val AUC: 0.5870
  Train Best Threshold 0.25 → Balanced Acc: 0.9729, Acc: 0.9786, Sensitivity: 0.9894, Specificity: 0.9565, PPV: 0.9789, NPV: 0.9778, F1: 0.9841
  Val Best Threshold 0.95 → Balanced Acc: 0.5761, Acc: 0.6000, Sensitivity: 0.6522, Specificity: 0.5000, PPV: 0.7143, NPV: 0.4286, F1: 0.6818
Early stopping at epoch 35
Loaded best model with validation AUC: 0.6993
Final Train Results (Best Model) at epoch 25 - Loss: 0.1529, Accuracy: 0.9357, AUC: 0.9873
Final Val Results (Best Model) at epoch 25 - Loss: 0.9828, Accuracy: 0.6000, AUC: 0.6993
Train Best Threshold: 0.40 | Balanced Acc: 0.9355 | Acc: 0.9357 | Precision: 0.9670 | Recall: 0.9362 | Sensitivity: 0.9362 | Specificity: 0.9348 | PPV: 0.9670 | NPV: 0.8776 | F1: 0.9514
Train Confusion Matrix at Best Threshold (rows=actual [0,1], cols=predicted [0,1]):
[[43  3]
 [ 6 88]]
Val Best Threshold: 0.80 | Balanced Acc: 0.7174 | Acc: 0.6286 | Precision: 1.0000 | Recall: 0.4348 | Sensitivity: 0.4348 | Specificity: 1.0000 | PPV: 1.0000 | NPV: 0.4800 | F1: 0.6061
Val Confusion Matrix at Best Threshold (rows=actual [0,1], cols=predicted [0,1]):
[[12  0]
 [13 10]]

======================================================================
Cross-Validation Results - A1 (Mean Pooling)
======================================================================
Model: A1 (Mean Pooling)
Backbone: efficientnetv2_b0
Val AUCs: ['0.7538', '0.6553', '0.8297', '0.7754', '0.6993']
Mean Val AUC: 0.7427 ± 0.0605
======================================================================
