Starting 5-fold cross-validation training for C1 (Mean Pooling)
Configuration:
  clinical_csv: data/annotations/175_clinical_5_variables.csv
  image_root: data/nakagami_full
  patient_id_column: NO
  label_column: CL_F2
  image_pattern: Nakagami_image_*.png
  n_folds: 5
  batch_size: 16
  learning_rate: 1e-06
  num_epochs: 60
  early_stopping_patience: 15
  early_stopping_min_delta: 0.001
  backbone: efficientnetv2_b2
  pretrained: True
  device: cuda
  num_workers: 4
  pooling: mean
  attention_hidden: 128
  clinical_dim: 256
  fusion_hidden: 128
  dropout: 0.5
  clinical_features: ['AST', 'ALT', 'PLT', 'APRI', 'FIB_4']
  seed: 42
  no_cv: False
  val_split: 0.2
  weight_decay: 0.0001
  label_smoothing: 0.1
  log_dir: runs/bmode_clinical
  scheduler: none
  scheduler_patience: 5
  scheduler_factor: 0.1
  scheduler_step_size: 10
  scheduler_gamma: 0.1
Loading clinical data...
Loaded 175 patients from clinical data
Building patient records...
Building patient records from 175 patients...
Image root: data/nakagami_full
Image pattern: Nakagami_image_*.png
Successfully created 175 patient records
Created 175 patient records

Fold 1 Training Cases (140): ['1', '100', '101', '102', '105', '106', '107', '108', '11', '111', '112', '113', '115', '118', '119', '122', '126', '132', '137', '142', '145', '146', '152', '153', '157', '158', '162', '164', '165', '166', '169', '173', '175', '177', '178', '18', '180', '181', '185', '186', '191', '197', '203', '204', '205', '206', '207', '210', '211', '215', '217', '218', '219', '220', '221', '223', '224', '226', '231', '232', '24', '241', '244', '245', '25', '250', '251', '255', '257', '259', '260', '262', '263', '268', '269', '27', '272', '273', '275', '278', '280', '281', '283', '284', '287', '289', '29', '298', '299', '301', '304', '306', '308', '31', '311', '312', '313', '319', '32', '320', '324', '329', '332', '38', '43', '45', '46', '48', '49', '5', '50', '51', '52', '57', '58', '6', '60', '62', '63', '64', '67', '68', '69', '7', '73', '77', '78', '81', '83', '85', '86', '88', '9', '90', '91', '92', '95', '96', '97', '98']
Fold 1 Validation Cases (35): ['104', '110', '114', '123', '129', '135', '144', '154', '163', '192', '253', '254', '258', '26', '264', '274', '276', '292', '300', '303', '307', '310', '331', '37', '4', '40', '53', '55', '65', '8', '80', '87', '89', '93', '99']
Fold 1 class distribution:
  Train: Class 0=47 (33.6%), Class 1=93 (66.4%)
  Val:   Class 0=11 (31.4%), Class 1=24 (68.6%)

======================================================================
Fold 1/5
======================================================================
Train: 140 patients
Val: 35 patients
Fitting clinical preprocessor on training data...
Built clinical feature dictionaries: train=140, val=35
Clinical input dimension: 5
Backbone feature dimension: 1408
Created mean pooling model with backbone efficientnetv2_b2
Using device: cuda
Class weights: [1.0, 0.5053763389587402]
Weight decay (L2 reg): 0.0001
Label smoothing: 0.1

Epoch 1/60 - Train Loss: 0.7002, Train Acc: 0.4857, Train AUC: 0.5212 - Val Loss: 0.6994, Val Acc (0.5): 0.6857, Val AUC: 0.6250
  Train Best Threshold 0.55 → Balanced Acc: 0.5216, Acc: 0.3714, Sensitivity: 0.0645, Specificity: 0.9787, PPV: 0.8571, NPV: 0.3459, F1: 0.1200
  Val Best Threshold 0.55 → Balanced Acc: 0.5208, Acc: 0.3429, Sensitivity: 0.0417, Specificity: 1.0000, PPV: 1.0000, NPV: 0.3235, F1: 0.0800
  → New best validation AUC: 0.6250
Epoch 2/60 - Train Loss: 0.6959, Train Acc: 0.5500, Train AUC: 0.5699 - Val Loss: 0.6960, Val Acc (0.5): 0.6857, Val AUC: 0.5795
  Train Best Threshold 0.50 → Balanced Acc: 0.5508, Acc: 0.5500, Sensitivity: 0.5484, Specificity: 0.5532, PPV: 0.7083, NPV: 0.3824, F1: 0.6182
  Val Best Threshold 0.50 → Balanced Acc: 0.5492, Acc: 0.6857, Sensitivity: 0.9167, Specificity: 0.1818, PPV: 0.7097, NPV: 0.5000, F1: 0.8000
Epoch 3/60 - Train Loss: 0.6976, Train Acc: 0.5500, Train AUC: 0.5587 - Val Loss: 0.6908, Val Acc (0.5): 0.6000, Val AUC: 0.6932
  Train Best Threshold 0.50 → Balanced Acc: 0.5508, Acc: 0.5500, Sensitivity: 0.5484, Specificity: 0.5532, PPV: 0.7083, NPV: 0.3824, F1: 0.6182
  Val Best Threshold 0.50 → Balanced Acc: 0.5360, Acc: 0.6000, Sensitivity: 0.7083, Specificity: 0.3636, PPV: 0.7083, NPV: 0.3636, F1: 0.7083
  → New best validation AUC: 0.6932
Epoch 4/60 - Train Loss: 0.7035, Train Acc: 0.5143, Train AUC: 0.5152 - Val Loss: 0.6895, Val Acc (0.5): 0.6286, Val AUC: 0.7083
  Train Best Threshold 0.55 → Balanced Acc: 0.5056, Acc: 0.3571, Sensitivity: 0.0538, Specificity: 0.9574, PPV: 0.7143, NPV: 0.3383, F1: 0.1000
  Val Best Threshold 0.50 → Balanced Acc: 0.6307, Acc: 0.6286, Sensitivity: 0.6250, Specificity: 0.6364, PPV: 0.7895, NPV: 0.4375, F1: 0.6977
  → New best validation AUC: 0.7083
Epoch 5/60 - Train Loss: 0.6979, Train Acc: 0.5286, Train AUC: 0.5447 - Val Loss: 0.6899, Val Acc (0.5): 0.6000, Val AUC: 0.7424
  Train Best Threshold 0.55 → Balanced Acc: 0.5377, Acc: 0.3929, Sensitivity: 0.0968, Specificity: 0.9787, PPV: 0.9000, NPV: 0.3538, F1: 0.1748
  Val Best Threshold 0.50 → Balanced Acc: 0.6098, Acc: 0.6000, Sensitivity: 0.5833, Specificity: 0.6364, PPV: 0.7778, NPV: 0.4118, F1: 0.6667
  → New best validation AUC: 0.7424
Epoch 6/60 - Train Loss: 0.6952, Train Acc: 0.5500, Train AUC: 0.5749 - Val Loss: 0.6897, Val Acc (0.5): 0.6286, Val AUC: 0.7424
  Train Best Threshold 0.50 → Balanced Acc: 0.5561, Acc: 0.5500, Sensitivity: 0.5376, Specificity: 0.5745, PPV: 0.7143, NPV: 0.3857, F1: 0.6135
  Val Best Threshold 0.50 → Balanced Acc: 0.6553, Acc: 0.6286, Sensitivity: 0.5833, Specificity: 0.7273, PPV: 0.8235, NPV: 0.4444, F1: 0.6829
Epoch 7/60 - Train Loss: 0.6961, Train Acc: 0.5786, Train AUC: 0.5848 - Val Loss: 0.6888, Val Acc (0.5): 0.6286, Val AUC: 0.7424
  Train Best Threshold 0.50 → Balanced Acc: 0.5723, Acc: 0.5786, Sensitivity: 0.5914, Specificity: 0.5532, PPV: 0.7237, NPV: 0.4062, F1: 0.6509
  Val Best Threshold 0.50 → Balanced Acc: 0.6307, Acc: 0.6286, Sensitivity: 0.6250, Specificity: 0.6364, PPV: 0.7895, NPV: 0.4375, F1: 0.6977
Epoch 8/60 - Train Loss: 0.6895, Train Acc: 0.5929, Train AUC: 0.6523 - Val Loss: 0.6898, Val Acc (0.5): 0.6000, Val AUC: 0.7462
  Train Best Threshold 0.50 → Balanced Acc: 0.6041, Acc: 0.5929, Sensitivity: 0.5699, Specificity: 0.6383, PPV: 0.7571, NPV: 0.4286, F1: 0.6503
  Val Best Threshold 0.50 → Balanced Acc: 0.6098, Acc: 0.6000, Sensitivity: 0.5833, Specificity: 0.6364, PPV: 0.7778, NPV: 0.4118, F1: 0.6667
  → New best validation AUC: 0.7462
Epoch 9/60 - Train Loss: 0.6840, Train Acc: 0.6929, Train AUC: 0.7060 - Val Loss: 0.6894, Val Acc (0.5): 0.6286, Val AUC: 0.7500
  Train Best Threshold 0.50 → Balanced Acc: 0.7162, Acc: 0.6929, Sensitivity: 0.6452, Specificity: 0.7872, PPV: 0.8571, NPV: 0.5286, F1: 0.7362
  Val Best Threshold 0.50 → Balanced Acc: 0.6553, Acc: 0.6286, Sensitivity: 0.5833, Specificity: 0.7273, PPV: 0.8235, NPV: 0.4444, F1: 0.6829
  → New best validation AUC: 0.7500
Epoch 10/60 - Train Loss: 0.6994, Train Acc: 0.5357, Train AUC: 0.5411 - Val Loss: 0.6899, Val Acc (0.5): 0.6286, Val AUC: 0.7386
  Train Best Threshold 0.50 → Balanced Acc: 0.5295, Acc: 0.5357, Sensitivity: 0.5484, Specificity: 0.5106, PPV: 0.6892, NPV: 0.3636, F1: 0.6108
  Val Best Threshold 0.50 → Balanced Acc: 0.6307, Acc: 0.6286, Sensitivity: 0.6250, Specificity: 0.6364, PPV: 0.7895, NPV: 0.4375, F1: 0.6977
Epoch 11/60 - Train Loss: 0.7001, Train Acc: 0.5571, Train AUC: 0.5520 - Val Loss: 0.6894, Val Acc (0.5): 0.6286, Val AUC: 0.7424
  Train Best Threshold 0.50 → Balanced Acc: 0.5246, Acc: 0.5571, Sensitivity: 0.6237, Specificity: 0.4255, PPV: 0.6824, NPV: 0.3636, F1: 0.6517
  Val Best Threshold 0.50 → Balanced Acc: 0.6553, Acc: 0.6286, Sensitivity: 0.5833, Specificity: 0.7273, PPV: 0.8235, NPV: 0.4444, F1: 0.6829
Epoch 12/60 - Train Loss: 0.6977, Train Acc: 0.5500, Train AUC: 0.5713 - Val Loss: 0.6891, Val Acc (0.5): 0.6000, Val AUC: 0.7576
  Train Best Threshold 0.55 → Balanced Acc: 0.5270, Acc: 0.3786, Sensitivity: 0.0753, Specificity: 0.9787, PPV: 0.8750, NPV: 0.3485, F1: 0.1386
  Val Best Threshold 0.50 → Balanced Acc: 0.6098, Acc: 0.6000, Sensitivity: 0.5833, Specificity: 0.6364, PPV: 0.7778, NPV: 0.4118, F1: 0.6667
  → New best validation AUC: 0.7576
Epoch 13/60 - Train Loss: 0.6887, Train Acc: 0.6500, Train AUC: 0.6719 - Val Loss: 0.6896, Val Acc (0.5): 0.6000, Val AUC: 0.7500
  Train Best Threshold 0.50 → Balanced Acc: 0.6471, Acc: 0.6500, Sensitivity: 0.6559, Specificity: 0.6383, PPV: 0.7821, NPV: 0.4839, F1: 0.7135
  Val Best Threshold 0.50 → Balanced Acc: 0.6098, Acc: 0.6000, Sensitivity: 0.5833, Specificity: 0.6364, PPV: 0.7778, NPV: 0.4118, F1: 0.6667
Epoch 14/60 - Train Loss: 0.6999, Train Acc: 0.5286, Train AUC: 0.5402 - Val Loss: 0.6886, Val Acc (0.5): 0.6286, Val AUC: 0.7652
  Train Best Threshold 0.55 → Balanced Acc: 0.5377, Acc: 0.3929, Sensitivity: 0.0968, Specificity: 0.9787, PPV: 0.9000, NPV: 0.3538, F1: 0.1748
  Val Best Threshold 0.50 → Balanced Acc: 0.6553, Acc: 0.6286, Sensitivity: 0.5833, Specificity: 0.7273, PPV: 0.8235, NPV: 0.4444, F1: 0.6829
  → New best validation AUC: 0.7652
Epoch 15/60 - Train Loss: 0.6989, Train Acc: 0.5143, Train AUC: 0.5514 - Val Loss: 0.6887, Val Acc (0.5): 0.6571, Val AUC: 0.7538
  Train Best Threshold 0.55 → Balanced Acc: 0.5270, Acc: 0.3786, Sensitivity: 0.0753, Specificity: 0.9787, PPV: 0.8750, NPV: 0.3485, F1: 0.1386
  Val Best Threshold 0.50 → Balanced Acc: 0.7008, Acc: 0.6571, Sensitivity: 0.5833, Specificity: 0.8182, PPV: 0.8750, NPV: 0.4737, F1: 0.7000
Epoch 16/60 - Train Loss: 0.6943, Train Acc: 0.6000, Train AUC: 0.6136 - Val Loss: 0.6885, Val Acc (0.5): 0.6286, Val AUC: 0.7727
  Train Best Threshold 0.50 → Balanced Acc: 0.6042, Acc: 0.6000, Sensitivity: 0.5914, Specificity: 0.6170, PPV: 0.7534, NPV: 0.4328, F1: 0.6627
  Val Best Threshold 0.50 → Balanced Acc: 0.6553, Acc: 0.6286, Sensitivity: 0.5833, Specificity: 0.7273, PPV: 0.8235, NPV: 0.4444, F1: 0.6829
  → New best validation AUC: 0.7727
Epoch 17/60 - Train Loss: 0.6951, Train Acc: 0.6143, Train AUC: 0.6099 - Val Loss: 0.6887, Val Acc (0.5): 0.6000, Val AUC: 0.7765
  Train Best Threshold 0.50 → Balanced Acc: 0.6097, Acc: 0.6143, Sensitivity: 0.6237, Specificity: 0.5957, PPV: 0.7532, NPV: 0.4444, F1: 0.6824
  Val Best Threshold 0.50 → Balanced Acc: 0.6098, Acc: 0.6000, Sensitivity: 0.5833, Specificity: 0.6364, PPV: 0.7778, NPV: 0.4118, F1: 0.6667
  → New best validation AUC: 0.7765
Epoch 18/60 - Train Loss: 0.6961, Train Acc: 0.5286, Train AUC: 0.5809 - Val Loss: 0.6884, Val Acc (0.5): 0.6571, Val AUC: 0.7803
  Train Best Threshold 0.55 → Balanced Acc: 0.5270, Acc: 0.3786, Sensitivity: 0.0753, Specificity: 0.9787, PPV: 0.8750, NPV: 0.3485, F1: 0.1386
  Val Best Threshold 0.50 → Balanced Acc: 0.7008, Acc: 0.6571, Sensitivity: 0.5833, Specificity: 0.8182, PPV: 0.8750, NPV: 0.4737, F1: 0.7000
  → New best validation AUC: 0.7803
Epoch 19/60 - Train Loss: 0.6943, Train Acc: 0.6286, Train AUC: 0.6481 - Val Loss: 0.6888, Val Acc (0.5): 0.6571, Val AUC: 0.7803
  Train Best Threshold 0.50 → Balanced Acc: 0.6152, Acc: 0.6286, Sensitivity: 0.6559, Specificity: 0.5745, PPV: 0.7531, NPV: 0.4576, F1: 0.7011
  Val Best Threshold 0.50 → Balanced Acc: 0.7254, Acc: 0.6571, Sensitivity: 0.5417, Specificity: 0.9091, PPV: 0.9286, NPV: 0.4762, F1: 0.6842
Epoch 20/60 - Train Loss: 0.6944, Train Acc: 0.5714, Train AUC: 0.6079 - Val Loss: 0.6883, Val Acc (0.5): 0.6571, Val AUC: 0.7765
  Train Best Threshold 0.50 → Balanced Acc: 0.5774, Acc: 0.5714, Sensitivity: 0.5591, Specificity: 0.5957, PPV: 0.7324, NPV: 0.4058, F1: 0.6341
  Val Best Threshold 0.50 → Balanced Acc: 0.7254, Acc: 0.6571, Sensitivity: 0.5417, Specificity: 0.9091, PPV: 0.9286, NPV: 0.4762, F1: 0.6842
Epoch 21/60 - Train Loss: 0.6908, Train Acc: 0.6071, Train AUC: 0.6404 - Val Loss: 0.6885, Val Acc (0.5): 0.6286, Val AUC: 0.7727
  Train Best Threshold 0.50 → Balanced Acc: 0.5885, Acc: 0.6071, Sensitivity: 0.6452, Specificity: 0.5319, PPV: 0.7317, NPV: 0.4310, F1: 0.6857
  Val Best Threshold 0.50 → Balanced Acc: 0.6553, Acc: 0.6286, Sensitivity: 0.5833, Specificity: 0.7273, PPV: 0.8235, NPV: 0.4444, F1: 0.6829
Epoch 22/60 - Train Loss: 0.6985, Train Acc: 0.5571, Train AUC: 0.5749 - Val Loss: 0.6891, Val Acc (0.5): 0.6286, Val AUC: 0.7879
  Train Best Threshold 0.50 → Balanced Acc: 0.5404, Acc: 0.5571, Sensitivity: 0.5914, Specificity: 0.4894, PPV: 0.6962, NPV: 0.3770, F1: 0.6395
  Val Best Threshold 0.50 → Balanced Acc: 0.6307, Acc: 0.6286, Sensitivity: 0.6250, Specificity: 0.6364, PPV: 0.7895, NPV: 0.4375, F1: 0.6977
  → New best validation AUC: 0.7879
Epoch 23/60 - Train Loss: 0.6920, Train Acc: 0.5786, Train AUC: 0.6280 - Val Loss: 0.6887, Val Acc (0.5): 0.6571, Val AUC: 0.7917
  Train Best Threshold 0.50 → Balanced Acc: 0.5828, Acc: 0.5786, Sensitivity: 0.5699, Specificity: 0.5957, PPV: 0.7361, NPV: 0.4118, F1: 0.6424
  Val Best Threshold 0.50 → Balanced Acc: 0.6761, Acc: 0.6571, Sensitivity: 0.6250, Specificity: 0.7273, PPV: 0.8333, NPV: 0.4706, F1: 0.7143
  → New best validation AUC: 0.7917
Epoch 24/60 - Train Loss: 0.6943, Train Acc: 0.5857, Train AUC: 0.6227 - Val Loss: 0.6884, Val Acc (0.5): 0.6857, Val AUC: 0.7955
  Train Best Threshold 0.50 → Balanced Acc: 0.5829, Acc: 0.5857, Sensitivity: 0.5914, Specificity: 0.5745, PPV: 0.7333, NPV: 0.4154, F1: 0.6548
  Val Best Threshold 0.50 → Balanced Acc: 0.7216, Acc: 0.6857, Sensitivity: 0.6250, Specificity: 0.8182, PPV: 0.8824, NPV: 0.5000, F1: 0.7317
  → New best validation AUC: 0.7955
Epoch 25/60 - Train Loss: 0.6884, Train Acc: 0.6429, Train AUC: 0.6925 - Val Loss: 0.6884, Val Acc (0.5): 0.7143, Val AUC: 0.7917
  Train Best Threshold 0.50 → Balanced Acc: 0.6312, Acc: 0.6429, Sensitivity: 0.6667, Specificity: 0.5957, PPV: 0.7654, NPV: 0.4746, F1: 0.7126
  Val Best Threshold 0.50 → Balanced Acc: 0.7424, Acc: 0.7143, Sensitivity: 0.6667, Specificity: 0.8182, PPV: 0.8889, NPV: 0.5294, F1: 0.7619
Epoch 26/60 - Train Loss: 0.6952, Train Acc: 0.5714, Train AUC: 0.6010 - Val Loss: 0.6880, Val Acc (0.5): 0.6571, Val AUC: 0.7917
  Train Best Threshold 0.50 → Balanced Acc: 0.5564, Acc: 0.5714, Sensitivity: 0.6022, Specificity: 0.5106, PPV: 0.7089, NPV: 0.3934, F1: 0.6512
  Val Best Threshold 0.50 → Balanced Acc: 0.7008, Acc: 0.6571, Sensitivity: 0.5833, Specificity: 0.8182, PPV: 0.8750, NPV: 0.4737, F1: 0.7000
Epoch 27/60 - Train Loss: 0.6895, Train Acc: 0.6571, Train AUC: 0.6511 - Val Loss: 0.6892, Val Acc (0.5): 0.6857, Val AUC: 0.7879
  Train Best Threshold 0.50 → Balanced Acc: 0.6577, Acc: 0.6571, Sensitivity: 0.6559, Specificity: 0.6596, PPV: 0.7922, NPV: 0.4921, F1: 0.7176
  Val Best Threshold 0.50 → Balanced Acc: 0.6970, Acc: 0.6857, Sensitivity: 0.6667, Specificity: 0.7273, PPV: 0.8421, NPV: 0.5000, F1: 0.7442
Epoch 28/60 - Train Loss: 0.6912, Train Acc: 0.6000, Train AUC: 0.6401 - Val Loss: 0.6891, Val Acc (0.5): 0.6571, Val AUC: 0.7917
  Train Best Threshold 0.50 → Balanced Acc: 0.5989, Acc: 0.6000, Sensitivity: 0.6022, Specificity: 0.5957, PPV: 0.7467, NPV: 0.4308, F1: 0.6667
  Val Best Threshold 0.50 → Balanced Acc: 0.6761, Acc: 0.6571, Sensitivity: 0.6250, Specificity: 0.7273, PPV: 0.8333, NPV: 0.4706, F1: 0.7143
Epoch 29/60 - Train Loss: 0.6909, Train Acc: 0.5929, Train AUC: 0.6241 - Val Loss: 0.6888, Val Acc (0.5): 0.6857, Val AUC: 0.7841
  Train Best Threshold 0.50 → Balanced Acc: 0.5778, Acc: 0.5929, Sensitivity: 0.6237, Specificity: 0.5319, PPV: 0.7250, NPV: 0.4167, F1: 0.6705
  Val Best Threshold 0.50 → Balanced Acc: 0.7216, Acc: 0.6857, Sensitivity: 0.6250, Specificity: 0.8182, PPV: 0.8824, NPV: 0.5000, F1: 0.7317
Epoch 30/60 - Train Loss: 0.6911, Train Acc: 0.6071, Train AUC: 0.6353 - Val Loss: 0.6883, Val Acc (0.5): 0.6857, Val AUC: 0.7803
  Train Best Threshold 0.50 → Balanced Acc: 0.6096, Acc: 0.6071, Sensitivity: 0.6022, Specificity: 0.6170, PPV: 0.7568, NPV: 0.4394, F1: 0.6707
  Val Best Threshold 0.50 → Balanced Acc: 0.7216, Acc: 0.6857, Sensitivity: 0.6250, Specificity: 0.8182, PPV: 0.8824, NPV: 0.5000, F1: 0.7317
Epoch 31/60 - Train Loss: 0.6869, Train Acc: 0.6643, Train AUC: 0.6879 - Val Loss: 0.6892, Val Acc (0.5): 0.6286, Val AUC: 0.7689
  Train Best Threshold 0.50 → Balanced Acc: 0.6789, Acc: 0.6643, Sensitivity: 0.6344, Specificity: 0.7234, PPV: 0.8194, NPV: 0.5000, F1: 0.7152
  Val Best Threshold 0.50 → Balanced Acc: 0.6307, Acc: 0.6286, Sensitivity: 0.6250, Specificity: 0.6364, PPV: 0.7895, NPV: 0.4375, F1: 0.6977
Epoch 32/60 - Train Loss: 0.6909, Train Acc: 0.6500, Train AUC: 0.6504 - Val Loss: 0.6895, Val Acc (0.5): 0.6286, Val AUC: 0.7689
  Train Best Threshold 0.50 → Balanced Acc: 0.6313, Acc: 0.6500, Sensitivity: 0.6882, Specificity: 0.5745, PPV: 0.7619, NPV: 0.4821, F1: 0.7232
  Val Best Threshold 0.50 → Balanced Acc: 0.6307, Acc: 0.6286, Sensitivity: 0.6250, Specificity: 0.6364, PPV: 0.7895, NPV: 0.4375, F1: 0.6977
Epoch 33/60 - Train Loss: 0.6964, Train Acc: 0.5714, Train AUC: 0.5850 - Val Loss: 0.6884, Val Acc (0.5): 0.6857, Val AUC: 0.7803
  Train Best Threshold 0.50 → Balanced Acc: 0.5564, Acc: 0.5714, Sensitivity: 0.6022, Specificity: 0.5106, PPV: 0.7089, NPV: 0.3934, F1: 0.6512
  Val Best Threshold 0.50 → Balanced Acc: 0.7216, Acc: 0.6857, Sensitivity: 0.6250, Specificity: 0.8182, PPV: 0.8824, NPV: 0.5000, F1: 0.7317
Epoch 34/60 - Train Loss: 0.6983, Train Acc: 0.6143, Train AUC: 0.5962 - Val Loss: 0.6889, Val Acc (0.5): 0.6571, Val AUC: 0.7803
  Train Best Threshold 0.50 → Balanced Acc: 0.6255, Acc: 0.6143, Sensitivity: 0.5914, Specificity: 0.6596, PPV: 0.7746, NPV: 0.4493, F1: 0.6707
  Val Best Threshold 0.50 → Balanced Acc: 0.6761, Acc: 0.6571, Sensitivity: 0.6250, Specificity: 0.7273, PPV: 0.8333, NPV: 0.4706, F1: 0.7143
Epoch 35/60 - Train Loss: 0.6862, Train Acc: 0.6571, Train AUC: 0.6893 - Val Loss: 0.6882, Val Acc (0.5): 0.6857, Val AUC: 0.7879
  Train Best Threshold 0.50 → Balanced Acc: 0.6577, Acc: 0.6571, Sensitivity: 0.6559, Specificity: 0.6596, PPV: 0.7922, NPV: 0.4921, F1: 0.7176
  Val Best Threshold 0.50 → Balanced Acc: 0.6970, Acc: 0.6857, Sensitivity: 0.6667, Specificity: 0.7273, PPV: 0.8421, NPV: 0.5000, F1: 0.7442
Epoch 36/60 - Train Loss: 0.6822, Train Acc: 0.6429, Train AUC: 0.7056 - Val Loss: 0.6881, Val Acc (0.5): 0.7143, Val AUC: 0.7879
  Train Best Threshold 0.50 → Balanced Acc: 0.6680, Acc: 0.6429, Sensitivity: 0.5914, Specificity: 0.7447, PPV: 0.8209, NPV: 0.4795, F1: 0.6875
  Val Best Threshold 0.50 → Balanced Acc: 0.7424, Acc: 0.7143, Sensitivity: 0.6667, Specificity: 0.8182, PPV: 0.8889, NPV: 0.5294, F1: 0.7619
Epoch 37/60 - Train Loss: 0.6978, Train Acc: 0.5000, Train AUC: 0.5628 - Val Loss: 0.6880, Val Acc (0.5): 0.7143, Val AUC: 0.7992
  Train Best Threshold 0.55 → Balanced Acc: 0.5432, Acc: 0.4071, Sensitivity: 0.1290, Specificity: 0.9574, PPV: 0.8571, NPV: 0.3571, F1: 0.2243
  Val Best Threshold 0.50 → Balanced Acc: 0.7424, Acc: 0.7143, Sensitivity: 0.6667, Specificity: 0.8182, PPV: 0.8889, NPV: 0.5294, F1: 0.7619
  → New best validation AUC: 0.7992
Epoch 38/60 - Train Loss: 0.6905, Train Acc: 0.5857, Train AUC: 0.6337 - Val Loss: 0.6884, Val Acc (0.5): 0.6857, Val AUC: 0.7841
  Train Best Threshold 0.50 → Balanced Acc: 0.6040, Acc: 0.5857, Sensitivity: 0.5484, Specificity: 0.6596, PPV: 0.7612, NPV: 0.4247, F1: 0.6375
  Val Best Threshold 0.50 → Balanced Acc: 0.6970, Acc: 0.6857, Sensitivity: 0.6667, Specificity: 0.7273, PPV: 0.8421, NPV: 0.5000, F1: 0.7442
Epoch 39/60 - Train Loss: 0.6922, Train Acc: 0.6286, Train AUC: 0.6287 - Val Loss: 0.6868, Val Acc (0.5): 0.7143, Val AUC: 0.8068
  Train Best Threshold 0.50 → Balanced Acc: 0.6257, Acc: 0.6286, Sensitivity: 0.6344, Specificity: 0.6170, PPV: 0.7662, NPV: 0.4603, F1: 0.6941
  Val Best Threshold 0.50 → Balanced Acc: 0.7424, Acc: 0.7143, Sensitivity: 0.6667, Specificity: 0.8182, PPV: 0.8889, NPV: 0.5294, F1: 0.7619
  → New best validation AUC: 0.8068
Epoch 40/60 - Train Loss: 0.6820, Train Acc: 0.6143, Train AUC: 0.7085 - Val Loss: 0.6868, Val Acc (0.5): 0.7143, Val AUC: 0.7992
  Train Best Threshold 0.50 → Balanced Acc: 0.6307, Acc: 0.6143, Sensitivity: 0.5806, Specificity: 0.6809, PPV: 0.7826, NPV: 0.4507, F1: 0.6667
  Val Best Threshold 0.50 → Balanced Acc: 0.7424, Acc: 0.7143, Sensitivity: 0.6667, Specificity: 0.8182, PPV: 0.8889, NPV: 0.5294, F1: 0.7619
Epoch 41/60 - Train Loss: 0.6915, Train Acc: 0.6357, Train AUC: 0.6568 - Val Loss: 0.6874, Val Acc (0.5): 0.7143, Val AUC: 0.7917
  Train Best Threshold 0.50 → Balanced Acc: 0.6311, Acc: 0.6357, Sensitivity: 0.6452, Specificity: 0.6170, PPV: 0.7692, NPV: 0.4677, F1: 0.7018
  Val Best Threshold 0.50 → Balanced Acc: 0.7424, Acc: 0.7143, Sensitivity: 0.6667, Specificity: 0.8182, PPV: 0.8889, NPV: 0.5294, F1: 0.7619
Epoch 42/60 - Train Loss: 0.6860, Train Acc: 0.6000, Train AUC: 0.6662 - Val Loss: 0.6877, Val Acc (0.5): 0.7143, Val AUC: 0.7955
  Train Best Threshold 0.50 → Balanced Acc: 0.5832, Acc: 0.6000, Sensitivity: 0.6344, Specificity: 0.5319, PPV: 0.7284, NPV: 0.4237, F1: 0.6782
  Val Best Threshold 0.50 → Balanced Acc: 0.7424, Acc: 0.7143, Sensitivity: 0.6667, Specificity: 0.8182, PPV: 0.8889, NPV: 0.5294, F1: 0.7619
Epoch 43/60 - Train Loss: 0.6886, Train Acc: 0.6071, Train AUC: 0.6502 - Val Loss: 0.6872, Val Acc (0.5): 0.7143, Val AUC: 0.7879
  Train Best Threshold 0.50 → Balanced Acc: 0.5728, Acc: 0.6071, Sensitivity: 0.6774, Specificity: 0.4681, PPV: 0.7159, NPV: 0.4231, F1: 0.6961
  Val Best Threshold 0.50 → Balanced Acc: 0.7424, Acc: 0.7143, Sensitivity: 0.6667, Specificity: 0.8182, PPV: 0.8889, NPV: 0.5294, F1: 0.7619
Epoch 44/60 - Train Loss: 0.6909, Train Acc: 0.5714, Train AUC: 0.6143 - Val Loss: 0.6867, Val Acc (0.5): 0.7143, Val AUC: 0.7841
  Train Best Threshold 0.55 → Balanced Acc: 0.5594, Acc: 0.4286, Sensitivity: 0.1613, Specificity: 0.9574, PPV: 0.8824, NPV: 0.3659, F1: 0.2727
  Val Best Threshold 0.50 → Balanced Acc: 0.7424, Acc: 0.7143, Sensitivity: 0.6667, Specificity: 0.8182, PPV: 0.8889, NPV: 0.5294, F1: 0.7619
Epoch 45/60 - Train Loss: 0.6949, Train Acc: 0.6214, Train AUC: 0.6129 - Val Loss: 0.6869, Val Acc (0.5): 0.7143, Val AUC: 0.7955
  Train Best Threshold 0.50 → Balanced Acc: 0.6256, Acc: 0.6214, Sensitivity: 0.6129, Specificity: 0.6383, PPV: 0.7703, NPV: 0.4545, F1: 0.6826
  Val Best Threshold 0.50 → Balanced Acc: 0.7424, Acc: 0.7143, Sensitivity: 0.6667, Specificity: 0.8182, PPV: 0.8889, NPV: 0.5294, F1: 0.7619
Epoch 46/60 - Train Loss: 0.6879, Train Acc: 0.6571, Train AUC: 0.6799 - Val Loss: 0.6870, Val Acc (0.5): 0.7143, Val AUC: 0.8030
  Train Best Threshold 0.50 → Balanced Acc: 0.6735, Acc: 0.6571, Sensitivity: 0.6237, Specificity: 0.7234, PPV: 0.8169, NPV: 0.4928, F1: 0.7073
  Val Best Threshold 0.50 → Balanced Acc: 0.7424, Acc: 0.7143, Sensitivity: 0.6667, Specificity: 0.8182, PPV: 0.8889, NPV: 0.5294, F1: 0.7619
Epoch 47/60 - Train Loss: 0.6935, Train Acc: 0.5571, Train AUC: 0.5907 - Val Loss: 0.6858, Val Acc (0.5): 0.7143, Val AUC: 0.8182
  Train Best Threshold 0.50 → Balanced Acc: 0.5509, Acc: 0.5571, Sensitivity: 0.5699, Specificity: 0.5319, PPV: 0.7067, NPV: 0.3846, F1: 0.6310
  Val Best Threshold 0.50 → Balanced Acc: 0.7424, Acc: 0.7143, Sensitivity: 0.6667, Specificity: 0.8182, PPV: 0.8889, NPV: 0.5294, F1: 0.7619
  → New best validation AUC: 0.8182
Epoch 48/60 - Train Loss: 0.6930, Train Acc: 0.6143, Train AUC: 0.6323 - Val Loss: 0.6859, Val Acc (0.5): 0.7143, Val AUC: 0.7992
  Train Best Threshold 0.50 → Balanced Acc: 0.5939, Acc: 0.6143, Sensitivity: 0.6559, Specificity: 0.5319, PPV: 0.7349, NPV: 0.4386, F1: 0.6932
  Val Best Threshold 0.50 → Balanced Acc: 0.7424, Acc: 0.7143, Sensitivity: 0.6667, Specificity: 0.8182, PPV: 0.8889, NPV: 0.5294, F1: 0.7619
Epoch 49/60 - Train Loss: 0.6857, Train Acc: 0.6357, Train AUC: 0.6733 - Val Loss: 0.6871, Val Acc (0.5): 0.7143, Val AUC: 0.8144
  Train Best Threshold 0.50 → Balanced Acc: 0.6311, Acc: 0.6357, Sensitivity: 0.6452, Specificity: 0.6170, PPV: 0.7692, NPV: 0.4677, F1: 0.7018
  Val Best Threshold 0.50 → Balanced Acc: 0.7424, Acc: 0.7143, Sensitivity: 0.6667, Specificity: 0.8182, PPV: 0.8889, NPV: 0.5294, F1: 0.7619
Epoch 50/60 - Train Loss: 0.6870, Train Acc: 0.6000, Train AUC: 0.6614 - Val Loss: 0.6871, Val Acc (0.5): 0.7143, Val AUC: 0.8030
  Train Best Threshold 0.50 → Balanced Acc: 0.6095, Acc: 0.6000, Sensitivity: 0.5806, Specificity: 0.6383, PPV: 0.7606, NPV: 0.4348, F1: 0.6585
  Val Best Threshold 0.50 → Balanced Acc: 0.7424, Acc: 0.7143, Sensitivity: 0.6667, Specificity: 0.8182, PPV: 0.8889, NPV: 0.5294, F1: 0.7619
Epoch 51/60 - Train Loss: 0.6895, Train Acc: 0.5857, Train AUC: 0.6406 - Val Loss: 0.6861, Val Acc (0.5): 0.7143, Val AUC: 0.8068
  Train Best Threshold 0.55 → Balanced Acc: 0.5701, Acc: 0.4429, Sensitivity: 0.1828, Specificity: 0.9574, PPV: 0.8947, NPV: 0.3719, F1: 0.3036
  Val Best Threshold 0.50 → Balanced Acc: 0.7424, Acc: 0.7143, Sensitivity: 0.6667, Specificity: 0.8182, PPV: 0.8889, NPV: 0.5294, F1: 0.7619
Epoch 52/60 - Train Loss: 0.6801, Train Acc: 0.6857, Train AUC: 0.7106 - Val Loss: 0.6867, Val Acc (0.5): 0.7429, Val AUC: 0.8030
  Train Best Threshold 0.50 → Balanced Acc: 0.6845, Acc: 0.6857, Sensitivity: 0.6882, Specificity: 0.6809, PPV: 0.8101, NPV: 0.5246, F1: 0.7442
  Val Best Threshold 0.50 → Balanced Acc: 0.7633, Acc: 0.7429, Sensitivity: 0.7083, Specificity: 0.8182, PPV: 0.8947, NPV: 0.5625, F1: 0.7907
Epoch 53/60 - Train Loss: 0.6915, Train Acc: 0.6357, Train AUC: 0.6461 - Val Loss: 0.6871, Val Acc (0.5): 0.7714, Val AUC: 0.8068
  Train Best Threshold 0.50 → Balanced Acc: 0.6100, Acc: 0.6357, Sensitivity: 0.6882, Specificity: 0.5319, PPV: 0.7442, NPV: 0.4630, F1: 0.7151
  Val Best Threshold 0.50 → Balanced Acc: 0.7841, Acc: 0.7714, Sensitivity: 0.7500, Specificity: 0.8182, PPV: 0.9000, NPV: 0.6000, F1: 0.8182
Epoch 54/60 - Train Loss: 0.6868, Train Acc: 0.5929, Train AUC: 0.6433 - Val Loss: 0.6868, Val Acc (0.5): 0.7429, Val AUC: 0.8030
  Train Best Threshold 0.50 → Balanced Acc: 0.6094, Acc: 0.5929, Sensitivity: 0.5591, Specificity: 0.6596, PPV: 0.7647, NPV: 0.4306, F1: 0.6460
  Val Best Threshold 0.50 → Balanced Acc: 0.7633, Acc: 0.7429, Sensitivity: 0.7083, Specificity: 0.8182, PPV: 0.8947, NPV: 0.5625, F1: 0.7907
Epoch 55/60 - Train Loss: 0.6946, Train Acc: 0.6000, Train AUC: 0.6070 - Val Loss: 0.6858, Val Acc (0.5): 0.7714, Val AUC: 0.7992
  Train Best Threshold 0.50 → Balanced Acc: 0.5989, Acc: 0.6000, Sensitivity: 0.6022, Specificity: 0.5957, PPV: 0.7467, NPV: 0.4308, F1: 0.6667
  Val Best Threshold 0.50 → Balanced Acc: 0.7841, Acc: 0.7714, Sensitivity: 0.7500, Specificity: 0.8182, PPV: 0.9000, NPV: 0.6000, F1: 0.8182
Epoch 56/60 - Train Loss: 0.6863, Train Acc: 0.6429, Train AUC: 0.6735 - Val Loss: 0.6855, Val Acc (0.5): 0.7143, Val AUC: 0.8068
  Train Best Threshold 0.50 → Balanced Acc: 0.6154, Acc: 0.6429, Sensitivity: 0.6989, Specificity: 0.5319, PPV: 0.7471, NPV: 0.4717, F1: 0.7222
  Val Best Threshold 0.50 → Balanced Acc: 0.7424, Acc: 0.7143, Sensitivity: 0.6667, Specificity: 0.8182, PPV: 0.8889, NPV: 0.5294, F1: 0.7619
Epoch 57/60 - Train Loss: 0.6790, Train Acc: 0.6643, Train AUC: 0.7291 - Val Loss: 0.6865, Val Acc (0.5): 0.7714, Val AUC: 0.7992
  Train Best Threshold 0.50 → Balanced Acc: 0.6736, Acc: 0.6643, Sensitivity: 0.6452, Specificity: 0.7021, PPV: 0.8108, NPV: 0.5000, F1: 0.7186
  Val Best Threshold 0.50 → Balanced Acc: 0.7841, Acc: 0.7714, Sensitivity: 0.7500, Specificity: 0.8182, PPV: 0.9000, NPV: 0.6000, F1: 0.8182
Epoch 58/60 - Train Loss: 0.6876, Train Acc: 0.6500, Train AUC: 0.6696 - Val Loss: 0.6867, Val Acc (0.5): 0.7714, Val AUC: 0.7992
  Train Best Threshold 0.50 → Balanced Acc: 0.6524, Acc: 0.6500, Sensitivity: 0.6452, Specificity: 0.6596, PPV: 0.7895, NPV: 0.4844, F1: 0.7101
  Val Best Threshold 0.50 → Balanced Acc: 0.7841, Acc: 0.7714, Sensitivity: 0.7500, Specificity: 0.8182, PPV: 0.9000, NPV: 0.6000, F1: 0.8182
Epoch 59/60 - Train Loss: 0.6854, Train Acc: 0.6071, Train AUC: 0.6717 - Val Loss: 0.6866, Val Acc (0.5): 0.7714, Val AUC: 0.8068
  Train Best Threshold 0.50 → Balanced Acc: 0.6148, Acc: 0.6071, Sensitivity: 0.5914, Specificity: 0.6383, PPV: 0.7639, NPV: 0.4412, F1: 0.6667
  Val Best Threshold 0.50 → Balanced Acc: 0.7841, Acc: 0.7714, Sensitivity: 0.7500, Specificity: 0.8182, PPV: 0.9000, NPV: 0.6000, F1: 0.8182
Epoch 60/60 - Train Loss: 0.6860, Train Acc: 0.5929, Train AUC: 0.6404 - Val Loss: 0.6861, Val Acc (0.5): 0.7143, Val AUC: 0.7992
  Train Best Threshold 0.50 → Balanced Acc: 0.5936, Acc: 0.5929, Sensitivity: 0.5914, Specificity: 0.5957, PPV: 0.7432, NPV: 0.4242, F1: 0.6587
  Val Best Threshold 0.50 → Balanced Acc: 0.7424, Acc: 0.7143, Sensitivity: 0.6667, Specificity: 0.8182, PPV: 0.8889, NPV: 0.5294, F1: 0.7619
Early stopping at epoch 60
Loaded best model with validation AUC: 0.8182
Final Train Results (Best Model) at epoch 47 - Loss: 0.6867, Accuracy: 0.7000, AUC: 0.7186
Final Val Results (Best Model) at epoch 47 - Loss: 0.6858, Accuracy: 0.7143, AUC: 0.8182
Train Best Threshold: 0.50 | Balanced Acc: 0.7216 | Acc: 0.7000 | Sensitivity: 0.6559 | Specificity: 0.7872 | PPV: 0.8592 | NPV: 0.5362 | F1: 0.7439
Train Confusion Matrix at Best Threshold (rows=actual [0,1], cols=predicted [0,1]):
[[37 10]
 [32 61]]
Val Best Threshold: 0.50 | Balanced Acc: 0.7424 | Acc: 0.7143 | Sensitivity: 0.6667 | Specificity: 0.8182 | PPV: 0.8889 | NPV: 0.5294 | F1: 0.7619
Val Confusion Matrix at Best Threshold (rows=actual [0,1], cols=predicted [0,1]):
[[ 9  2]
 [ 8 16]]

Fold 2 Training Cases (140): ['100', '102', '104', '106', '107', '11', '110', '111', '112', '114', '115', '118', '122', '123', '129', '132', '135', '137', '142', '144', '146', '153', '154', '157', '158', '162', '163', '164', '165', '166', '173', '177', '178', '18', '180', '185', '191', '192', '197', '204', '205', '207', '210', '211', '215', '217', '218', '219', '220', '221', '224', '226', '231', '232', '24', '241', '244', '251', '253', '254', '257', '258', '259', '26', '260', '262', '264', '268', '269', '272', '273', '274', '275', '276', '278', '280', '281', '283', '287', '289', '292', '298', '299', '300', '301', '303', '304', '306', '307', '308', '31', '310', '311', '312', '313', '319', '32', '320', '324', '329', '331', '332', '37', '38', '4', '40', '43', '45', '46', '48', '49', '5', '50', '51', '52', '53', '55', '58', '6', '63', '64', '65', '67', '68', '69', '77', '8', '80', '83', '85', '87', '88', '89', '9', '90', '92', '93', '95', '96', '99']
Fold 2 Validation Cases (35): ['1', '101', '105', '108', '113', '119', '126', '145', '152', '169', '175', '181', '186', '203', '206', '223', '245', '25', '250', '255', '263', '27', '284', '29', '57', '60', '62', '7', '73', '78', '81', '86', '91', '97', '98']
Fold 2 class distribution:
  Train: Class 0=47 (33.6%), Class 1=93 (66.4%)
  Val:   Class 0=11 (31.4%), Class 1=24 (68.6%)

======================================================================
Fold 2/5
======================================================================
Train: 140 patients
Val: 35 patients
Fitting clinical preprocessor on training data...
Built clinical feature dictionaries: train=140, val=35
Clinical input dimension: 5
Backbone feature dimension: 1408
Created mean pooling model with backbone efficientnetv2_b2
Using device: cuda
Class weights: [1.0, 0.5053763389587402]
Weight decay (L2 reg): 0.0001
Label smoothing: 0.1

Epoch 1/60 - Train Loss: 0.6950, Train Acc: 0.6143, Train AUC: 0.6095 - Val Loss: 0.7030, Val Acc (0.5): 0.6286, Val AUC: 0.6932
  Train Best Threshold 0.50 → Balanced Acc: 0.6097, Acc: 0.6143, Sensitivity: 0.6237, Specificity: 0.5957, PPV: 0.7532, NPV: 0.4444, F1: 0.6824
  Val Best Threshold 0.55 → Balanced Acc: 0.5208, Acc: 0.3429, Sensitivity: 0.0417, Specificity: 1.0000, PPV: 1.0000, NPV: 0.3235, F1: 0.0800
  → New best validation AUC: 0.6932
Epoch 2/60 - Train Loss: 0.6984, Train Acc: 0.5500, Train AUC: 0.5589 - Val Loss: 0.7009, Val Acc (0.5): 0.5429, Val AUC: 0.5644
  Train Best Threshold 0.50 → Balanced Acc: 0.5613, Acc: 0.5500, Sensitivity: 0.5269, Specificity: 0.5957, PPV: 0.7206, NPV: 0.3889, F1: 0.6087
  Val Best Threshold 0.05 → Balanced Acc: 0.5000, Acc: 0.6857, Sensitivity: 1.0000, Specificity: 0.0000, PPV: 0.6857, NPV: 0.0000, F1: 0.8136
Epoch 3/60 - Train Loss: 0.6969, Train Acc: 0.5429, Train AUC: 0.5619 - Val Loss: 0.6972, Val Acc (0.5): 0.4857, Val AUC: 0.5379
  Train Best Threshold 0.50 → Balanced Acc: 0.5402, Acc: 0.5429, Sensitivity: 0.5484, Specificity: 0.5319, PPV: 0.6986, NPV: 0.3731, F1: 0.6145
  Val Best Threshold 0.05 → Balanced Acc: 0.5000, Acc: 0.6857, Sensitivity: 1.0000, Specificity: 0.0000, PPV: 0.6857, NPV: 0.0000, F1: 0.8136
Epoch 4/60 - Train Loss: 0.7001, Train Acc: 0.5286, Train AUC: 0.5466 - Val Loss: 0.6949, Val Acc (0.5): 0.4286, Val AUC: 0.5568
  Train Best Threshold 0.55 → Balanced Acc: 0.5323, Acc: 0.3786, Sensitivity: 0.0645, Specificity: 1.0000, PPV: 1.0000, NPV: 0.3507, F1: 0.1212
  Val Best Threshold 0.05 → Balanced Acc: 0.5000, Acc: 0.6857, Sensitivity: 1.0000, Specificity: 0.0000, PPV: 0.6857, NPV: 0.0000, F1: 0.8136
Epoch 5/60 - Train Loss: 0.7009, Train Acc: 0.5571, Train AUC: 0.5482 - Val Loss: 0.6928, Val Acc (0.5): 0.4571, Val AUC: 0.5795
  Train Best Threshold 0.50 → Balanced Acc: 0.5509, Acc: 0.5571, Sensitivity: 0.5699, Specificity: 0.5319, PPV: 0.7067, NPV: 0.3846, F1: 0.6310
  Val Best Threshold 0.05 → Balanced Acc: 0.5000, Acc: 0.6857, Sensitivity: 1.0000, Specificity: 0.0000, PPV: 0.6857, NPV: 0.0000, F1: 0.8136
Epoch 6/60 - Train Loss: 0.6980, Train Acc: 0.5500, Train AUC: 0.5662 - Val Loss: 0.6939, Val Acc (0.5): 0.4857, Val AUC: 0.5758
  Train Best Threshold 0.50 → Balanced Acc: 0.5350, Acc: 0.5500, Sensitivity: 0.5806, Specificity: 0.4894, PPV: 0.6923, NPV: 0.3710, F1: 0.6316
  Val Best Threshold 0.05 → Balanced Acc: 0.5000, Acc: 0.6857, Sensitivity: 1.0000, Specificity: 0.0000, PPV: 0.6857, NPV: 0.0000, F1: 0.8136
Epoch 7/60 - Train Loss: 0.7022, Train Acc: 0.5357, Train AUC: 0.5184 - Val Loss: 0.6936, Val Acc (0.5): 0.4857, Val AUC: 0.5758
  Train Best Threshold 0.50 → Balanced Acc: 0.5400, Acc: 0.5357, Sensitivity: 0.5269, Specificity: 0.5532, PPV: 0.7000, NPV: 0.3714, F1: 0.6012
  Val Best Threshold 0.05 → Balanced Acc: 0.5000, Acc: 0.6857, Sensitivity: 1.0000, Specificity: 0.0000, PPV: 0.6857, NPV: 0.0000, F1: 0.8136
Epoch 8/60 - Train Loss: 0.6954, Train Acc: 0.5857, Train AUC: 0.5941 - Val Loss: 0.6931, Val Acc (0.5): 0.4857, Val AUC: 0.5795
  Train Best Threshold 0.50 → Balanced Acc: 0.5935, Acc: 0.5857, Sensitivity: 0.5699, Specificity: 0.6170, PPV: 0.7465, NPV: 0.4203, F1: 0.6463
  Val Best Threshold 0.05 → Balanced Acc: 0.5000, Acc: 0.6857, Sensitivity: 1.0000, Specificity: 0.0000, PPV: 0.6857, NPV: 0.0000, F1: 0.8136
Epoch 9/60 - Train Loss: 0.6932, Train Acc: 0.5857, Train AUC: 0.6090 - Val Loss: 0.6920, Val Acc (0.5): 0.4286, Val AUC: 0.5871
  Train Best Threshold 0.50 → Balanced Acc: 0.5829, Acc: 0.5857, Sensitivity: 0.5914, Specificity: 0.5745, PPV: 0.7333, NPV: 0.4154, F1: 0.6548
  Val Best Threshold 0.05 → Balanced Acc: 0.5000, Acc: 0.6857, Sensitivity: 1.0000, Specificity: 0.0000, PPV: 0.6857, NPV: 0.0000, F1: 0.8136
Epoch 10/60 - Train Loss: 0.6963, Train Acc: 0.5643, Train AUC: 0.5841 - Val Loss: 0.6925, Val Acc (0.5): 0.4286, Val AUC: 0.5795
  Train Best Threshold 0.50 → Balanced Acc: 0.5721, Acc: 0.5643, Sensitivity: 0.5484, Specificity: 0.5957, PPV: 0.7286, NPV: 0.4000, F1: 0.6258
  Val Best Threshold 0.05 → Balanced Acc: 0.5000, Acc: 0.6857, Sensitivity: 1.0000, Specificity: 0.0000, PPV: 0.6857, NPV: 0.0000, F1: 0.8136
Epoch 11/60 - Train Loss: 0.6929, Train Acc: 0.5714, Train AUC: 0.6173 - Val Loss: 0.6916, Val Acc (0.5): 0.4857, Val AUC: 0.5985
  Train Best Threshold 0.50 → Balanced Acc: 0.5669, Acc: 0.5714, Sensitivity: 0.5806, Specificity: 0.5532, PPV: 0.7200, NPV: 0.4000, F1: 0.6429
  Val Best Threshold 0.05 → Balanced Acc: 0.5000, Acc: 0.6857, Sensitivity: 1.0000, Specificity: 0.0000, PPV: 0.6857, NPV: 0.0000, F1: 0.8136
Epoch 12/60 - Train Loss: 0.7001, Train Acc: 0.5571, Train AUC: 0.5530 - Val Loss: 0.6918, Val Acc (0.5): 0.5143, Val AUC: 0.5985
  Train Best Threshold 0.50 → Balanced Acc: 0.5299, Acc: 0.5571, Sensitivity: 0.6129, Specificity: 0.4468, PPV: 0.6867, NPV: 0.3684, F1: 0.6477
  Val Best Threshold 0.05 → Balanced Acc: 0.5000, Acc: 0.6857, Sensitivity: 1.0000, Specificity: 0.0000, PPV: 0.6857, NPV: 0.0000, F1: 0.8136
Epoch 13/60 - Train Loss: 0.6977, Train Acc: 0.6071, Train AUC: 0.5658 - Val Loss: 0.6917, Val Acc (0.5): 0.5143, Val AUC: 0.5985
  Train Best Threshold 0.50 → Balanced Acc: 0.5885, Acc: 0.6071, Sensitivity: 0.6452, Specificity: 0.5319, PPV: 0.7317, NPV: 0.4310, F1: 0.6857
  Val Best Threshold 0.05 → Balanced Acc: 0.5000, Acc: 0.6857, Sensitivity: 1.0000, Specificity: 0.0000, PPV: 0.6857, NPV: 0.0000, F1: 0.8136
Epoch 14/60 - Train Loss: 0.7022, Train Acc: 0.4929, Train AUC: 0.4992 - Val Loss: 0.6913, Val Acc (0.5): 0.5714, Val AUC: 0.5985
  Train Best Threshold 0.45 → Balanced Acc: 0.5053, Acc: 0.6643, Sensitivity: 0.9892, Specificity: 0.0213, PPV: 0.6667, NPV: 0.5000, F1: 0.7965
  Val Best Threshold 0.50 → Balanced Acc: 0.5398, Acc: 0.5714, Sensitivity: 0.6250, Specificity: 0.4545, PPV: 0.7143, NPV: 0.3571, F1: 0.6667
Early stopping at epoch 14
Loaded best model with validation AUC: 0.6932
Final Train Results (Best Model) at epoch 1 - Loss: 0.7007, Accuracy: 0.6714, AUC: 0.5658
Final Val Results (Best Model) at epoch 1 - Loss: 0.7030, Accuracy: 0.6286, AUC: 0.6932
Train Best Threshold: 0.50 | Balanced Acc: 0.5580 | Acc: 0.6714 | Sensitivity: 0.9032 | Specificity: 0.2128 | PPV: 0.6942 | NPV: 0.5263 | F1: 0.7850
Train Confusion Matrix at Best Threshold (rows=actual [0,1], cols=predicted [0,1]):
[[10 37]
 [ 9 84]]
Val Best Threshold: 0.55 | Balanced Acc: 0.5208 | Acc: 0.3429 | Sensitivity: 0.0417 | Specificity: 1.0000 | PPV: 1.0000 | NPV: 0.3235 | F1: 0.0800
Val Confusion Matrix at Best Threshold (rows=actual [0,1], cols=predicted [0,1]):
[[11  0]
 [23  1]]

Fold 3 Training Cases (140): ['1', '101', '104', '105', '107', '108', '11', '110', '111', '112', '113', '114', '115', '119', '122', '123', '126', '129', '132', '135', '144', '145', '146', '152', '153', '154', '157', '158', '162', '163', '166', '169', '175', '177', '18', '180', '181', '185', '186', '191', '192', '203', '206', '207', '210', '211', '215', '217', '218', '220', '223', '224', '231', '232', '24', '244', '245', '25', '250', '251', '253', '254', '255', '257', '258', '259', '26', '263', '264', '268', '269', '27', '272', '274', '276', '278', '280', '283', '284', '287', '289', '29', '292', '298', '299', '300', '301', '303', '306', '307', '308', '31', '310', '312', '313', '319', '32', '320', '329', '331', '37', '38', '4', '40', '43', '46', '48', '49', '5', '51', '52', '53', '55', '57', '60', '62', '65', '67', '69', '7', '73', '77', '78', '8', '80', '81', '83', '86', '87', '88', '89', '9', '90', '91', '92', '93', '95', '97', '98', '99']
Fold 3 Validation Cases (35): ['100', '102', '106', '118', '137', '142', '164', '165', '173', '178', '197', '204', '205', '219', '221', '226', '241', '260', '262', '273', '275', '281', '304', '311', '324', '332', '45', '50', '58', '6', '63', '64', '68', '85', '96']
Fold 3 class distribution:
  Train: Class 0=46 (32.9%), Class 1=94 (67.1%)
  Val:   Class 0=12 (34.3%), Class 1=23 (65.7%)

======================================================================
Fold 3/5
======================================================================
Train: 140 patients
Val: 35 patients
Fitting clinical preprocessor on training data...
Built clinical feature dictionaries: train=140, val=35
Clinical input dimension: 5
Backbone feature dimension: 1408
Created mean pooling model with backbone efficientnetv2_b2
Using device: cuda
Class weights: [1.0, 0.4893617033958435]
Weight decay (L2 reg): 0.0001
Label smoothing: 0.1

Epoch 1/60 - Train Loss: 0.6934, Train Acc: 0.6000, Train AUC: 0.6260 - Val Loss: 0.7090, Val Acc (0.5): 0.6571, Val AUC: 0.6159
  Train Best Threshold 0.50 → Balanced Acc: 0.6133, Acc: 0.6000, Sensitivity: 0.5745, Specificity: 0.6522, PPV: 0.7714, NPV: 0.4286, F1: 0.6585
  Val Best Threshold 0.55 → Balanced Acc: 0.5217, Acc: 0.3714, Sensitivity: 0.0435, Specificity: 1.0000, PPV: 1.0000, NPV: 0.3529, F1: 0.0833
  → New best validation AUC: 0.6159
Epoch 2/60 - Train Loss: 0.6947, Train Acc: 0.5500, Train AUC: 0.5805 - Val Loss: 0.6978, Val Acc (0.5): 0.7143, Val AUC: 0.6341
  Train Best Threshold 0.50 → Balanced Acc: 0.5483, Acc: 0.5500, Sensitivity: 0.5532, Specificity: 0.5435, PPV: 0.7123, NPV: 0.3731, F1: 0.6228
  Val Best Threshold 0.50 → Balanced Acc: 0.6431, Acc: 0.7143, Sensitivity: 0.8696, Specificity: 0.4167, PPV: 0.7407, NPV: 0.6250, F1: 0.8000
  → New best validation AUC: 0.6341
Epoch 3/60 - Train Loss: 0.7007, Train Acc: 0.5143, Train AUC: 0.5229 - Val Loss: 0.6931, Val Acc (0.5): 0.5714, Val AUC: 0.6848
  Train Best Threshold 0.55 → Balanced Acc: 0.5319, Acc: 0.3714, Sensitivity: 0.0638, Specificity: 1.0000, PPV: 1.0000, NPV: 0.3433, F1: 0.1200
  Val Best Threshold 0.50 → Balanced Acc: 0.5543, Acc: 0.5714, Sensitivity: 0.6087, Specificity: 0.5000, PPV: 0.7000, NPV: 0.4000, F1: 0.6512
  → New best validation AUC: 0.6848
Epoch 4/60 - Train Loss: 0.7012, Train Acc: 0.5429, Train AUC: 0.5178 - Val Loss: 0.6935, Val Acc (0.5): 0.5714, Val AUC: 0.6594
  Train Best Threshold 0.55 → Balanced Acc: 0.5210, Acc: 0.3643, Sensitivity: 0.0638, Specificity: 0.9783, PPV: 0.8571, NPV: 0.3383, F1: 0.1188
  Val Best Threshold 0.50 → Balanced Acc: 0.5942, Acc: 0.5714, Sensitivity: 0.5217, Specificity: 0.6667, PPV: 0.7500, NPV: 0.4211, F1: 0.6154
Epoch 5/60 - Train Loss: 0.7056, Train Acc: 0.5071, Train AUC: 0.4868 - Val Loss: 0.6927, Val Acc (0.5): 0.6000, Val AUC: 0.6739
  Train Best Threshold 0.55 → Balanced Acc: 0.5157, Acc: 0.3571, Sensitivity: 0.0532, Specificity: 0.9783, PPV: 0.8333, NPV: 0.3358, F1: 0.1000
  Val Best Threshold 0.50 → Balanced Acc: 0.6359, Acc: 0.6000, Sensitivity: 0.5217, Specificity: 0.7500, PPV: 0.8000, NPV: 0.4500, F1: 0.6316
Epoch 6/60 - Train Loss: 0.6992, Train Acc: 0.5214, Train AUC: 0.5534 - Val Loss: 0.6928, Val Acc (0.5): 0.5714, Val AUC: 0.6848
  Train Best Threshold 0.50 → Balanced Acc: 0.5215, Acc: 0.5214, Sensitivity: 0.5213, Specificity: 0.5217, PPV: 0.6901, NPV: 0.3478, F1: 0.5939
  Val Best Threshold 0.50 → Balanced Acc: 0.6141, Acc: 0.5714, Sensitivity: 0.4783, Specificity: 0.7500, PPV: 0.7857, NPV: 0.4286, F1: 0.5946
Epoch 7/60 - Train Loss: 0.6954, Train Acc: 0.5500, Train AUC: 0.5851 - Val Loss: 0.6928, Val Acc (0.5): 0.6000, Val AUC: 0.6848
  Train Best Threshold 0.55 → Balanced Acc: 0.5479, Acc: 0.3929, Sensitivity: 0.0957, Specificity: 1.0000, PPV: 1.0000, NPV: 0.3511, F1: 0.1748
  Val Best Threshold 0.50 → Balanced Acc: 0.6359, Acc: 0.6000, Sensitivity: 0.5217, Specificity: 0.7500, PPV: 0.8000, NPV: 0.4500, F1: 0.6316
Epoch 8/60 - Train Loss: 0.7009, Train Acc: 0.5429, Train AUC: 0.5564 - Val Loss: 0.6932, Val Acc (0.5): 0.6000, Val AUC: 0.6920
  Train Best Threshold 0.50 → Balanced Acc: 0.5375, Acc: 0.5429, Sensitivity: 0.5532, Specificity: 0.5217, PPV: 0.7027, NPV: 0.3636, F1: 0.6190
  Val Best Threshold 0.50 → Balanced Acc: 0.6359, Acc: 0.6000, Sensitivity: 0.5217, Specificity: 0.7500, PPV: 0.8000, NPV: 0.4500, F1: 0.6316
  → New best validation AUC: 0.6920
Epoch 9/60 - Train Loss: 0.7007, Train Acc: 0.5286, Train AUC: 0.5363 - Val Loss: 0.6922, Val Acc (0.5): 0.6000, Val AUC: 0.6957
  Train Best Threshold 0.50 → Balanced Acc: 0.5435, Acc: 0.5286, Sensitivity: 0.5000, Specificity: 0.5870, PPV: 0.7121, NPV: 0.3649, F1: 0.5875
  Val Best Threshold 0.50 → Balanced Acc: 0.6359, Acc: 0.6000, Sensitivity: 0.5217, Specificity: 0.7500, PPV: 0.8000, NPV: 0.4500, F1: 0.6316
  → New best validation AUC: 0.6957
Epoch 10/60 - Train Loss: 0.6935, Train Acc: 0.5571, Train AUC: 0.6087 - Val Loss: 0.6919, Val Acc (0.5): 0.6000, Val AUC: 0.7101
  Train Best Threshold 0.50 → Balanced Acc: 0.5648, Acc: 0.5571, Sensitivity: 0.5426, Specificity: 0.5870, PPV: 0.7286, NPV: 0.3857, F1: 0.6220
  Val Best Threshold 0.50 → Balanced Acc: 0.6359, Acc: 0.6000, Sensitivity: 0.5217, Specificity: 0.7500, PPV: 0.8000, NPV: 0.4500, F1: 0.6316
  → New best validation AUC: 0.7101
Epoch 11/60 - Train Loss: 0.6936, Train Acc: 0.6143, Train AUC: 0.6573 - Val Loss: 0.6914, Val Acc (0.5): 0.6286, Val AUC: 0.7174
  Train Best Threshold 0.50 → Balanced Acc: 0.6184, Acc: 0.6143, Sensitivity: 0.6064, Specificity: 0.6304, PPV: 0.7703, NPV: 0.4394, F1: 0.6786
  Val Best Threshold 0.50 → Balanced Acc: 0.6576, Acc: 0.6286, Sensitivity: 0.5652, Specificity: 0.7500, PPV: 0.8125, NPV: 0.4737, F1: 0.6667
  → New best validation AUC: 0.7174
Epoch 12/60 - Train Loss: 0.6972, Train Acc: 0.5500, Train AUC: 0.5923 - Val Loss: 0.6905, Val Acc (0.5): 0.6571, Val AUC: 0.7138
  Train Best Threshold 0.50 → Balanced Acc: 0.5372, Acc: 0.5500, Sensitivity: 0.5745, Specificity: 0.5000, PPV: 0.7013, NPV: 0.3651, F1: 0.6316
  Val Best Threshold 0.50 → Balanced Acc: 0.6793, Acc: 0.6571, Sensitivity: 0.6087, Specificity: 0.7500, PPV: 0.8235, NPV: 0.5000, F1: 0.7000
Epoch 13/60 - Train Loss: 0.6966, Train Acc: 0.5857, Train AUC: 0.6004 - Val Loss: 0.6915, Val Acc (0.5): 0.6286, Val AUC: 0.7101
  Train Best Threshold 0.50 → Balanced Acc: 0.5860, Acc: 0.5857, Sensitivity: 0.5851, Specificity: 0.5870, PPV: 0.7432, NPV: 0.4091, F1: 0.6548
  Val Best Threshold 0.50 → Balanced Acc: 0.6576, Acc: 0.6286, Sensitivity: 0.5652, Specificity: 0.7500, PPV: 0.8125, NPV: 0.4737, F1: 0.6667
Epoch 14/60 - Train Loss: 0.6896, Train Acc: 0.5929, Train AUC: 0.6589 - Val Loss: 0.6913, Val Acc (0.5): 0.6000, Val AUC: 0.7029
  Train Best Threshold 0.50 → Balanced Acc: 0.5969, Acc: 0.5929, Sensitivity: 0.5851, Specificity: 0.6087, PPV: 0.7534, NPV: 0.4179, F1: 0.6587
  Val Best Threshold 0.50 → Balanced Acc: 0.6359, Acc: 0.6000, Sensitivity: 0.5217, Specificity: 0.7500, PPV: 0.8000, NPV: 0.4500, F1: 0.6316
Epoch 15/60 - Train Loss: 0.6999, Train Acc: 0.5714, Train AUC: 0.5543 - Val Loss: 0.6903, Val Acc (0.5): 0.5429, Val AUC: 0.7246
  Train Best Threshold 0.50 → Balanced Acc: 0.5587, Acc: 0.5714, Sensitivity: 0.5957, Specificity: 0.5217, PPV: 0.7179, NPV: 0.3871, F1: 0.6512
  Val Best Threshold 0.50 → Balanced Acc: 0.5924, Acc: 0.5429, Sensitivity: 0.4348, Specificity: 0.7500, PPV: 0.7692, NPV: 0.4091, F1: 0.5556
  → New best validation AUC: 0.7246
Epoch 16/60 - Train Loss: 0.6976, Train Acc: 0.5357, Train AUC: 0.5749 - Val Loss: 0.6907, Val Acc (0.5): 0.6000, Val AUC: 0.7210
  Train Best Threshold 0.50 → Balanced Acc: 0.5377, Acc: 0.5357, Sensitivity: 0.5319, Specificity: 0.5435, PPV: 0.7042, NPV: 0.3623, F1: 0.6061
  Val Best Threshold 0.50 → Balanced Acc: 0.6359, Acc: 0.6000, Sensitivity: 0.5217, Specificity: 0.7500, PPV: 0.8000, NPV: 0.4500, F1: 0.6316
Epoch 17/60 - Train Loss: 0.6975, Train Acc: 0.5429, Train AUC: 0.5710 - Val Loss: 0.6912, Val Acc (0.5): 0.6000, Val AUC: 0.7174
  Train Best Threshold 0.55 → Balanced Acc: 0.5532, Acc: 0.4000, Sensitivity: 0.1064, Specificity: 1.0000, PPV: 1.0000, NPV: 0.3538, F1: 0.1923
  Val Best Threshold 0.50 → Balanced Acc: 0.6359, Acc: 0.6000, Sensitivity: 0.5217, Specificity: 0.7500, PPV: 0.8000, NPV: 0.4500, F1: 0.6316
Epoch 18/60 - Train Loss: 0.7030, Train Acc: 0.5214, Train AUC: 0.5331 - Val Loss: 0.6909, Val Acc (0.5): 0.6286, Val AUC: 0.7210
  Train Best Threshold 0.55 → Balanced Acc: 0.5210, Acc: 0.3643, Sensitivity: 0.0638, Specificity: 0.9783, PPV: 0.8571, NPV: 0.3383, F1: 0.1188
  Val Best Threshold 0.50 → Balanced Acc: 0.6576, Acc: 0.6286, Sensitivity: 0.5652, Specificity: 0.7500, PPV: 0.8125, NPV: 0.4737, F1: 0.6667
Epoch 19/60 - Train Loss: 0.6920, Train Acc: 0.6429, Train AUC: 0.6480 - Val Loss: 0.6897, Val Acc (0.5): 0.6286, Val AUC: 0.7391
  Train Best Threshold 0.50 → Balanced Acc: 0.6397, Acc: 0.6429, Sensitivity: 0.6489, Specificity: 0.6304, PPV: 0.7821, NPV: 0.4677, F1: 0.7093
  Val Best Threshold 0.50 → Balanced Acc: 0.6576, Acc: 0.6286, Sensitivity: 0.5652, Specificity: 0.7500, PPV: 0.8125, NPV: 0.4737, F1: 0.6667
  → New best validation AUC: 0.7391
Epoch 20/60 - Train Loss: 0.6925, Train Acc: 0.5571, Train AUC: 0.6092 - Val Loss: 0.6897, Val Acc (0.5): 0.6286, Val AUC: 0.7283
  Train Best Threshold 0.50 → Balanced Acc: 0.5592, Acc: 0.5571, Sensitivity: 0.5532, Specificity: 0.5652, PPV: 0.7222, NPV: 0.3824, F1: 0.6265
  Val Best Threshold 0.50 → Balanced Acc: 0.6576, Acc: 0.6286, Sensitivity: 0.5652, Specificity: 0.7500, PPV: 0.8125, NPV: 0.4737, F1: 0.6667
Epoch 21/60 - Train Loss: 0.6904, Train Acc: 0.6000, Train AUC: 0.6249 - Val Loss: 0.6895, Val Acc (0.5): 0.6000, Val AUC: 0.7319
  Train Best Threshold 0.50 → Balanced Acc: 0.6133, Acc: 0.6000, Sensitivity: 0.5745, Specificity: 0.6522, PPV: 0.7714, NPV: 0.4286, F1: 0.6585
  Val Best Threshold 0.50 → Balanced Acc: 0.6359, Acc: 0.6000, Sensitivity: 0.5217, Specificity: 0.7500, PPV: 0.8000, NPV: 0.4500, F1: 0.6316
Epoch 22/60 - Train Loss: 0.7052, Train Acc: 0.5214, Train AUC: 0.4914 - Val Loss: 0.6896, Val Acc (0.5): 0.6000, Val AUC: 0.7283
  Train Best Threshold 0.55 → Balanced Acc: 0.5153, Acc: 0.3714, Sensitivity: 0.0957, Specificity: 0.9348, PPV: 0.7500, NPV: 0.3359, F1: 0.1698
  Val Best Threshold 0.50 → Balanced Acc: 0.6359, Acc: 0.6000, Sensitivity: 0.5217, Specificity: 0.7500, PPV: 0.8000, NPV: 0.4500, F1: 0.6316
Epoch 23/60 - Train Loss: 0.6955, Train Acc: 0.5571, Train AUC: 0.5874 - Val Loss: 0.6890, Val Acc (0.5): 0.6571, Val AUC: 0.7283
  Train Best Threshold 0.50 → Balanced Acc: 0.5703, Acc: 0.5571, Sensitivity: 0.5319, Specificity: 0.6087, PPV: 0.7353, NPV: 0.3889, F1: 0.6173
  Val Best Threshold 0.50 → Balanced Acc: 0.6793, Acc: 0.6571, Sensitivity: 0.6087, Specificity: 0.7500, PPV: 0.8235, NPV: 0.5000, F1: 0.7000
Epoch 24/60 - Train Loss: 0.6926, Train Acc: 0.5429, Train AUC: 0.5974 - Val Loss: 0.6883, Val Acc (0.5): 0.6286, Val AUC: 0.7464
  Train Best Threshold 0.45 → Balanced Acc: 0.5331, Acc: 0.6786, Sensitivity: 0.9574, Specificity: 0.1087, PPV: 0.6870, NPV: 0.5556, F1: 0.8000
  Val Best Threshold 0.50 → Balanced Acc: 0.6576, Acc: 0.6286, Sensitivity: 0.5652, Specificity: 0.7500, PPV: 0.8125, NPV: 0.4737, F1: 0.6667
  → New best validation AUC: 0.7464
Epoch 25/60 - Train Loss: 0.6844, Train Acc: 0.6429, Train AUC: 0.7137 - Val Loss: 0.6875, Val Acc (0.5): 0.6286, Val AUC: 0.7572
  Train Best Threshold 0.50 → Balanced Acc: 0.6397, Acc: 0.6429, Sensitivity: 0.6489, Specificity: 0.6304, PPV: 0.7821, NPV: 0.4677, F1: 0.7093
  Val Best Threshold 0.50 → Balanced Acc: 0.6576, Acc: 0.6286, Sensitivity: 0.5652, Specificity: 0.7500, PPV: 0.8125, NPV: 0.4737, F1: 0.6667
  → New best validation AUC: 0.7572
Epoch 26/60 - Train Loss: 0.6851, Train Acc: 0.6143, Train AUC: 0.6940 - Val Loss: 0.6879, Val Acc (0.5): 0.6000, Val AUC: 0.7645
  Train Best Threshold 0.50 → Balanced Acc: 0.6184, Acc: 0.6143, Sensitivity: 0.6064, Specificity: 0.6304, PPV: 0.7703, NPV: 0.4394, F1: 0.6786
  Val Best Threshold 0.50 → Balanced Acc: 0.6359, Acc: 0.6000, Sensitivity: 0.5217, Specificity: 0.7500, PPV: 0.8000, NPV: 0.4500, F1: 0.6316
  → New best validation AUC: 0.7645
Epoch 27/60 - Train Loss: 0.6991, Train Acc: 0.5143, Train AUC: 0.5481 - Val Loss: 0.6892, Val Acc (0.5): 0.6286, Val AUC: 0.7500
  Train Best Threshold 0.45 → Balanced Acc: 0.5220, Acc: 0.6786, Sensitivity: 0.9787, Specificity: 0.0652, PPV: 0.6815, NPV: 0.6000, F1: 0.8035
  Val Best Threshold 0.50 → Balanced Acc: 0.6576, Acc: 0.6286, Sensitivity: 0.5652, Specificity: 0.7500, PPV: 0.8125, NPV: 0.4737, F1: 0.6667
