Starting 5-fold cross-validation training for C1 (Mean Pooling)
Configuration:
  clinical_csv: data/annotations/175_clinical_5_variables.csv
  image_root: data/nakagami_full
  patient_id_column: NO
  label_column: CL_F2
  image_pattern: Nakagami_image_*.png
  n_folds: 5
  batch_size: 16
  learning_rate: 1e-05
  num_epochs: 40
  early_stopping_patience: 10
  early_stopping_min_delta: 0.001
  backbone: efficientnetv2_b0
  pretrained: True
  device: cuda
  num_workers: 4
  pooling: mean
  attention_hidden: 128
  clinical_dim: 32
  fusion_hidden: 128
  dropout: 0.5
  clinical_features: ['AST', 'ALT', 'PLT', 'APRI', 'FIB_4']
  seed: 42
  no_cv: False
  val_split: 0.2
  weight_decay: 0.0001
  label_smoothing: 0.1
  log_dir: runs/bmode_clinical
Loading clinical data...
Loaded 175 patients from clinical data
Building patient records...
Building patient records from 175 patients...
Image root: data/nakagami_full
Image pattern: Nakagami_image_*.png
Successfully created 175 patient records
Created 175 patient records
Fold 1 class distribution:
  Train: Class 0=47 (33.6%), Class 1=93 (66.4%)
  Val:   Class 0=11 (31.4%), Class 1=24 (68.6%)

======================================================================
Fold 1/5
======================================================================
Train: 140 patients
Val: 35 patients
Fitting clinical preprocessor on training data...
Built clinical feature dictionaries: train=140, val=35
Clinical input dimension: 5
Backbone feature dimension: 1280
Created mean pooling model with backbone efficientnetv2_b0
Using device: cuda
Class weights: [1.0, 0.5053763389587402]
Weight decay (L2 reg): 0.0001
Label smoothing: 0.1

Epoch 1/40 - Train Loss: 0.7065, Train Acc: 0.6071, Train AUC: 0.4916 - Val Loss: 0.7159, Val Acc (0.5): 0.6857, Val AUC: 0.3409
  Train Best Threshold 0.50 → Balanced Acc: 0.5096, Acc: 0.6071, Sensitivity: 0.8065, Specificity: 0.2128, PPV: 0.6696, NPV: 0.3571, F1: 0.7317
  Val Best Threshold 0.05 → Balanced Acc: 0.5000, Acc: 0.6857, Sensitivity: 1.0000, Specificity: 0.0000, PPV: 0.6857, NPV: 0.0000, F1: 0.8136
  → New best validation AUC: 0.3409
Epoch 2/40 - Train Loss: 0.7091, Train Acc: 0.5071, Train AUC: 0.4278 - Val Loss: 0.7111, Val Acc (0.5): 0.6857, Val AUC: 0.4242
  Train Best Threshold 0.05 → Balanced Acc: 0.5000, Acc: 0.6643, Sensitivity: 1.0000, Specificity: 0.0000, PPV: 0.6643, NPV: 0.0000, F1: 0.7983
  Val Best Threshold 0.55 → Balanced Acc: 0.5417, Acc: 0.3714, Sensitivity: 0.0833, Specificity: 1.0000, PPV: 1.0000, NPV: 0.3333, F1: 0.1538
  → New best validation AUC: 0.4242
Epoch 3/40 - Train Loss: 0.7105, Train Acc: 0.5143, Train AUC: 0.4187 - Val Loss: 0.7079, Val Acc (0.5): 0.6857, Val AUC: 0.4962
  Train Best Threshold 0.45 → Balanced Acc: 0.5106, Acc: 0.6714, Sensitivity: 1.0000, Specificity: 0.0213, PPV: 0.6691, NPV: 1.0000, F1: 0.8017
  Val Best Threshold 0.05 → Balanced Acc: 0.5000, Acc: 0.6857, Sensitivity: 1.0000, Specificity: 0.0000, PPV: 0.6857, NPV: 0.0000, F1: 0.8136
  → New best validation AUC: 0.4962
Epoch 4/40 - Train Loss: 0.7041, Train Acc: 0.5714, Train AUC: 0.4825 - Val Loss: 0.7036, Val Acc (0.5): 0.6857, Val AUC: 0.5341
  Train Best Threshold 0.55 → Balanced Acc: 0.5111, Acc: 0.3714, Sensitivity: 0.0860, Specificity: 0.9362, PPV: 0.7273, NPV: 0.3411, F1: 0.1538
  Val Best Threshold 0.05 → Balanced Acc: 0.5000, Acc: 0.6857, Sensitivity: 1.0000, Specificity: 0.0000, PPV: 0.6857, NPV: 0.0000, F1: 0.8136
  → New best validation AUC: 0.5341
Epoch 5/40 - Train Loss: 0.7020, Train Acc: 0.5857, Train AUC: 0.5212 - Val Loss: 0.7030, Val Acc (0.5): 0.7143, Val AUC: 0.5606
  Train Best Threshold 0.55 → Balanced Acc: 0.5272, Acc: 0.3929, Sensitivity: 0.1183, Specificity: 0.9362, PPV: 0.7857, NPV: 0.3492, F1: 0.2056
  Val Best Threshold 0.50 → Balanced Acc: 0.5455, Acc: 0.7143, Sensitivity: 1.0000, Specificity: 0.0909, PPV: 0.7059, NPV: 1.0000, F1: 0.8276
  → New best validation AUC: 0.5606
Epoch 6/40 - Train Loss: 0.7068, Train Acc: 0.5643, Train AUC: 0.4660 - Val Loss: 0.7016, Val Acc (0.5): 0.7143, Val AUC: 0.6136
  Train Best Threshold 0.05 → Balanced Acc: 0.5000, Acc: 0.6643, Sensitivity: 1.0000, Specificity: 0.0000, PPV: 0.6643, NPV: 0.0000, F1: 0.7983
  Val Best Threshold 0.50 → Balanced Acc: 0.5455, Acc: 0.7143, Sensitivity: 1.0000, Specificity: 0.0909, PPV: 0.7059, NPV: 1.0000, F1: 0.8276
  → New best validation AUC: 0.6136
Epoch 7/40 - Train Loss: 0.7092, Train Acc: 0.5214, Train AUC: 0.4326 - Val Loss: 0.7022, Val Acc (0.5): 0.6857, Val AUC: 0.6136
  Train Best Threshold 0.05 → Balanced Acc: 0.5000, Acc: 0.6643, Sensitivity: 1.0000, Specificity: 0.0000, PPV: 0.6643, NPV: 0.0000, F1: 0.7983
  Val Best Threshold 0.05 → Balanced Acc: 0.5000, Acc: 0.6857, Sensitivity: 1.0000, Specificity: 0.0000, PPV: 0.6857, NPV: 0.0000, F1: 0.8136
Epoch 8/40 - Train Loss: 0.7013, Train Acc: 0.6357, Train AUC: 0.5470 - Val Loss: 0.7017, Val Acc (0.5): 0.7143, Val AUC: 0.6098
  Train Best Threshold 0.50 → Balanced Acc: 0.5522, Acc: 0.6357, Sensitivity: 0.8065, Specificity: 0.2979, PPV: 0.6944, NPV: 0.4375, F1: 0.7463
  Val Best Threshold 0.50 → Balanced Acc: 0.5455, Acc: 0.7143, Sensitivity: 1.0000, Specificity: 0.0909, PPV: 0.7059, NPV: 1.0000, F1: 0.8276
Epoch 9/40 - Train Loss: 0.7008, Train Acc: 0.5643, Train AUC: 0.5301 - Val Loss: 0.7008, Val Acc (0.5): 0.6857, Val AUC: 0.6098
  Train Best Threshold 0.55 → Balanced Acc: 0.5379, Acc: 0.4000, Sensitivity: 0.1183, Specificity: 0.9574, PPV: 0.8462, NPV: 0.3543, F1: 0.2075
  Val Best Threshold 0.50 → Balanced Acc: 0.5246, Acc: 0.6857, Sensitivity: 0.9583, Specificity: 0.0909, PPV: 0.6970, NPV: 0.5000, F1: 0.8070
Epoch 10/40 - Train Loss: 0.6962, Train Acc: 0.5929, Train AUC: 0.6079 - Val Loss: 0.7000, Val Acc (0.5): 0.7143, Val AUC: 0.6553
  Train Best Threshold 0.50 → Balanced Acc: 0.5673, Acc: 0.5929, Sensitivity: 0.6452, Specificity: 0.4894, PPV: 0.7143, NPV: 0.4107, F1: 0.6780
  Val Best Threshold 0.50 → Balanced Acc: 0.5455, Acc: 0.7143, Sensitivity: 1.0000, Specificity: 0.0909, PPV: 0.7059, NPV: 1.0000, F1: 0.8276
  → New best validation AUC: 0.6553
Epoch 11/40 - Train Loss: 0.6985, Train Acc: 0.5571, Train AUC: 0.5690 - Val Loss: 0.6991, Val Acc (0.5): 0.6857, Val AUC: 0.6818
  Train Best Threshold 0.50 → Balanced Acc: 0.5456, Acc: 0.5571, Sensitivity: 0.5806, Specificity: 0.5106, PPV: 0.7013, NPV: 0.3810, F1: 0.6353
  Val Best Threshold 0.50 → Balanced Acc: 0.5246, Acc: 0.6857, Sensitivity: 0.9583, Specificity: 0.0909, PPV: 0.6970, NPV: 0.5000, F1: 0.8070
  → New best validation AUC: 0.6818
Epoch 12/40 - Train Loss: 0.6962, Train Acc: 0.5857, Train AUC: 0.5825 - Val Loss: 0.6998, Val Acc (0.5): 0.6857, Val AUC: 0.6742
  Train Best Threshold 0.50 → Balanced Acc: 0.5461, Acc: 0.5857, Sensitivity: 0.6667, Specificity: 0.4255, PPV: 0.6966, NPV: 0.3922, F1: 0.6813
  Val Best Threshold 0.50 → Balanced Acc: 0.5246, Acc: 0.6857, Sensitivity: 0.9583, Specificity: 0.0909, PPV: 0.6970, NPV: 0.5000, F1: 0.8070
Epoch 13/40 - Train Loss: 0.7033, Train Acc: 0.5500, Train AUC: 0.4935 - Val Loss: 0.6993, Val Acc (0.5): 0.6571, Val AUC: 0.6818
  Train Best Threshold 0.45 → Balanced Acc: 0.5106, Acc: 0.6714, Sensitivity: 1.0000, Specificity: 0.0213, PPV: 0.6691, NPV: 1.0000, F1: 0.8017
  Val Best Threshold 0.50 → Balanced Acc: 0.5038, Acc: 0.6571, Sensitivity: 0.9167, Specificity: 0.0909, PPV: 0.6875, NPV: 0.3333, F1: 0.7857
Epoch 14/40 - Train Loss: 0.6877, Train Acc: 0.6286, Train AUC: 0.6795 - Val Loss: 0.6966, Val Acc (0.5): 0.6571, Val AUC: 0.7424
  Train Best Threshold 0.50 → Balanced Acc: 0.5941, Acc: 0.6286, Sensitivity: 0.6989, Specificity: 0.4894, PPV: 0.7303, NPV: 0.4510, F1: 0.7143
  Val Best Threshold 0.50 → Balanced Acc: 0.5284, Acc: 0.6571, Sensitivity: 0.8750, Specificity: 0.1818, PPV: 0.7000, NPV: 0.4000, F1: 0.7778
  → New best validation AUC: 0.7424
Epoch 15/40 - Train Loss: 0.6976, Train Acc: 0.5643, Train AUC: 0.5674 - Val Loss: 0.6954, Val Acc (0.5): 0.7143, Val AUC: 0.7841
  Train Best Threshold 0.50 → Balanced Acc: 0.5510, Acc: 0.5643, Sensitivity: 0.5914, Specificity: 0.5106, PPV: 0.7051, NPV: 0.3871, F1: 0.6433
  Val Best Threshold 0.50 → Balanced Acc: 0.5947, Acc: 0.7143, Sensitivity: 0.9167, Specificity: 0.2727, PPV: 0.7333, NPV: 0.6000, F1: 0.8148
  → New best validation AUC: 0.7841
Epoch 16/40 - Train Loss: 0.6881, Train Acc: 0.6857, Train AUC: 0.6847 - Val Loss: 0.6946, Val Acc (0.5): 0.7429, Val AUC: 0.8030
  Train Best Threshold 0.50 → Balanced Acc: 0.6687, Acc: 0.6857, Sensitivity: 0.7204, Specificity: 0.6170, PPV: 0.7882, NPV: 0.5273, F1: 0.7528
  Val Best Threshold 0.50 → Balanced Acc: 0.6155, Acc: 0.7429, Sensitivity: 0.9583, Specificity: 0.2727, PPV: 0.7419, NPV: 0.7500, F1: 0.8364
  → New best validation AUC: 0.8030
Epoch 17/40 - Train Loss: 0.6987, Train Acc: 0.5643, Train AUC: 0.5557 - Val Loss: 0.6941, Val Acc (0.5): 0.7429, Val AUC: 0.8068
  Train Best Threshold 0.50 → Balanced Acc: 0.5405, Acc: 0.5643, Sensitivity: 0.6129, Specificity: 0.4681, PPV: 0.6951, NPV: 0.3793, F1: 0.6514
  Val Best Threshold 0.50 → Balanced Acc: 0.6155, Acc: 0.7429, Sensitivity: 0.9583, Specificity: 0.2727, PPV: 0.7419, NPV: 0.7500, F1: 0.8364
  → New best validation AUC: 0.8068
Epoch 18/40 - Train Loss: 0.6973, Train Acc: 0.6143, Train AUC: 0.5893 - Val Loss: 0.6922, Val Acc (0.5): 0.7429, Val AUC: 0.8295
  Train Best Threshold 0.50 → Balanced Acc: 0.5729, Acc: 0.6143, Sensitivity: 0.6989, Specificity: 0.4468, PPV: 0.7143, NPV: 0.4286, F1: 0.7065
  Val Best Threshold 0.50 → Balanced Acc: 0.6648, Acc: 0.7429, Sensitivity: 0.8750, Specificity: 0.4545, PPV: 0.7778, NPV: 0.6250, F1: 0.8235
  → New best validation AUC: 0.8295
Epoch 19/40 - Train Loss: 0.6924, Train Acc: 0.6286, Train AUC: 0.6335 - Val Loss: 0.6932, Val Acc (0.5): 0.7143, Val AUC: 0.8295
  Train Best Threshold 0.50 → Balanced Acc: 0.5994, Acc: 0.6286, Sensitivity: 0.6882, Specificity: 0.5106, PPV: 0.7356, NPV: 0.4528, F1: 0.7111
  Val Best Threshold 0.50 → Balanced Acc: 0.5947, Acc: 0.7143, Sensitivity: 0.9167, Specificity: 0.2727, PPV: 0.7333, NPV: 0.6000, F1: 0.8148
Epoch 20/40 - Train Loss: 0.6924, Train Acc: 0.5929, Train AUC: 0.6449 - Val Loss: 0.6929, Val Acc (0.5): 0.7143, Val AUC: 0.8409
  Train Best Threshold 0.50 → Balanced Acc: 0.5567, Acc: 0.5929, Sensitivity: 0.6667, Specificity: 0.4468, PPV: 0.7045, NPV: 0.4038, F1: 0.6851
  Val Best Threshold 0.50 → Balanced Acc: 0.5947, Acc: 0.7143, Sensitivity: 0.9167, Specificity: 0.2727, PPV: 0.7333, NPV: 0.6000, F1: 0.8148
  → New best validation AUC: 0.8409
Epoch 21/40 - Train Loss: 0.6938, Train Acc: 0.6143, Train AUC: 0.6301 - Val Loss: 0.6931, Val Acc (0.5): 0.7143, Val AUC: 0.8371
  Train Best Threshold 0.50 → Balanced Acc: 0.5729, Acc: 0.6143, Sensitivity: 0.6989, Specificity: 0.4468, PPV: 0.7143, NPV: 0.4286, F1: 0.7065
  Val Best Threshold 0.50 → Balanced Acc: 0.5947, Acc: 0.7143, Sensitivity: 0.9167, Specificity: 0.2727, PPV: 0.7333, NPV: 0.6000, F1: 0.8148
Epoch 22/40 - Train Loss: 0.6947, Train Acc: 0.5429, Train AUC: 0.6175 - Val Loss: 0.6923, Val Acc (0.5): 0.7714, Val AUC: 0.8371
  Train Best Threshold 0.50 → Balanced Acc: 0.5665, Acc: 0.5429, Sensitivity: 0.4946, Specificity: 0.6383, PPV: 0.7302, NPV: 0.3896, F1: 0.5897
  Val Best Threshold 0.50 → Balanced Acc: 0.6856, Acc: 0.7714, Sensitivity: 0.9167, Specificity: 0.4545, PPV: 0.7857, NPV: 0.7143, F1: 0.8462
Epoch 23/40 - Train Loss: 0.6933, Train Acc: 0.6000, Train AUC: 0.6248 - Val Loss: 0.6910, Val Acc (0.5): 0.8571, Val AUC: 0.8523
  Train Best Threshold 0.50 → Balanced Acc: 0.5779, Acc: 0.6000, Sensitivity: 0.6452, Specificity: 0.5106, PPV: 0.7229, NPV: 0.4211, F1: 0.6818
  Val Best Threshold 0.50 → Balanced Acc: 0.8466, Acc: 0.8571, Sensitivity: 0.8750, Specificity: 0.8182, PPV: 0.9130, NPV: 0.7500, F1: 0.8936
  → New best validation AUC: 0.8523
Epoch 24/40 - Train Loss: 0.6934, Train Acc: 0.6500, Train AUC: 0.6408 - Val Loss: 0.6913, Val Acc (0.5): 0.8286, Val AUC: 0.8409
  Train Best Threshold 0.50 → Balanced Acc: 0.6576, Acc: 0.6500, Sensitivity: 0.6344, Specificity: 0.6809, PPV: 0.7973, NPV: 0.4848, F1: 0.7066
  Val Best Threshold 0.50 → Balanced Acc: 0.8258, Acc: 0.8286, Sensitivity: 0.8333, Specificity: 0.8182, PPV: 0.9091, NPV: 0.6923, F1: 0.8696
Epoch 25/40 - Train Loss: 0.6830, Train Acc: 0.6857, Train AUC: 0.7248 - Val Loss: 0.6910, Val Acc (0.5): 0.8000, Val AUC: 0.8447
  Train Best Threshold 0.50 → Balanced Acc: 0.7056, Acc: 0.6857, Sensitivity: 0.6452, Specificity: 0.7660, PPV: 0.8451, NPV: 0.5217, F1: 0.7317
  Val Best Threshold 0.50 → Balanced Acc: 0.7803, Acc: 0.8000, Sensitivity: 0.8333, Specificity: 0.7273, PPV: 0.8696, NPV: 0.6667, F1: 0.8511
Epoch 26/40 - Train Loss: 0.6915, Train Acc: 0.6357, Train AUC: 0.6550 - Val Loss: 0.6907, Val Acc (0.5): 0.8571, Val AUC: 0.8485
  Train Best Threshold 0.50 → Balanced Acc: 0.6311, Acc: 0.6357, Sensitivity: 0.6452, Specificity: 0.6170, PPV: 0.7692, NPV: 0.4677, F1: 0.7018
  Val Best Threshold 0.50 → Balanced Acc: 0.8712, Acc: 0.8571, Sensitivity: 0.8333, Specificity: 0.9091, PPV: 0.9524, NPV: 0.7143, F1: 0.8889
Epoch 27/40 - Train Loss: 0.6826, Train Acc: 0.6714, Train AUC: 0.7362 - Val Loss: 0.6894, Val Acc (0.5): 0.8286, Val AUC: 0.8523
  Train Best Threshold 0.50 → Balanced Acc: 0.6790, Acc: 0.6714, Sensitivity: 0.6559, Specificity: 0.7021, PPV: 0.8133, NPV: 0.5077, F1: 0.7262
  Val Best Threshold 0.50 → Balanced Acc: 0.8504, Acc: 0.8286, Sensitivity: 0.7917, Specificity: 0.9091, PPV: 0.9500, NPV: 0.6667, F1: 0.8636
Epoch 28/40 - Train Loss: 0.6894, Train Acc: 0.6214, Train AUC: 0.6660 - Val Loss: 0.6885, Val Acc (0.5): 0.8000, Val AUC: 0.8674
  Train Best Threshold 0.50 → Balanced Acc: 0.6046, Acc: 0.6214, Sensitivity: 0.6559, Specificity: 0.5532, PPV: 0.7439, NPV: 0.4483, F1: 0.6971
  Val Best Threshold 0.50 → Balanced Acc: 0.8295, Acc: 0.8000, Sensitivity: 0.7500, Specificity: 0.9091, PPV: 0.9474, NPV: 0.6250, F1: 0.8372
  → New best validation AUC: 0.8674
Epoch 29/40 - Train Loss: 0.6865, Train Acc: 0.6500, Train AUC: 0.7035 - Val Loss: 0.6875, Val Acc (0.5): 0.8000, Val AUC: 0.8636
  Train Best Threshold 0.50 → Balanced Acc: 0.6682, Acc: 0.6500, Sensitivity: 0.6129, Specificity: 0.7234, PPV: 0.8143, NPV: 0.4857, F1: 0.6994
  Val Best Threshold 0.50 → Balanced Acc: 0.8295, Acc: 0.8000, Sensitivity: 0.7500, Specificity: 0.9091, PPV: 0.9474, NPV: 0.6250, F1: 0.8372
Epoch 30/40 - Train Loss: 0.6850, Train Acc: 0.6500, Train AUC: 0.7062 - Val Loss: 0.6865, Val Acc (0.5): 0.8000, Val AUC: 0.8788
  Train Best Threshold 0.50 → Balanced Acc: 0.6524, Acc: 0.6500, Sensitivity: 0.6452, Specificity: 0.6596, PPV: 0.7895, NPV: 0.4844, F1: 0.7101
  Val Best Threshold 0.50 → Balanced Acc: 0.8295, Acc: 0.8000, Sensitivity: 0.7500, Specificity: 0.9091, PPV: 0.9474, NPV: 0.6250, F1: 0.8372
  → New best validation AUC: 0.8788
Epoch 31/40 - Train Loss: 0.6849, Train Acc: 0.6500, Train AUC: 0.7213 - Val Loss: 0.6876, Val Acc (0.5): 0.8000, Val AUC: 0.8598
  Train Best Threshold 0.50 → Balanced Acc: 0.6734, Acc: 0.6500, Sensitivity: 0.6022, Specificity: 0.7447, PPV: 0.8235, NPV: 0.4861, F1: 0.6957
  Val Best Threshold 0.50 → Balanced Acc: 0.8295, Acc: 0.8000, Sensitivity: 0.7500, Specificity: 0.9091, PPV: 0.9474, NPV: 0.6250, F1: 0.8372
Epoch 32/40 - Train Loss: 0.6888, Train Acc: 0.5857, Train AUC: 0.6632 - Val Loss: 0.6876, Val Acc (0.5): 0.8571, Val AUC: 0.8674
  Train Best Threshold 0.50 → Balanced Acc: 0.5777, Acc: 0.5857, Sensitivity: 0.6022, Specificity: 0.5532, PPV: 0.7273, NPV: 0.4127, F1: 0.6588
  Val Best Threshold 0.50 → Balanced Acc: 0.8712, Acc: 0.8571, Sensitivity: 0.8333, Specificity: 0.9091, PPV: 0.9524, NPV: 0.7143, F1: 0.8889
Epoch 33/40 - Train Loss: 0.6808, Train Acc: 0.6857, Train AUC: 0.7399 - Val Loss: 0.6873, Val Acc (0.5): 0.8286, Val AUC: 0.8636
  Train Best Threshold 0.50 → Balanced Acc: 0.6898, Acc: 0.6857, Sensitivity: 0.6774, Specificity: 0.7021, PPV: 0.8182, NPV: 0.5238, F1: 0.7412
  Val Best Threshold 0.50 → Balanced Acc: 0.8504, Acc: 0.8286, Sensitivity: 0.7917, Specificity: 0.9091, PPV: 0.9500, NPV: 0.6667, F1: 0.8636
Epoch 34/40 - Train Loss: 0.6834, Train Acc: 0.6286, Train AUC: 0.7083 - Val Loss: 0.6864, Val Acc (0.5): 0.8000, Val AUC: 0.8598
  Train Best Threshold 0.50 → Balanced Acc: 0.6257, Acc: 0.6286, Sensitivity: 0.6344, Specificity: 0.6170, PPV: 0.7662, NPV: 0.4603, F1: 0.6941
  Val Best Threshold 0.50 → Balanced Acc: 0.8295, Acc: 0.8000, Sensitivity: 0.7500, Specificity: 0.9091, PPV: 0.9474, NPV: 0.6250, F1: 0.8372
Epoch 35/40 - Train Loss: 0.6773, Train Acc: 0.7357, Train AUC: 0.7785 - Val Loss: 0.6848, Val Acc (0.5): 0.7714, Val AUC: 0.8636
  Train Best Threshold 0.50 → Balanced Acc: 0.7327, Acc: 0.7357, Sensitivity: 0.7419, Specificity: 0.7234, PPV: 0.8415, NPV: 0.5862, F1: 0.7886
  Val Best Threshold 0.50 → Balanced Acc: 0.8087, Acc: 0.7714, Sensitivity: 0.7083, Specificity: 0.9091, PPV: 0.9444, NPV: 0.5882, F1: 0.8095
Epoch 36/40 - Train Loss: 0.6718, Train Acc: 0.6714, Train AUC: 0.7838 - Val Loss: 0.6832, Val Acc (0.5): 0.7714, Val AUC: 0.8712
  Train Best Threshold 0.50 → Balanced Acc: 0.6948, Acc: 0.6714, Sensitivity: 0.6237, Specificity: 0.7660, PPV: 0.8406, NPV: 0.5070, F1: 0.7160
  Val Best Threshold 0.50 → Balanced Acc: 0.8087, Acc: 0.7714, Sensitivity: 0.7083, Specificity: 0.9091, PPV: 0.9444, NPV: 0.5882, F1: 0.8095
Epoch 37/40 - Train Loss: 0.6826, Train Acc: 0.6429, Train AUC: 0.7106 - Val Loss: 0.6838, Val Acc (0.5): 0.8000, Val AUC: 0.8636
  Train Best Threshold 0.50 → Balanced Acc: 0.6680, Acc: 0.6429, Sensitivity: 0.5914, Specificity: 0.7447, PPV: 0.8209, NPV: 0.4795, F1: 0.6875
  Val Best Threshold 0.50 → Balanced Acc: 0.8295, Acc: 0.8000, Sensitivity: 0.7500, Specificity: 0.9091, PPV: 0.9474, NPV: 0.6250, F1: 0.8372
Epoch 38/40 - Train Loss: 0.6824, Train Acc: 0.6214, Train AUC: 0.7003 - Val Loss: 0.6825, Val Acc (0.5): 0.8000, Val AUC: 0.8561
  Train Best Threshold 0.50 → Balanced Acc: 0.6256, Acc: 0.6214, Sensitivity: 0.6129, Specificity: 0.6383, PPV: 0.7703, NPV: 0.4545, F1: 0.6826
  Val Best Threshold 0.50 → Balanced Acc: 0.8295, Acc: 0.8000, Sensitivity: 0.7500, Specificity: 0.9091, PPV: 0.9474, NPV: 0.6250, F1: 0.8372
Early stopping at epoch 38
Loaded best model with validation AUC: 0.8788
Final Train Results (Best Model) at epoch 30 - Loss: 0.6848, Accuracy: 0.6929, AUC: 0.7602
Final Val Results (Best Model) at epoch 30 - Loss: 0.6865, Accuracy: 0.8000, AUC: 0.8788
Train Best Threshold: 0.50 | Balanced Acc: 0.6951 | Acc: 0.6929 | Sensitivity: 0.6882 | Specificity: 0.7021 | PPV: 0.8205 | NPV: 0.5323 | F1: 0.7485
Train Confusion Matrix at Best Threshold (rows=actual [0,1], cols=predicted [0,1]):
[[33 14]
 [29 64]]
Val Best Threshold: 0.50 | Balanced Acc: 0.8295 | Acc: 0.8000 | Sensitivity: 0.7500 | Specificity: 0.9091 | PPV: 0.9474 | NPV: 0.6250 | F1: 0.8372
Val Confusion Matrix at Best Threshold (rows=actual [0,1], cols=predicted [0,1]):
[[10  1]
 [ 6 18]]
Fold 2 class distribution:
  Train: Class 0=47 (33.6%), Class 1=93 (66.4%)
  Val:   Class 0=11 (31.4%), Class 1=24 (68.6%)

======================================================================
Fold 2/5
======================================================================
Train: 140 patients
Val: 35 patients
Fitting clinical preprocessor on training data...
Built clinical feature dictionaries: train=140, val=35
Clinical input dimension: 5
Backbone feature dimension: 1280
Created mean pooling model with backbone efficientnetv2_b0
Using device: cuda
Class weights: [1.0, 0.5053763389587402]
Weight decay (L2 reg): 0.0001
Label smoothing: 0.1

Epoch 1/40 - Train Loss: 0.7169, Train Acc: 0.5286, Train AUC: 0.3677 - Val Loss: 0.7204, Val Acc (0.5): 0.6857, Val AUC: 0.3182
  Train Best Threshold 0.05 → Balanced Acc: 0.5000, Acc: 0.6643, Sensitivity: 1.0000, Specificity: 0.0000, PPV: 0.6643, NPV: 0.0000, F1: 0.7983
  Val Best Threshold 0.05 → Balanced Acc: 0.5000, Acc: 0.6857, Sensitivity: 1.0000, Specificity: 0.0000, PPV: 0.6857, NPV: 0.0000, F1: 0.8136
  → New best validation AUC: 0.3182
Epoch 2/40 - Train Loss: 0.7031, Train Acc: 0.5571, Train AUC: 0.4997 - Val Loss: 0.7141, Val Acc (0.5): 0.6857, Val AUC: 0.3220
  Train Best Threshold 0.55 → Balanced Acc: 0.5059, Acc: 0.3786, Sensitivity: 0.1183, Specificity: 0.8936, PPV: 0.6875, NPV: 0.3387, F1: 0.2018
  Val Best Threshold 0.05 → Balanced Acc: 0.5000, Acc: 0.6857, Sensitivity: 1.0000, Specificity: 0.0000, PPV: 0.6857, NPV: 0.0000, F1: 0.8136
  → New best validation AUC: 0.3220
Epoch 3/40 - Train Loss: 0.7132, Train Acc: 0.4643, Train AUC: 0.3910 - Val Loss: 0.7108, Val Acc (0.5): 0.6857, Val AUC: 0.3485
  Train Best Threshold 0.05 → Balanced Acc: 0.5000, Acc: 0.6643, Sensitivity: 1.0000, Specificity: 0.0000, PPV: 0.6643, NPV: 0.0000, F1: 0.7983
  Val Best Threshold 0.05 → Balanced Acc: 0.5000, Acc: 0.6857, Sensitivity: 1.0000, Specificity: 0.0000, PPV: 0.6857, NPV: 0.0000, F1: 0.8136
  → New best validation AUC: 0.3485
Epoch 4/40 - Train Loss: 0.7054, Train Acc: 0.5643, Train AUC: 0.4727 - Val Loss: 0.7063, Val Acc (0.5): 0.6857, Val AUC: 0.4508
  Train Best Threshold 0.45 → Balanced Acc: 0.5106, Acc: 0.6714, Sensitivity: 1.0000, Specificity: 0.0213, PPV: 0.6691, NPV: 1.0000, F1: 0.8017
  Val Best Threshold 0.05 → Balanced Acc: 0.5000, Acc: 0.6857, Sensitivity: 1.0000, Specificity: 0.0000, PPV: 0.6857, NPV: 0.0000, F1: 0.8136
  → New best validation AUC: 0.4508
Epoch 5/40 - Train Loss: 0.7051, Train Acc: 0.5571, Train AUC: 0.4752 - Val Loss: 0.7047, Val Acc (0.5): 0.6571, Val AUC: 0.4735
  Train Best Threshold 0.55 → Balanced Acc: 0.5006, Acc: 0.3714, Sensitivity: 0.1075, Specificity: 0.8936, PPV: 0.6667, NPV: 0.3360, F1: 0.1852
  Val Best Threshold 0.05 → Balanced Acc: 0.5000, Acc: 0.6857, Sensitivity: 1.0000, Specificity: 0.0000, PPV: 0.6857, NPV: 0.0000, F1: 0.8136
  → New best validation AUC: 0.4735
Epoch 6/40 - Train Loss: 0.7075, Train Acc: 0.5286, Train AUC: 0.4704 - Val Loss: 0.7041, Val Acc (0.5): 0.6571, Val AUC: 0.4811
  Train Best Threshold 0.55 → Balanced Acc: 0.5005, Acc: 0.3643, Sensitivity: 0.0860, Specificity: 0.9149, PPV: 0.6667, NPV: 0.3359, F1: 0.1524
  Val Best Threshold 0.05 → Balanced Acc: 0.5000, Acc: 0.6857, Sensitivity: 1.0000, Specificity: 0.0000, PPV: 0.6857, NPV: 0.0000, F1: 0.8136
  → New best validation AUC: 0.4811
Epoch 7/40 - Train Loss: 0.7030, Train Acc: 0.6071, Train AUC: 0.5111 - Val Loss: 0.7041, Val Acc (0.5): 0.6571, Val AUC: 0.5189
  Train Best Threshold 0.50 → Balanced Acc: 0.5412, Acc: 0.6071, Sensitivity: 0.7419, Specificity: 0.3404, PPV: 0.6900, NPV: 0.4000, F1: 0.7150
  Val Best Threshold 0.05 → Balanced Acc: 0.5000, Acc: 0.6857, Sensitivity: 1.0000, Specificity: 0.0000, PPV: 0.6857, NPV: 0.0000, F1: 0.8136
  → New best validation AUC: 0.5189
Epoch 8/40 - Train Loss: 0.7074, Train Acc: 0.5071, Train AUC: 0.4534 - Val Loss: 0.7016, Val Acc (0.5): 0.6286, Val AUC: 0.5492
  Train Best Threshold 0.55 → Balanced Acc: 0.5111, Acc: 0.3714, Sensitivity: 0.0860, Specificity: 0.9362, PPV: 0.7273, NPV: 0.3411, F1: 0.1538
  Val Best Threshold 0.05 → Balanced Acc: 0.5000, Acc: 0.6857, Sensitivity: 1.0000, Specificity: 0.0000, PPV: 0.6857, NPV: 0.0000, F1: 0.8136
  → New best validation AUC: 0.5492
Epoch 9/40 - Train Loss: 0.7013, Train Acc: 0.5357, Train AUC: 0.5191 - Val Loss: 0.7013, Val Acc (0.5): 0.6000, Val AUC: 0.5152
  Train Best Threshold 0.55 → Balanced Acc: 0.5379, Acc: 0.4000, Sensitivity: 0.1183, Specificity: 0.9574, PPV: 0.8462, NPV: 0.3543, F1: 0.2075
  Val Best Threshold 0.05 → Balanced Acc: 0.5000, Acc: 0.6857, Sensitivity: 1.0000, Specificity: 0.0000, PPV: 0.6857, NPV: 0.0000, F1: 0.8136
Epoch 10/40 - Train Loss: 0.6987, Train Acc: 0.6357, Train AUC: 0.5738 - Val Loss: 0.7002, Val Acc (0.5): 0.6000, Val AUC: 0.5682
  Train Best Threshold 0.50 → Balanced Acc: 0.5837, Acc: 0.6357, Sensitivity: 0.7419, Specificity: 0.4255, PPV: 0.7188, NPV: 0.4545, F1: 0.7302
  Val Best Threshold 0.05 → Balanced Acc: 0.5000, Acc: 0.6857, Sensitivity: 1.0000, Specificity: 0.0000, PPV: 0.6857, NPV: 0.0000, F1: 0.8136
  → New best validation AUC: 0.5682
Epoch 11/40 - Train Loss: 0.7055, Train Acc: 0.5286, Train AUC: 0.4676 - Val Loss: 0.6994, Val Acc (0.5): 0.6000, Val AUC: 0.5909
  Train Best Threshold 0.55 → Balanced Acc: 0.5217, Acc: 0.3786, Sensitivity: 0.0860, Specificity: 0.9574, PPV: 0.8000, NPV: 0.3462, F1: 0.1553
  Val Best Threshold 0.05 → Balanced Acc: 0.5000, Acc: 0.6857, Sensitivity: 1.0000, Specificity: 0.0000, PPV: 0.6857, NPV: 0.0000, F1: 0.8136
  → New best validation AUC: 0.5909
Epoch 12/40 - Train Loss: 0.7037, Train Acc: 0.5357, Train AUC: 0.4930 - Val Loss: 0.6985, Val Acc (0.5): 0.6000, Val AUC: 0.6136
  Train Best Threshold 0.55 → Balanced Acc: 0.5324, Acc: 0.3857, Sensitivity: 0.0860, Specificity: 0.9787, PPV: 0.8889, NPV: 0.3511, F1: 0.1569
  Val Best Threshold 0.05 → Balanced Acc: 0.5000, Acc: 0.6857, Sensitivity: 1.0000, Specificity: 0.0000, PPV: 0.6857, NPV: 0.0000, F1: 0.8136
  → New best validation AUC: 0.6136
Epoch 13/40 - Train Loss: 0.6973, Train Acc: 0.6286, Train AUC: 0.5852 - Val Loss: 0.6981, Val Acc (0.5): 0.5429, Val AUC: 0.6174
  Train Best Threshold 0.50 → Balanced Acc: 0.5941, Acc: 0.6286, Sensitivity: 0.6989, Specificity: 0.4894, PPV: 0.7303, NPV: 0.4510, F1: 0.7143
  Val Best Threshold 0.05 → Balanced Acc: 0.5000, Acc: 0.6857, Sensitivity: 1.0000, Specificity: 0.0000, PPV: 0.6857, NPV: 0.0000, F1: 0.8136
  → New best validation AUC: 0.6174
Epoch 14/40 - Train Loss: 0.7012, Train Acc: 0.5643, Train AUC: 0.5509 - Val Loss: 0.6966, Val Acc (0.5): 0.5429, Val AUC: 0.6174
  Train Best Threshold 0.55 → Balanced Acc: 0.5109, Acc: 0.3571, Sensitivity: 0.0430, Specificity: 0.9787, PPV: 0.8000, NPV: 0.3407, F1: 0.0816
  Val Best Threshold 0.05 → Balanced Acc: 0.5000, Acc: 0.6857, Sensitivity: 1.0000, Specificity: 0.0000, PPV: 0.6857, NPV: 0.0000, F1: 0.8136
Epoch 15/40 - Train Loss: 0.6917, Train Acc: 0.6071, Train AUC: 0.6259 - Val Loss: 0.6958, Val Acc (0.5): 0.6000, Val AUC: 0.6212
  Train Best Threshold 0.50 → Balanced Acc: 0.5833, Acc: 0.6071, Sensitivity: 0.6559, Specificity: 0.5106, PPV: 0.7262, NPV: 0.4286, F1: 0.6893
  Val Best Threshold 0.50 → Balanced Acc: 0.5360, Acc: 0.6000, Sensitivity: 0.7083, Specificity: 0.3636, PPV: 0.7083, NPV: 0.3636, F1: 0.7083
  → New best validation AUC: 0.6212
Epoch 16/40 - Train Loss: 0.7000, Train Acc: 0.5714, Train AUC: 0.5541 - Val Loss: 0.6940, Val Acc (0.5): 0.5714, Val AUC: 0.6250
  Train Best Threshold 0.50 → Balanced Acc: 0.5248, Acc: 0.5714, Sensitivity: 0.6667, Specificity: 0.3830, PPV: 0.6813, NPV: 0.3673, F1: 0.6739
  Val Best Threshold 0.50 → Balanced Acc: 0.5890, Acc: 0.5714, Sensitivity: 0.5417, Specificity: 0.6364, PPV: 0.7647, NPV: 0.3889, F1: 0.6341
  → New best validation AUC: 0.6250
Epoch 17/40 - Train Loss: 0.6962, Train Acc: 0.6000, Train AUC: 0.5804 - Val Loss: 0.6927, Val Acc (0.5): 0.5714, Val AUC: 0.6364
  Train Best Threshold 0.50 → Balanced Acc: 0.5779, Acc: 0.6000, Sensitivity: 0.6452, Specificity: 0.5106, PPV: 0.7229, NPV: 0.4211, F1: 0.6818
  Val Best Threshold 0.50 → Balanced Acc: 0.5890, Acc: 0.5714, Sensitivity: 0.5417, Specificity: 0.6364, PPV: 0.7647, NPV: 0.3889, F1: 0.6341
  → New best validation AUC: 0.6364
Epoch 18/40 - Train Loss: 0.6948, Train Acc: 0.6286, Train AUC: 0.6259 - Val Loss: 0.6924, Val Acc (0.5): 0.6000, Val AUC: 0.6439
  Train Best Threshold 0.50 → Balanced Acc: 0.5941, Acc: 0.6286, Sensitivity: 0.6989, Specificity: 0.4894, PPV: 0.7303, NPV: 0.4510, F1: 0.7143
  Val Best Threshold 0.50 → Balanced Acc: 0.6098, Acc: 0.6000, Sensitivity: 0.5833, Specificity: 0.6364, PPV: 0.7778, NPV: 0.4118, F1: 0.6667
  → New best validation AUC: 0.6439
Epoch 19/40 - Train Loss: 0.6919, Train Acc: 0.6143, Train AUC: 0.6628 - Val Loss: 0.6927, Val Acc (0.5): 0.6286, Val AUC: 0.6553
  Train Best Threshold 0.50 → Balanced Acc: 0.6044, Acc: 0.6143, Sensitivity: 0.6344, Specificity: 0.5745, PPV: 0.7468, NPV: 0.4426, F1: 0.6860
  Val Best Threshold 0.50 → Balanced Acc: 0.6061, Acc: 0.6286, Sensitivity: 0.6667, Specificity: 0.5455, PPV: 0.7619, NPV: 0.4286, F1: 0.7111
  → New best validation AUC: 0.6553
Epoch 20/40 - Train Loss: 0.6915, Train Acc: 0.6000, Train AUC: 0.6587 - Val Loss: 0.6926, Val Acc (0.5): 0.6571, Val AUC: 0.6515
  Train Best Threshold 0.50 → Balanced Acc: 0.5779, Acc: 0.6000, Sensitivity: 0.6452, Specificity: 0.5106, PPV: 0.7229, NPV: 0.4211, F1: 0.6818
  Val Best Threshold 0.50 → Balanced Acc: 0.6269, Acc: 0.6571, Sensitivity: 0.7083, Specificity: 0.5455, PPV: 0.7727, NPV: 0.4615, F1: 0.7391
Epoch 21/40 - Train Loss: 0.6895, Train Acc: 0.5786, Train AUC: 0.6550 - Val Loss: 0.6926, Val Acc (0.5): 0.6857, Val AUC: 0.6553
  Train Best Threshold 0.50 → Balanced Acc: 0.5618, Acc: 0.5786, Sensitivity: 0.6129, Specificity: 0.5106, PPV: 0.7125, NPV: 0.4000, F1: 0.6590
  Val Best Threshold 0.50 → Balanced Acc: 0.6477, Acc: 0.6857, Sensitivity: 0.7500, Specificity: 0.5455, PPV: 0.7826, NPV: 0.5000, F1: 0.7660
Epoch 22/40 - Train Loss: 0.6942, Train Acc: 0.5929, Train AUC: 0.6259 - Val Loss: 0.6929, Val Acc (0.5): 0.6857, Val AUC: 0.6780
  Train Best Threshold 0.50 → Balanced Acc: 0.5936, Acc: 0.5929, Sensitivity: 0.5914, Specificity: 0.5957, PPV: 0.7432, NPV: 0.4242, F1: 0.6587
  Val Best Threshold 0.50 → Balanced Acc: 0.6477, Acc: 0.6857, Sensitivity: 0.7500, Specificity: 0.5455, PPV: 0.7826, NPV: 0.5000, F1: 0.7660
  → New best validation AUC: 0.6780
Epoch 23/40 - Train Loss: 0.6939, Train Acc: 0.5714, Train AUC: 0.6124 - Val Loss: 0.6925, Val Acc (0.5): 0.6857, Val AUC: 0.6818
  Train Best Threshold 0.50 → Balanced Acc: 0.5617, Acc: 0.5714, Sensitivity: 0.5914, Specificity: 0.5319, PPV: 0.7143, NPV: 0.3968, F1: 0.6471
  Val Best Threshold 0.50 → Balanced Acc: 0.6477, Acc: 0.6857, Sensitivity: 0.7500, Specificity: 0.5455, PPV: 0.7826, NPV: 0.5000, F1: 0.7660
  → New best validation AUC: 0.6818
Epoch 24/40 - Train Loss: 0.6904, Train Acc: 0.6000, Train AUC: 0.6534 - Val Loss: 0.6917, Val Acc (0.5): 0.6857, Val AUC: 0.6818
  Train Best Threshold 0.50 → Balanced Acc: 0.6042, Acc: 0.6000, Sensitivity: 0.5914, Specificity: 0.6170, PPV: 0.7534, NPV: 0.4328, F1: 0.6627
  Val Best Threshold 0.50 → Balanced Acc: 0.6477, Acc: 0.6857, Sensitivity: 0.7500, Specificity: 0.5455, PPV: 0.7826, NPV: 0.5000, F1: 0.7660
Epoch 25/40 - Train Loss: 0.6840, Train Acc: 0.7000, Train AUC: 0.7490 - Val Loss: 0.6927, Val Acc (0.5): 0.6857, Val AUC: 0.6780
  Train Best Threshold 0.50 → Balanced Acc: 0.6953, Acc: 0.7000, Sensitivity: 0.7097, Specificity: 0.6809, PPV: 0.8148, NPV: 0.5424, F1: 0.7586
  Val Best Threshold 0.50 → Balanced Acc: 0.6477, Acc: 0.6857, Sensitivity: 0.7500, Specificity: 0.5455, PPV: 0.7826, NPV: 0.5000, F1: 0.7660
Epoch 26/40 - Train Loss: 0.6916, Train Acc: 0.6071, Train AUC: 0.6307 - Val Loss: 0.6919, Val Acc (0.5): 0.6857, Val AUC: 0.6856
  Train Best Threshold 0.50 → Balanced Acc: 0.5833, Acc: 0.6071, Sensitivity: 0.6559, Specificity: 0.5106, PPV: 0.7262, NPV: 0.4286, F1: 0.6893
  Val Best Threshold 0.50 → Balanced Acc: 0.6477, Acc: 0.6857, Sensitivity: 0.7500, Specificity: 0.5455, PPV: 0.7826, NPV: 0.5000, F1: 0.7660
  → New best validation AUC: 0.6856
Epoch 27/40 - Train Loss: 0.6870, Train Acc: 0.6357, Train AUC: 0.6655 - Val Loss: 0.6912, Val Acc (0.5): 0.6857, Val AUC: 0.6856
  Train Best Threshold 0.50 → Balanced Acc: 0.6048, Acc: 0.6357, Sensitivity: 0.6989, Specificity: 0.5106, PPV: 0.7386, NPV: 0.4615, F1: 0.7182
  Val Best Threshold 0.50 → Balanced Acc: 0.6477, Acc: 0.6857, Sensitivity: 0.7500, Specificity: 0.5455, PPV: 0.7826, NPV: 0.5000, F1: 0.7660
Epoch 28/40 - Train Loss: 0.6873, Train Acc: 0.6357, Train AUC: 0.6932 - Val Loss: 0.6917, Val Acc (0.5): 0.6857, Val AUC: 0.6780
  Train Best Threshold 0.50 → Balanced Acc: 0.6100, Acc: 0.6357, Sensitivity: 0.6882, Specificity: 0.5319, PPV: 0.7442, NPV: 0.4630, F1: 0.7151
  Val Best Threshold 0.50 → Balanced Acc: 0.6477, Acc: 0.6857, Sensitivity: 0.7500, Specificity: 0.5455, PPV: 0.7826, NPV: 0.5000, F1: 0.7660
Epoch 29/40 - Train Loss: 0.6899, Train Acc: 0.6643, Train AUC: 0.6710 - Val Loss: 0.6909, Val Acc (0.5): 0.6857, Val AUC: 0.6894
  Train Best Threshold 0.50 → Balanced Acc: 0.6526, Acc: 0.6643, Sensitivity: 0.6882, Specificity: 0.6170, PPV: 0.7805, NPV: 0.5000, F1: 0.7314
  Val Best Threshold 0.50 → Balanced Acc: 0.6477, Acc: 0.6857, Sensitivity: 0.7500, Specificity: 0.5455, PPV: 0.7826, NPV: 0.5000, F1: 0.7660
  → New best validation AUC: 0.6894
Epoch 30/40 - Train Loss: 0.6846, Train Acc: 0.6429, Train AUC: 0.7127 - Val Loss: 0.6911, Val Acc (0.5): 0.6857, Val AUC: 0.6894
  Train Best Threshold 0.50 → Balanced Acc: 0.6207, Acc: 0.6429, Sensitivity: 0.6882, Specificity: 0.5532, PPV: 0.7529, NPV: 0.4727, F1: 0.7191
  Val Best Threshold 0.50 → Balanced Acc: 0.6477, Acc: 0.6857, Sensitivity: 0.7500, Specificity: 0.5455, PPV: 0.7826, NPV: 0.5000, F1: 0.7660
Epoch 31/40 - Train Loss: 0.6828, Train Acc: 0.7214, Train AUC: 0.7330 - Val Loss: 0.6908, Val Acc (0.5): 0.6857, Val AUC: 0.6970
  Train Best Threshold 0.50 → Balanced Acc: 0.7167, Acc: 0.7214, Sensitivity: 0.7312, Specificity: 0.7021, PPV: 0.8293, NPV: 0.5690, F1: 0.7771
  Val Best Threshold 0.50 → Balanced Acc: 0.6477, Acc: 0.6857, Sensitivity: 0.7500, Specificity: 0.5455, PPV: 0.7826, NPV: 0.5000, F1: 0.7660
  → New best validation AUC: 0.6970
Epoch 32/40 - Train Loss: 0.6877, Train Acc: 0.6500, Train AUC: 0.6719 - Val Loss: 0.6912, Val Acc (0.5): 0.6857, Val AUC: 0.7083
  Train Best Threshold 0.50 → Balanced Acc: 0.6471, Acc: 0.6500, Sensitivity: 0.6559, Specificity: 0.6383, PPV: 0.7821, NPV: 0.4839, F1: 0.7135
  Val Best Threshold 0.50 → Balanced Acc: 0.6477, Acc: 0.6857, Sensitivity: 0.7500, Specificity: 0.5455, PPV: 0.7826, NPV: 0.5000, F1: 0.7660
  → New best validation AUC: 0.7083
Epoch 33/40 - Train Loss: 0.6777, Train Acc: 0.6929, Train AUC: 0.7557 - Val Loss: 0.6899, Val Acc (0.5): 0.6857, Val AUC: 0.7273
  Train Best Threshold 0.50 → Balanced Acc: 0.6794, Acc: 0.6929, Sensitivity: 0.7204, Specificity: 0.6383, PPV: 0.7976, NPV: 0.5357, F1: 0.7571
  Val Best Threshold 0.50 → Balanced Acc: 0.6477, Acc: 0.6857, Sensitivity: 0.7500, Specificity: 0.5455, PPV: 0.7826, NPV: 0.5000, F1: 0.7660
  → New best validation AUC: 0.7273
Epoch 34/40 - Train Loss: 0.6823, Train Acc: 0.6786, Train AUC: 0.7072 - Val Loss: 0.6899, Val Acc (0.5): 0.7143, Val AUC: 0.7235
  Train Best Threshold 0.50 → Balanced Acc: 0.6633, Acc: 0.6786, Sensitivity: 0.7097, Specificity: 0.6170, PPV: 0.7857, NPV: 0.5179, F1: 0.7458
  Val Best Threshold 0.50 → Balanced Acc: 0.6686, Acc: 0.7143, Sensitivity: 0.7917, Specificity: 0.5455, PPV: 0.7917, NPV: 0.5455, F1: 0.7917
Epoch 35/40 - Train Loss: 0.6774, Train Acc: 0.7571, Train AUC: 0.7875 - Val Loss: 0.6891, Val Acc (0.5): 0.7143, Val AUC: 0.7197
  Train Best Threshold 0.50 → Balanced Acc: 0.7488, Acc: 0.7571, Sensitivity: 0.7742, Specificity: 0.7234, PPV: 0.8471, NPV: 0.6182, F1: 0.8090
  Val Best Threshold 0.50 → Balanced Acc: 0.6686, Acc: 0.7143, Sensitivity: 0.7917, Specificity: 0.5455, PPV: 0.7917, NPV: 0.5455, F1: 0.7917
Epoch 36/40 - Train Loss: 0.6725, Train Acc: 0.7071, Train AUC: 0.8007 - Val Loss: 0.6891, Val Acc (0.5): 0.7143, Val AUC: 0.7121
  Train Best Threshold 0.50 → Balanced Acc: 0.7112, Acc: 0.7071, Sensitivity: 0.6989, Specificity: 0.7234, PPV: 0.8333, NPV: 0.5484, F1: 0.7602
  Val Best Threshold 0.50 → Balanced Acc: 0.6686, Acc: 0.7143, Sensitivity: 0.7917, Specificity: 0.5455, PPV: 0.7917, NPV: 0.5455, F1: 0.7917
Epoch 37/40 - Train Loss: 0.6801, Train Acc: 0.6643, Train AUC: 0.7149 - Val Loss: 0.6878, Val Acc (0.5): 0.6857, Val AUC: 0.7273
  Train Best Threshold 0.50 → Balanced Acc: 0.6473, Acc: 0.6643, Sensitivity: 0.6989, Specificity: 0.5957, PPV: 0.7738, NPV: 0.5000, F1: 0.7345
  Val Best Threshold 0.50 → Balanced Acc: 0.6477, Acc: 0.6857, Sensitivity: 0.7500, Specificity: 0.5455, PPV: 0.7826, NPV: 0.5000, F1: 0.7660
Epoch 38/40 - Train Loss: 0.6807, Train Acc: 0.6429, Train AUC: 0.7172 - Val Loss: 0.6881, Val Acc (0.5): 0.6857, Val AUC: 0.7235
  Train Best Threshold 0.50 → Balanced Acc: 0.6523, Acc: 0.6429, Sensitivity: 0.6237, Specificity: 0.6809, PPV: 0.7945, NPV: 0.4776, F1: 0.6988
  Val Best Threshold 0.50 → Balanced Acc: 0.6477, Acc: 0.6857, Sensitivity: 0.7500, Specificity: 0.5455, PPV: 0.7826, NPV: 0.5000, F1: 0.7660
Epoch 39/40 - Train Loss: 0.6803, Train Acc: 0.6571, Train AUC: 0.6971 - Val Loss: 0.6873, Val Acc (0.5): 0.6857, Val AUC: 0.7273
  Train Best Threshold 0.50 → Balanced Acc: 0.6367, Acc: 0.6571, Sensitivity: 0.6989, Specificity: 0.5745, PPV: 0.7647, NPV: 0.4909, F1: 0.7303
  Val Best Threshold 0.50 → Balanced Acc: 0.6477, Acc: 0.6857, Sensitivity: 0.7500, Specificity: 0.5455, PPV: 0.7826, NPV: 0.5000, F1: 0.7660
Epoch 40/40 - Train Loss: 0.6818, Train Acc: 0.6571, Train AUC: 0.6795 - Val Loss: 0.6877, Val Acc (0.5): 0.7143, Val AUC: 0.7386
  Train Best Threshold 0.50 → Balanced Acc: 0.6525, Acc: 0.6571, Sensitivity: 0.6667, Specificity: 0.6383, PPV: 0.7848, NPV: 0.4918, F1: 0.7209
  Val Best Threshold 0.50 → Balanced Acc: 0.6686, Acc: 0.7143, Sensitivity: 0.7917, Specificity: 0.5455, PPV: 0.7917, NPV: 0.5455, F1: 0.7917
  → New best validation AUC: 0.7386
Loaded best model with validation AUC: 0.7386
Final Train Results (Best Model) at epoch 40 - Loss: 0.6666, Accuracy: 0.7429, AUC: 0.8421
Final Val Results (Best Model) at epoch 40 - Loss: 0.6877, Accuracy: 0.7143, AUC: 0.7386
Train Best Threshold: 0.50 | Balanced Acc: 0.7538 | Acc: 0.7429 | Sensitivity: 0.7204 | Specificity: 0.7872 | PPV: 0.8701 | NPV: 0.5873 | F1: 0.7882
Train Confusion Matrix at Best Threshold (rows=actual [0,1], cols=predicted [0,1]):
[[37 10]
 [26 67]]
Val Best Threshold: 0.50 | Balanced Acc: 0.6686 | Acc: 0.7143 | Sensitivity: 0.7917 | Specificity: 0.5455 | PPV: 0.7917 | NPV: 0.5455 | F1: 0.7917
Val Confusion Matrix at Best Threshold (rows=actual [0,1], cols=predicted [0,1]):
[[ 6  5]
 [ 5 19]]
Fold 3 class distribution:
  Train: Class 0=46 (32.9%), Class 1=94 (67.1%)
  Val:   Class 0=12 (34.3%), Class 1=23 (65.7%)

======================================================================
Fold 3/5
======================================================================
Train: 140 patients
Val: 35 patients
Fitting clinical preprocessor on training data...
Built clinical feature dictionaries: train=140, val=35
Clinical input dimension: 5
Backbone feature dimension: 1280
Created mean pooling model with backbone efficientnetv2_b0
Using device: cuda
Class weights: [1.0, 0.4893617033958435]
Weight decay (L2 reg): 0.0001
Label smoothing: 0.1

Epoch 1/40 - Train Loss: 0.7195, Train Acc: 0.5357, Train AUC: 0.3279 - Val Loss: 0.7237, Val Acc (0.5): 0.6571, Val AUC: 0.2862
  Train Best Threshold 0.45 → Balanced Acc: 0.5109, Acc: 0.6786, Sensitivity: 1.0000, Specificity: 0.0217, PPV: 0.6763, NPV: 1.0000, F1: 0.8069
  Val Best Threshold 0.05 → Balanced Acc: 0.5000, Acc: 0.6571, Sensitivity: 1.0000, Specificity: 0.0000, PPV: 0.6571, NPV: 0.0000, F1: 0.7931
  → New best validation AUC: 0.2862
Epoch 2/40 - Train Loss: 0.7078, Train Acc: 0.5571, Train AUC: 0.4253 - Val Loss: 0.7152, Val Acc (0.5): 0.6571, Val AUC: 0.3297
  Train Best Threshold 0.55 → Balanced Acc: 0.5315, Acc: 0.3857, Sensitivity: 0.1064, Specificity: 0.9565, PPV: 0.8333, NPV: 0.3438, F1: 0.1887
  Val Best Threshold 0.05 → Balanced Acc: 0.5000, Acc: 0.6571, Sensitivity: 1.0000, Specificity: 0.0000, PPV: 0.6571, NPV: 0.0000, F1: 0.7931
  → New best validation AUC: 0.3297
Epoch 3/40 - Train Loss: 0.7074, Train Acc: 0.6000, Train AUC: 0.4790 - Val Loss: 0.7128, Val Acc (0.5): 0.6286, Val AUC: 0.3478
  Train Best Threshold 0.50 → Balanced Acc: 0.5301, Acc: 0.6000, Sensitivity: 0.7340, Specificity: 0.3261, PPV: 0.6900, NPV: 0.3750, F1: 0.7113
  Val Best Threshold 0.05 → Balanced Acc: 0.5000, Acc: 0.6571, Sensitivity: 1.0000, Specificity: 0.0000, PPV: 0.6571, NPV: 0.0000, F1: 0.7931
  → New best validation AUC: 0.3478
Epoch 4/40 - Train Loss: 0.7049, Train Acc: 0.5929, Train AUC: 0.5021 - Val Loss: 0.7094, Val Acc (0.5): 0.6286, Val AUC: 0.4094
  Train Best Threshold 0.55 → Balanced Acc: 0.5046, Acc: 0.3571, Sensitivity: 0.0745, Specificity: 0.9348, PPV: 0.7000, NPV: 0.3308, F1: 0.1346
  Val Best Threshold 0.05 → Balanced Acc: 0.5000, Acc: 0.6571, Sensitivity: 1.0000, Specificity: 0.0000, PPV: 0.6571, NPV: 0.0000, F1: 0.7931
  → New best validation AUC: 0.4094
Epoch 5/40 - Train Loss: 0.7051, Train Acc: 0.6071, Train AUC: 0.5012 - Val Loss: 0.7084, Val Acc (0.5): 0.6286, Val AUC: 0.4167
  Train Best Threshold 0.50 → Balanced Acc: 0.5298, Acc: 0.6071, Sensitivity: 0.7553, Specificity: 0.3043, PPV: 0.6893, NPV: 0.3784, F1: 0.7208
  Val Best Threshold 0.05 → Balanced Acc: 0.5000, Acc: 0.6571, Sensitivity: 1.0000, Specificity: 0.0000, PPV: 0.6571, NPV: 0.0000, F1: 0.7931
  → New best validation AUC: 0.4167
Epoch 6/40 - Train Loss: 0.7069, Train Acc: 0.6000, Train AUC: 0.4651 - Val Loss: 0.7068, Val Acc (0.5): 0.6286, Val AUC: 0.4239
  Train Best Threshold 0.45 → Balanced Acc: 0.5109, Acc: 0.6786, Sensitivity: 1.0000, Specificity: 0.0217, PPV: 0.6763, NPV: 1.0000, F1: 0.8069
  Val Best Threshold 0.05 → Balanced Acc: 0.5000, Acc: 0.6571, Sensitivity: 1.0000, Specificity: 0.0000, PPV: 0.6571, NPV: 0.0000, F1: 0.7931
  → New best validation AUC: 0.4239
Epoch 7/40 - Train Loss: 0.7024, Train Acc: 0.5643, Train AUC: 0.5370 - Val Loss: 0.7060, Val Acc (0.5): 0.6286, Val AUC: 0.4493
  Train Best Threshold 0.55 → Balanced Acc: 0.5208, Acc: 0.3714, Sensitivity: 0.0851, Specificity: 0.9565, PPV: 0.8000, NPV: 0.3385, F1: 0.1538
  Val Best Threshold 0.05 → Balanced Acc: 0.5000, Acc: 0.6571, Sensitivity: 1.0000, Specificity: 0.0000, PPV: 0.6571, NPV: 0.0000, F1: 0.7931
  → New best validation AUC: 0.4493
Epoch 8/40 - Train Loss: 0.7047, Train Acc: 0.5857, Train AUC: 0.5037 - Val Loss: 0.7037, Val Acc (0.5): 0.5714, Val AUC: 0.4928
  Train Best Threshold 0.50 → Balanced Acc: 0.5139, Acc: 0.5857, Sensitivity: 0.7234, Specificity: 0.3043, PPV: 0.6800, NPV: 0.3500, F1: 0.7010
  Val Best Threshold 0.05 → Balanced Acc: 0.5000, Acc: 0.6571, Sensitivity: 1.0000, Specificity: 0.0000, PPV: 0.6571, NPV: 0.0000, F1: 0.7931
  → New best validation AUC: 0.4928
Epoch 9/40 - Train Loss: 0.6964, Train Acc: 0.6286, Train AUC: 0.6253 - Val Loss: 0.7016, Val Acc (0.5): 0.5429, Val AUC: 0.5072
  Train Best Threshold 0.50 → Balanced Acc: 0.5680, Acc: 0.6286, Sensitivity: 0.7447, Specificity: 0.3913, PPV: 0.7143, NPV: 0.4286, F1: 0.7292
  Val Best Threshold 0.05 → Balanced Acc: 0.5000, Acc: 0.6571, Sensitivity: 1.0000, Specificity: 0.0000, PPV: 0.6571, NPV: 0.0000, F1: 0.7931
  → New best validation AUC: 0.5072
Epoch 10/40 - Train Loss: 0.7029, Train Acc: 0.5929, Train AUC: 0.5266 - Val Loss: 0.7010, Val Acc (0.5): 0.5143, Val AUC: 0.5326
  Train Best Threshold 0.50 → Balanced Acc: 0.5469, Acc: 0.5929, Sensitivity: 0.6809, Specificity: 0.4130, PPV: 0.7033, NPV: 0.3878, F1: 0.6919
  Val Best Threshold 0.05 → Balanced Acc: 0.5000, Acc: 0.6571, Sensitivity: 1.0000, Specificity: 0.0000, PPV: 0.6571, NPV: 0.0000, F1: 0.7931
  → New best validation AUC: 0.5326
Epoch 11/40 - Train Loss: 0.6964, Train Acc: 0.5714, Train AUC: 0.5978 - Val Loss: 0.7009, Val Acc (0.5): 0.5429, Val AUC: 0.5471
  Train Best Threshold 0.50 → Balanced Acc: 0.5587, Acc: 0.5714, Sensitivity: 0.5957, Specificity: 0.5217, PPV: 0.7179, NPV: 0.3871, F1: 0.6512
  Val Best Threshold 0.05 → Balanced Acc: 0.5000, Acc: 0.6571, Sensitivity: 1.0000, Specificity: 0.0000, PPV: 0.6571, NPV: 0.0000, F1: 0.7931
  → New best validation AUC: 0.5471
Epoch 12/40 - Train Loss: 0.7077, Train Acc: 0.4857, Train AUC: 0.4547 - Val Loss: 0.7005, Val Acc (0.5): 0.5714, Val AUC: 0.5652
  Train Best Threshold 0.05 → Balanced Acc: 0.5000, Acc: 0.6714, Sensitivity: 1.0000, Specificity: 0.0000, PPV: 0.6714, NPV: 0.0000, F1: 0.8034
  Val Best Threshold 0.05 → Balanced Acc: 0.5000, Acc: 0.6571, Sensitivity: 1.0000, Specificity: 0.0000, PPV: 0.6571, NPV: 0.0000, F1: 0.7931
  → New best validation AUC: 0.5652
Epoch 13/40 - Train Loss: 0.7000, Train Acc: 0.5714, Train AUC: 0.5793 - Val Loss: 0.6995, Val Acc (0.5): 0.5429, Val AUC: 0.5652
  Train Best Threshold 0.50 → Balanced Acc: 0.5310, Acc: 0.5714, Sensitivity: 0.6489, Specificity: 0.4130, PPV: 0.6932, NPV: 0.3654, F1: 0.6703
  Val Best Threshold 0.05 → Balanced Acc: 0.5000, Acc: 0.6571, Sensitivity: 1.0000, Specificity: 0.0000, PPV: 0.6571, NPV: 0.0000, F1: 0.7931
Epoch 14/40 - Train Loss: 0.7034, Train Acc: 0.5500, Train AUC: 0.4917 - Val Loss: 0.6981, Val Acc (0.5): 0.6286, Val AUC: 0.5870
  Train Best Threshold 0.55 → Balanced Acc: 0.5319, Acc: 0.3714, Sensitivity: 0.0638, Specificity: 1.0000, PPV: 1.0000, NPV: 0.3433, F1: 0.1200
  Val Best Threshold 0.50 → Balanced Acc: 0.5580, Acc: 0.6286, Sensitivity: 0.7826, Specificity: 0.3333, PPV: 0.6923, NPV: 0.4444, F1: 0.7347
  → New best validation AUC: 0.5870
Epoch 15/40 - Train Loss: 0.6987, Train Acc: 0.6071, Train AUC: 0.5900 - Val Loss: 0.6966, Val Acc (0.5): 0.6000, Val AUC: 0.6087
  Train Best Threshold 0.50 → Balanced Acc: 0.5853, Acc: 0.6071, Sensitivity: 0.6489, Specificity: 0.5217, PPV: 0.7349, NPV: 0.4211, F1: 0.6893
  Val Best Threshold 0.50 → Balanced Acc: 0.5362, Acc: 0.6000, Sensitivity: 0.7391, Specificity: 0.3333, PPV: 0.6800, NPV: 0.4000, F1: 0.7083
  → New best validation AUC: 0.6087
Epoch 16/40 - Train Loss: 0.6964, Train Acc: 0.5786, Train AUC: 0.6059 - Val Loss: 0.6950, Val Acc (0.5): 0.5714, Val AUC: 0.6377
  Train Best Threshold 0.50 → Balanced Acc: 0.5474, Acc: 0.5786, Sensitivity: 0.6383, Specificity: 0.4565, PPV: 0.7059, NPV: 0.3818, F1: 0.6704
  Val Best Threshold 0.50 → Balanced Acc: 0.5145, Acc: 0.5714, Sensitivity: 0.6957, Specificity: 0.3333, PPV: 0.6667, NPV: 0.3636, F1: 0.6809
  → New best validation AUC: 0.6377
Epoch 17/40 - Train Loss: 0.6952, Train Acc: 0.5857, Train AUC: 0.6131 - Val Loss: 0.6941, Val Acc (0.5): 0.5714, Val AUC: 0.6449
  Train Best Threshold 0.50 → Balanced Acc: 0.5638, Acc: 0.5857, Sensitivity: 0.6277, Specificity: 0.5000, PPV: 0.7195, NPV: 0.3966, F1: 0.6705
  Val Best Threshold 0.50 → Balanced Acc: 0.5145, Acc: 0.5714, Sensitivity: 0.6957, Specificity: 0.3333, PPV: 0.6667, NPV: 0.3636, F1: 0.6809
  → New best validation AUC: 0.6449
Epoch 18/40 - Train Loss: 0.6943, Train Acc: 0.5929, Train AUC: 0.6355 - Val Loss: 0.6933, Val Acc (0.5): 0.5714, Val AUC: 0.6449
  Train Best Threshold 0.50 → Balanced Acc: 0.5580, Acc: 0.5929, Sensitivity: 0.6596, Specificity: 0.4565, PPV: 0.7126, NPV: 0.3962, F1: 0.6851
  Val Best Threshold 0.50 → Balanced Acc: 0.5344, Acc: 0.5714, Sensitivity: 0.6522, Specificity: 0.4167, PPV: 0.6818, NPV: 0.3846, F1: 0.6667
Epoch 19/40 - Train Loss: 0.7049, Train Acc: 0.5214, Train AUC: 0.4732 - Val Loss: 0.6934, Val Acc (0.5): 0.5714, Val AUC: 0.6522
  Train Best Threshold 0.55 → Balanced Acc: 0.5210, Acc: 0.3643, Sensitivity: 0.0638, Specificity: 0.9783, PPV: 0.8571, NPV: 0.3383, F1: 0.1188
  Val Best Threshold 0.50 → Balanced Acc: 0.5344, Acc: 0.5714, Sensitivity: 0.6522, Specificity: 0.4167, PPV: 0.6818, NPV: 0.3846, F1: 0.6667
  → New best validation AUC: 0.6522
Epoch 20/40 - Train Loss: 0.6942, Train Acc: 0.6286, Train AUC: 0.6325 - Val Loss: 0.6911, Val Acc (0.5): 0.6000, Val AUC: 0.6630
  Train Best Threshold 0.50 → Balanced Acc: 0.6124, Acc: 0.6286, Sensitivity: 0.6596, Specificity: 0.5652, PPV: 0.7561, NPV: 0.4483, F1: 0.7045
  Val Best Threshold 0.50 → Balanced Acc: 0.5761, Acc: 0.6000, Sensitivity: 0.6522, Specificity: 0.5000, PPV: 0.7143, NPV: 0.4286, F1: 0.6818
  → New best validation AUC: 0.6630
Epoch 21/40 - Train Loss: 0.6936, Train Acc: 0.6357, Train AUC: 0.6515 - Val Loss: 0.6903, Val Acc (0.5): 0.6286, Val AUC: 0.6594
  Train Best Threshold 0.50 → Balanced Acc: 0.6177, Acc: 0.6357, Sensitivity: 0.6702, Specificity: 0.5652, PPV: 0.7590, NPV: 0.4561, F1: 0.7119
  Val Best Threshold 0.50 → Balanced Acc: 0.6178, Acc: 0.6286, Sensitivity: 0.6522, Specificity: 0.5833, PPV: 0.7500, NPV: 0.4667, F1: 0.6977
Epoch 22/40 - Train Loss: 0.6981, Train Acc: 0.5571, Train AUC: 0.5786 - Val Loss: 0.6894, Val Acc (0.5): 0.6000, Val AUC: 0.6594
  Train Best Threshold 0.50 → Balanced Acc: 0.5814, Acc: 0.5571, Sensitivity: 0.5106, Specificity: 0.6522, PPV: 0.7500, NPV: 0.3947, F1: 0.6076
  Val Best Threshold 0.50 → Balanced Acc: 0.5960, Acc: 0.6000, Sensitivity: 0.6087, Specificity: 0.5833, PPV: 0.7368, NPV: 0.4375, F1: 0.6667
Epoch 23/40 - Train Loss: 0.6940, Train Acc: 0.5786, Train AUC: 0.6339 - Val Loss: 0.6884, Val Acc (0.5): 0.6286, Val AUC: 0.6848
  Train Best Threshold 0.50 → Balanced Acc: 0.5918, Acc: 0.5786, Sensitivity: 0.5532, Specificity: 0.6304, PPV: 0.7536, NPV: 0.4085, F1: 0.6380
  Val Best Threshold 0.50 → Balanced Acc: 0.6377, Acc: 0.6286, Sensitivity: 0.6087, Specificity: 0.6667, PPV: 0.7778, NPV: 0.4706, F1: 0.6829
  → New best validation AUC: 0.6848
Epoch 24/40 - Train Loss: 0.6896, Train Acc: 0.6214, Train AUC: 0.6913 - Val Loss: 0.6883, Val Acc (0.5): 0.6000, Val AUC: 0.6848
  Train Best Threshold 0.50 → Balanced Acc: 0.6515, Acc: 0.6214, Sensitivity: 0.5638, Specificity: 0.7391, PPV: 0.8154, NPV: 0.4533, F1: 0.6667
  Val Best Threshold 0.50 → Balanced Acc: 0.5960, Acc: 0.6000, Sensitivity: 0.6087, Specificity: 0.5833, PPV: 0.7368, NPV: 0.4375, F1: 0.6667
Epoch 25/40 - Train Loss: 0.6889, Train Acc: 0.6286, Train AUC: 0.6975 - Val Loss: 0.6878, Val Acc (0.5): 0.6286, Val AUC: 0.6920
  Train Best Threshold 0.50 → Balanced Acc: 0.6512, Acc: 0.6286, Sensitivity: 0.5851, Specificity: 0.7174, PPV: 0.8088, NPV: 0.4583, F1: 0.6790
  Val Best Threshold 0.50 → Balanced Acc: 0.6178, Acc: 0.6286, Sensitivity: 0.6522, Specificity: 0.5833, PPV: 0.7500, NPV: 0.4667, F1: 0.6977
  → New best validation AUC: 0.6920
Epoch 26/40 - Train Loss: 0.6834, Train Acc: 0.6500, Train AUC: 0.7327 - Val Loss: 0.6864, Val Acc (0.5): 0.6000, Val AUC: 0.6993
  Train Best Threshold 0.50 → Balanced Acc: 0.6672, Acc: 0.6500, Sensitivity: 0.6170, Specificity: 0.7174, PPV: 0.8169, NPV: 0.4783, F1: 0.7030
  Val Best Threshold 0.50 → Balanced Acc: 0.6159, Acc: 0.6000, Sensitivity: 0.5652, Specificity: 0.6667, PPV: 0.7647, NPV: 0.4444, F1: 0.6500
  → New best validation AUC: 0.6993
Epoch 27/40 - Train Loss: 0.6998, Train Acc: 0.5286, Train AUC: 0.5583 - Val Loss: 0.6861, Val Acc (0.5): 0.6000, Val AUC: 0.6957
  Train Best Threshold 0.50 → Balanced Acc: 0.5102, Acc: 0.5286, Sensitivity: 0.5638, Specificity: 0.4565, PPV: 0.6795, NPV: 0.3387, F1: 0.6163
  Val Best Threshold 0.50 → Balanced Acc: 0.6159, Acc: 0.6000, Sensitivity: 0.5652, Specificity: 0.6667, PPV: 0.7647, NPV: 0.4444, F1: 0.6500
Epoch 28/40 - Train Loss: 0.6861, Train Acc: 0.6071, Train AUC: 0.6887 - Val Loss: 0.6863, Val Acc (0.5): 0.6571, Val AUC: 0.7029
  Train Best Threshold 0.50 → Balanced Acc: 0.6297, Acc: 0.6071, Sensitivity: 0.5638, Specificity: 0.6957, PPV: 0.7910, NPV: 0.4384, F1: 0.6584
  Val Best Threshold 0.50 → Balanced Acc: 0.6594, Acc: 0.6571, Sensitivity: 0.6522, Specificity: 0.6667, PPV: 0.7895, NPV: 0.5000, F1: 0.7143
  → New best validation AUC: 0.7029
Epoch 29/40 - Train Loss: 0.6861, Train Acc: 0.6500, Train AUC: 0.6866 - Val Loss: 0.6860, Val Acc (0.5): 0.6571, Val AUC: 0.7065
  Train Best Threshold 0.50 → Balanced Acc: 0.6728, Acc: 0.6500, Sensitivity: 0.6064, Specificity: 0.7391, PPV: 0.8261, NPV: 0.4789, F1: 0.6994
  Val Best Threshold 0.50 → Balanced Acc: 0.6594, Acc: 0.6571, Sensitivity: 0.6522, Specificity: 0.6667, PPV: 0.7895, NPV: 0.5000, F1: 0.7143
  → New best validation AUC: 0.7065
Epoch 30/40 - Train Loss: 0.6838, Train Acc: 0.6786, Train AUC: 0.7181 - Val Loss: 0.6857, Val Acc (0.5): 0.6571, Val AUC: 0.7138
  Train Best Threshold 0.50 → Balanced Acc: 0.6774, Acc: 0.6786, Sensitivity: 0.6809, Specificity: 0.6739, PPV: 0.8101, NPV: 0.5082, F1: 0.7399
  Val Best Threshold 0.50 → Balanced Acc: 0.6594, Acc: 0.6571, Sensitivity: 0.6522, Specificity: 0.6667, PPV: 0.7895, NPV: 0.5000, F1: 0.7143
  → New best validation AUC: 0.7138
Epoch 31/40 - Train Loss: 0.6899, Train Acc: 0.6000, Train AUC: 0.6623 - Val Loss: 0.6851, Val Acc (0.5): 0.6571, Val AUC: 0.7246
  Train Best Threshold 0.50 → Balanced Acc: 0.6189, Acc: 0.6000, Sensitivity: 0.5638, Specificity: 0.6739, PPV: 0.7794, NPV: 0.4306, F1: 0.6543
  Val Best Threshold 0.50 → Balanced Acc: 0.6594, Acc: 0.6571, Sensitivity: 0.6522, Specificity: 0.6667, PPV: 0.7895, NPV: 0.5000, F1: 0.7143
  → New best validation AUC: 0.7246
Epoch 32/40 - Train Loss: 0.6889, Train Acc: 0.5929, Train AUC: 0.6859 - Val Loss: 0.6842, Val Acc (0.5): 0.6571, Val AUC: 0.7246
  Train Best Threshold 0.50 → Balanced Acc: 0.6358, Acc: 0.5929, Sensitivity: 0.5106, Specificity: 0.7609, PPV: 0.8136, NPV: 0.4321, F1: 0.6275
  Val Best Threshold 0.50 → Balanced Acc: 0.6594, Acc: 0.6571, Sensitivity: 0.6522, Specificity: 0.6667, PPV: 0.7895, NPV: 0.5000, F1: 0.7143
Epoch 33/40 - Train Loss: 0.6896, Train Acc: 0.6000, Train AUC: 0.6573 - Val Loss: 0.6833, Val Acc (0.5): 0.6571, Val AUC: 0.7246
  Train Best Threshold 0.50 → Balanced Acc: 0.6078, Acc: 0.6000, Sensitivity: 0.5851, Specificity: 0.6304, PPV: 0.7639, NPV: 0.4265, F1: 0.6627
  Val Best Threshold 0.50 → Balanced Acc: 0.6594, Acc: 0.6571, Sensitivity: 0.6522, Specificity: 0.6667, PPV: 0.7895, NPV: 0.5000, F1: 0.7143
Epoch 34/40 - Train Loss: 0.6806, Train Acc: 0.6357, Train AUC: 0.7516 - Val Loss: 0.6823, Val Acc (0.5): 0.6286, Val AUC: 0.7283
  Train Best Threshold 0.50 → Balanced Acc: 0.6732, Acc: 0.6357, Sensitivity: 0.5638, Specificity: 0.7826, PPV: 0.8413, NPV: 0.4675, F1: 0.6752
  Val Best Threshold 0.50 → Balanced Acc: 0.6377, Acc: 0.6286, Sensitivity: 0.6087, Specificity: 0.6667, PPV: 0.7778, NPV: 0.4706, F1: 0.6829
  → New best validation AUC: 0.7283
Epoch 35/40 - Train Loss: 0.6823, Train Acc: 0.6571, Train AUC: 0.7287 - Val Loss: 0.6809, Val Acc (0.5): 0.6000, Val AUC: 0.7355
  Train Best Threshold 0.50 → Balanced Acc: 0.6670, Acc: 0.6571, Sensitivity: 0.6383, Specificity: 0.6957, PPV: 0.8108, NPV: 0.4848, F1: 0.7143
  Val Best Threshold 0.50 → Balanced Acc: 0.6159, Acc: 0.6000, Sensitivity: 0.5652, Specificity: 0.6667, PPV: 0.7647, NPV: 0.4444, F1: 0.6500
  → New best validation AUC: 0.7355
Epoch 36/40 - Train Loss: 0.6781, Train Acc: 0.6714, Train AUC: 0.7641 - Val Loss: 0.6796, Val Acc (0.5): 0.6000, Val AUC: 0.7391
  Train Best Threshold 0.50 → Balanced Acc: 0.6998, Acc: 0.6714, Sensitivity: 0.6170, Specificity: 0.7826, PPV: 0.8529, NPV: 0.5000, F1: 0.7160
  Val Best Threshold 0.50 → Balanced Acc: 0.6159, Acc: 0.6000, Sensitivity: 0.5652, Specificity: 0.6667, PPV: 0.7647, NPV: 0.4444, F1: 0.6500
  → New best validation AUC: 0.7391
Epoch 37/40 - Train Loss: 0.6818, Train Acc: 0.6143, Train AUC: 0.7188 - Val Loss: 0.6782, Val Acc (0.5): 0.6000, Val AUC: 0.7428
  Train Best Threshold 0.50 → Balanced Acc: 0.6462, Acc: 0.6143, Sensitivity: 0.5532, Specificity: 0.7391, PPV: 0.8125, NPV: 0.4474, F1: 0.6582
  Val Best Threshold 0.50 → Balanced Acc: 0.6359, Acc: 0.6000, Sensitivity: 0.5217, Specificity: 0.7500, PPV: 0.8000, NPV: 0.4500, F1: 0.6316
  → New best validation AUC: 0.7428
Epoch 38/40 - Train Loss: 0.6767, Train Acc: 0.6429, Train AUC: 0.7433 - Val Loss: 0.6779, Val Acc (0.5): 0.6286, Val AUC: 0.7500
  Train Best Threshold 0.50 → Balanced Acc: 0.6563, Acc: 0.6429, Sensitivity: 0.6170, Specificity: 0.6957, PPV: 0.8056, NPV: 0.4706, F1: 0.6988
  Val Best Threshold 0.50 → Balanced Acc: 0.6377, Acc: 0.6286, Sensitivity: 0.6087, Specificity: 0.6667, PPV: 0.7778, NPV: 0.4706, F1: 0.6829
  → New best validation AUC: 0.7500
Epoch 39/40 - Train Loss: 0.6793, Train Acc: 0.5929, Train AUC: 0.7012 - Val Loss: 0.6767, Val Acc (0.5): 0.6286, Val AUC: 0.7717
  Train Best Threshold 0.50 → Balanced Acc: 0.6191, Acc: 0.5929, Sensitivity: 0.5426, Specificity: 0.6957, PPV: 0.7846, NPV: 0.4267, F1: 0.6415
  Val Best Threshold 0.50 → Balanced Acc: 0.6377, Acc: 0.6286, Sensitivity: 0.6087, Specificity: 0.6667, PPV: 0.7778, NPV: 0.4706, F1: 0.6829
  → New best validation AUC: 0.7717
Epoch 40/40 - Train Loss: 0.6840, Train Acc: 0.6143, Train AUC: 0.6940 - Val Loss: 0.6763, Val Acc (0.5): 0.6286, Val AUC: 0.7645
  Train Best Threshold 0.50 → Balanced Acc: 0.6462, Acc: 0.6143, Sensitivity: 0.5532, Specificity: 0.7391, PPV: 0.8125, NPV: 0.4474, F1: 0.6582
  Val Best Threshold 0.50 → Balanced Acc: 0.6377, Acc: 0.6286, Sensitivity: 0.6087, Specificity: 0.6667, PPV: 0.7778, NPV: 0.4706, F1: 0.6829
Loaded best model with validation AUC: 0.7717
Final Train Results (Best Model) at epoch 39 - Loss: 0.6748, Accuracy: 0.7000, AUC: 0.8039
Final Val Results (Best Model) at epoch 39 - Loss: 0.6767, Accuracy: 0.6286, AUC: 0.7717
Train Best Threshold: 0.50 | Balanced Acc: 0.7488 | Acc: 0.7000 | Sensitivity: 0.6064 | Specificity: 0.8913 | PPV: 0.9194 | NPV: 0.5256 | F1: 0.7308
Train Confusion Matrix at Best Threshold (rows=actual [0,1], cols=predicted [0,1]):
[[41  5]
 [37 57]]
Val Best Threshold: 0.50 | Balanced Acc: 0.6377 | Acc: 0.6286 | Sensitivity: 0.6087 | Specificity: 0.6667 | PPV: 0.7778 | NPV: 0.4706 | F1: 0.6829
Val Confusion Matrix at Best Threshold (rows=actual [0,1], cols=predicted [0,1]):
[[ 8  4]
 [ 9 14]]
Fold 4 class distribution:
  Train: Class 0=46 (32.9%), Class 1=94 (67.1%)
  Val:   Class 0=12 (34.3%), Class 1=23 (65.7%)

======================================================================
Fold 4/5
======================================================================
Train: 140 patients
Val: 35 patients
Fitting clinical preprocessor on training data...
Built clinical feature dictionaries: train=140, val=35
Clinical input dimension: 5
Backbone feature dimension: 1280
Created mean pooling model with backbone efficientnetv2_b0
Using device: cuda
Class weights: [1.0, 0.4893617033958435]
Weight decay (L2 reg): 0.0001
Label smoothing: 0.1

Epoch 1/40 - Train Loss: 0.7051, Train Acc: 0.6500, Train AUC: 0.5044 - Val Loss: 0.7284, Val Acc (0.5): 0.6571, Val AUC: 0.1558
  Train Best Threshold 0.50 → Balanced Acc: 0.5340, Acc: 0.6500, Sensitivity: 0.8723, Specificity: 0.1957, PPV: 0.6891, NPV: 0.4286, F1: 0.7700
  Val Best Threshold 0.05 → Balanced Acc: 0.5000, Acc: 0.6571, Sensitivity: 1.0000, Specificity: 0.0000, PPV: 0.6571, NPV: 0.0000, F1: 0.7931
  → New best validation AUC: 0.1558
Epoch 2/40 - Train Loss: 0.7064, Train Acc: 0.5714, Train AUC: 0.4861 - Val Loss: 0.7195, Val Acc (0.5): 0.6571, Val AUC: 0.1848
  Train Best Threshold 0.55 → Balanced Acc: 0.5204, Acc: 0.3857, Sensitivity: 0.1277, Specificity: 0.9130, PPV: 0.7500, NPV: 0.3387, F1: 0.2182
  Val Best Threshold 0.55 → Balanced Acc: 0.5435, Acc: 0.4000, Sensitivity: 0.0870, Specificity: 1.0000, PPV: 1.0000, NPV: 0.3636, F1: 0.1600
  → New best validation AUC: 0.1848
Epoch 3/40 - Train Loss: 0.7116, Train Acc: 0.5429, Train AUC: 0.4297 - Val Loss: 0.7154, Val Acc (0.5): 0.6286, Val AUC: 0.2681
  Train Best Threshold 0.05 → Balanced Acc: 0.5000, Acc: 0.6714, Sensitivity: 1.0000, Specificity: 0.0000, PPV: 0.6714, NPV: 0.0000, F1: 0.8034
  Val Best Threshold 0.05 → Balanced Acc: 0.5000, Acc: 0.6571, Sensitivity: 1.0000, Specificity: 0.0000, PPV: 0.6571, NPV: 0.0000, F1: 0.7931
  → New best validation AUC: 0.2681
Epoch 4/40 - Train Loss: 0.7137, Train Acc: 0.5643, Train AUC: 0.4049 - Val Loss: 0.7109, Val Acc (0.5): 0.6000, Val AUC: 0.2935
  Train Best Threshold 0.05 → Balanced Acc: 0.5000, Acc: 0.6714, Sensitivity: 1.0000, Specificity: 0.0000, PPV: 0.6714, NPV: 0.0000, F1: 0.8034
  Val Best Threshold 0.05 → Balanced Acc: 0.5000, Acc: 0.6571, Sensitivity: 1.0000, Specificity: 0.0000, PPV: 0.6571, NPV: 0.0000, F1: 0.7931
  → New best validation AUC: 0.2935
Epoch 5/40 - Train Loss: 0.6998, Train Acc: 0.6143, Train AUC: 0.5523 - Val Loss: 0.7100, Val Acc (0.5): 0.6000, Val AUC: 0.2935
  Train Best Threshold 0.50 → Balanced Acc: 0.5407, Acc: 0.6143, Sensitivity: 0.7553, Specificity: 0.3261, PPV: 0.6961, NPV: 0.3947, F1: 0.7245
  Val Best Threshold 0.05 → Balanced Acc: 0.5000, Acc: 0.6571, Sensitivity: 1.0000, Specificity: 0.0000, PPV: 0.6571, NPV: 0.0000, F1: 0.7931
Epoch 6/40 - Train Loss: 0.7096, Train Acc: 0.5571, Train AUC: 0.4396 - Val Loss: 0.7090, Val Acc (0.5): 0.6000, Val AUC: 0.3370
  Train Best Threshold 0.55 → Balanced Acc: 0.5046, Acc: 0.3571, Sensitivity: 0.0745, Specificity: 0.9348, PPV: 0.7000, NPV: 0.3308, F1: 0.1346
  Val Best Threshold 0.05 → Balanced Acc: 0.5000, Acc: 0.6571, Sensitivity: 1.0000, Specificity: 0.0000, PPV: 0.6571, NPV: 0.0000, F1: 0.7931
  → New best validation AUC: 0.3370
Epoch 7/40 - Train Loss: 0.7068, Train Acc: 0.5643, Train AUC: 0.4713 - Val Loss: 0.7086, Val Acc (0.5): 0.6000, Val AUC: 0.3623
  Train Best Threshold 0.55 → Balanced Acc: 0.5206, Acc: 0.3786, Sensitivity: 0.1064, Specificity: 0.9348, PPV: 0.7692, NPV: 0.3386, F1: 0.1869
  Val Best Threshold 0.05 → Balanced Acc: 0.5000, Acc: 0.6571, Sensitivity: 1.0000, Specificity: 0.0000, PPV: 0.6571, NPV: 0.0000, F1: 0.7931
  → New best validation AUC: 0.3623
Epoch 8/40 - Train Loss: 0.7026, Train Acc: 0.6286, Train AUC: 0.5305 - Val Loss: 0.7062, Val Acc (0.5): 0.6000, Val AUC: 0.3949
  Train Best Threshold 0.50 → Balanced Acc: 0.5513, Acc: 0.6286, Sensitivity: 0.7766, Specificity: 0.3261, PPV: 0.7019, NPV: 0.4167, F1: 0.7374
  Val Best Threshold 0.05 → Balanced Acc: 0.5000, Acc: 0.6571, Sensitivity: 1.0000, Specificity: 0.0000, PPV: 0.6571, NPV: 0.0000, F1: 0.7931
  → New best validation AUC: 0.3949
Epoch 9/40 - Train Loss: 0.6976, Train Acc: 0.5857, Train AUC: 0.6207 - Val Loss: 0.7049, Val Acc (0.5): 0.6000, Val AUC: 0.4674
  Train Best Threshold 0.55 → Balanced Acc: 0.5426, Acc: 0.3857, Sensitivity: 0.0851, Specificity: 1.0000, PPV: 1.0000, NPV: 0.3485, F1: 0.1569
  Val Best Threshold 0.05 → Balanced Acc: 0.5000, Acc: 0.6571, Sensitivity: 1.0000, Specificity: 0.0000, PPV: 0.6571, NPV: 0.0000, F1: 0.7931
  → New best validation AUC: 0.4674
Epoch 10/40 - Train Loss: 0.7058, Train Acc: 0.5643, Train AUC: 0.4822 - Val Loss: 0.7035, Val Acc (0.5): 0.5714, Val AUC: 0.4674
  Train Best Threshold 0.45 → Balanced Acc: 0.5217, Acc: 0.6857, Sensitivity: 1.0000, Specificity: 0.0435, PPV: 0.6812, NPV: 1.0000, F1: 0.8103
  Val Best Threshold 0.05 → Balanced Acc: 0.5000, Acc: 0.6571, Sensitivity: 1.0000, Specificity: 0.0000, PPV: 0.6571, NPV: 0.0000, F1: 0.7931
Epoch 11/40 - Train Loss: 0.7009, Train Acc: 0.6071, Train AUC: 0.5840 - Val Loss: 0.7023, Val Acc (0.5): 0.5714, Val AUC: 0.5145
  Train Best Threshold 0.50 → Balanced Acc: 0.5465, Acc: 0.6071, Sensitivity: 0.7234, Specificity: 0.3696, PPV: 0.7010, NPV: 0.3953, F1: 0.7120
  Val Best Threshold 0.05 → Balanced Acc: 0.5000, Acc: 0.6571, Sensitivity: 1.0000, Specificity: 0.0000, PPV: 0.6571, NPV: 0.0000, F1: 0.7931
  → New best validation AUC: 0.5145
Epoch 12/40 - Train Loss: 0.6959, Train Acc: 0.6143, Train AUC: 0.6096 - Val Loss: 0.7018, Val Acc (0.5): 0.6000, Val AUC: 0.5435
  Train Best Threshold 0.50 → Balanced Acc: 0.5574, Acc: 0.6143, Sensitivity: 0.7234, Specificity: 0.3913, PPV: 0.7083, NPV: 0.4091, F1: 0.7158
  Val Best Threshold 0.05 → Balanced Acc: 0.5000, Acc: 0.6571, Sensitivity: 1.0000, Specificity: 0.0000, PPV: 0.6571, NPV: 0.0000, F1: 0.7931
  → New best validation AUC: 0.5435
Epoch 13/40 - Train Loss: 0.7006, Train Acc: 0.5643, Train AUC: 0.5594 - Val Loss: 0.7014, Val Acc (0.5): 0.5714, Val AUC: 0.5399
  Train Best Threshold 0.50 → Balanced Acc: 0.5201, Acc: 0.5643, Sensitivity: 0.6489, Specificity: 0.3913, PPV: 0.6854, NPV: 0.3529, F1: 0.6667
  Val Best Threshold 0.05 → Balanced Acc: 0.5000, Acc: 0.6571, Sensitivity: 1.0000, Specificity: 0.0000, PPV: 0.6571, NPV: 0.0000, F1: 0.7931
Epoch 14/40 - Train Loss: 0.7020, Train Acc: 0.5643, Train AUC: 0.5469 - Val Loss: 0.6990, Val Acc (0.5): 0.5714, Val AUC: 0.5761
  Train Best Threshold 0.55 → Balanced Acc: 0.5583, Acc: 0.4143, Sensitivity: 0.1383, Specificity: 0.9783, PPV: 0.9286, NPV: 0.3571, F1: 0.2407
  Val Best Threshold 0.05 → Balanced Acc: 0.5000, Acc: 0.6571, Sensitivity: 1.0000, Specificity: 0.0000, PPV: 0.6571, NPV: 0.0000, F1: 0.7931
  → New best validation AUC: 0.5761
Epoch 15/40 - Train Loss: 0.6962, Train Acc: 0.5786, Train AUC: 0.6200 - Val Loss: 0.6985, Val Acc (0.5): 0.6000, Val AUC: 0.5833
  Train Best Threshold 0.50 → Balanced Acc: 0.5474, Acc: 0.5786, Sensitivity: 0.6383, Specificity: 0.4565, PPV: 0.7059, NPV: 0.3818, F1: 0.6704
  Val Best Threshold 0.05 → Balanced Acc: 0.5000, Acc: 0.6571, Sensitivity: 1.0000, Specificity: 0.0000, PPV: 0.6571, NPV: 0.0000, F1: 0.7931
  → New best validation AUC: 0.5833
Epoch 16/40 - Train Loss: 0.6977, Train Acc: 0.6143, Train AUC: 0.5902 - Val Loss: 0.6963, Val Acc (0.5): 0.6286, Val AUC: 0.6268
  Train Best Threshold 0.50 → Balanced Acc: 0.5796, Acc: 0.6143, Sensitivity: 0.6809, Specificity: 0.4783, PPV: 0.7273, NPV: 0.4231, F1: 0.7033
  Val Best Threshold 0.50 → Balanced Acc: 0.5580, Acc: 0.6286, Sensitivity: 0.7826, Specificity: 0.3333, PPV: 0.6923, NPV: 0.4444, F1: 0.7347
  → New best validation AUC: 0.6268
Epoch 17/40 - Train Loss: 0.6977, Train Acc: 0.5429, Train AUC: 0.5717 - Val Loss: 0.6951, Val Acc (0.5): 0.6857, Val AUC: 0.6413
  Train Best Threshold 0.55 → Balanced Acc: 0.5426, Acc: 0.3857, Sensitivity: 0.0851, Specificity: 1.0000, PPV: 1.0000, NPV: 0.3485, F1: 0.1569
  Val Best Threshold 0.50 → Balanced Acc: 0.6612, Acc: 0.6857, Sensitivity: 0.7391, Specificity: 0.5833, PPV: 0.7727, NPV: 0.5385, F1: 0.7556
  → New best validation AUC: 0.6413
Epoch 18/40 - Train Loss: 0.6982, Train Acc: 0.5929, Train AUC: 0.5756 - Val Loss: 0.6950, Val Acc (0.5): 0.7143, Val AUC: 0.6304
  Train Best Threshold 0.55 → Balanced Acc: 0.5532, Acc: 0.4000, Sensitivity: 0.1064, Specificity: 1.0000, PPV: 1.0000, NPV: 0.3538, F1: 0.1923
  Val Best Threshold 0.50 → Balanced Acc: 0.7029, Acc: 0.7143, Sensitivity: 0.7391, Specificity: 0.6667, PPV: 0.8095, NPV: 0.5714, F1: 0.7727
Epoch 19/40 - Train Loss: 0.6991, Train Acc: 0.5500, Train AUC: 0.5451 - Val Loss: 0.6949, Val Acc (0.5): 0.7143, Val AUC: 0.6486
  Train Best Threshold 0.50 → Balanced Acc: 0.5206, Acc: 0.5500, Sensitivity: 0.6064, Specificity: 0.4348, PPV: 0.6867, NPV: 0.3509, F1: 0.6441
  Val Best Threshold 0.50 → Balanced Acc: 0.7029, Acc: 0.7143, Sensitivity: 0.7391, Specificity: 0.6667, PPV: 0.8095, NPV: 0.5714, F1: 0.7727
  → New best validation AUC: 0.6486
Epoch 20/40 - Train Loss: 0.6997, Train Acc: 0.5714, Train AUC: 0.5534 - Val Loss: 0.6933, Val Acc (0.5): 0.7143, Val AUC: 0.6522
  Train Best Threshold 0.50 → Balanced Acc: 0.5532, Acc: 0.5714, Sensitivity: 0.6064, Specificity: 0.5000, PPV: 0.7125, NPV: 0.3833, F1: 0.6552
  Val Best Threshold 0.50 → Balanced Acc: 0.7029, Acc: 0.7143, Sensitivity: 0.7391, Specificity: 0.6667, PPV: 0.8095, NPV: 0.5714, F1: 0.7727
  → New best validation AUC: 0.6522
Epoch 21/40 - Train Loss: 0.6973, Train Acc: 0.6000, Train AUC: 0.5981 - Val Loss: 0.6920, Val Acc (0.5): 0.6857, Val AUC: 0.6558
  Train Best Threshold 0.50 → Balanced Acc: 0.5967, Acc: 0.6000, Sensitivity: 0.6064, Specificity: 0.5870, PPV: 0.7500, NPV: 0.4219, F1: 0.6706
  Val Best Threshold 0.50 → Balanced Acc: 0.7011, Acc: 0.6857, Sensitivity: 0.6522, Specificity: 0.7500, PPV: 0.8333, NPV: 0.5294, F1: 0.7317
  → New best validation AUC: 0.6558
Epoch 22/40 - Train Loss: 0.6906, Train Acc: 0.6071, Train AUC: 0.6772 - Val Loss: 0.6912, Val Acc (0.5): 0.6857, Val AUC: 0.6594
  Train Best Threshold 0.50 → Balanced Acc: 0.6186, Acc: 0.6071, Sensitivity: 0.5851, Specificity: 0.6522, PPV: 0.7746, NPV: 0.4348, F1: 0.6667
  Val Best Threshold 0.50 → Balanced Acc: 0.7011, Acc: 0.6857, Sensitivity: 0.6522, Specificity: 0.7500, PPV: 0.8333, NPV: 0.5294, F1: 0.7317
  → New best validation AUC: 0.6594
Epoch 23/40 - Train Loss: 0.6913, Train Acc: 0.6071, Train AUC: 0.6670 - Val Loss: 0.6906, Val Acc (0.5): 0.6571, Val AUC: 0.6775
  Train Best Threshold 0.50 → Balanced Acc: 0.6131, Acc: 0.6071, Sensitivity: 0.5957, Specificity: 0.6304, PPV: 0.7671, NPV: 0.4328, F1: 0.6707
  Val Best Threshold 0.50 → Balanced Acc: 0.6793, Acc: 0.6571, Sensitivity: 0.6087, Specificity: 0.7500, PPV: 0.8235, NPV: 0.5000, F1: 0.7000
  → New best validation AUC: 0.6775
Epoch 24/40 - Train Loss: 0.6913, Train Acc: 0.6071, Train AUC: 0.6617 - Val Loss: 0.6900, Val Acc (0.5): 0.6857, Val AUC: 0.6775
  Train Best Threshold 0.50 → Balanced Acc: 0.6131, Acc: 0.6071, Sensitivity: 0.5957, Specificity: 0.6304, PPV: 0.7671, NPV: 0.4328, F1: 0.6707
  Val Best Threshold 0.50 → Balanced Acc: 0.7011, Acc: 0.6857, Sensitivity: 0.6522, Specificity: 0.7500, PPV: 0.8333, NPV: 0.5294, F1: 0.7317
Epoch 25/40 - Train Loss: 0.6861, Train Acc: 0.6571, Train AUC: 0.6961 - Val Loss: 0.6894, Val Acc (0.5): 0.6857, Val AUC: 0.7101
  Train Best Threshold 0.50 → Balanced Acc: 0.6559, Acc: 0.6571, Sensitivity: 0.6596, Specificity: 0.6522, PPV: 0.7949, NPV: 0.4839, F1: 0.7209
  Val Best Threshold 0.50 → Balanced Acc: 0.7011, Acc: 0.6857, Sensitivity: 0.6522, Specificity: 0.7500, PPV: 0.8333, NPV: 0.5294, F1: 0.7317
  → New best validation AUC: 0.7101
Epoch 26/40 - Train Loss: 0.6914, Train Acc: 0.6000, Train AUC: 0.6610 - Val Loss: 0.6877, Val Acc (0.5): 0.6857, Val AUC: 0.7174
  Train Best Threshold 0.50 → Balanced Acc: 0.6078, Acc: 0.6000, Sensitivity: 0.5851, Specificity: 0.6304, PPV: 0.7639, NPV: 0.4265, F1: 0.6627
  Val Best Threshold 0.50 → Balanced Acc: 0.7011, Acc: 0.6857, Sensitivity: 0.6522, Specificity: 0.7500, PPV: 0.8333, NPV: 0.5294, F1: 0.7317
  → New best validation AUC: 0.7174
Epoch 27/40 - Train Loss: 0.6919, Train Acc: 0.6500, Train AUC: 0.6582 - Val Loss: 0.6876, Val Acc (0.5): 0.6857, Val AUC: 0.6957
  Train Best Threshold 0.50 → Balanced Acc: 0.6284, Acc: 0.6500, Sensitivity: 0.6915, Specificity: 0.5652, PPV: 0.7647, NPV: 0.4727, F1: 0.7263
  Val Best Threshold 0.50 → Balanced Acc: 0.7011, Acc: 0.6857, Sensitivity: 0.6522, Specificity: 0.7500, PPV: 0.8333, NPV: 0.5294, F1: 0.7317
Epoch 28/40 - Train Loss: 0.6861, Train Acc: 0.6143, Train AUC: 0.7024 - Val Loss: 0.6867, Val Acc (0.5): 0.6857, Val AUC: 0.7101
  Train Best Threshold 0.50 → Balanced Acc: 0.6240, Acc: 0.6143, Sensitivity: 0.5957, Specificity: 0.6522, PPV: 0.7778, NPV: 0.4412, F1: 0.6747
  Val Best Threshold 0.50 → Balanced Acc: 0.7011, Acc: 0.6857, Sensitivity: 0.6522, Specificity: 0.7500, PPV: 0.8333, NPV: 0.5294, F1: 0.7317
Epoch 29/40 - Train Loss: 0.6894, Train Acc: 0.6286, Train AUC: 0.6987 - Val Loss: 0.6860, Val Acc (0.5): 0.6571, Val AUC: 0.7174
  Train Best Threshold 0.50 → Balanced Acc: 0.6401, Acc: 0.6286, Sensitivity: 0.6064, Specificity: 0.6739, PPV: 0.7917, NPV: 0.4559, F1: 0.6867
  Val Best Threshold 0.50 → Balanced Acc: 0.6793, Acc: 0.6571, Sensitivity: 0.6087, Specificity: 0.7500, PPV: 0.8235, NPV: 0.5000, F1: 0.7000
Epoch 30/40 - Train Loss: 0.6930, Train Acc: 0.5429, Train AUC: 0.6025 - Val Loss: 0.6864, Val Acc (0.5): 0.6857, Val AUC: 0.7210
  Train Best Threshold 0.55 → Balanced Acc: 0.5426, Acc: 0.3857, Sensitivity: 0.0851, Specificity: 1.0000, PPV: 1.0000, NPV: 0.3485, F1: 0.1569
  Val Best Threshold 0.50 → Balanced Acc: 0.7011, Acc: 0.6857, Sensitivity: 0.6522, Specificity: 0.7500, PPV: 0.8333, NPV: 0.5294, F1: 0.7317
  → New best validation AUC: 0.7210
Epoch 31/40 - Train Loss: 0.6813, Train Acc: 0.6786, Train AUC: 0.7512 - Val Loss: 0.6856, Val Acc (0.5): 0.6571, Val AUC: 0.7246
  Train Best Threshold 0.50 → Balanced Acc: 0.6829, Acc: 0.6786, Sensitivity: 0.6702, Specificity: 0.6957, PPV: 0.8182, NPV: 0.5079, F1: 0.7368
  Val Best Threshold 0.50 → Balanced Acc: 0.6793, Acc: 0.6571, Sensitivity: 0.6087, Specificity: 0.7500, PPV: 0.8235, NPV: 0.5000, F1: 0.7000
  → New best validation AUC: 0.7246
Epoch 32/40 - Train Loss: 0.6897, Train Acc: 0.6286, Train AUC: 0.6876 - Val Loss: 0.6852, Val Acc (0.5): 0.6857, Val AUC: 0.7210
  Train Best Threshold 0.50 → Balanced Acc: 0.6512, Acc: 0.6286, Sensitivity: 0.5851, Specificity: 0.7174, PPV: 0.8088, NPV: 0.4583, F1: 0.6790
  Val Best Threshold 0.50 → Balanced Acc: 0.7011, Acc: 0.6857, Sensitivity: 0.6522, Specificity: 0.7500, PPV: 0.8333, NPV: 0.5294, F1: 0.7317
Epoch 33/40 - Train Loss: 0.6871, Train Acc: 0.6286, Train AUC: 0.6603 - Val Loss: 0.6851, Val Acc (0.5): 0.7143, Val AUC: 0.7355
  Train Best Threshold 0.50 → Balanced Acc: 0.6290, Acc: 0.6286, Sensitivity: 0.6277, Specificity: 0.6304, PPV: 0.7763, NPV: 0.4531, F1: 0.6941
  Val Best Threshold 0.50 → Balanced Acc: 0.7228, Acc: 0.7143, Sensitivity: 0.6957, Specificity: 0.7500, PPV: 0.8421, NPV: 0.5625, F1: 0.7619
  → New best validation AUC: 0.7355
Epoch 34/40 - Train Loss: 0.6834, Train Acc: 0.6714, Train AUC: 0.7528 - Val Loss: 0.6836, Val Acc (0.5): 0.7143, Val AUC: 0.7464
  Train Best Threshold 0.50 → Balanced Acc: 0.6832, Acc: 0.6714, Sensitivity: 0.6489, Specificity: 0.7174, PPV: 0.8243, NPV: 0.5000, F1: 0.7262
  Val Best Threshold 0.50 → Balanced Acc: 0.7228, Acc: 0.7143, Sensitivity: 0.6957, Specificity: 0.7500, PPV: 0.8421, NPV: 0.5625, F1: 0.7619
  → New best validation AUC: 0.7464
Epoch 35/40 - Train Loss: 0.6782, Train Acc: 0.7429, Train AUC: 0.7902 - Val Loss: 0.6833, Val Acc (0.5): 0.7429, Val AUC: 0.7391
  Train Best Threshold 0.50 → Balanced Acc: 0.7364, Acc: 0.7429, Sensitivity: 0.7553, Specificity: 0.7174, PPV: 0.8452, NPV: 0.5893, F1: 0.7978
  Val Best Threshold 0.50 → Balanced Acc: 0.7446, Acc: 0.7429, Sensitivity: 0.7391, Specificity: 0.7500, PPV: 0.8500, NPV: 0.6000, F1: 0.7907
Epoch 36/40 - Train Loss: 0.6807, Train Acc: 0.6357, Train AUC: 0.7345 - Val Loss: 0.6819, Val Acc (0.5): 0.6571, Val AUC: 0.7355
  Train Best Threshold 0.50 → Balanced Acc: 0.6566, Acc: 0.6357, Sensitivity: 0.5957, Specificity: 0.7174, PPV: 0.8116, NPV: 0.4648, F1: 0.6871
  Val Best Threshold 0.50 → Balanced Acc: 0.6793, Acc: 0.6571, Sensitivity: 0.6087, Specificity: 0.7500, PPV: 0.8235, NPV: 0.5000, F1: 0.7000
Epoch 37/40 - Train Loss: 0.6815, Train Acc: 0.7214, Train AUC: 0.7549 - Val Loss: 0.6814, Val Acc (0.5): 0.6857, Val AUC: 0.7464
  Train Best Threshold 0.50 → Balanced Acc: 0.7370, Acc: 0.7214, Sensitivity: 0.6915, Specificity: 0.7826, PPV: 0.8667, NPV: 0.5538, F1: 0.7692
  Val Best Threshold 0.50 → Balanced Acc: 0.7011, Acc: 0.6857, Sensitivity: 0.6522, Specificity: 0.7500, PPV: 0.8333, NPV: 0.5294, F1: 0.7317
Epoch 38/40 - Train Loss: 0.6851, Train Acc: 0.6429, Train AUC: 0.6672 - Val Loss: 0.6812, Val Acc (0.5): 0.6857, Val AUC: 0.7391
  Train Best Threshold 0.50 → Balanced Acc: 0.6508, Acc: 0.6429, Sensitivity: 0.6277, Specificity: 0.6739, PPV: 0.7973, NPV: 0.4697, F1: 0.7024
  Val Best Threshold 0.50 → Balanced Acc: 0.7011, Acc: 0.6857, Sensitivity: 0.6522, Specificity: 0.7500, PPV: 0.8333, NPV: 0.5294, F1: 0.7317
Epoch 39/40 - Train Loss: 0.6818, Train Acc: 0.6000, Train AUC: 0.7105 - Val Loss: 0.6798, Val Acc (0.5): 0.6286, Val AUC: 0.7464
  Train Best Threshold 0.50 → Balanced Acc: 0.6022, Acc: 0.6000, Sensitivity: 0.5957, Specificity: 0.6087, PPV: 0.7568, NPV: 0.4242, F1: 0.6667
  Val Best Threshold 0.50 → Balanced Acc: 0.6576, Acc: 0.6286, Sensitivity: 0.5652, Specificity: 0.7500, PPV: 0.8125, NPV: 0.4737, F1: 0.6667
Epoch 40/40 - Train Loss: 0.6845, Train Acc: 0.6500, Train AUC: 0.6959 - Val Loss: 0.6781, Val Acc (0.5): 0.6857, Val AUC: 0.7428
  Train Best Threshold 0.50 → Balanced Acc: 0.6672, Acc: 0.6500, Sensitivity: 0.6170, Specificity: 0.7174, PPV: 0.8169, NPV: 0.4783, F1: 0.7030
  Val Best Threshold 0.50 → Balanced Acc: 0.7011, Acc: 0.6857, Sensitivity: 0.6522, Specificity: 0.7500, PPV: 0.8333, NPV: 0.5294, F1: 0.7317
Loaded best model with validation AUC: 0.7464
Final Train Results (Best Model) at epoch 34 - Loss: 0.6787, Accuracy: 0.7357, AUC: 0.8217
Final Val Results (Best Model) at epoch 34 - Loss: 0.6836, Accuracy: 0.7143, AUC: 0.7464
Train Best Threshold: 0.50 | Balanced Acc: 0.7588 | Acc: 0.7357 | Sensitivity: 0.6915 | Specificity: 0.8261 | PPV: 0.8904 | NPV: 0.5672 | F1: 0.7784
Train Confusion Matrix at Best Threshold (rows=actual [0,1], cols=predicted [0,1]):
[[38  8]
 [29 65]]
Val Best Threshold: 0.50 | Balanced Acc: 0.7228 | Acc: 0.7143 | Sensitivity: 0.6957 | Specificity: 0.7500 | PPV: 0.8421 | NPV: 0.5625 | F1: 0.7619
Val Confusion Matrix at Best Threshold (rows=actual [0,1], cols=predicted [0,1]):
[[ 9  3]
 [ 7 16]]
Fold 5 class distribution:
  Train: Class 0=46 (32.9%), Class 1=94 (67.1%)
  Val:   Class 0=12 (34.3%), Class 1=23 (65.7%)

======================================================================
Fold 5/5
======================================================================
Train: 140 patients
Val: 35 patients
Fitting clinical preprocessor on training data...
Built clinical feature dictionaries: train=140, val=35
Clinical input dimension: 5
Backbone feature dimension: 1280
Created mean pooling model with backbone efficientnetv2_b0
Using device: cuda
Class weights: [1.0, 0.4893617033958435]
Weight decay (L2 reg): 0.0001
Label smoothing: 0.1

Epoch 1/40 - Train Loss: 0.7172, Train Acc: 0.5786, Train AUC: 0.3964 - Val Loss: 0.7074, Val Acc (0.5): 0.6571, Val AUC: 0.1993
  Train Best Threshold 0.60 → Balanced Acc: 0.5053, Acc: 0.3357, Sensitivity: 0.0106, Specificity: 1.0000, PPV: 1.0000, NPV: 0.3309, F1: 0.0211
  Val Best Threshold 0.05 → Balanced Acc: 0.5000, Acc: 0.6571, Sensitivity: 1.0000, Specificity: 0.0000, PPV: 0.6571, NPV: 0.0000, F1: 0.7931
  → New best validation AUC: 0.1993
Epoch 2/40 - Train Loss: 0.7065, Train Acc: 0.6071, Train AUC: 0.4984 - Val Loss: 0.7102, Val Acc (0.5): 0.6571, Val AUC: 0.1993
  Train Best Threshold 0.50 → Balanced Acc: 0.5132, Acc: 0.6071, Sensitivity: 0.7872, Specificity: 0.2391, PPV: 0.6789, NPV: 0.3548, F1: 0.7291
  Val Best Threshold 0.55 → Balanced Acc: 0.5217, Acc: 0.3714, Sensitivity: 0.0435, Specificity: 1.0000, PPV: 1.0000, NPV: 0.3529, F1: 0.0833
Epoch 3/40 - Train Loss: 0.7129, Train Acc: 0.5143, Train AUC: 0.3922 - Val Loss: 0.7081, Val Acc (0.5): 0.6286, Val AUC: 0.2572
  Train Best Threshold 0.45 → Balanced Acc: 0.5109, Acc: 0.6786, Sensitivity: 1.0000, Specificity: 0.0217, PPV: 0.6763, NPV: 1.0000, F1: 0.8069
  Val Best Threshold 0.55 → Balanced Acc: 0.5217, Acc: 0.3714, Sensitivity: 0.0435, Specificity: 1.0000, PPV: 1.0000, NPV: 0.3529, F1: 0.0833
  → New best validation AUC: 0.2572
Epoch 4/40 - Train Loss: 0.7107, Train Acc: 0.6143, Train AUC: 0.4401 - Val Loss: 0.7064, Val Acc (0.5): 0.6000, Val AUC: 0.3587
  Train Best Threshold 0.50 → Balanced Acc: 0.5185, Acc: 0.6143, Sensitivity: 0.7979, Specificity: 0.2391, PPV: 0.6818, NPV: 0.3667, F1: 0.7353
  Val Best Threshold 0.05 → Balanced Acc: 0.5000, Acc: 0.6571, Sensitivity: 1.0000, Specificity: 0.0000, PPV: 0.6571, NPV: 0.0000, F1: 0.7931
  → New best validation AUC: 0.3587
Epoch 5/40 - Train Loss: 0.7054, Train Acc: 0.6143, Train AUC: 0.5030 - Val Loss: 0.7061, Val Acc (0.5): 0.5714, Val AUC: 0.3949
  Train Best Threshold 0.60 → Balanced Acc: 0.5106, Acc: 0.3429, Sensitivity: 0.0213, Specificity: 1.0000, PPV: 1.0000, NPV: 0.3333, F1: 0.0417
  Val Best Threshold 0.05 → Balanced Acc: 0.5000, Acc: 0.6571, Sensitivity: 1.0000, Specificity: 0.0000, PPV: 0.6571, NPV: 0.0000, F1: 0.7931
  → New best validation AUC: 0.3949
Epoch 6/40 - Train Loss: 0.7066, Train Acc: 0.5714, Train AUC: 0.4785 - Val Loss: 0.7060, Val Acc (0.5): 0.5714, Val AUC: 0.4275
  Train Best Threshold 0.55 → Balanced Acc: 0.5095, Acc: 0.3786, Sensitivity: 0.1277, Specificity: 0.8913, PPV: 0.7059, NPV: 0.3333, F1: 0.2162
  Val Best Threshold 0.05 → Balanced Acc: 0.5000, Acc: 0.6571, Sensitivity: 1.0000, Specificity: 0.0000, PPV: 0.6571, NPV: 0.0000, F1: 0.7931
  → New best validation AUC: 0.4275
Epoch 7/40 - Train Loss: 0.7049, Train Acc: 0.5929, Train AUC: 0.5012 - Val Loss: 0.7058, Val Acc (0.5): 0.5714, Val AUC: 0.4384
  Train Best Threshold 0.05 → Balanced Acc: 0.5000, Acc: 0.6714, Sensitivity: 1.0000, Specificity: 0.0000, PPV: 0.6714, NPV: 0.0000, F1: 0.8034
  Val Best Threshold 0.05 → Balanced Acc: 0.5000, Acc: 0.6571, Sensitivity: 1.0000, Specificity: 0.0000, PPV: 0.6571, NPV: 0.0000, F1: 0.7931
  → New best validation AUC: 0.4384
Epoch 8/40 - Train Loss: 0.7105, Train Acc: 0.5357, Train AUC: 0.4443 - Val Loss: 0.7058, Val Acc (0.5): 0.5714, Val AUC: 0.4493
  Train Best Threshold 0.55 → Balanced Acc: 0.5046, Acc: 0.3571, Sensitivity: 0.0745, Specificity: 0.9348, PPV: 0.7000, NPV: 0.3308, F1: 0.1346
  Val Best Threshold 0.05 → Balanced Acc: 0.5000, Acc: 0.6571, Sensitivity: 1.0000, Specificity: 0.0000, PPV: 0.6571, NPV: 0.0000, F1: 0.7931
  → New best validation AUC: 0.4493
Epoch 9/40 - Train Loss: 0.6997, Train Acc: 0.5857, Train AUC: 0.5620 - Val Loss: 0.7054, Val Acc (0.5): 0.6000, Val AUC: 0.5145
  Train Best Threshold 0.55 → Balanced Acc: 0.5259, Acc: 0.3857, Sensitivity: 0.1170, Specificity: 0.9348, PPV: 0.7857, NPV: 0.3413, F1: 0.2037
  Val Best Threshold 0.05 → Balanced Acc: 0.5000, Acc: 0.6571, Sensitivity: 1.0000, Specificity: 0.0000, PPV: 0.6571, NPV: 0.0000, F1: 0.7931
  → New best validation AUC: 0.5145
Epoch 10/40 - Train Loss: 0.7021, Train Acc: 0.6143, Train AUC: 0.5520 - Val Loss: 0.7057, Val Acc (0.5): 0.6000, Val AUC: 0.5181
  Train Best Threshold 0.50 → Balanced Acc: 0.5407, Acc: 0.6143, Sensitivity: 0.7553, Specificity: 0.3261, PPV: 0.6961, NPV: 0.3947, F1: 0.7245
  Val Best Threshold 0.05 → Balanced Acc: 0.5000, Acc: 0.6571, Sensitivity: 1.0000, Specificity: 0.0000, PPV: 0.6571, NPV: 0.0000, F1: 0.7931
  → New best validation AUC: 0.5181
Epoch 11/40 - Train Loss: 0.6994, Train Acc: 0.6000, Train AUC: 0.5809 - Val Loss: 0.7059, Val Acc (0.5): 0.5714, Val AUC: 0.5326
  Train Best Threshold 0.50 → Balanced Acc: 0.5467, Acc: 0.6000, Sensitivity: 0.7021, Specificity: 0.3913, PPV: 0.7021, NPV: 0.3913, F1: 0.7021
  Val Best Threshold 0.05 → Balanced Acc: 0.5000, Acc: 0.6571, Sensitivity: 1.0000, Specificity: 0.0000, PPV: 0.6571, NPV: 0.0000, F1: 0.7931
  → New best validation AUC: 0.5326
Epoch 12/40 - Train Loss: 0.6999, Train Acc: 0.6071, Train AUC: 0.5546 - Val Loss: 0.7057, Val Acc (0.5): 0.6571, Val AUC: 0.5471
  Train Best Threshold 0.55 → Balanced Acc: 0.5476, Acc: 0.4000, Sensitivity: 0.1170, Specificity: 0.9783, PPV: 0.9167, NPV: 0.3516, F1: 0.2075
  Val Best Threshold 0.50 → Balanced Acc: 0.5797, Acc: 0.6571, Sensitivity: 0.8261, Specificity: 0.3333, PPV: 0.7037, NPV: 0.5000, F1: 0.7600
  → New best validation AUC: 0.5471
Epoch 13/40 - Train Loss: 0.7031, Train Acc: 0.5571, Train AUC: 0.5171 - Val Loss: 0.7055, Val Acc (0.5): 0.6857, Val AUC: 0.5833
  Train Best Threshold 0.50 → Balanced Acc: 0.5204, Acc: 0.5571, Sensitivity: 0.6277, Specificity: 0.4130, PPV: 0.6860, NPV: 0.3519, F1: 0.6556
  Val Best Threshold 0.50 → Balanced Acc: 0.6214, Acc: 0.6857, Sensitivity: 0.8261, Specificity: 0.4167, PPV: 0.7308, NPV: 0.5556, F1: 0.7755
  → New best validation AUC: 0.5833
Epoch 14/40 - Train Loss: 0.6922, Train Acc: 0.6500, Train AUC: 0.6422 - Val Loss: 0.7059, Val Acc (0.5): 0.7143, Val AUC: 0.5652
  Train Best Threshold 0.50 → Balanced Acc: 0.5840, Acc: 0.6500, Sensitivity: 0.7766, Specificity: 0.3913, PPV: 0.7228, NPV: 0.4615, F1: 0.7487
  Val Best Threshold 0.50 → Balanced Acc: 0.6630, Acc: 0.7143, Sensitivity: 0.8261, Specificity: 0.5000, PPV: 0.7600, NPV: 0.6000, F1: 0.7917
Epoch 15/40 - Train Loss: 0.6973, Train Acc: 0.6071, Train AUC: 0.6004 - Val Loss: 0.7053, Val Acc (0.5): 0.7143, Val AUC: 0.5580
  Train Best Threshold 0.50 → Balanced Acc: 0.5687, Acc: 0.6071, Sensitivity: 0.6809, Specificity: 0.4565, PPV: 0.7191, NPV: 0.4118, F1: 0.6995
  Val Best Threshold 0.50 → Balanced Acc: 0.6630, Acc: 0.7143, Sensitivity: 0.8261, Specificity: 0.5000, PPV: 0.7600, NPV: 0.6000, F1: 0.7917
Epoch 16/40 - Train Loss: 0.6937, Train Acc: 0.6714, Train AUC: 0.6570 - Val Loss: 0.7051, Val Acc (0.5): 0.6857, Val AUC: 0.5870
  Train Best Threshold 0.50 → Balanced Acc: 0.6388, Acc: 0.6714, Sensitivity: 0.7340, Specificity: 0.5435, PPV: 0.7667, NPV: 0.5000, F1: 0.7500
  Val Best Threshold 0.50 → Balanced Acc: 0.6413, Acc: 0.6857, Sensitivity: 0.7826, Specificity: 0.5000, PPV: 0.7500, NPV: 0.5455, F1: 0.7660
  → New best validation AUC: 0.5870
Epoch 17/40 - Train Loss: 0.6986, Train Acc: 0.5500, Train AUC: 0.5749 - Val Loss: 0.7041, Val Acc (0.5): 0.6857, Val AUC: 0.5833
  Train Best Threshold 0.55 → Balanced Acc: 0.5266, Acc: 0.3643, Sensitivity: 0.0532, Specificity: 1.0000, PPV: 1.0000, NPV: 0.3407, F1: 0.1010
  Val Best Threshold 0.50 → Balanced Acc: 0.6214, Acc: 0.6857, Sensitivity: 0.8261, Specificity: 0.4167, PPV: 0.7308, NPV: 0.5556, F1: 0.7755
Epoch 18/40 - Train Loss: 0.6963, Train Acc: 0.6357, Train AUC: 0.6136 - Val Loss: 0.7043, Val Acc (0.5): 0.6857, Val AUC: 0.6087
  Train Best Threshold 0.50 → Balanced Acc: 0.5900, Acc: 0.6357, Sensitivity: 0.7234, Specificity: 0.4565, PPV: 0.7312, NPV: 0.4468, F1: 0.7273
  Val Best Threshold 0.50 → Balanced Acc: 0.6413, Acc: 0.6857, Sensitivity: 0.7826, Specificity: 0.5000, PPV: 0.7500, NPV: 0.5455, F1: 0.7660
  → New best validation AUC: 0.6087
Epoch 19/40 - Train Loss: 0.6978, Train Acc: 0.5571, Train AUC: 0.5907 - Val Loss: 0.7037, Val Acc (0.5): 0.6857, Val AUC: 0.6123
  Train Best Threshold 0.55 → Balanced Acc: 0.5479, Acc: 0.3929, Sensitivity: 0.0957, Specificity: 1.0000, PPV: 1.0000, NPV: 0.3511, F1: 0.1748
  Val Best Threshold 0.50 → Balanced Acc: 0.6413, Acc: 0.6857, Sensitivity: 0.7826, Specificity: 0.5000, PPV: 0.7500, NPV: 0.5455, F1: 0.7660
  → New best validation AUC: 0.6123
Epoch 20/40 - Train Loss: 0.6903, Train Acc: 0.5857, Train AUC: 0.6804 - Val Loss: 0.7034, Val Acc (0.5): 0.6571, Val AUC: 0.6341
  Train Best Threshold 0.55 → Balanced Acc: 0.5532, Acc: 0.4000, Sensitivity: 0.1064, Specificity: 1.0000, PPV: 1.0000, NPV: 0.3538, F1: 0.1923
  Val Best Threshold 0.50 → Balanced Acc: 0.6395, Acc: 0.6571, Sensitivity: 0.6957, Specificity: 0.5833, PPV: 0.7619, NPV: 0.5000, F1: 0.7273
  → New best validation AUC: 0.6341
Epoch 21/40 - Train Loss: 0.6925, Train Acc: 0.6214, Train AUC: 0.6445 - Val Loss: 0.7037, Val Acc (0.5): 0.6000, Val AUC: 0.6232
  Train Best Threshold 0.50 → Balanced Acc: 0.5738, Acc: 0.6214, Sensitivity: 0.7128, Specificity: 0.4348, PPV: 0.7204, NPV: 0.4255, F1: 0.7166
  Val Best Threshold 0.50 → Balanced Acc: 0.5960, Acc: 0.6000, Sensitivity: 0.6087, Specificity: 0.5833, PPV: 0.7368, NPV: 0.4375, F1: 0.6667
Epoch 22/40 - Train Loss: 0.6898, Train Acc: 0.6143, Train AUC: 0.6744 - Val Loss: 0.7032, Val Acc (0.5): 0.6286, Val AUC: 0.6377
  Train Best Threshold 0.50 → Balanced Acc: 0.6240, Acc: 0.6143, Sensitivity: 0.5957, Specificity: 0.6522, PPV: 0.7778, NPV: 0.4412, F1: 0.6747
  Val Best Threshold 0.50 → Balanced Acc: 0.6178, Acc: 0.6286, Sensitivity: 0.6522, Specificity: 0.5833, PPV: 0.7500, NPV: 0.4667, F1: 0.6977
  → New best validation AUC: 0.6377
Epoch 23/40 - Train Loss: 0.6870, Train Acc: 0.6286, Train AUC: 0.6869 - Val Loss: 0.7026, Val Acc (0.5): 0.6286, Val AUC: 0.6377
  Train Best Threshold 0.50 → Balanced Acc: 0.6346, Acc: 0.6286, Sensitivity: 0.6170, Specificity: 0.6522, PPV: 0.7838, NPV: 0.4545, F1: 0.6905
  Val Best Threshold 0.50 → Balanced Acc: 0.6178, Acc: 0.6286, Sensitivity: 0.6522, Specificity: 0.5833, PPV: 0.7500, NPV: 0.4667, F1: 0.6977
Epoch 24/40 - Train Loss: 0.6896, Train Acc: 0.6286, Train AUC: 0.6813 - Val Loss: 0.7031, Val Acc (0.5): 0.5714, Val AUC: 0.6703
  Train Best Threshold 0.50 → Balanced Acc: 0.6235, Acc: 0.6286, Sensitivity: 0.6383, Specificity: 0.6087, PPV: 0.7692, NPV: 0.4516, F1: 0.6977
  Val Best Threshold 0.50 → Balanced Acc: 0.5743, Acc: 0.5714, Sensitivity: 0.5652, Specificity: 0.5833, PPV: 0.7222, NPV: 0.4118, F1: 0.6341
  → New best validation AUC: 0.6703
Epoch 25/40 - Train Loss: 0.6844, Train Acc: 0.6929, Train AUC: 0.7412 - Val Loss: 0.7027, Val Acc (0.5): 0.6000, Val AUC: 0.6667
  Train Best Threshold 0.50 → Balanced Acc: 0.6880, Acc: 0.6929, Sensitivity: 0.7021, Specificity: 0.6739, PPV: 0.8148, NPV: 0.5254, F1: 0.7543
  Val Best Threshold 0.50 → Balanced Acc: 0.5960, Acc: 0.6000, Sensitivity: 0.6087, Specificity: 0.5833, PPV: 0.7368, NPV: 0.4375, F1: 0.6667
Epoch 26/40 - Train Loss: 0.6925, Train Acc: 0.5786, Train AUC: 0.6332 - Val Loss: 0.7030, Val Acc (0.5): 0.6286, Val AUC: 0.6667
  Train Best Threshold 0.50 → Balanced Acc: 0.5752, Acc: 0.5786, Sensitivity: 0.5851, Specificity: 0.5652, PPV: 0.7333, NPV: 0.4000, F1: 0.6509
  Val Best Threshold 0.50 → Balanced Acc: 0.6377, Acc: 0.6286, Sensitivity: 0.6087, Specificity: 0.6667, PPV: 0.7778, NPV: 0.4706, F1: 0.6829
Epoch 27/40 - Train Loss: 0.6854, Train Acc: 0.6429, Train AUC: 0.6894 - Val Loss: 0.7027, Val Acc (0.5): 0.6000, Val AUC: 0.6739
  Train Best Threshold 0.50 → Balanced Acc: 0.6286, Acc: 0.6429, Sensitivity: 0.6702, Specificity: 0.5870, PPV: 0.7683, NPV: 0.4655, F1: 0.7159
  Val Best Threshold 0.50 → Balanced Acc: 0.6159, Acc: 0.6000, Sensitivity: 0.5652, Specificity: 0.6667, PPV: 0.7647, NPV: 0.4444, F1: 0.6500
  → New best validation AUC: 0.6739
Epoch 28/40 - Train Loss: 0.6810, Train Acc: 0.6571, Train AUC: 0.7514 - Val Loss: 0.7018, Val Acc (0.5): 0.6286, Val AUC: 0.6739
  Train Best Threshold 0.50 → Balanced Acc: 0.6670, Acc: 0.6571, Sensitivity: 0.6383, Specificity: 0.6957, PPV: 0.8108, NPV: 0.4848, F1: 0.7143
  Val Best Threshold 0.50 → Balanced Acc: 0.6377, Acc: 0.6286, Sensitivity: 0.6087, Specificity: 0.6667, PPV: 0.7778, NPV: 0.4706, F1: 0.6829
Epoch 29/40 - Train Loss: 0.6848, Train Acc: 0.6357, Train AUC: 0.7049 - Val Loss: 0.7022, Val Acc (0.5): 0.5429, Val AUC: 0.6812
  Train Best Threshold 0.50 → Balanced Acc: 0.6677, Acc: 0.6357, Sensitivity: 0.5745, Specificity: 0.7609, PPV: 0.8308, NPV: 0.4667, F1: 0.6792
  Val Best Threshold 0.50 → Balanced Acc: 0.5725, Acc: 0.5429, Sensitivity: 0.4783, Specificity: 0.6667, PPV: 0.7333, NPV: 0.4000, F1: 0.5789
  → New best validation AUC: 0.6812
Epoch 30/40 - Train Loss: 0.6869, Train Acc: 0.6500, Train AUC: 0.6957 - Val Loss: 0.7014, Val Acc (0.5): 0.6286, Val AUC: 0.6775
  Train Best Threshold 0.50 → Balanced Acc: 0.6395, Acc: 0.6500, Sensitivity: 0.6702, Specificity: 0.6087, PPV: 0.7778, NPV: 0.4746, F1: 0.7200
  Val Best Threshold 0.50 → Balanced Acc: 0.6377, Acc: 0.6286, Sensitivity: 0.6087, Specificity: 0.6667, PPV: 0.7778, NPV: 0.4706, F1: 0.6829
Epoch 31/40 - Train Loss: 0.6842, Train Acc: 0.6286, Train AUC: 0.7026 - Val Loss: 0.6998, Val Acc (0.5): 0.6571, Val AUC: 0.6957
  Train Best Threshold 0.50 → Balanced Acc: 0.6457, Acc: 0.6286, Sensitivity: 0.5957, Specificity: 0.6957, PPV: 0.8000, NPV: 0.4571, F1: 0.6829
  Val Best Threshold 0.50 → Balanced Acc: 0.6594, Acc: 0.6571, Sensitivity: 0.6522, Specificity: 0.6667, PPV: 0.7895, NPV: 0.5000, F1: 0.7143
  → New best validation AUC: 0.6957
Epoch 32/40 - Train Loss: 0.6875, Train Acc: 0.5643, Train AUC: 0.6665 - Val Loss: 0.6989, Val Acc (0.5): 0.6571, Val AUC: 0.7029
  Train Best Threshold 0.50 → Balanced Acc: 0.5867, Acc: 0.5643, Sensitivity: 0.5213, Specificity: 0.6522, PPV: 0.7538, NPV: 0.4000, F1: 0.6164
  Val Best Threshold 0.50 → Balanced Acc: 0.6594, Acc: 0.6571, Sensitivity: 0.6522, Specificity: 0.6667, PPV: 0.7895, NPV: 0.5000, F1: 0.7143
  → New best validation AUC: 0.7029
Epoch 33/40 - Train Loss: 0.6843, Train Acc: 0.5929, Train AUC: 0.6961 - Val Loss: 0.6975, Val Acc (0.5): 0.6571, Val AUC: 0.6884
  Train Best Threshold 0.50 → Balanced Acc: 0.5914, Acc: 0.5929, Sensitivity: 0.5957, Specificity: 0.5870, PPV: 0.7467, NPV: 0.4154, F1: 0.6627
  Val Best Threshold 0.50 → Balanced Acc: 0.6594, Acc: 0.6571, Sensitivity: 0.6522, Specificity: 0.6667, PPV: 0.7895, NPV: 0.5000, F1: 0.7143
Epoch 34/40 - Train Loss: 0.6754, Train Acc: 0.6714, Train AUC: 0.7498 - Val Loss: 0.6964, Val Acc (0.5): 0.6286, Val AUC: 0.6957
  Train Best Threshold 0.50 → Balanced Acc: 0.6721, Acc: 0.6714, Sensitivity: 0.6702, Specificity: 0.6739, PPV: 0.8077, NPV: 0.5000, F1: 0.7326
  Val Best Threshold 0.50 → Balanced Acc: 0.6178, Acc: 0.6286, Sensitivity: 0.6522, Specificity: 0.5833, PPV: 0.7500, NPV: 0.4667, F1: 0.6977
Epoch 35/40 - Train Loss: 0.6751, Train Acc: 0.7214, Train AUC: 0.7717 - Val Loss: 0.6958, Val Acc (0.5): 0.6286, Val AUC: 0.6957
  Train Best Threshold 0.50 → Balanced Acc: 0.7259, Acc: 0.7214, Sensitivity: 0.7128, Specificity: 0.7391, PPV: 0.8481, NPV: 0.5574, F1: 0.7746
  Val Best Threshold 0.50 → Balanced Acc: 0.6178, Acc: 0.6286, Sensitivity: 0.6522, Specificity: 0.5833, PPV: 0.7500, NPV: 0.4667, F1: 0.6977
Epoch 36/40 - Train Loss: 0.6684, Train Acc: 0.7286, Train AUC: 0.8141 - Val Loss: 0.6966, Val Acc (0.5): 0.6571, Val AUC: 0.6812
  Train Best Threshold 0.50 → Balanced Acc: 0.7479, Acc: 0.7286, Sensitivity: 0.6915, Specificity: 0.8043, PPV: 0.8784, NPV: 0.5606, F1: 0.7738
  Val Best Threshold 0.50 → Balanced Acc: 0.6594, Acc: 0.6571, Sensitivity: 0.6522, Specificity: 0.6667, PPV: 0.7895, NPV: 0.5000, F1: 0.7143
Epoch 37/40 - Train Loss: 0.6759, Train Acc: 0.6214, Train AUC: 0.7088 - Val Loss: 0.6974, Val Acc (0.5): 0.6286, Val AUC: 0.6920
  Train Best Threshold 0.50 → Balanced Acc: 0.6348, Acc: 0.6214, Sensitivity: 0.5957, Specificity: 0.6739, PPV: 0.7887, NPV: 0.4493, F1: 0.6788
  Val Best Threshold 0.50 → Balanced Acc: 0.6576, Acc: 0.6286, Sensitivity: 0.5652, Specificity: 0.7500, PPV: 0.8125, NPV: 0.4737, F1: 0.6667
Epoch 38/40 - Train Loss: 0.6779, Train Acc: 0.6286, Train AUC: 0.7172 - Val Loss: 0.6963, Val Acc (0.5): 0.6571, Val AUC: 0.6957
  Train Best Threshold 0.50 → Balanced Acc: 0.6401, Acc: 0.6286, Sensitivity: 0.6064, Specificity: 0.6739, PPV: 0.7917, NPV: 0.4559, F1: 0.6867
  Val Best Threshold 0.50 → Balanced Acc: 0.6793, Acc: 0.6571, Sensitivity: 0.6087, Specificity: 0.7500, PPV: 0.8235, NPV: 0.5000, F1: 0.7000
Epoch 39/40 - Train Loss: 0.6756, Train Acc: 0.6500, Train AUC: 0.7308 - Val Loss: 0.6962, Val Acc (0.5): 0.6000, Val AUC: 0.6920
  Train Best Threshold 0.50 → Balanced Acc: 0.6561, Acc: 0.6500, Sensitivity: 0.6383, Specificity: 0.6739, PPV: 0.8000, NPV: 0.4769, F1: 0.7101
  Val Best Threshold 0.50 → Balanced Acc: 0.6159, Acc: 0.6000, Sensitivity: 0.5652, Specificity: 0.6667, PPV: 0.7647, NPV: 0.4444, F1: 0.6500
Epoch 40/40 - Train Loss: 0.6794, Train Acc: 0.6500, Train AUC: 0.7209 - Val Loss: 0.6951, Val Acc (0.5): 0.6571, Val AUC: 0.6630
  Train Best Threshold 0.50 → Balanced Acc: 0.6561, Acc: 0.6500, Sensitivity: 0.6383, Specificity: 0.6739, PPV: 0.8000, NPV: 0.4769, F1: 0.7101
  Val Best Threshold 0.50 → Balanced Acc: 0.6395, Acc: 0.6571, Sensitivity: 0.6957, Specificity: 0.5833, PPV: 0.7619, NPV: 0.5000, F1: 0.7273
Early stopping at epoch 40
Loaded best model with validation AUC: 0.7029
Final Train Results (Best Model) at epoch 32 - Loss: 0.6798, Accuracy: 0.6786, AUC: 0.7856
Final Val Results (Best Model) at epoch 32 - Loss: 0.6989, Accuracy: 0.6571, AUC: 0.7029
Train Best Threshold: 0.50 | Balanced Acc: 0.6885 | Acc: 0.6786 | Sensitivity: 0.6596 | Specificity: 0.7174 | PPV: 0.8267 | NPV: 0.5077 | F1: 0.7337
Train Confusion Matrix at Best Threshold (rows=actual [0,1], cols=predicted [0,1]):
[[33 13]
 [32 62]]
Val Best Threshold: 0.50 | Balanced Acc: 0.6594 | Acc: 0.6571 | Sensitivity: 0.6522 | Specificity: 0.6667 | PPV: 0.7895 | NPV: 0.5000 | F1: 0.7143
Val Confusion Matrix at Best Threshold (rows=actual [0,1], cols=predicted [0,1]):
[[ 8  4]
 [ 8 15]]

======================================================================
Cross-Validation Results - C1 (Mean Pooling)
======================================================================
Model: C1 (Mean Pooling)
Backbone: efficientnetv2_b0
Pooling: mean
Val AUCs: ['0.8788', '0.7386', '0.7717', '0.7464', '0.7029']
Mean Val AUC: 0.7677 ± 0.0598
======================================================================
