Starting 5-fold cross-validation training for C1 (Mean Pooling)
Configuration:
  clinical_csv: data/annotations/175_clinical_5_variables.csv
  image_root: data/nakagami_full
  patient_id_column: NO
  label_column: CL_F2
  image_pattern: Nakagami_image_*.png
  n_folds: 5
  batch_size: 16
  learning_rate: 1e-05
  num_epochs: 50
  early_stopping_patience: 12
  early_stopping_min_delta: 0.001
  backbone: resnet18
  pretrained: True
  device: cuda
  num_workers: 4
  pooling: mean
  attention_hidden: 128
  clinical_dim: 32
  fusion_hidden: 128
  dropout: 0.3
  clinical_features: ['AST', 'ALT', 'PLT', 'APRI', 'FIB_4']
  seed: 42
  no_cv: False
  val_split: 0.2
  weight_decay: 0.0001
  label_smoothing: 0.1
  log_dir: runs/bmode_clinical
Loading clinical data...
Loaded 175 patients from clinical data
Building patient records...
Building patient records from 175 patients...
Image root: data/nakagami_full
Image pattern: Nakagami_image_*.png
Successfully created 175 patient records
Created 175 patient records

Fold 1 Training Cases (140): ['1', '100', '101', '102', '105', '106', '107', '108', '11', '111', '112', '113', '115', '118', '119', '122', '126', '132', '137', '142', '145', '146', '152', '153', '157', '158', '162', '164', '165', '166', '169', '173', '175', '177', '178', '18', '180', '181', '185', '186', '191', '197', '203', '204', '205', '206', '207', '210', '211', '215', '217', '218', '219', '220', '221', '223', '224', '226', '231', '232', '24', '241', '244', '245', '25', '250', '251', '255', '257', '259', '260', '262', '263', '268', '269', '27', '272', '273', '275', '278', '280', '281', '283', '284', '287', '289', '29', '298', '299', '301', '304', '306', '308', '31', '311', '312', '313', '319', '32', '320', '324', '329', '332', '38', '43', '45', '46', '48', '49', '5', '50', '51', '52', '57', '58', '6', '60', '62', '63', '64', '67', '68', '69', '7', '73', '77', '78', '81', '83', '85', '86', '88', '9', '90', '91', '92', '95', '96', '97', '98']
Fold 1 Validation Cases (35): ['104', '110', '114', '123', '129', '135', '144', '154', '163', '192', '253', '254', '258', '26', '264', '274', '276', '292', '300', '303', '307', '310', '331', '37', '4', '40', '53', '55', '65', '8', '80', '87', '89', '93', '99']
Fold 1 class distribution:
  Train: Class 0=47 (33.6%), Class 1=93 (66.4%)
  Val:   Class 0=11 (31.4%), Class 1=24 (68.6%)

======================================================================
Fold 1/5
======================================================================
Train: 140 patients
Val: 35 patients
Fitting clinical preprocessor on training data...
Built clinical feature dictionaries: train=140, val=35
Clinical input dimension: 5
Backbone feature dimension: 512
Created mean pooling model with backbone resnet18
Using device: cuda
Class weights: [1.0, 0.5053763389587402]
Weight decay (L2 reg): 0.0001
Label smoothing: 0.1

Epoch 1/50 - Train Loss: 0.7298, Train Acc: 0.3357, Train AUC: 0.4791 - Val Loss: 0.6953, Val Acc (0.5): 0.3143, Val AUC: 0.4659
  Train Best Threshold 0.55 → Balanced Acc: 0.5054, Acc: 0.3429, Sensitivity: 0.0108, Specificity: 1.0000, PPV: 1.0000, NPV: 0.3381, F1: 0.0213
  Val Best Threshold 0.40 → Balanced Acc: 0.5038, Acc: 0.6571, Sensitivity: 0.9167, Specificity: 0.0909, PPV: 0.6875, NPV: 0.3333, F1: 0.7857
  → New best validation AUC: 0.4659
Epoch 2/50 - Train Loss: 0.7238, Train Acc: 0.3286, Train AUC: 0.4866 - Val Loss: 0.7018, Val Acc (0.5): 0.3143, Val AUC: 0.3712
  Train Best Threshold 0.55 → Balanced Acc: 0.5054, Acc: 0.3429, Sensitivity: 0.0108, Specificity: 1.0000, PPV: 1.0000, NPV: 0.3381, F1: 0.0213
  Val Best Threshold 0.05 → Balanced Acc: 0.5000, Acc: 0.6857, Sensitivity: 1.0000, Specificity: 0.0000, PPV: 0.6857, NPV: 0.0000, F1: 0.8136
Epoch 3/50 - Train Loss: 0.7051, Train Acc: 0.3857, Train AUC: 0.5589 - Val Loss: 0.7066, Val Acc (0.5): 0.3143, Val AUC: 0.3030
  Train Best Threshold 0.45 → Balanced Acc: 0.5978, Acc: 0.5286, Sensitivity: 0.3871, Specificity: 0.8085, PPV: 0.8000, NPV: 0.4000, F1: 0.5217
  Val Best Threshold 0.45 → Balanced Acc: 0.5038, Acc: 0.6571, Sensitivity: 0.9167, Specificity: 0.0909, PPV: 0.6875, NPV: 0.3333, F1: 0.7857
Epoch 4/50 - Train Loss: 0.6969, Train Acc: 0.3571, Train AUC: 0.5955 - Val Loss: 0.7080, Val Acc (0.5): 0.2857, Val AUC: 0.3295
  Train Best Threshold 0.45 → Balanced Acc: 0.5876, Acc: 0.5500, Sensitivity: 0.4731, Specificity: 0.7021, PPV: 0.7586, NPV: 0.4024, F1: 0.5828
  Val Best Threshold 0.45 → Balanced Acc: 0.5455, Acc: 0.7143, Sensitivity: 1.0000, Specificity: 0.0909, PPV: 0.7059, NPV: 1.0000, F1: 0.8276
Epoch 5/50 - Train Loss: 0.7005, Train Acc: 0.4000, Train AUC: 0.5841 - Val Loss: 0.7081, Val Acc (0.5): 0.3714, Val AUC: 0.3485
  Train Best Threshold 0.40 → Balanced Acc: 0.5687, Acc: 0.6857, Sensitivity: 0.9247, Specificity: 0.2128, PPV: 0.6992, NPV: 0.5882, F1: 0.7963
  Val Best Threshold 0.55 → Balanced Acc: 0.5208, Acc: 0.3429, Sensitivity: 0.0417, Specificity: 1.0000, PPV: 1.0000, NPV: 0.3235, F1: 0.0800
Epoch 6/50 - Train Loss: 0.6851, Train Acc: 0.4857, Train AUC: 0.6612 - Val Loss: 0.7076, Val Acc (0.5): 0.4857, Val AUC: 0.4205
  Train Best Threshold 0.45 → Balanced Acc: 0.6097, Acc: 0.6143, Sensitivity: 0.6237, Specificity: 0.5957, PPV: 0.7532, NPV: 0.4444, F1: 0.6824
  Val Best Threshold 0.55 → Balanced Acc: 0.5208, Acc: 0.3429, Sensitivity: 0.0417, Specificity: 1.0000, PPV: 1.0000, NPV: 0.3235, F1: 0.0800
Epoch 7/50 - Train Loss: 0.6896, Train Acc: 0.4714, Train AUC: 0.6017 - Val Loss: 0.7054, Val Acc (0.5): 0.5429, Val AUC: 0.4848
  Train Best Threshold 0.45 → Balanced Acc: 0.5729, Acc: 0.6143, Sensitivity: 0.6989, Specificity: 0.4468, PPV: 0.7143, NPV: 0.4286, F1: 0.7065
  Val Best Threshold 0.55 → Balanced Acc: 0.5208, Acc: 0.3429, Sensitivity: 0.0417, Specificity: 1.0000, PPV: 1.0000, NPV: 0.3235, F1: 0.0800
  → New best validation AUC: 0.4848
Epoch 8/50 - Train Loss: 0.6937, Train Acc: 0.4714, Train AUC: 0.5710 - Val Loss: 0.7031, Val Acc (0.5): 0.5714, Val AUC: 0.5644
  Train Best Threshold 0.50 → Balanced Acc: 0.5548, Acc: 0.4714, Sensitivity: 0.3011, Specificity: 0.8085, PPV: 0.7568, NPV: 0.3689, F1: 0.4308
  Val Best Threshold 0.55 → Balanced Acc: 0.5208, Acc: 0.3429, Sensitivity: 0.0417, Specificity: 1.0000, PPV: 1.0000, NPV: 0.3235, F1: 0.0800
  → New best validation AUC: 0.5644
Epoch 9/50 - Train Loss: 0.6816, Train Acc: 0.5214, Train AUC: 0.6410 - Val Loss: 0.7014, Val Acc (0.5): 0.5429, Val AUC: 0.5947
  Train Best Threshold 0.45 → Balanced Acc: 0.6049, Acc: 0.6429, Sensitivity: 0.7204, Specificity: 0.4894, PPV: 0.7363, NPV: 0.4694, F1: 0.7283
  Val Best Threshold 0.55 → Balanced Acc: 0.5417, Acc: 0.3714, Sensitivity: 0.0833, Specificity: 1.0000, PPV: 1.0000, NPV: 0.3333, F1: 0.1538
  → New best validation AUC: 0.5947
Epoch 10/50 - Train Loss: 0.6816, Train Acc: 0.5071, Train AUC: 0.6575 - Val Loss: 0.7023, Val Acc (0.5): 0.6000, Val AUC: 0.6061
  Train Best Threshold 0.45 → Balanced Acc: 0.6478, Acc: 0.6929, Sensitivity: 0.7849, Specificity: 0.5106, PPV: 0.7604, NPV: 0.5455, F1: 0.7725
  Val Best Threshold 0.55 → Balanced Acc: 0.6667, Acc: 0.5429, Sensitivity: 0.3333, Specificity: 1.0000, PPV: 1.0000, NPV: 0.4074, F1: 0.5000
  → New best validation AUC: 0.6061
Epoch 11/50 - Train Loss: 0.6849, Train Acc: 0.5714, Train AUC: 0.6271 - Val Loss: 0.7002, Val Acc (0.5): 0.5714, Val AUC: 0.6212
  Train Best Threshold 0.50 → Balanced Acc: 0.6143, Acc: 0.5714, Sensitivity: 0.4839, Specificity: 0.7447, PPV: 0.7895, NPV: 0.4217, F1: 0.6000
  Val Best Threshold 0.55 → Balanced Acc: 0.7500, Acc: 0.6571, Sensitivity: 0.5000, Specificity: 1.0000, PPV: 1.0000, NPV: 0.4783, F1: 0.6667
  → New best validation AUC: 0.6212
Epoch 12/50 - Train Loss: 0.6771, Train Acc: 0.5643, Train AUC: 0.6735 - Val Loss: 0.7007, Val Acc (0.5): 0.6000, Val AUC: 0.6136
  Train Best Threshold 0.50 → Balanced Acc: 0.6299, Acc: 0.5643, Sensitivity: 0.4301, Specificity: 0.8298, PPV: 0.8333, NPV: 0.4239, F1: 0.5674
  Val Best Threshold 0.55 → Balanced Acc: 0.6591, Acc: 0.6000, Sensitivity: 0.5000, Specificity: 0.8182, PPV: 0.8571, NPV: 0.4286, F1: 0.6316
Epoch 13/50 - Train Loss: 0.6869, Train Acc: 0.5214, Train AUC: 0.6278 - Val Loss: 0.6986, Val Acc (0.5): 0.5714, Val AUC: 0.6250
  Train Best Threshold 0.50 → Balanced Acc: 0.5766, Acc: 0.5214, Sensitivity: 0.4086, Specificity: 0.7447, PPV: 0.7600, NPV: 0.3889, F1: 0.5315
  Val Best Threshold 0.55 → Balanced Acc: 0.6591, Acc: 0.6000, Sensitivity: 0.5000, Specificity: 0.8182, PPV: 0.8571, NPV: 0.4286, F1: 0.6316
  → New best validation AUC: 0.6250
Epoch 14/50 - Train Loss: 0.6608, Train Acc: 0.6357, Train AUC: 0.7300 - Val Loss: 0.6955, Val Acc (0.5): 0.6286, Val AUC: 0.6402
  Train Best Threshold 0.50 → Balanced Acc: 0.6732, Acc: 0.6357, Sensitivity: 0.5591, Specificity: 0.7872, PPV: 0.8387, NPV: 0.4744, F1: 0.6710
  Val Best Threshold 0.55 → Balanced Acc: 0.6591, Acc: 0.6000, Sensitivity: 0.5000, Specificity: 0.8182, PPV: 0.8571, NPV: 0.4286, F1: 0.6316
  → New best validation AUC: 0.6402
Epoch 15/50 - Train Loss: 0.6701, Train Acc: 0.6000, Train AUC: 0.6699 - Val Loss: 0.6932, Val Acc (0.5): 0.5714, Val AUC: 0.6364
  Train Best Threshold 0.45 → Balanced Acc: 0.6474, Acc: 0.6714, Sensitivity: 0.7204, Specificity: 0.5745, PPV: 0.7701, NPV: 0.5094, F1: 0.7444
  Val Best Threshold 0.60 → Balanced Acc: 0.6250, Acc: 0.4857, Sensitivity: 0.2500, Specificity: 1.0000, PPV: 1.0000, NPV: 0.3793, F1: 0.4000
Epoch 16/50 - Train Loss: 0.6532, Train Acc: 0.6643, Train AUC: 0.7243 - Val Loss: 0.6906, Val Acc (0.5): 0.6000, Val AUC: 0.6591
  Train Best Threshold 0.50 → Balanced Acc: 0.6736, Acc: 0.6643, Sensitivity: 0.6452, Specificity: 0.7021, PPV: 0.8108, NPV: 0.5000, F1: 0.7186
  Val Best Threshold 0.60 → Balanced Acc: 0.6250, Acc: 0.4857, Sensitivity: 0.2500, Specificity: 1.0000, PPV: 1.0000, NPV: 0.3793, F1: 0.4000
  → New best validation AUC: 0.6591
Epoch 17/50 - Train Loss: 0.6512, Train Acc: 0.6429, Train AUC: 0.7385 - Val Loss: 0.6869, Val Acc (0.5): 0.6000, Val AUC: 0.6402
  Train Best Threshold 0.40 → Balanced Acc: 0.6805, Acc: 0.7643, Sensitivity: 0.9355, Specificity: 0.4255, PPV: 0.7632, NPV: 0.7692, F1: 0.8406
  Val Best Threshold 0.60 → Balanced Acc: 0.6667, Acc: 0.5429, Sensitivity: 0.3333, Specificity: 1.0000, PPV: 1.0000, NPV: 0.4074, F1: 0.5000
Epoch 18/50 - Train Loss: 0.6533, Train Acc: 0.6286, Train AUC: 0.7479 - Val Loss: 0.6789, Val Acc (0.5): 0.6571, Val AUC: 0.6477
  Train Best Threshold 0.45 → Balanced Acc: 0.6851, Acc: 0.7214, Sensitivity: 0.7957, Specificity: 0.5745, PPV: 0.7872, NPV: 0.5870, F1: 0.7914
  Val Best Threshold 0.50 → Balanced Acc: 0.6761, Acc: 0.6571, Sensitivity: 0.6250, Specificity: 0.7273, PPV: 0.8333, NPV: 0.4706, F1: 0.7143
Epoch 19/50 - Train Loss: 0.6536, Train Acc: 0.6286, Train AUC: 0.7229 - Val Loss: 0.6726, Val Acc (0.5): 0.6286, Val AUC: 0.6629
  Train Best Threshold 0.45 → Balanced Acc: 0.6635, Acc: 0.6857, Sensitivity: 0.7312, Specificity: 0.5957, PPV: 0.7816, NPV: 0.5283, F1: 0.7556
  Val Best Threshold 0.55 → Balanced Acc: 0.6629, Acc: 0.5714, Sensitivity: 0.4167, Specificity: 0.9091, PPV: 0.9091, NPV: 0.4167, F1: 0.5714
  → New best validation AUC: 0.6629
Epoch 20/50 - Train Loss: 0.6552, Train Acc: 0.6214, Train AUC: 0.7133 - Val Loss: 0.6702, Val Acc (0.5): 0.6000, Val AUC: 0.6591
  Train Best Threshold 0.50 → Balanced Acc: 0.6624, Acc: 0.6214, Sensitivity: 0.5376, Specificity: 0.7872, PPV: 0.8333, NPV: 0.4625, F1: 0.6536
  Val Best Threshold 0.55 → Balanced Acc: 0.6420, Acc: 0.5429, Sensitivity: 0.3750, Specificity: 0.9091, PPV: 0.9000, NPV: 0.4000, F1: 0.5294
Epoch 21/50 - Train Loss: 0.6363, Train Acc: 0.6500, Train AUC: 0.7666 - Val Loss: 0.6684, Val Acc (0.5): 0.6000, Val AUC: 0.6553
  Train Best Threshold 0.50 → Balanced Acc: 0.6945, Acc: 0.6500, Sensitivity: 0.5591, Specificity: 0.8298, PPV: 0.8667, NPV: 0.4875, F1: 0.6797
  Val Best Threshold 0.50 → Balanced Acc: 0.6591, Acc: 0.6000, Sensitivity: 0.5000, Specificity: 0.8182, PPV: 0.8571, NPV: 0.4286, F1: 0.6316
Epoch 22/50 - Train Loss: 0.6334, Train Acc: 0.6357, Train AUC: 0.7529 - Val Loss: 0.6644, Val Acc (0.5): 0.5714, Val AUC: 0.6667
  Train Best Threshold 0.55 → Balanced Acc: 0.6726, Acc: 0.6000, Sensitivity: 0.4516, Specificity: 0.8936, PPV: 0.8936, NPV: 0.4516, F1: 0.6000
  Val Best Threshold 0.50 → Balanced Acc: 0.6629, Acc: 0.5714, Sensitivity: 0.4167, Specificity: 0.9091, PPV: 0.9091, NPV: 0.4167, F1: 0.5714
  → New best validation AUC: 0.6667
Epoch 23/50 - Train Loss: 0.6174, Train Acc: 0.6571, Train AUC: 0.7888 - Val Loss: 0.6637, Val Acc (0.5): 0.5714, Val AUC: 0.6742
  Train Best Threshold 0.40 → Balanced Acc: 0.7173, Acc: 0.7643, Sensitivity: 0.8602, Specificity: 0.5745, PPV: 0.8000, NPV: 0.6750, F1: 0.8290
  Val Best Threshold 0.45 → Balanced Acc: 0.6761, Acc: 0.6571, Sensitivity: 0.6250, Specificity: 0.7273, PPV: 0.8333, NPV: 0.4706, F1: 0.7143
  → New best validation AUC: 0.6742
Epoch 24/50 - Train Loss: 0.6207, Train Acc: 0.6929, Train AUC: 0.7916 - Val Loss: 0.6628, Val Acc (0.5): 0.6000, Val AUC: 0.6742
  Train Best Threshold 0.50 → Balanced Acc: 0.7320, Acc: 0.6929, Sensitivity: 0.6129, Specificity: 0.8511, PPV: 0.8906, NPV: 0.5263, F1: 0.7261
  Val Best Threshold 0.50 → Balanced Acc: 0.6591, Acc: 0.6000, Sensitivity: 0.5000, Specificity: 0.8182, PPV: 0.8571, NPV: 0.4286, F1: 0.6316
Epoch 25/50 - Train Loss: 0.6019, Train Acc: 0.7000, Train AUC: 0.8161 - Val Loss: 0.6619, Val Acc (0.5): 0.5429, Val AUC: 0.6742
  Train Best Threshold 0.55 → Balanced Acc: 0.7475, Acc: 0.6786, Sensitivity: 0.5376, Specificity: 0.9574, PPV: 0.9615, NPV: 0.5114, F1: 0.6897
  Val Best Threshold 0.40 → Balanced Acc: 0.6723, Acc: 0.6857, Sensitivity: 0.7083, Specificity: 0.6364, PPV: 0.8095, NPV: 0.5000, F1: 0.7556
Epoch 26/50 - Train Loss: 0.6139, Train Acc: 0.6429, Train AUC: 0.7900 - Val Loss: 0.6608, Val Acc (0.5): 0.5429, Val AUC: 0.6742
  Train Best Threshold 0.40 → Balanced Acc: 0.7282, Acc: 0.7857, Sensitivity: 0.9032, Specificity: 0.5532, PPV: 0.8000, NPV: 0.7429, F1: 0.8485
  Val Best Threshold 0.45 → Balanced Acc: 0.6553, Acc: 0.6286, Sensitivity: 0.5833, Specificity: 0.7273, PPV: 0.8235, NPV: 0.4444, F1: 0.6829
Epoch 27/50 - Train Loss: 0.6166, Train Acc: 0.6786, Train AUC: 0.7792 - Val Loss: 0.6610, Val Acc (0.5): 0.5714, Val AUC: 0.6780
  Train Best Threshold 0.45 → Balanced Acc: 0.7275, Acc: 0.7429, Sensitivity: 0.7742, Specificity: 0.6809, PPV: 0.8276, NPV: 0.6038, F1: 0.8000
  Val Best Threshold 0.45 → Balanced Acc: 0.6761, Acc: 0.6571, Sensitivity: 0.6250, Specificity: 0.7273, PPV: 0.8333, NPV: 0.4706, F1: 0.7143
  → New best validation AUC: 0.6780
Epoch 28/50 - Train Loss: 0.6174, Train Acc: 0.7000, Train AUC: 0.7838 - Val Loss: 0.6612, Val Acc (0.5): 0.6286, Val AUC: 0.6705
  Train Best Threshold 0.50 → Balanced Acc: 0.7216, Acc: 0.7000, Sensitivity: 0.6559, Specificity: 0.7872, PPV: 0.8592, NPV: 0.5362, F1: 0.7439
  Val Best Threshold 0.45 → Balanced Acc: 0.6761, Acc: 0.6571, Sensitivity: 0.6250, Specificity: 0.7273, PPV: 0.8333, NPV: 0.4706, F1: 0.7143
Epoch 29/50 - Train Loss: 0.5949, Train Acc: 0.6786, Train AUC: 0.8323 - Val Loss: 0.6632, Val Acc (0.5): 0.6571, Val AUC: 0.6705
  Train Best Threshold 0.45 → Balanced Acc: 0.7915, Acc: 0.7929, Sensitivity: 0.7957, Specificity: 0.7872, PPV: 0.8810, NPV: 0.6607, F1: 0.8362
  Val Best Threshold 0.45 → Balanced Acc: 0.6970, Acc: 0.6857, Sensitivity: 0.6667, Specificity: 0.7273, PPV: 0.8421, NPV: 0.5000, F1: 0.7442
Epoch 30/50 - Train Loss: 0.6126, Train Acc: 0.6929, Train AUC: 0.7982 - Val Loss: 0.6656, Val Acc (0.5): 0.6571, Val AUC: 0.6742
  Train Best Threshold 0.45 → Balanced Acc: 0.7594, Acc: 0.7643, Sensitivity: 0.7742, Specificity: 0.7447, PPV: 0.8571, NPV: 0.6250, F1: 0.8136
  Val Best Threshold 0.50 → Balanced Acc: 0.6761, Acc: 0.6571, Sensitivity: 0.6250, Specificity: 0.7273, PPV: 0.8333, NPV: 0.4706, F1: 0.7143
Epoch 31/50 - Train Loss: 0.5953, Train Acc: 0.7643, Train AUC: 0.8286 - Val Loss: 0.6678, Val Acc (0.5): 0.6571, Val AUC: 0.6705
  Train Best Threshold 0.50 → Balanced Acc: 0.7805, Acc: 0.7643, Sensitivity: 0.7312, Specificity: 0.8298, PPV: 0.8947, NPV: 0.6094, F1: 0.8047
  Val Best Threshold 0.55 → Balanced Acc: 0.6761, Acc: 0.6571, Sensitivity: 0.6250, Specificity: 0.7273, PPV: 0.8333, NPV: 0.4706, F1: 0.7143
Epoch 32/50 - Train Loss: 0.6013, Train Acc: 0.7429, Train AUC: 0.8060 - Val Loss: 0.6659, Val Acc (0.5): 0.6571, Val AUC: 0.6894
  Train Best Threshold 0.50 → Balanced Acc: 0.7591, Acc: 0.7429, Sensitivity: 0.7097, Specificity: 0.8085, PPV: 0.8800, NPV: 0.5846, F1: 0.7857
  Val Best Threshold 0.55 → Balanced Acc: 0.6761, Acc: 0.6571, Sensitivity: 0.6250, Specificity: 0.7273, PPV: 0.8333, NPV: 0.4706, F1: 0.7143
  → New best validation AUC: 0.6894
Epoch 33/50 - Train Loss: 0.5890, Train Acc: 0.7429, Train AUC: 0.8218 - Val Loss: 0.6730, Val Acc (0.5): 0.6571, Val AUC: 0.6894
  Train Best Threshold 0.50 → Balanced Acc: 0.7591, Acc: 0.7429, Sensitivity: 0.7097, Specificity: 0.8085, PPV: 0.8800, NPV: 0.5846, F1: 0.7857
  Val Best Threshold 0.60 → Balanced Acc: 0.7008, Acc: 0.6571, Sensitivity: 0.5833, Specificity: 0.8182, PPV: 0.8750, NPV: 0.4737, F1: 0.7000
Epoch 34/50 - Train Loss: 0.5766, Train Acc: 0.7714, Train AUC: 0.8593 - Val Loss: 0.6660, Val Acc (0.5): 0.6857, Val AUC: 0.7008
  Train Best Threshold 0.45 → Balanced Acc: 0.7970, Acc: 0.8071, Sensitivity: 0.8280, Specificity: 0.7660, PPV: 0.8750, NPV: 0.6923, F1: 0.8508
  Val Best Threshold 0.55 → Balanced Acc: 0.7216, Acc: 0.6857, Sensitivity: 0.6250, Specificity: 0.8182, PPV: 0.8824, NPV: 0.5000, F1: 0.7317
  → New best validation AUC: 0.7008
Epoch 35/50 - Train Loss: 0.5834, Train Acc: 0.7357, Train AUC: 0.8328 - Val Loss: 0.6594, Val Acc (0.5): 0.6857, Val AUC: 0.7083
  Train Best Threshold 0.50 → Balanced Acc: 0.7642, Acc: 0.7357, Sensitivity: 0.6774, Specificity: 0.8511, PPV: 0.9000, NPV: 0.5714, F1: 0.7730
  Val Best Threshold 0.50 → Balanced Acc: 0.6970, Acc: 0.6857, Sensitivity: 0.6667, Specificity: 0.7273, PPV: 0.8421, NPV: 0.5000, F1: 0.7442
  → New best validation AUC: 0.7083
Epoch 36/50 - Train Loss: 0.5483, Train Acc: 0.7714, Train AUC: 0.8925 - Val Loss: 0.6566, Val Acc (0.5): 0.6857, Val AUC: 0.7008
  Train Best Threshold 0.45 → Balanced Acc: 0.8074, Acc: 0.8000, Sensitivity: 0.7849, Specificity: 0.8298, PPV: 0.9012, NPV: 0.6610, F1: 0.8391
  Val Best Threshold 0.50 → Balanced Acc: 0.6970, Acc: 0.6857, Sensitivity: 0.6667, Specificity: 0.7273, PPV: 0.8421, NPV: 0.5000, F1: 0.7442
Epoch 37/50 - Train Loss: 0.5863, Train Acc: 0.7500, Train AUC: 0.8234 - Val Loss: 0.6605, Val Acc (0.5): 0.6857, Val AUC: 0.6970
  Train Best Threshold 0.45 → Balanced Acc: 0.7702, Acc: 0.7786, Sensitivity: 0.7957, Specificity: 0.7447, PPV: 0.8605, NPV: 0.6481, F1: 0.8268
  Val Best Threshold 0.50 → Balanced Acc: 0.7216, Acc: 0.6857, Sensitivity: 0.6250, Specificity: 0.8182, PPV: 0.8824, NPV: 0.5000, F1: 0.7317
Epoch 38/50 - Train Loss: 0.5648, Train Acc: 0.7571, Train AUC: 0.8543 - Val Loss: 0.6607, Val Acc (0.5): 0.6857, Val AUC: 0.7045
  Train Best Threshold 0.45 → Balanced Acc: 0.8075, Acc: 0.8071, Sensitivity: 0.8065, Specificity: 0.8085, PPV: 0.8929, NPV: 0.6786, F1: 0.8475
  Val Best Threshold 0.50 → Balanced Acc: 0.7216, Acc: 0.6857, Sensitivity: 0.6250, Specificity: 0.8182, PPV: 0.8824, NPV: 0.5000, F1: 0.7317
Epoch 39/50 - Train Loss: 0.5800, Train Acc: 0.7500, Train AUC: 0.8261 - Val Loss: 0.6611, Val Acc (0.5): 0.7429, Val AUC: 0.7045
  Train Best Threshold 0.45 → Balanced Acc: 0.7597, Acc: 0.7786, Sensitivity: 0.8172, Specificity: 0.7021, PPV: 0.8444, NPV: 0.6600, F1: 0.8306
  Val Best Threshold 0.50 → Balanced Acc: 0.7633, Acc: 0.7429, Sensitivity: 0.7083, Specificity: 0.8182, PPV: 0.8947, NPV: 0.5625, F1: 0.7907
Epoch 40/50 - Train Loss: 0.5569, Train Acc: 0.7571, Train AUC: 0.8614 - Val Loss: 0.6637, Val Acc (0.5): 0.6000, Val AUC: 0.7045
  Train Best Threshold 0.40 → Balanced Acc: 0.7814, Acc: 0.8214, Sensitivity: 0.9032, Specificity: 0.6596, PPV: 0.8400, NPV: 0.7750, F1: 0.8705
  Val Best Threshold 0.45 → Balanced Acc: 0.7633, Acc: 0.7429, Sensitivity: 0.7083, Specificity: 0.8182, PPV: 0.8947, NPV: 0.5625, F1: 0.7907
Epoch 41/50 - Train Loss: 0.5554, Train Acc: 0.7857, Train AUC: 0.8691 - Val Loss: 0.6752, Val Acc (0.5): 0.5714, Val AUC: 0.7083
  Train Best Threshold 0.50 → Balanced Acc: 0.8124, Acc: 0.7857, Sensitivity: 0.7312, Specificity: 0.8936, PPV: 0.9315, NPV: 0.6269, F1: 0.8193
  Val Best Threshold 0.40 → Balanced Acc: 0.7633, Acc: 0.7429, Sensitivity: 0.7083, Specificity: 0.8182, PPV: 0.8947, NPV: 0.5625, F1: 0.7907
Epoch 42/50 - Train Loss: 0.5346, Train Acc: 0.8071, Train AUC: 0.8968 - Val Loss: 0.6715, Val Acc (0.5): 0.6286, Val AUC: 0.7197
  Train Best Threshold 0.50 → Balanced Acc: 0.8233, Acc: 0.8071, Sensitivity: 0.7742, Specificity: 0.8723, PPV: 0.9231, NPV: 0.6613, F1: 0.8421
  Val Best Threshold 0.45 → Balanced Acc: 0.7633, Acc: 0.7429, Sensitivity: 0.7083, Specificity: 0.8182, PPV: 0.8947, NPV: 0.5625, F1: 0.7907
  → New best validation AUC: 0.7197
Epoch 43/50 - Train Loss: 0.5171, Train Acc: 0.7857, Train AUC: 0.8961 - Val Loss: 0.6738, Val Acc (0.5): 0.6857, Val AUC: 0.6932
  Train Best Threshold 0.40 → Balanced Acc: 0.8293, Acc: 0.8571, Sensitivity: 0.9140, Specificity: 0.7447, PPV: 0.8763, NPV: 0.8140, F1: 0.8947
  Val Best Threshold 0.50 → Balanced Acc: 0.6970, Acc: 0.6857, Sensitivity: 0.6667, Specificity: 0.7273, PPV: 0.8421, NPV: 0.5000, F1: 0.7442
Epoch 44/50 - Train Loss: 0.5197, Train Acc: 0.8071, Train AUC: 0.8927 - Val Loss: 0.6800, Val Acc (0.5): 0.6857, Val AUC: 0.6894
  Train Best Threshold 0.45 → Balanced Acc: 0.8182, Acc: 0.8214, Sensitivity: 0.8280, Specificity: 0.8085, PPV: 0.8953, NPV: 0.7037, F1: 0.8603
  Val Best Threshold 0.55 → Balanced Acc: 0.7216, Acc: 0.6857, Sensitivity: 0.6250, Specificity: 0.8182, PPV: 0.8824, NPV: 0.5000, F1: 0.7317
Epoch 45/50 - Train Loss: 0.5380, Train Acc: 0.7857, Train AUC: 0.8685 - Val Loss: 0.6762, Val Acc (0.5): 0.6286, Val AUC: 0.7008
  Train Best Threshold 0.50 → Balanced Acc: 0.8019, Acc: 0.7857, Sensitivity: 0.7527, Specificity: 0.8511, PPV: 0.9091, NPV: 0.6349, F1: 0.8235
  Val Best Threshold 0.45 → Balanced Acc: 0.7424, Acc: 0.7143, Sensitivity: 0.6667, Specificity: 0.8182, PPV: 0.8889, NPV: 0.5294, F1: 0.7619
Epoch 46/50 - Train Loss: 0.5136, Train Acc: 0.8071, Train AUC: 0.8950 - Val Loss: 0.6765, Val Acc (0.5): 0.6286, Val AUC: 0.6970
  Train Best Threshold 0.50 → Balanced Acc: 0.8233, Acc: 0.8071, Sensitivity: 0.7742, Specificity: 0.8723, PPV: 0.9231, NPV: 0.6613, F1: 0.8421
  Val Best Threshold 0.40 → Balanced Acc: 0.7424, Acc: 0.7143, Sensitivity: 0.6667, Specificity: 0.8182, PPV: 0.8889, NPV: 0.5294, F1: 0.7619
Epoch 47/50 - Train Loss: 0.5522, Train Acc: 0.8071, Train AUC: 0.8712 - Val Loss: 0.7029, Val Acc (0.5): 0.5714, Val AUC: 0.7121
  Train Best Threshold 0.50 → Balanced Acc: 0.8285, Acc: 0.8071, Sensitivity: 0.7634, Specificity: 0.8936, PPV: 0.9342, NPV: 0.6562, F1: 0.8402
  Val Best Threshold 0.35 → Balanced Acc: 0.7216, Acc: 0.6857, Sensitivity: 0.6250, Specificity: 0.8182, PPV: 0.8824, NPV: 0.5000, F1: 0.7317
Epoch 48/50 - Train Loss: 0.5159, Train Acc: 0.7929, Train AUC: 0.8826 - Val Loss: 0.6744, Val Acc (0.5): 0.6571, Val AUC: 0.7121
  Train Best Threshold 0.40 → Balanced Acc: 0.7974, Acc: 0.8357, Sensitivity: 0.9140, Specificity: 0.6809, PPV: 0.8500, NPV: 0.8000, F1: 0.8808
  Val Best Threshold 0.45 → Balanced Acc: 0.7216, Acc: 0.6857, Sensitivity: 0.6250, Specificity: 0.8182, PPV: 0.8824, NPV: 0.5000, F1: 0.7317
Epoch 49/50 - Train Loss: 0.5080, Train Acc: 0.8071, Train AUC: 0.9021 - Val Loss: 0.6895, Val Acc (0.5): 0.6571, Val AUC: 0.7045
  Train Best Threshold 0.40 → Balanced Acc: 0.8400, Acc: 0.8643, Sensitivity: 0.9140, Specificity: 0.7660, PPV: 0.8854, NPV: 0.8182, F1: 0.8995
  Val Best Threshold 0.60 → Balanced Acc: 0.7216, Acc: 0.6857, Sensitivity: 0.6250, Specificity: 0.8182, PPV: 0.8824, NPV: 0.5000, F1: 0.7317
Epoch 50/50 - Train Loss: 0.5243, Train Acc: 0.7786, Train AUC: 0.8803 - Val Loss: 0.7052, Val Acc (0.5): 0.6571, Val AUC: 0.6932
  Train Best Threshold 0.45 → Balanced Acc: 0.8132, Acc: 0.8357, Sensitivity: 0.8817, Specificity: 0.7447, PPV: 0.8723, NPV: 0.7609, F1: 0.8770
  Val Best Threshold 0.60 → Balanced Acc: 0.7424, Acc: 0.7143, Sensitivity: 0.6667, Specificity: 0.8182, PPV: 0.8889, NPV: 0.5294, F1: 0.7619
Loaded best model with validation AUC: 0.7197
Final Train Results (Best Model) at epoch 42 - Loss: 0.5463, Accuracy: 0.7571, AUC: 0.8682
Final Val Results (Best Model) at epoch 42 - Loss: 0.6715, Accuracy: 0.6286, AUC: 0.7197
Train Best Threshold: 0.40 | Balanced Acc: 0.7706 | Acc: 0.8071 | Sensitivity: 0.8817 | Specificity: 0.6596 | PPV: 0.8367 | NPV: 0.7381 | F1: 0.8586
Train Confusion Matrix at Best Threshold (rows=actual [0,1], cols=predicted [0,1]):
[[31 16]
 [11 82]]
Val Best Threshold: 0.45 | Balanced Acc: 0.7633 | Acc: 0.7429 | Sensitivity: 0.7083 | Specificity: 0.8182 | PPV: 0.8947 | NPV: 0.5625 | F1: 0.7907
Val Confusion Matrix at Best Threshold (rows=actual [0,1], cols=predicted [0,1]):
[[ 9  2]
 [ 7 17]]

Fold 2 Training Cases (140): ['100', '102', '104', '106', '107', '11', '110', '111', '112', '114', '115', '118', '122', '123', '129', '132', '135', '137', '142', '144', '146', '153', '154', '157', '158', '162', '163', '164', '165', '166', '173', '177', '178', '18', '180', '185', '191', '192', '197', '204', '205', '207', '210', '211', '215', '217', '218', '219', '220', '221', '224', '226', '231', '232', '24', '241', '244', '251', '253', '254', '257', '258', '259', '26', '260', '262', '264', '268', '269', '272', '273', '274', '275', '276', '278', '280', '281', '283', '287', '289', '292', '298', '299', '300', '301', '303', '304', '306', '307', '308', '31', '310', '311', '312', '313', '319', '32', '320', '324', '329', '331', '332', '37', '38', '4', '40', '43', '45', '46', '48', '49', '5', '50', '51', '52', '53', '55', '58', '6', '63', '64', '65', '67', '68', '69', '77', '8', '80', '83', '85', '87', '88', '89', '9', '90', '92', '93', '95', '96', '99']
Fold 2 Validation Cases (35): ['1', '101', '105', '108', '113', '119', '126', '145', '152', '169', '175', '181', '186', '203', '206', '223', '245', '25', '250', '255', '263', '27', '284', '29', '57', '60', '62', '7', '73', '78', '81', '86', '91', '97', '98']
Fold 2 class distribution:
  Train: Class 0=47 (33.6%), Class 1=93 (66.4%)
  Val:   Class 0=11 (31.4%), Class 1=24 (68.6%)

======================================================================
Fold 2/5
======================================================================
Train: 140 patients
Val: 35 patients
Fitting clinical preprocessor on training data...
Built clinical feature dictionaries: train=140, val=35
Clinical input dimension: 5
Backbone feature dimension: 512
Created mean pooling model with backbone resnet18
Using device: cuda
Class weights: [1.0, 0.5053763389587402]
Weight decay (L2 reg): 0.0001
Label smoothing: 0.1

Epoch 1/50 - Train Loss: 0.7204, Train Acc: 0.3286, Train AUC: 0.5404 - Val Loss: 0.6861, Val Acc (0.5): 0.3143, Val AUC: 0.4394
  Train Best Threshold 0.40 → Balanced Acc: 0.5185, Acc: 0.5071, Sensitivity: 0.4839, Specificity: 0.5532, PPV: 0.6818, NPV: 0.3514, F1: 0.5660
  Val Best Threshold 0.45 → Balanced Acc: 0.5208, Acc: 0.3429, Sensitivity: 0.0417, Specificity: 1.0000, PPV: 1.0000, NPV: 0.3235, F1: 0.0800
  → New best validation AUC: 0.4394
Epoch 2/50 - Train Loss: 0.7288, Train Acc: 0.3357, Train AUC: 0.4518 - Val Loss: 0.6924, Val Acc (0.5): 0.3143, Val AUC: 0.4091
  Train Best Threshold 0.05 → Balanced Acc: 0.5000, Acc: 0.6643, Sensitivity: 1.0000, Specificity: 0.0000, PPV: 0.6643, NPV: 0.0000, F1: 0.7983
  Val Best Threshold 0.05 → Balanced Acc: 0.5000, Acc: 0.6857, Sensitivity: 1.0000, Specificity: 0.0000, PPV: 0.6857, NPV: 0.0000, F1: 0.8136
Epoch 3/50 - Train Loss: 0.7056, Train Acc: 0.3929, Train AUC: 0.5774 - Val Loss: 0.6913, Val Acc (0.5): 0.3143, Val AUC: 0.4091
  Train Best Threshold 0.40 → Balanced Acc: 0.5305, Acc: 0.6000, Sensitivity: 0.7419, Specificity: 0.3191, PPV: 0.6832, NPV: 0.3846, F1: 0.7113
  Val Best Threshold 0.05 → Balanced Acc: 0.5000, Acc: 0.6857, Sensitivity: 1.0000, Specificity: 0.0000, PPV: 0.6857, NPV: 0.0000, F1: 0.8136
Epoch 4/50 - Train Loss: 0.7073, Train Acc: 0.3786, Train AUC: 0.4997 - Val Loss: 0.6899, Val Acc (0.5): 0.3429, Val AUC: 0.4432
  Train Best Threshold 0.50 → Balanced Acc: 0.5217, Acc: 0.3786, Sensitivity: 0.0860, Specificity: 0.9574, PPV: 0.8000, NPV: 0.3462, F1: 0.1553
  Val Best Threshold 0.50 → Balanced Acc: 0.5208, Acc: 0.3429, Sensitivity: 0.0417, Specificity: 1.0000, PPV: 1.0000, NPV: 0.3235, F1: 0.0800
  → New best validation AUC: 0.4432
Epoch 5/50 - Train Loss: 0.7030, Train Acc: 0.4357, Train AUC: 0.5470 - Val Loss: 0.6891, Val Acc (0.5): 0.4000, Val AUC: 0.4621
  Train Best Threshold 0.50 → Balanced Acc: 0.5595, Acc: 0.4357, Sensitivity: 0.1828, Specificity: 0.9362, PPV: 0.8500, NPV: 0.3667, F1: 0.3009
  Val Best Threshold 0.50 → Balanced Acc: 0.5625, Acc: 0.4000, Sensitivity: 0.1250, Specificity: 1.0000, PPV: 1.0000, NPV: 0.3438, F1: 0.2222
  → New best validation AUC: 0.4621
Epoch 6/50 - Train Loss: 0.6978, Train Acc: 0.4071, Train AUC: 0.5658 - Val Loss: 0.6866, Val Acc (0.5): 0.4857, Val AUC: 0.5341
  Train Best Threshold 0.45 → Balanced Acc: 0.5563, Acc: 0.5643, Sensitivity: 0.5806, Specificity: 0.5319, PPV: 0.7105, NPV: 0.3906, F1: 0.6391
  Val Best Threshold 0.50 → Balanced Acc: 0.6250, Acc: 0.4857, Sensitivity: 0.2500, Specificity: 1.0000, PPV: 1.0000, NPV: 0.3793, F1: 0.4000
  → New best validation AUC: 0.5341
Epoch 7/50 - Train Loss: 0.6922, Train Acc: 0.4643, Train AUC: 0.6035 - Val Loss: 0.6846, Val Acc (0.5): 0.4857, Val AUC: 0.5341
  Train Best Threshold 0.45 → Balanced Acc: 0.5625, Acc: 0.6214, Sensitivity: 0.7419, Specificity: 0.3830, PPV: 0.7041, NPV: 0.4286, F1: 0.7225
  Val Best Threshold 0.50 → Balanced Acc: 0.6250, Acc: 0.4857, Sensitivity: 0.2500, Specificity: 1.0000, PPV: 1.0000, NPV: 0.3793, F1: 0.4000
Epoch 8/50 - Train Loss: 0.6801, Train Acc: 0.5143, Train AUC: 0.6644 - Val Loss: 0.6836, Val Acc (0.5): 0.4571, Val AUC: 0.5644
  Train Best Threshold 0.50 → Balanced Acc: 0.6028, Acc: 0.5143, Sensitivity: 0.3333, Specificity: 0.8723, PPV: 0.8378, NPV: 0.3981, F1: 0.4769
  Val Best Threshold 0.50 → Balanced Acc: 0.5795, Acc: 0.4571, Sensitivity: 0.2500, Specificity: 0.9091, PPV: 0.8571, NPV: 0.3571, F1: 0.3871
  → New best validation AUC: 0.5644
Epoch 9/50 - Train Loss: 0.6697, Train Acc: 0.5929, Train AUC: 0.7266 - Val Loss: 0.6814, Val Acc (0.5): 0.4857, Val AUC: 0.5985
  Train Best Threshold 0.50 → Balanced Acc: 0.6620, Acc: 0.5929, Sensitivity: 0.4516, Specificity: 0.8723, PPV: 0.8750, NPV: 0.4457, F1: 0.5957
  Val Best Threshold 0.50 → Balanced Acc: 0.5758, Acc: 0.4857, Sensitivity: 0.3333, Specificity: 0.8182, PPV: 0.8000, NPV: 0.3600, F1: 0.4706
  → New best validation AUC: 0.5985
Epoch 10/50 - Train Loss: 0.6741, Train Acc: 0.5786, Train AUC: 0.7085 - Val Loss: 0.6788, Val Acc (0.5): 0.5143, Val AUC: 0.6212
  Train Best Threshold 0.45 → Balanced Acc: 0.6588, Acc: 0.7214, Sensitivity: 0.8495, Specificity: 0.4681, PPV: 0.7596, NPV: 0.6111, F1: 0.8020
  Val Best Threshold 0.55 → Balanced Acc: 0.6250, Acc: 0.4857, Sensitivity: 0.2500, Specificity: 1.0000, PPV: 1.0000, NPV: 0.3793, F1: 0.4000
  → New best validation AUC: 0.6212
Epoch 11/50 - Train Loss: 0.6800, Train Acc: 0.5357, Train AUC: 0.6687 - Val Loss: 0.6771, Val Acc (0.5): 0.5143, Val AUC: 0.6364
  Train Best Threshold 0.45 → Balanced Acc: 0.6639, Acc: 0.7143, Sensitivity: 0.8172, Specificity: 0.5106, PPV: 0.7677, NPV: 0.5854, F1: 0.7917
  Val Best Threshold 0.55 → Balanced Acc: 0.6250, Acc: 0.4857, Sensitivity: 0.2500, Specificity: 1.0000, PPV: 1.0000, NPV: 0.3793, F1: 0.4000
  → New best validation AUC: 0.6364
Epoch 12/50 - Train Loss: 0.6729, Train Acc: 0.5714, Train AUC: 0.7001 - Val Loss: 0.6740, Val Acc (0.5): 0.5429, Val AUC: 0.6402
  Train Best Threshold 0.45 → Balanced Acc: 0.6422, Acc: 0.6714, Sensitivity: 0.7312, Specificity: 0.5532, PPV: 0.7640, NPV: 0.5098, F1: 0.7473
  Val Best Threshold 0.55 → Balanced Acc: 0.6250, Acc: 0.4857, Sensitivity: 0.2500, Specificity: 1.0000, PPV: 1.0000, NPV: 0.3793, F1: 0.4000
  → New best validation AUC: 0.6402
Epoch 13/50 - Train Loss: 0.6852, Train Acc: 0.5571, Train AUC: 0.6349 - Val Loss: 0.6678, Val Acc (0.5): 0.5143, Val AUC: 0.6742
  Train Best Threshold 0.45 → Balanced Acc: 0.6106, Acc: 0.6714, Sensitivity: 0.7957, Specificity: 0.4255, PPV: 0.7327, NPV: 0.5128, F1: 0.7629
  Val Best Threshold 0.55 → Balanced Acc: 0.6250, Acc: 0.4857, Sensitivity: 0.2500, Specificity: 1.0000, PPV: 1.0000, NPV: 0.3793, F1: 0.4000
  → New best validation AUC: 0.6742
Epoch 14/50 - Train Loss: 0.6699, Train Acc: 0.6286, Train AUC: 0.6941 - Val Loss: 0.6610, Val Acc (0.5): 0.5429, Val AUC: 0.6742
  Train Best Threshold 0.50 → Balanced Acc: 0.6731, Acc: 0.6286, Sensitivity: 0.5376, Specificity: 0.8085, PPV: 0.8475, NPV: 0.4691, F1: 0.6579
  Val Best Threshold 0.50 → Balanced Acc: 0.6420, Acc: 0.5429, Sensitivity: 0.3750, Specificity: 0.9091, PPV: 0.9000, NPV: 0.4000, F1: 0.5294
Epoch 15/50 - Train Loss: 0.6735, Train Acc: 0.5500, Train AUC: 0.6612 - Val Loss: 0.6550, Val Acc (0.5): 0.5429, Val AUC: 0.6970
  Train Best Threshold 0.50 → Balanced Acc: 0.5981, Acc: 0.5500, Sensitivity: 0.4516, Specificity: 0.7447, PPV: 0.7778, NPV: 0.4070, F1: 0.5714
  Val Best Threshold 0.50 → Balanced Acc: 0.6667, Acc: 0.5429, Sensitivity: 0.3333, Specificity: 1.0000, PPV: 1.0000, NPV: 0.4074, F1: 0.5000
  → New best validation AUC: 0.6970
Epoch 16/50 - Train Loss: 0.6511, Train Acc: 0.6643, Train AUC: 0.7584 - Val Loss: 0.6498, Val Acc (0.5): 0.5429, Val AUC: 0.6970
  Train Best Threshold 0.50 → Balanced Acc: 0.6894, Acc: 0.6643, Sensitivity: 0.6129, Specificity: 0.7660, PPV: 0.8382, NPV: 0.5000, F1: 0.7081
  Val Best Threshold 0.50 → Balanced Acc: 0.6667, Acc: 0.5429, Sensitivity: 0.3333, Specificity: 1.0000, PPV: 1.0000, NPV: 0.4074, F1: 0.5000
Epoch 17/50 - Train Loss: 0.6419, Train Acc: 0.6000, Train AUC: 0.7898 - Val Loss: 0.6465, Val Acc (0.5): 0.5714, Val AUC: 0.6894
  Train Best Threshold 0.45 → Balanced Acc: 0.7489, Acc: 0.7643, Sensitivity: 0.7957, Specificity: 0.7021, PPV: 0.8409, NPV: 0.6346, F1: 0.8177
  Val Best Threshold 0.50 → Balanced Acc: 0.6875, Acc: 0.5714, Sensitivity: 0.3750, Specificity: 1.0000, PPV: 1.0000, NPV: 0.4231, F1: 0.5455
Epoch 18/50 - Train Loss: 0.6538, Train Acc: 0.6357, Train AUC: 0.7348 - Val Loss: 0.6476, Val Acc (0.5): 0.5714, Val AUC: 0.6818
  Train Best Threshold 0.45 → Balanced Acc: 0.6796, Acc: 0.7071, Sensitivity: 0.7634, Specificity: 0.5957, PPV: 0.7889, NPV: 0.5600, F1: 0.7760
  Val Best Threshold 0.55 → Balanced Acc: 0.6667, Acc: 0.5429, Sensitivity: 0.3333, Specificity: 1.0000, PPV: 1.0000, NPV: 0.4074, F1: 0.5000
Epoch 19/50 - Train Loss: 0.6418, Train Acc: 0.6857, Train AUC: 0.7845 - Val Loss: 0.6440, Val Acc (0.5): 0.5714, Val AUC: 0.6818
  Train Best Threshold 0.45 → Balanced Acc: 0.7438, Acc: 0.7714, Sensitivity: 0.8280, Specificity: 0.6596, PPV: 0.8280, NPV: 0.6596, F1: 0.8280
  Val Best Threshold 0.55 → Balanced Acc: 0.6667, Acc: 0.5429, Sensitivity: 0.3333, Specificity: 1.0000, PPV: 1.0000, NPV: 0.4074, F1: 0.5000
Epoch 20/50 - Train Loss: 0.6402, Train Acc: 0.6214, Train AUC: 0.7570 - Val Loss: 0.6418, Val Acc (0.5): 0.5714, Val AUC: 0.6894
  Train Best Threshold 0.45 → Balanced Acc: 0.6900, Acc: 0.7000, Sensitivity: 0.7204, Specificity: 0.6596, PPV: 0.8072, NPV: 0.5439, F1: 0.7614
  Val Best Threshold 0.55 → Balanced Acc: 0.6667, Acc: 0.5429, Sensitivity: 0.3333, Specificity: 1.0000, PPV: 1.0000, NPV: 0.4074, F1: 0.5000
Epoch 21/50 - Train Loss: 0.6481, Train Acc: 0.6500, Train AUC: 0.7477 - Val Loss: 0.6396, Val Acc (0.5): 0.5714, Val AUC: 0.6894
  Train Best Threshold 0.50 → Balanced Acc: 0.6892, Acc: 0.6500, Sensitivity: 0.5699, Specificity: 0.8085, PPV: 0.8548, NPV: 0.4872, F1: 0.6839
  Val Best Threshold 0.55 → Balanced Acc: 0.6667, Acc: 0.5429, Sensitivity: 0.3333, Specificity: 1.0000, PPV: 1.0000, NPV: 0.4074, F1: 0.5000
Epoch 22/50 - Train Loss: 0.6282, Train Acc: 0.6500, Train AUC: 0.7664 - Val Loss: 0.6381, Val Acc (0.5): 0.6000, Val AUC: 0.6894
  Train Best Threshold 0.50 → Balanced Acc: 0.6787, Acc: 0.6500, Sensitivity: 0.5914, Specificity: 0.7660, PPV: 0.8333, NPV: 0.4865, F1: 0.6918
  Val Best Threshold 0.50 → Balanced Acc: 0.7083, Acc: 0.6000, Sensitivity: 0.4167, Specificity: 1.0000, PPV: 1.0000, NPV: 0.4400, F1: 0.5882
Epoch 23/50 - Train Loss: 0.6283, Train Acc: 0.6714, Train AUC: 0.7637 - Val Loss: 0.6397, Val Acc (0.5): 0.6000, Val AUC: 0.6818
  Train Best Threshold 0.50 → Balanced Acc: 0.7001, Acc: 0.6714, Sensitivity: 0.6129, Specificity: 0.7872, PPV: 0.8507, NPV: 0.5068, F1: 0.7125
  Val Best Threshold 0.50 → Balanced Acc: 0.7083, Acc: 0.6000, Sensitivity: 0.4167, Specificity: 1.0000, PPV: 1.0000, NPV: 0.4400, F1: 0.5882
Epoch 24/50 - Train Loss: 0.6135, Train Acc: 0.7071, Train AUC: 0.8053 - Val Loss: 0.6423, Val Acc (0.5): 0.5429, Val AUC: 0.6705
  Train Best Threshold 0.45 → Balanced Acc: 0.7383, Acc: 0.7571, Sensitivity: 0.7957, Specificity: 0.6809, PPV: 0.8315, NPV: 0.6275, F1: 0.8132
  Val Best Threshold 0.55 → Balanced Acc: 0.7083, Acc: 0.6000, Sensitivity: 0.4167, Specificity: 1.0000, PPV: 1.0000, NPV: 0.4400, F1: 0.5882
Epoch 25/50 - Train Loss: 0.6322, Train Acc: 0.6429, Train AUC: 0.7431 - Val Loss: 0.6416, Val Acc (0.5): 0.5714, Val AUC: 0.6742
  Train Best Threshold 0.45 → Balanced Acc: 0.6794, Acc: 0.6929, Sensitivity: 0.7204, Specificity: 0.6383, PPV: 0.7976, NPV: 0.5357, F1: 0.7571
  Val Best Threshold 0.55 → Balanced Acc: 0.7083, Acc: 0.6000, Sensitivity: 0.4167, Specificity: 1.0000, PPV: 1.0000, NPV: 0.4400, F1: 0.5882
Early stopping at epoch 25
Loaded best model with validation AUC: 0.6970
Final Train Results (Best Model) at epoch 15 - Loss: 0.6480, Accuracy: 0.6143, AUC: 0.8005
Final Val Results (Best Model) at epoch 15 - Loss: 0.6550, Accuracy: 0.5429, AUC: 0.6970
Train Best Threshold: 0.45 | Balanced Acc: 0.7864 | Acc: 0.8071 | Sensitivity: 0.8495 | Specificity: 0.7234 | PPV: 0.8587 | NPV: 0.7083 | F1: 0.8541
Train Confusion Matrix at Best Threshold (rows=actual [0,1], cols=predicted [0,1]):
[[34 13]
 [14 79]]
Val Best Threshold: 0.50 | Balanced Acc: 0.6667 | Acc: 0.5429 | Sensitivity: 0.3333 | Specificity: 1.0000 | PPV: 1.0000 | NPV: 0.4074 | F1: 0.5000
Val Confusion Matrix at Best Threshold (rows=actual [0,1], cols=predicted [0,1]):
[[11  0]
 [16  8]]

Fold 3 Training Cases (140): ['1', '101', '104', '105', '107', '108', '11', '110', '111', '112', '113', '114', '115', '119', '122', '123', '126', '129', '132', '135', '144', '145', '146', '152', '153', '154', '157', '158', '162', '163', '166', '169', '175', '177', '18', '180', '181', '185', '186', '191', '192', '203', '206', '207', '210', '211', '215', '217', '218', '220', '223', '224', '231', '232', '24', '244', '245', '25', '250', '251', '253', '254', '255', '257', '258', '259', '26', '263', '264', '268', '269', '27', '272', '274', '276', '278', '280', '283', '284', '287', '289', '29', '292', '298', '299', '300', '301', '303', '306', '307', '308', '31', '310', '312', '313', '319', '32', '320', '329', '331', '37', '38', '4', '40', '43', '46', '48', '49', '5', '51', '52', '53', '55', '57', '60', '62', '65', '67', '69', '7', '73', '77', '78', '8', '80', '81', '83', '86', '87', '88', '89', '9', '90', '91', '92', '93', '95', '97', '98', '99']
Fold 3 Validation Cases (35): ['100', '102', '106', '118', '137', '142', '164', '165', '173', '178', '197', '204', '205', '219', '221', '226', '241', '260', '262', '273', '275', '281', '304', '311', '324', '332', '45', '50', '58', '6', '63', '64', '68', '85', '96']
Fold 3 class distribution:
  Train: Class 0=46 (32.9%), Class 1=94 (67.1%)
  Val:   Class 0=12 (34.3%), Class 1=23 (65.7%)

======================================================================
Fold 3/5
======================================================================
Train: 140 patients
Val: 35 patients
Fitting clinical preprocessor on training data...
Built clinical feature dictionaries: train=140, val=35
Clinical input dimension: 5
Backbone feature dimension: 512
Created mean pooling model with backbone resnet18
Using device: cuda
Class weights: [1.0, 0.4893617033958435]
Weight decay (L2 reg): 0.0001
Label smoothing: 0.1

Epoch 1/50 - Train Loss: 0.7196, Train Acc: 0.3429, Train AUC: 0.5742 - Val Loss: 0.6819, Val Acc (0.5): 0.3429, Val AUC: 0.6775
  Train Best Threshold 0.40 → Balanced Acc: 0.5712, Acc: 0.5286, Sensitivity: 0.4468, Specificity: 0.6957, PPV: 0.7500, NPV: 0.3810, F1: 0.5600
  Val Best Threshold 0.45 → Balanced Acc: 0.5960, Acc: 0.6000, Sensitivity: 0.6087, Specificity: 0.5833, PPV: 0.7368, NPV: 0.4375, F1: 0.6667
  → New best validation AUC: 0.6775
Epoch 2/50 - Train Loss: 0.7270, Train Acc: 0.3286, Train AUC: 0.4924 - Val Loss: 0.6865, Val Acc (0.5): 0.4286, Val AUC: 0.6087
  Train Best Threshold 0.35 → Balanced Acc: 0.5176, Acc: 0.6429, Sensitivity: 0.8830, Specificity: 0.1522, PPV: 0.6803, NPV: 0.3889, F1: 0.7685
  Val Best Threshold 0.50 → Balanced Acc: 0.5652, Acc: 0.4286, Sensitivity: 0.1304, Specificity: 1.0000, PPV: 1.0000, NPV: 0.3750, F1: 0.2308
Epoch 3/50 - Train Loss: 0.7088, Train Acc: 0.3786, Train AUC: 0.5164 - Val Loss: 0.6904, Val Acc (0.5): 0.5143, Val AUC: 0.6051
  Train Best Threshold 0.50 → Balanced Acc: 0.5206, Acc: 0.3786, Sensitivity: 0.1064, Specificity: 0.9348, PPV: 0.7692, NPV: 0.3386, F1: 0.1869
  Val Best Threshold 0.50 → Balanced Acc: 0.5507, Acc: 0.5143, Sensitivity: 0.4348, Specificity: 0.6667, PPV: 0.7143, NPV: 0.3810, F1: 0.5405
Epoch 4/50 - Train Loss: 0.7155, Train Acc: 0.3857, Train AUC: 0.4988 - Val Loss: 0.6936, Val Acc (0.5): 0.6286, Val AUC: 0.5906
  Train Best Threshold 0.50 → Balanced Acc: 0.5259, Acc: 0.3857, Sensitivity: 0.1170, Specificity: 0.9348, PPV: 0.7857, NPV: 0.3413, F1: 0.2037
  Val Best Threshold 0.50 → Balanced Acc: 0.6178, Acc: 0.6286, Sensitivity: 0.6522, Specificity: 0.5833, PPV: 0.7500, NPV: 0.4667, F1: 0.6977
Epoch 5/50 - Train Loss: 0.6923, Train Acc: 0.4500, Train AUC: 0.6196 - Val Loss: 0.6948, Val Acc (0.5): 0.5714, Val AUC: 0.6232
  Train Best Threshold 0.45 → Balanced Acc: 0.5971, Acc: 0.5857, Sensitivity: 0.5638, Specificity: 0.6304, PPV: 0.7571, NPV: 0.4143, F1: 0.6463
  Val Best Threshold 0.50 → Balanced Acc: 0.5344, Acc: 0.5714, Sensitivity: 0.6522, Specificity: 0.4167, PPV: 0.6818, NPV: 0.3846, F1: 0.6667
Epoch 6/50 - Train Loss: 0.6853, Train Acc: 0.5071, Train AUC: 0.6450 - Val Loss: 0.6959, Val Acc (0.5): 0.7143, Val AUC: 0.6377
  Train Best Threshold 0.50 → Balanced Acc: 0.6108, Acc: 0.5071, Sensitivity: 0.3085, Specificity: 0.9130, PPV: 0.8788, NPV: 0.3925, F1: 0.4567
  Val Best Threshold 0.50 → Balanced Acc: 0.6431, Acc: 0.7143, Sensitivity: 0.8696, Specificity: 0.4167, PPV: 0.7407, NPV: 0.6250, F1: 0.8000
Epoch 7/50 - Train Loss: 0.6987, Train Acc: 0.4500, Train AUC: 0.5615 - Val Loss: 0.6975, Val Acc (0.5): 0.6857, Val AUC: 0.6630
  Train Best Threshold 0.45 → Balanced Acc: 0.5472, Acc: 0.5857, Sensitivity: 0.6596, Specificity: 0.4348, PPV: 0.7045, NPV: 0.3846, F1: 0.6813
  Val Best Threshold 0.55 → Balanced Acc: 0.6105, Acc: 0.5143, Sensitivity: 0.3043, Specificity: 0.9167, PPV: 0.8750, NPV: 0.4074, F1: 0.4516
Epoch 8/50 - Train Loss: 0.6878, Train Acc: 0.5000, Train AUC: 0.6425 - Val Loss: 0.6992, Val Acc (0.5): 0.6857, Val AUC: 0.6920
  Train Best Threshold 0.45 → Balanced Acc: 0.6015, Acc: 0.6214, Sensitivity: 0.6596, Specificity: 0.5435, PPV: 0.7470, NPV: 0.4386, F1: 0.7006
  Val Best Threshold 0.55 → Balanced Acc: 0.6341, Acc: 0.5714, Sensitivity: 0.4348, Specificity: 0.8333, PPV: 0.8333, NPV: 0.4348, F1: 0.5714
  → New best validation AUC: 0.6920
Epoch 9/50 - Train Loss: 0.6767, Train Acc: 0.5429, Train AUC: 0.6772 - Val Loss: 0.6964, Val Acc (0.5): 0.6857, Val AUC: 0.7210
  Train Best Threshold 0.45 → Balanced Acc: 0.6230, Acc: 0.6429, Sensitivity: 0.6809, Specificity: 0.5652, PPV: 0.7619, NPV: 0.4643, F1: 0.7191
  Val Best Threshold 0.55 → Balanced Acc: 0.6993, Acc: 0.6571, Sensitivity: 0.5652, Specificity: 0.8333, PPV: 0.8667, NPV: 0.5000, F1: 0.6842
  → New best validation AUC: 0.7210
Epoch 10/50 - Train Loss: 0.6829, Train Acc: 0.5357, Train AUC: 0.6549 - Val Loss: 0.6915, Val Acc (0.5): 0.7429, Val AUC: 0.7283
  Train Best Threshold 0.45 → Balanced Acc: 0.5953, Acc: 0.6429, Sensitivity: 0.7340, Specificity: 0.4565, PPV: 0.7340, NPV: 0.4565, F1: 0.7340
  Val Best Threshold 0.55 → Balanced Acc: 0.6558, Acc: 0.6000, Sensitivity: 0.4783, Specificity: 0.8333, PPV: 0.8462, NPV: 0.4545, F1: 0.6111
  → New best validation AUC: 0.7283
Epoch 11/50 - Train Loss: 0.6779, Train Acc: 0.5786, Train AUC: 0.6487 - Val Loss: 0.6857, Val Acc (0.5): 0.7714, Val AUC: 0.7572
  Train Best Threshold 0.50 → Balanced Acc: 0.6251, Acc: 0.5786, Sensitivity: 0.4894, Specificity: 0.7609, PPV: 0.8070, NPV: 0.4217, F1: 0.6093
  Val Best Threshold 0.50 → Balanced Acc: 0.6866, Acc: 0.7714, Sensitivity: 0.9565, Specificity: 0.4167, PPV: 0.7586, NPV: 0.8333, F1: 0.8462
  → New best validation AUC: 0.7572
Epoch 12/50 - Train Loss: 0.6779, Train Acc: 0.5857, Train AUC: 0.6670 - Val Loss: 0.6866, Val Acc (0.5): 0.7714, Val AUC: 0.7536
  Train Best Threshold 0.50 → Balanced Acc: 0.6360, Acc: 0.5857, Sensitivity: 0.4894, Specificity: 0.7826, PPV: 0.8214, NPV: 0.4286, F1: 0.6133
  Val Best Threshold 0.55 → Balanced Acc: 0.6993, Acc: 0.6571, Sensitivity: 0.5652, Specificity: 0.8333, PPV: 0.8667, NPV: 0.5000, F1: 0.6842
Epoch 13/50 - Train Loss: 0.6803, Train Acc: 0.5500, Train AUC: 0.6538 - Val Loss: 0.6824, Val Acc (0.5): 0.7429, Val AUC: 0.7681
  Train Best Threshold 0.50 → Balanced Acc: 0.5983, Acc: 0.5500, Sensitivity: 0.4574, Specificity: 0.7391, PPV: 0.7818, NPV: 0.4000, F1: 0.5772
  Val Best Threshold 0.55 → Balanced Acc: 0.7210, Acc: 0.6857, Sensitivity: 0.6087, Specificity: 0.8333, PPV: 0.8750, NPV: 0.5263, F1: 0.7179
  → New best validation AUC: 0.7681
Epoch 14/50 - Train Loss: 0.6722, Train Acc: 0.5714, Train AUC: 0.6765 - Val Loss: 0.6727, Val Acc (0.5): 0.7429, Val AUC: 0.7754
  Train Best Threshold 0.55 → Balanced Acc: 0.6166, Acc: 0.5000, Sensitivity: 0.2766, Specificity: 0.9565, PPV: 0.9286, NPV: 0.3929, F1: 0.4262
  Val Best Threshold 0.55 → Balanced Acc: 0.6993, Acc: 0.6571, Sensitivity: 0.5652, Specificity: 0.8333, PPV: 0.8667, NPV: 0.5000, F1: 0.6842
  → New best validation AUC: 0.7754
Epoch 15/50 - Train Loss: 0.6680, Train Acc: 0.6000, Train AUC: 0.6848 - Val Loss: 0.6635, Val Acc (0.5): 0.7143, Val AUC: 0.7790
  Train Best Threshold 0.45 → Balanced Acc: 0.6390, Acc: 0.6643, Sensitivity: 0.7128, Specificity: 0.5652, PPV: 0.7701, NPV: 0.4906, F1: 0.7403
  Val Best Threshold 0.55 → Balanced Acc: 0.6775, Acc: 0.6286, Sensitivity: 0.5217, Specificity: 0.8333, PPV: 0.8571, NPV: 0.4762, F1: 0.6486
  → New best validation AUC: 0.7790
Epoch 16/50 - Train Loss: 0.6612, Train Acc: 0.6571, Train AUC: 0.7100 - Val Loss: 0.6541, Val Acc (0.5): 0.7714, Val AUC: 0.7790
  Train Best Threshold 0.50 → Balanced Acc: 0.6836, Acc: 0.6571, Sensitivity: 0.6064, Specificity: 0.7609, PPV: 0.8382, NPV: 0.4861, F1: 0.7037
  Val Best Threshold 0.50 → Balanced Acc: 0.7663, Acc: 0.7714, Sensitivity: 0.7826, Specificity: 0.7500, PPV: 0.8571, NPV: 0.6429, F1: 0.8182
Epoch 17/50 - Train Loss: 0.6589, Train Acc: 0.6286, Train AUC: 0.7049 - Val Loss: 0.6452, Val Acc (0.5): 0.7429, Val AUC: 0.7717
  Train Best Threshold 0.50 → Balanced Acc: 0.6790, Acc: 0.6286, Sensitivity: 0.5319, Specificity: 0.8261, PPV: 0.8621, NPV: 0.4634, F1: 0.6579
  Val Best Threshold 0.50 → Balanced Acc: 0.7645, Acc: 0.7429, Sensitivity: 0.6957, Specificity: 0.8333, PPV: 0.8889, NPV: 0.5882, F1: 0.7805
Epoch 18/50 - Train Loss: 0.6641, Train Acc: 0.6143, Train AUC: 0.6885 - Val Loss: 0.6368, Val Acc (0.5): 0.7429, Val AUC: 0.7790
  Train Best Threshold 0.50 → Balanced Acc: 0.6573, Acc: 0.6143, Sensitivity: 0.5319, Specificity: 0.7826, PPV: 0.8333, NPV: 0.4500, F1: 0.6494
  Val Best Threshold 0.50 → Balanced Acc: 0.7645, Acc: 0.7429, Sensitivity: 0.6957, Specificity: 0.8333, PPV: 0.8889, NPV: 0.5882, F1: 0.7805
Epoch 19/50 - Train Loss: 0.6342, Train Acc: 0.6286, Train AUC: 0.7768 - Val Loss: 0.6281, Val Acc (0.5): 0.6286, Val AUC: 0.7826
  Train Best Threshold 0.45 → Balanced Acc: 0.6822, Acc: 0.7000, Sensitivity: 0.7340, Specificity: 0.6304, PPV: 0.8023, NPV: 0.5370, F1: 0.7667
  Val Best Threshold 0.45 → Balanced Acc: 0.7663, Acc: 0.7714, Sensitivity: 0.7826, Specificity: 0.7500, PPV: 0.8571, NPV: 0.6429, F1: 0.8182
  → New best validation AUC: 0.7826
Epoch 20/50 - Train Loss: 0.6371, Train Acc: 0.6571, Train AUC: 0.7713 - Val Loss: 0.6214, Val Acc (0.5): 0.6000, Val AUC: 0.7754
  Train Best Threshold 0.40 → Balanced Acc: 0.7028, Acc: 0.7500, Sensitivity: 0.8404, Specificity: 0.5652, PPV: 0.7980, NPV: 0.6341, F1: 0.8187
  Val Best Threshold 0.45 → Balanced Acc: 0.7645, Acc: 0.7429, Sensitivity: 0.6957, Specificity: 0.8333, PPV: 0.8889, NPV: 0.5882, F1: 0.7805
Epoch 21/50 - Train Loss: 0.6416, Train Acc: 0.6286, Train AUC: 0.7470 - Val Loss: 0.6200, Val Acc (0.5): 0.6286, Val AUC: 0.7754
  Train Best Threshold 0.45 → Balanced Acc: 0.7093, Acc: 0.7214, Sensitivity: 0.7447, Specificity: 0.6739, PPV: 0.8235, NPV: 0.5636, F1: 0.7821
  Val Best Threshold 0.45 → Balanced Acc: 0.7446, Acc: 0.7429, Sensitivity: 0.7391, Specificity: 0.7500, PPV: 0.8500, NPV: 0.6000, F1: 0.7907
Epoch 22/50 - Train Loss: 0.6498, Train Acc: 0.6071, Train AUC: 0.7081 - Val Loss: 0.6205, Val Acc (0.5): 0.6571, Val AUC: 0.7717
  Train Best Threshold 0.45 → Balanced Acc: 0.6774, Acc: 0.6786, Sensitivity: 0.6809, Specificity: 0.6739, PPV: 0.8101, NPV: 0.5082, F1: 0.7399
  Val Best Threshold 0.45 → Balanced Acc: 0.7446, Acc: 0.7429, Sensitivity: 0.7391, Specificity: 0.7500, PPV: 0.8500, NPV: 0.6000, F1: 0.7907
Epoch 23/50 - Train Loss: 0.6176, Train Acc: 0.6643, Train AUC: 0.7912 - Val Loss: 0.6251, Val Acc (0.5): 0.6571, Val AUC: 0.7790
  Train Best Threshold 0.45 → Balanced Acc: 0.7370, Acc: 0.7214, Sensitivity: 0.6915, Specificity: 0.7826, PPV: 0.8667, NPV: 0.5538, F1: 0.7692
  Val Best Threshold 0.45 → Balanced Acc: 0.7464, Acc: 0.7714, Sensitivity: 0.8261, Specificity: 0.6667, PPV: 0.8261, NPV: 0.6667, F1: 0.8261
Epoch 24/50 - Train Loss: 0.6316, Train Acc: 0.6429, Train AUC: 0.7641 - Val Loss: 0.6278, Val Acc (0.5): 0.6857, Val AUC: 0.7717
  Train Best Threshold 0.45 → Balanced Acc: 0.7146, Acc: 0.7286, Sensitivity: 0.7553, Specificity: 0.6739, PPV: 0.8256, NPV: 0.5741, F1: 0.7889
  Val Best Threshold 0.45 → Balanced Acc: 0.7264, Acc: 0.7714, Sensitivity: 0.8696, Specificity: 0.5833, PPV: 0.8000, NPV: 0.7000, F1: 0.8333
Epoch 25/50 - Train Loss: 0.6305, Train Acc: 0.6929, Train AUC: 0.7738 - Val Loss: 0.6268, Val Acc (0.5): 0.6857, Val AUC: 0.7754
  Train Best Threshold 0.45 → Balanced Acc: 0.7306, Acc: 0.7500, Sensitivity: 0.7872, Specificity: 0.6739, PPV: 0.8315, NPV: 0.6078, F1: 0.8087
  Val Best Threshold 0.45 → Balanced Acc: 0.7047, Acc: 0.7429, Sensitivity: 0.8261, Specificity: 0.5833, PPV: 0.7917, NPV: 0.6364, F1: 0.8085
Epoch 26/50 - Train Loss: 0.6162, Train Acc: 0.7143, Train AUC: 0.8053 - Val Loss: 0.6204, Val Acc (0.5): 0.6857, Val AUC: 0.7862
  Train Best Threshold 0.50 → Balanced Acc: 0.7650, Acc: 0.7143, Sensitivity: 0.6170, Specificity: 0.9130, PPV: 0.9355, NPV: 0.5385, F1: 0.7436
  Val Best Threshold 0.45 → Balanced Acc: 0.7464, Acc: 0.7714, Sensitivity: 0.8261, Specificity: 0.6667, PPV: 0.8261, NPV: 0.6667, F1: 0.8261
  → New best validation AUC: 0.7862
Epoch 27/50 - Train Loss: 0.6060, Train Acc: 0.7214, Train AUC: 0.8108 - Val Loss: 0.6200, Val Acc (0.5): 0.7143, Val AUC: 0.7935
  Train Best Threshold 0.50 → Balanced Acc: 0.7481, Acc: 0.7214, Sensitivity: 0.6702, Specificity: 0.8261, PPV: 0.8873, NPV: 0.5507, F1: 0.7636
  Val Best Threshold 0.45 → Balanced Acc: 0.7681, Acc: 0.8000, Sensitivity: 0.8696, Specificity: 0.6667, PPV: 0.8333, NPV: 0.7273, F1: 0.8511
  → New best validation AUC: 0.7935
Epoch 28/50 - Train Loss: 0.6062, Train Acc: 0.6857, Train AUC: 0.8154 - Val Loss: 0.6048, Val Acc (0.5): 0.6286, Val AUC: 0.7790
  Train Best Threshold 0.45 → Balanced Acc: 0.7308, Acc: 0.7429, Sensitivity: 0.7660, Specificity: 0.6957, PPV: 0.8372, NPV: 0.5926, F1: 0.8000
  Val Best Threshold 0.45 → Balanced Acc: 0.7246, Acc: 0.7429, Sensitivity: 0.7826, Specificity: 0.6667, PPV: 0.8182, NPV: 0.6154, F1: 0.8000
Epoch 29/50 - Train Loss: 0.6054, Train Acc: 0.7000, Train AUC: 0.8108 - Val Loss: 0.5981, Val Acc (0.5): 0.6000, Val AUC: 0.7717
  Train Best Threshold 0.45 → Balanced Acc: 0.7475, Acc: 0.7429, Sensitivity: 0.7340, Specificity: 0.7609, PPV: 0.8625, NPV: 0.5833, F1: 0.7931
  Val Best Threshold 0.45 → Balanced Acc: 0.7663, Acc: 0.7714, Sensitivity: 0.7826, Specificity: 0.7500, PPV: 0.8571, NPV: 0.6429, F1: 0.8182
Epoch 30/50 - Train Loss: 0.6182, Train Acc: 0.7143, Train AUC: 0.8037 - Val Loss: 0.5898, Val Acc (0.5): 0.6286, Val AUC: 0.7754
  Train Best Threshold 0.50 → Balanced Acc: 0.7595, Acc: 0.7143, Sensitivity: 0.6277, Specificity: 0.8913, PPV: 0.9219, NPV: 0.5395, F1: 0.7468
  Val Best Threshold 0.40 → Balanced Acc: 0.7464, Acc: 0.7714, Sensitivity: 0.8261, Specificity: 0.6667, PPV: 0.8261, NPV: 0.6667, F1: 0.8261
Epoch 31/50 - Train Loss: 0.6077, Train Acc: 0.6929, Train AUC: 0.7926 - Val Loss: 0.5838, Val Acc (0.5): 0.6000, Val AUC: 0.7790
  Train Best Threshold 0.45 → Balanced Acc: 0.7424, Acc: 0.7286, Sensitivity: 0.7021, Specificity: 0.7826, PPV: 0.8684, NPV: 0.5625, F1: 0.7765
  Val Best Threshold 0.35 → Balanced Acc: 0.7482, Acc: 0.8000, Sensitivity: 0.9130, Specificity: 0.5833, PPV: 0.8077, NPV: 0.7778, F1: 0.8571
Epoch 32/50 - Train Loss: 0.5778, Train Acc: 0.7071, Train AUC: 0.8372 - Val Loss: 0.5819, Val Acc (0.5): 0.6000, Val AUC: 0.7862
  Train Best Threshold 0.45 → Balanced Acc: 0.7581, Acc: 0.7571, Sensitivity: 0.7553, Specificity: 0.7609, PPV: 0.8659, NPV: 0.6034, F1: 0.8068
  Val Best Threshold 0.35 → Balanced Acc: 0.7065, Acc: 0.7714, Sensitivity: 0.9130, Specificity: 0.5000, PPV: 0.7778, NPV: 0.7500, F1: 0.8400
Epoch 33/50 - Train Loss: 0.5863, Train Acc: 0.7214, Train AUC: 0.8330 - Val Loss: 0.5770, Val Acc (0.5): 0.5714, Val AUC: 0.7862
  Train Best Threshold 0.50 → Balanced Acc: 0.7704, Acc: 0.7214, Sensitivity: 0.6277, Specificity: 0.9130, PPV: 0.9365, NPV: 0.5455, F1: 0.7516
  Val Best Threshold 0.45 → Balanced Acc: 0.7210, Acc: 0.6857, Sensitivity: 0.6087, Specificity: 0.8333, PPV: 0.8750, NPV: 0.5263, F1: 0.7179
Epoch 34/50 - Train Loss: 0.5792, Train Acc: 0.7429, Train AUC: 0.8432 - Val Loss: 0.5758, Val Acc (0.5): 0.5714, Val AUC: 0.7717
  Train Best Threshold 0.45 → Balanced Acc: 0.7741, Acc: 0.7786, Sensitivity: 0.7872, Specificity: 0.7609, PPV: 0.8706, NPV: 0.6364, F1: 0.8268
  Val Best Threshold 0.35 → Balanced Acc: 0.7283, Acc: 0.8000, Sensitivity: 0.9565, Specificity: 0.5000, PPV: 0.7857, NPV: 0.8571, F1: 0.8627
Epoch 35/50 - Train Loss: 0.5838, Train Acc: 0.7000, Train AUC: 0.8414 - Val Loss: 0.5751, Val Acc (0.5): 0.6000, Val AUC: 0.7609
  Train Best Threshold 0.40 → Balanced Acc: 0.7949, Acc: 0.8214, Sensitivity: 0.8723, Specificity: 0.7174, PPV: 0.8632, NPV: 0.7333, F1: 0.8677
  Val Best Threshold 0.35 → Balanced Acc: 0.7283, Acc: 0.8000, Sensitivity: 0.9565, Specificity: 0.5000, PPV: 0.7857, NPV: 0.8571, F1: 0.8627
Epoch 36/50 - Train Loss: 0.5880, Train Acc: 0.7143, Train AUC: 0.8268 - Val Loss: 0.5789, Val Acc (0.5): 0.6857, Val AUC: 0.7572
  Train Best Threshold 0.55 → Balanced Acc: 0.7491, Acc: 0.6929, Sensitivity: 0.5851, Specificity: 0.9130, PPV: 0.9322, NPV: 0.5185, F1: 0.7190
  Val Best Threshold 0.40 → Balanced Acc: 0.7065, Acc: 0.7714, Sensitivity: 0.9130, Specificity: 0.5000, PPV: 0.7778, NPV: 0.7500, F1: 0.8400
Epoch 37/50 - Train Loss: 0.5658, Train Acc: 0.7929, Train AUC: 0.8610 - Val Loss: 0.6027, Val Acc (0.5): 0.6571, Val AUC: 0.7391
  Train Best Threshold 0.50 → Balanced Acc: 0.8235, Acc: 0.7929, Sensitivity: 0.7340, Specificity: 0.9130, PPV: 0.9452, NPV: 0.6269, F1: 0.8263
  Val Best Threshold 0.45 → Balanced Acc: 0.7065, Acc: 0.7714, Sensitivity: 0.9130, Specificity: 0.5000, PPV: 0.7778, NPV: 0.7500, F1: 0.8400
Early stopping at epoch 37
Loaded best model with validation AUC: 0.7935
Final Train Results (Best Model) at epoch 27 - Loss: 0.5992, Accuracy: 0.7286, AUC: 0.8335
Final Val Results (Best Model) at epoch 27 - Loss: 0.6200, Accuracy: 0.7143, AUC: 0.7935
Train Best Threshold: 0.50 | Balanced Acc: 0.7701 | Acc: 0.7286 | Sensitivity: 0.6489 | Specificity: 0.8913 | PPV: 0.9242 | NPV: 0.5541 | F1: 0.7625
Train Confusion Matrix at Best Threshold (rows=actual [0,1], cols=predicted [0,1]):
[[41  5]
 [33 61]]
Val Best Threshold: 0.45 | Balanced Acc: 0.7681 | Acc: 0.8000 | Sensitivity: 0.8696 | Specificity: 0.6667 | PPV: 0.8333 | NPV: 0.7273 | F1: 0.8511
Val Confusion Matrix at Best Threshold (rows=actual [0,1], cols=predicted [0,1]):
[[ 8  4]
 [ 3 20]]

Fold 4 Training Cases (140): ['1', '100', '101', '102', '104', '105', '106', '108', '110', '112', '113', '114', '115', '118', '119', '122', '123', '126', '129', '132', '135', '137', '142', '144', '145', '152', '153', '154', '158', '162', '163', '164', '165', '169', '173', '175', '178', '180', '181', '186', '192', '197', '203', '204', '205', '206', '207', '210', '211', '215', '219', '221', '223', '224', '226', '231', '24', '241', '244', '245', '25', '250', '251', '253', '254', '255', '257', '258', '26', '260', '262', '263', '264', '27', '273', '274', '275', '276', '278', '280', '281', '284', '287', '29', '292', '300', '301', '303', '304', '307', '308', '31', '310', '311', '32', '324', '329', '331', '332', '37', '38', '4', '40', '43', '45', '46', '49', '5', '50', '52', '53', '55', '57', '58', '6', '60', '62', '63', '64', '65', '67', '68', '7', '73', '78', '8', '80', '81', '83', '85', '86', '87', '88', '89', '91', '93', '96', '97', '98', '99']
Fold 4 Validation Cases (35): ['107', '11', '111', '146', '157', '166', '177', '18', '185', '191', '217', '218', '220', '232', '259', '268', '269', '272', '283', '289', '298', '299', '306', '312', '313', '319', '320', '48', '51', '69', '77', '9', '90', '92', '95']
Fold 4 class distribution:
  Train: Class 0=46 (32.9%), Class 1=94 (67.1%)
  Val:   Class 0=12 (34.3%), Class 1=23 (65.7%)

======================================================================
Fold 4/5
======================================================================
Train: 140 patients
Val: 35 patients
Fitting clinical preprocessor on training data...
Built clinical feature dictionaries: train=140, val=35
Clinical input dimension: 5
Backbone feature dimension: 512
Created mean pooling model with backbone resnet18
Using device: cuda
Class weights: [1.0, 0.4893617033958435]
Weight decay (L2 reg): 0.0001
Label smoothing: 0.1

Epoch 1/50 - Train Loss: 0.7398, Train Acc: 0.3286, Train AUC: 0.4722 - Val Loss: 0.6876, Val Acc (0.5): 0.3429, Val AUC: 0.4239
  Train Best Threshold 0.35 → Balanced Acc: 0.5132, Acc: 0.6071, Sensitivity: 0.7872, Specificity: 0.2391, PPV: 0.6789, NPV: 0.3548, F1: 0.7291
  Val Best Threshold 0.40 → Balanced Acc: 0.5199, Acc: 0.6571, Sensitivity: 0.9565, Specificity: 0.0833, PPV: 0.6667, NPV: 0.5000, F1: 0.7857
  → New best validation AUC: 0.4239
Epoch 2/50 - Train Loss: 0.7146, Train Acc: 0.3214, Train AUC: 0.5809 - Val Loss: 0.6918, Val Acc (0.5): 0.3143, Val AUC: 0.4601
  Train Best Threshold 0.35 → Balanced Acc: 0.5934, Acc: 0.7000, Sensitivity: 0.9043, Specificity: 0.2826, PPV: 0.7203, NPV: 0.5909, F1: 0.8019
  Val Best Threshold 0.05 → Balanced Acc: 0.5000, Acc: 0.6571, Sensitivity: 1.0000, Specificity: 0.0000, PPV: 0.6571, NPV: 0.0000, F1: 0.7931
  → New best validation AUC: 0.4601
Epoch 3/50 - Train Loss: 0.7134, Train Acc: 0.3500, Train AUC: 0.5509 - Val Loss: 0.6972, Val Acc (0.5): 0.5429, Val AUC: 0.5000
  Train Best Threshold 0.45 → Balanced Acc: 0.5287, Acc: 0.4714, Sensitivity: 0.3617, Specificity: 0.6957, PPV: 0.7083, NPV: 0.3478, F1: 0.4789
  Val Best Threshold 0.50 → Balanced Acc: 0.5326, Acc: 0.5429, Sensitivity: 0.5652, Specificity: 0.5000, PPV: 0.6842, NPV: 0.3750, F1: 0.6190
  → New best validation AUC: 0.5000
Epoch 4/50 - Train Loss: 0.7070, Train Acc: 0.3357, Train AUC: 0.5333 - Val Loss: 0.6987, Val Acc (0.5): 0.6000, Val AUC: 0.5326
  Train Best Threshold 0.45 → Balanced Acc: 0.5657, Acc: 0.5286, Sensitivity: 0.4574, Specificity: 0.6739, PPV: 0.7414, NPV: 0.3780, F1: 0.5658
  Val Best Threshold 0.50 → Balanced Acc: 0.5362, Acc: 0.6000, Sensitivity: 0.7391, Specificity: 0.3333, PPV: 0.6800, NPV: 0.4000, F1: 0.7083
  → New best validation AUC: 0.5326
Epoch 5/50 - Train Loss: 0.7028, Train Acc: 0.4429, Train AUC: 0.5465 - Val Loss: 0.7016, Val Acc (0.5): 0.6857, Val AUC: 0.6014
  Train Best Threshold 0.50 → Balanced Acc: 0.5629, Acc: 0.4429, Sensitivity: 0.2128, Specificity: 0.9130, PPV: 0.8333, NPV: 0.3621, F1: 0.3390
  Val Best Threshold 0.55 → Balanced Acc: 0.5453, Acc: 0.4286, Sensitivity: 0.1739, Specificity: 0.9167, PPV: 0.8000, NPV: 0.3667, F1: 0.2857
  → New best validation AUC: 0.6014
Epoch 6/50 - Train Loss: 0.6897, Train Acc: 0.4357, Train AUC: 0.6323 - Val Loss: 0.7063, Val Acc (0.5): 0.6857, Val AUC: 0.6522
  Train Best Threshold 0.45 → Balanced Acc: 0.5590, Acc: 0.5643, Sensitivity: 0.5745, Specificity: 0.5435, PPV: 0.7200, NPV: 0.3846, F1: 0.6391
  Val Best Threshold 0.55 → Balanced Acc: 0.5489, Acc: 0.4857, Sensitivity: 0.3478, Specificity: 0.7500, PPV: 0.7273, NPV: 0.3750, F1: 0.4706
  → New best validation AUC: 0.6522
Epoch 7/50 - Train Loss: 0.7111, Train Acc: 0.4357, Train AUC: 0.4944 - Val Loss: 0.7026, Val Acc (0.5): 0.6571, Val AUC: 0.7029
  Train Best Threshold 0.40 → Balanced Acc: 0.5280, Acc: 0.6643, Sensitivity: 0.9255, Specificity: 0.1304, PPV: 0.6850, NPV: 0.4615, F1: 0.7873
  Val Best Threshold 0.55 → Balanced Acc: 0.6359, Acc: 0.6000, Sensitivity: 0.5217, Specificity: 0.7500, PPV: 0.8000, NPV: 0.4500, F1: 0.6316
  → New best validation AUC: 0.7029
Epoch 8/50 - Train Loss: 0.6825, Train Acc: 0.4857, Train AUC: 0.6709 - Val Loss: 0.6968, Val Acc (0.5): 0.7143, Val AUC: 0.7464
  Train Best Threshold 0.45 → Balanced Acc: 0.5860, Acc: 0.5857, Sensitivity: 0.5851, Specificity: 0.5870, PPV: 0.7432, NPV: 0.4091, F1: 0.6548
  Val Best Threshold 0.55 → Balanced Acc: 0.6757, Acc: 0.6000, Sensitivity: 0.4348, Specificity: 0.9167, PPV: 0.9091, NPV: 0.4583, F1: 0.5882
  → New best validation AUC: 0.7464
Epoch 9/50 - Train Loss: 0.6805, Train Acc: 0.5143, Train AUC: 0.6788 - Val Loss: 0.6869, Val Acc (0.5): 0.7143, Val AUC: 0.7790
  Train Best Threshold 0.50 → Balanced Acc: 0.6161, Acc: 0.5143, Sensitivity: 0.3191, Specificity: 0.9130, PPV: 0.8824, NPV: 0.3962, F1: 0.4688
  Val Best Threshold 0.50 → Balanced Acc: 0.6630, Acc: 0.7143, Sensitivity: 0.8261, Specificity: 0.5000, PPV: 0.7600, NPV: 0.6000, F1: 0.7917
  → New best validation AUC: 0.7790
Epoch 10/50 - Train Loss: 0.6786, Train Acc: 0.5143, Train AUC: 0.7021 - Val Loss: 0.6808, Val Acc (0.5): 0.7429, Val AUC: 0.7862
  Train Best Threshold 0.45 → Balanced Acc: 0.6876, Acc: 0.7071, Sensitivity: 0.7447, Specificity: 0.6304, PPV: 0.8046, NPV: 0.5472, F1: 0.7735
  Val Best Threshold 0.50 → Balanced Acc: 0.7047, Acc: 0.7429, Sensitivity: 0.8261, Specificity: 0.5833, PPV: 0.7917, NPV: 0.6364, F1: 0.8085
  → New best validation AUC: 0.7862
Epoch 11/50 - Train Loss: 0.6727, Train Acc: 0.5357, Train AUC: 0.7162 - Val Loss: 0.6766, Val Acc (0.5): 0.6857, Val AUC: 0.7790
  Train Best Threshold 0.45 → Balanced Acc: 0.6924, Acc: 0.7286, Sensitivity: 0.7979, Specificity: 0.5870, PPV: 0.7979, NPV: 0.5870, F1: 0.7979
  Val Best Threshold 0.50 → Balanced Acc: 0.6612, Acc: 0.6857, Sensitivity: 0.7391, Specificity: 0.5833, PPV: 0.7727, NPV: 0.5385, F1: 0.7556
Epoch 12/50 - Train Loss: 0.6630, Train Acc: 0.5714, Train AUC: 0.7599 - Val Loss: 0.6745, Val Acc (0.5): 0.6857, Val AUC: 0.7717
  Train Best Threshold 0.45 → Balanced Acc: 0.6711, Acc: 0.7000, Sensitivity: 0.7553, Specificity: 0.5870, PPV: 0.7889, NPV: 0.5400, F1: 0.7717
  Val Best Threshold 0.55 → Balanced Acc: 0.6757, Acc: 0.6000, Sensitivity: 0.4348, Specificity: 0.9167, PPV: 0.9091, NPV: 0.4583, F1: 0.5882
Epoch 13/50 - Train Loss: 0.6777, Train Acc: 0.5857, Train AUC: 0.6728 - Val Loss: 0.6680, Val Acc (0.5): 0.7429, Val AUC: 0.7645
  Train Best Threshold 0.50 → Balanced Acc: 0.6471, Acc: 0.5857, Sensitivity: 0.4681, Specificity: 0.8261, PPV: 0.8462, NPV: 0.4318, F1: 0.6027
  Val Best Threshold 0.50 → Balanced Acc: 0.7446, Acc: 0.7429, Sensitivity: 0.7391, Specificity: 0.7500, PPV: 0.8500, NPV: 0.6000, F1: 0.7907
Epoch 14/50 - Train Loss: 0.6512, Train Acc: 0.6286, Train AUC: 0.7636 - Val Loss: 0.6615, Val Acc (0.5): 0.7143, Val AUC: 0.7754
  Train Best Threshold 0.50 → Balanced Acc: 0.6901, Acc: 0.6286, Sensitivity: 0.5106, Specificity: 0.8696, PPV: 0.8889, NPV: 0.4651, F1: 0.6486
  Val Best Threshold 0.50 → Balanced Acc: 0.7627, Acc: 0.7143, Sensitivity: 0.6087, Specificity: 0.9167, PPV: 0.9333, NPV: 0.5500, F1: 0.7368
Epoch 15/50 - Train Loss: 0.6552, Train Acc: 0.5929, Train AUC: 0.7206 - Val Loss: 0.6530, Val Acc (0.5): 0.6857, Val AUC: 0.7826
  Train Best Threshold 0.45 → Balanced Acc: 0.6547, Acc: 0.6929, Sensitivity: 0.7660, Specificity: 0.5435, PPV: 0.7742, NPV: 0.5319, F1: 0.7701
  Val Best Threshold 0.50 → Balanced Acc: 0.7409, Acc: 0.6857, Sensitivity: 0.5652, Specificity: 0.9167, PPV: 0.9286, NPV: 0.5238, F1: 0.7027
Epoch 16/50 - Train Loss: 0.6561, Train Acc: 0.6500, Train AUC: 0.7401 - Val Loss: 0.6477, Val Acc (0.5): 0.6286, Val AUC: 0.7862
  Train Best Threshold 0.45 → Balanced Acc: 0.6924, Acc: 0.7286, Sensitivity: 0.7979, Specificity: 0.5870, PPV: 0.7979, NPV: 0.5870, F1: 0.7979
  Val Best Threshold 0.45 → Balanced Acc: 0.7029, Acc: 0.7143, Sensitivity: 0.7391, Specificity: 0.6667, PPV: 0.8095, NPV: 0.5714, F1: 0.7727
Epoch 17/50 - Train Loss: 0.6330, Train Acc: 0.6500, Train AUC: 0.7893 - Val Loss: 0.6423, Val Acc (0.5): 0.6286, Val AUC: 0.7826
  Train Best Threshold 0.50 → Balanced Acc: 0.6839, Acc: 0.6500, Sensitivity: 0.5851, Specificity: 0.7826, PPV: 0.8462, NPV: 0.4800, F1: 0.6918
  Val Best Threshold 0.45 → Balanced Acc: 0.7428, Acc: 0.7143, Sensitivity: 0.6522, Specificity: 0.8333, PPV: 0.8824, NPV: 0.5556, F1: 0.7500
Epoch 18/50 - Train Loss: 0.6440, Train Acc: 0.6214, Train AUC: 0.7551 - Val Loss: 0.6364, Val Acc (0.5): 0.6000, Val AUC: 0.7862
  Train Best Threshold 0.50 → Balanced Acc: 0.6626, Acc: 0.6214, Sensitivity: 0.5426, Specificity: 0.7826, PPV: 0.8361, NPV: 0.4557, F1: 0.6581
  Val Best Threshold 0.45 → Balanced Acc: 0.7428, Acc: 0.7143, Sensitivity: 0.6522, Specificity: 0.8333, PPV: 0.8824, NPV: 0.5556, F1: 0.7500
Epoch 19/50 - Train Loss: 0.6147, Train Acc: 0.6929, Train AUC: 0.8268 - Val Loss: 0.6325, Val Acc (0.5): 0.6000, Val AUC: 0.7826
  Train Best Threshold 0.45 → Balanced Acc: 0.7354, Acc: 0.7714, Sensitivity: 0.8404, Specificity: 0.6304, PPV: 0.8229, NPV: 0.6591, F1: 0.8316
  Val Best Threshold 0.40 → Balanced Acc: 0.7047, Acc: 0.7429, Sensitivity: 0.8261, Specificity: 0.5833, PPV: 0.7917, NPV: 0.6364, F1: 0.8085
Epoch 20/50 - Train Loss: 0.6355, Train Acc: 0.6286, Train AUC: 0.7572 - Val Loss: 0.6276, Val Acc (0.5): 0.6000, Val AUC: 0.7826
  Train Best Threshold 0.45 → Balanced Acc: 0.6769, Acc: 0.6929, Sensitivity: 0.7234, Specificity: 0.6304, PPV: 0.8000, NPV: 0.5273, F1: 0.7598
  Val Best Threshold 0.45 → Balanced Acc: 0.7409, Acc: 0.6857, Sensitivity: 0.5652, Specificity: 0.9167, PPV: 0.9286, NPV: 0.5238, F1: 0.7027
Early stopping at epoch 20
Loaded best model with validation AUC: 0.7862
Final Train Results (Best Model) at epoch 10 - Loss: 0.6706, Accuracy: 0.5643, AUC: 0.7826
Final Val Results (Best Model) at epoch 10 - Loss: 0.6808, Accuracy: 0.7429, AUC: 0.7862
Train Best Threshold: 0.45 | Balanced Acc: 0.6869 | Acc: 0.7286 | Sensitivity: 0.8085 | Specificity: 0.5652 | PPV: 0.7917 | NPV: 0.5909 | F1: 0.8000
Train Confusion Matrix at Best Threshold (rows=actual [0,1], cols=predicted [0,1]):
[[26 20]
 [18 76]]
Val Best Threshold: 0.50 | Balanced Acc: 0.7047 | Acc: 0.7429 | Sensitivity: 0.8261 | Specificity: 0.5833 | PPV: 0.7917 | NPV: 0.6364 | F1: 0.8085
Val Confusion Matrix at Best Threshold (rows=actual [0,1], cols=predicted [0,1]):
[[ 7  5]
 [ 4 19]]

Fold 5 Training Cases (140): ['1', '100', '101', '102', '104', '105', '106', '107', '108', '11', '110', '111', '113', '114', '118', '119', '123', '126', '129', '135', '137', '142', '144', '145', '146', '152', '154', '157', '163', '164', '165', '166', '169', '173', '175', '177', '178', '18', '181', '185', '186', '191', '192', '197', '203', '204', '205', '206', '217', '218', '219', '220', '221', '223', '226', '232', '241', '245', '25', '250', '253', '254', '255', '258', '259', '26', '260', '262', '263', '264', '268', '269', '27', '272', '273', '274', '275', '276', '281', '283', '284', '289', '29', '292', '298', '299', '300', '303', '304', '306', '307', '310', '311', '312', '313', '319', '320', '324', '331', '332', '37', '4', '40', '45', '48', '50', '51', '53', '55', '57', '58', '6', '60', '62', '63', '64', '65', '68', '69', '7', '73', '77', '78', '8', '80', '81', '85', '86', '87', '89', '9', '90', '91', '92', '93', '95', '96', '97', '98', '99']
Fold 5 Validation Cases (35): ['112', '115', '122', '132', '153', '158', '162', '180', '207', '210', '211', '215', '224', '231', '24', '244', '251', '257', '278', '280', '287', '301', '308', '31', '32', '329', '38', '43', '46', '49', '5', '52', '67', '83', '88']
Fold 5 class distribution:
  Train: Class 0=46 (32.9%), Class 1=94 (67.1%)
  Val:   Class 0=12 (34.3%), Class 1=23 (65.7%)

======================================================================
Fold 5/5
======================================================================
Train: 140 patients
Val: 35 patients
Fitting clinical preprocessor on training data...
Built clinical feature dictionaries: train=140, val=35
Clinical input dimension: 5
Backbone feature dimension: 512
Created mean pooling model with backbone resnet18
Using device: cuda
Class weights: [1.0, 0.4893617033958435]
Weight decay (L2 reg): 0.0001
Label smoothing: 0.1

Epoch 1/50 - Train Loss: 0.7320, Train Acc: 0.3429, Train AUC: 0.5347 - Val Loss: 0.7431, Val Acc (0.5): 0.3429, Val AUC: 0.4928
  Train Best Threshold 0.40 → Balanced Acc: 0.5224, Acc: 0.4929, Sensitivity: 0.4362, Specificity: 0.6087, PPV: 0.6949, NPV: 0.3457, F1: 0.5359
  Val Best Threshold 0.45 → Balanced Acc: 0.5725, Acc: 0.5429, Sensitivity: 0.4783, Specificity: 0.6667, PPV: 0.7333, NPV: 0.4000, F1: 0.5789
  → New best validation AUC: 0.4928
Epoch 2/50 - Train Loss: 0.7123, Train Acc: 0.3357, Train AUC: 0.6163 - Val Loss: 0.7260, Val Acc (0.5): 0.4000, Val AUC: 0.5290
  Train Best Threshold 0.40 → Balanced Acc: 0.6288, Acc: 0.6357, Sensitivity: 0.6489, Specificity: 0.6087, PPV: 0.7722, NPV: 0.4590, F1: 0.7052
  Val Best Threshold 0.50 → Balanced Acc: 0.5435, Acc: 0.4000, Sensitivity: 0.0870, Specificity: 1.0000, PPV: 1.0000, NPV: 0.3636, F1: 0.1600
  → New best validation AUC: 0.5290
Epoch 3/50 - Train Loss: 0.7048, Train Acc: 0.3714, Train AUC: 0.5994 - Val Loss: 0.7148, Val Acc (0.5): 0.5143, Val AUC: 0.5652
  Train Best Threshold 0.45 → Balanced Acc: 0.5927, Acc: 0.5500, Sensitivity: 0.4681, Specificity: 0.7174, PPV: 0.7719, NPV: 0.3976, F1: 0.5828
  Val Best Threshold 0.50 → Balanced Acc: 0.6105, Acc: 0.5143, Sensitivity: 0.3043, Specificity: 0.9167, PPV: 0.8750, NPV: 0.4074, F1: 0.4516
  → New best validation AUC: 0.5652
Epoch 4/50 - Train Loss: 0.6946, Train Acc: 0.3786, Train AUC: 0.6267 - Val Loss: 0.7109, Val Acc (0.5): 0.4857, Val AUC: 0.6014
  Train Best Threshold 0.45 → Balanced Acc: 0.6189, Acc: 0.6000, Sensitivity: 0.5638, Specificity: 0.6739, PPV: 0.7794, NPV: 0.4306, F1: 0.6543
  Val Best Threshold 0.50 → Balanced Acc: 0.5489, Acc: 0.4857, Sensitivity: 0.3478, Specificity: 0.7500, PPV: 0.7273, NPV: 0.3750, F1: 0.4706
  → New best validation AUC: 0.6014
Epoch 5/50 - Train Loss: 0.7027, Train Acc: 0.4214, Train AUC: 0.5437 - Val Loss: 0.7069, Val Acc (0.5): 0.5143, Val AUC: 0.6196
  Train Best Threshold 0.40 → Balanced Acc: 0.5553, Acc: 0.6786, Sensitivity: 0.9149, Specificity: 0.1957, PPV: 0.6992, NPV: 0.5294, F1: 0.7926
  Val Best Threshold 0.50 → Balanced Acc: 0.5507, Acc: 0.5143, Sensitivity: 0.4348, Specificity: 0.6667, PPV: 0.7143, NPV: 0.3810, F1: 0.5405
  → New best validation AUC: 0.6196
Epoch 6/50 - Train Loss: 0.6915, Train Acc: 0.4643, Train AUC: 0.6253 - Val Loss: 0.7023, Val Acc (0.5): 0.5714, Val AUC: 0.6196
  Train Best Threshold 0.45 → Balanced Acc: 0.6119, Acc: 0.6429, Sensitivity: 0.7021, Specificity: 0.5217, PPV: 0.7500, NPV: 0.4615, F1: 0.7253
  Val Best Threshold 0.50 → Balanced Acc: 0.5743, Acc: 0.5714, Sensitivity: 0.5652, Specificity: 0.5833, PPV: 0.7222, NPV: 0.4118, F1: 0.6341
Epoch 7/50 - Train Loss: 0.6814, Train Acc: 0.5286, Train AUC: 0.6721 - Val Loss: 0.7027, Val Acc (0.5): 0.6000, Val AUC: 0.6196
  Train Best Threshold 0.50 → Balanced Acc: 0.6156, Acc: 0.5286, Sensitivity: 0.3617, Specificity: 0.8696, PPV: 0.8500, NPV: 0.4000, F1: 0.5075
  Val Best Threshold 0.50 → Balanced Acc: 0.5960, Acc: 0.6000, Sensitivity: 0.6087, Specificity: 0.5833, PPV: 0.7368, NPV: 0.4375, F1: 0.6667
Epoch 8/50 - Train Loss: 0.6769, Train Acc: 0.4929, Train AUC: 0.6621 - Val Loss: 0.7047, Val Acc (0.5): 0.6000, Val AUC: 0.6087
  Train Best Threshold 0.45 → Balanced Acc: 0.6226, Acc: 0.6571, Sensitivity: 0.7234, Specificity: 0.5217, PPV: 0.7556, NPV: 0.4800, F1: 0.7391
  Val Best Threshold 0.50 → Balanced Acc: 0.5960, Acc: 0.6000, Sensitivity: 0.6087, Specificity: 0.5833, PPV: 0.7368, NPV: 0.4375, F1: 0.6667
Epoch 9/50 - Train Loss: 0.6788, Train Acc: 0.5429, Train AUC: 0.6603 - Val Loss: 0.7143, Val Acc (0.5): 0.4857, Val AUC: 0.6232
  Train Best Threshold 0.50 → Balanced Acc: 0.6263, Acc: 0.5429, Sensitivity: 0.3830, Specificity: 0.8696, PPV: 0.8571, NPV: 0.4082, F1: 0.5294
  Val Best Threshold 0.40 → Balanced Acc: 0.5616, Acc: 0.6857, Sensitivity: 0.9565, Specificity: 0.1667, PPV: 0.6875, NPV: 0.6667, F1: 0.8000
  → New best validation AUC: 0.6232
Epoch 10/50 - Train Loss: 0.6687, Train Acc: 0.5786, Train AUC: 0.7234 - Val Loss: 0.7168, Val Acc (0.5): 0.4857, Val AUC: 0.6087
  Train Best Threshold 0.50 → Balanced Acc: 0.6473, Acc: 0.5786, Sensitivity: 0.4468, Specificity: 0.8478, PPV: 0.8571, NPV: 0.4286, F1: 0.5874
  Val Best Threshold 0.55 → Balanced Acc: 0.5435, Acc: 0.4000, Sensitivity: 0.0870, Specificity: 1.0000, PPV: 1.0000, NPV: 0.3636, F1: 0.1600
Epoch 11/50 - Train Loss: 0.6774, Train Acc: 0.5857, Train AUC: 0.6681 - Val Loss: 0.7184, Val Acc (0.5): 0.5429, Val AUC: 0.6051
  Train Best Threshold 0.50 → Balanced Acc: 0.6471, Acc: 0.5857, Sensitivity: 0.4681, Specificity: 0.8261, PPV: 0.8462, NPV: 0.4318, F1: 0.6027
  Val Best Threshold 0.55 → Balanced Acc: 0.6087, Acc: 0.4857, Sensitivity: 0.2174, Specificity: 1.0000, PPV: 1.0000, NPV: 0.4000, F1: 0.3571
Epoch 12/50 - Train Loss: 0.6643, Train Acc: 0.5571, Train AUC: 0.7188 - Val Loss: 0.7140, Val Acc (0.5): 0.5714, Val AUC: 0.5978
  Train Best Threshold 0.45 → Balanced Acc: 0.6445, Acc: 0.6643, Sensitivity: 0.7021, Specificity: 0.5870, PPV: 0.7765, NPV: 0.4909, F1: 0.7374
  Val Best Threshold 0.55 → Balanced Acc: 0.6087, Acc: 0.4857, Sensitivity: 0.2174, Specificity: 1.0000, PPV: 1.0000, NPV: 0.4000, F1: 0.3571
Epoch 13/50 - Train Loss: 0.6672, Train Acc: 0.6000, Train AUC: 0.6929 - Val Loss: 0.7171, Val Acc (0.5): 0.5714, Val AUC: 0.5978
  Train Best Threshold 0.50 → Balanced Acc: 0.6466, Acc: 0.6000, Sensitivity: 0.5106, Specificity: 0.7826, PPV: 0.8276, NPV: 0.4390, F1: 0.6316
  Val Best Threshold 0.55 → Balanced Acc: 0.6087, Acc: 0.4857, Sensitivity: 0.2174, Specificity: 1.0000, PPV: 1.0000, NPV: 0.4000, F1: 0.3571
Epoch 14/50 - Train Loss: 0.6470, Train Acc: 0.6571, Train AUC: 0.7618 - Val Loss: 0.7138, Val Acc (0.5): 0.5429, Val AUC: 0.6268
  Train Best Threshold 0.50 → Balanced Acc: 0.7058, Acc: 0.6571, Sensitivity: 0.5638, Specificity: 0.8478, PPV: 0.8833, NPV: 0.4875, F1: 0.6883
  Val Best Threshold 0.55 → Balanced Acc: 0.5888, Acc: 0.4857, Sensitivity: 0.2609, Specificity: 0.9167, PPV: 0.8571, NPV: 0.3929, F1: 0.4000
  → New best validation AUC: 0.6268
Epoch 15/50 - Train Loss: 0.6557, Train Acc: 0.6214, Train AUC: 0.7359 - Val Loss: 0.7193, Val Acc (0.5): 0.5714, Val AUC: 0.6268
  Train Best Threshold 0.45 → Balanced Acc: 0.6929, Acc: 0.7143, Sensitivity: 0.7553, Specificity: 0.6304, PPV: 0.8068, NPV: 0.5577, F1: 0.7802
  Val Best Threshold 0.50 → Balanced Acc: 0.5942, Acc: 0.5714, Sensitivity: 0.5217, Specificity: 0.6667, PPV: 0.7500, NPV: 0.4211, F1: 0.6154
Epoch 16/50 - Train Loss: 0.6451, Train Acc: 0.6857, Train AUC: 0.7539 - Val Loss: 0.7233, Val Acc (0.5): 0.5714, Val AUC: 0.6304
  Train Best Threshold 0.50 → Balanced Acc: 0.7105, Acc: 0.6857, Sensitivity: 0.6383, Specificity: 0.7826, PPV: 0.8571, NPV: 0.5143, F1: 0.7317
  Val Best Threshold 0.55 → Balanced Acc: 0.6105, Acc: 0.5143, Sensitivity: 0.3043, Specificity: 0.9167, PPV: 0.8750, NPV: 0.4074, F1: 0.4516
  → New best validation AUC: 0.6304
Epoch 17/50 - Train Loss: 0.6284, Train Acc: 0.6643, Train AUC: 0.7838 - Val Loss: 0.7251, Val Acc (0.5): 0.5714, Val AUC: 0.6304
  Train Best Threshold 0.45 → Balanced Acc: 0.7253, Acc: 0.7429, Sensitivity: 0.7766, Specificity: 0.6739, PPV: 0.8295, NPV: 0.5962, F1: 0.8022
  Val Best Threshold 0.50 → Balanced Acc: 0.6141, Acc: 0.5714, Sensitivity: 0.4783, Specificity: 0.7500, PPV: 0.7857, NPV: 0.4286, F1: 0.5946
Epoch 18/50 - Train Loss: 0.6327, Train Acc: 0.6643, Train AUC: 0.7653 - Val Loss: 0.7278, Val Acc (0.5): 0.5714, Val AUC: 0.6304
  Train Best Threshold 0.45 → Balanced Acc: 0.7146, Acc: 0.7286, Sensitivity: 0.7553, Specificity: 0.6739, PPV: 0.8256, NPV: 0.5741, F1: 0.7889
  Val Best Threshold 0.55 → Balanced Acc: 0.6540, Acc: 0.5714, Sensitivity: 0.3913, Specificity: 0.9167, PPV: 0.9000, NPV: 0.4400, F1: 0.5455
Epoch 19/50 - Train Loss: 0.6223, Train Acc: 0.6929, Train AUC: 0.7967 - Val Loss: 0.7247, Val Acc (0.5): 0.5429, Val AUC: 0.6304
  Train Best Threshold 0.50 → Balanced Acc: 0.7213, Acc: 0.6929, Sensitivity: 0.6383, Specificity: 0.8043, PPV: 0.8696, NPV: 0.5211, F1: 0.7362
  Val Best Threshold 0.55 → Balanced Acc: 0.6123, Acc: 0.5429, Sensitivity: 0.3913, Specificity: 0.8333, PPV: 0.8182, NPV: 0.4167, F1: 0.5294
Epoch 20/50 - Train Loss: 0.6213, Train Acc: 0.6643, Train AUC: 0.7741 - Val Loss: 0.7366, Val Acc (0.5): 0.5429, Val AUC: 0.6377
  Train Best Threshold 0.50 → Balanced Acc: 0.6945, Acc: 0.6643, Sensitivity: 0.6064, Specificity: 0.7826, PPV: 0.8507, NPV: 0.4932, F1: 0.7081
  Val Best Threshold 0.55 → Balanced Acc: 0.6540, Acc: 0.5714, Sensitivity: 0.3913, Specificity: 0.9167, PPV: 0.9000, NPV: 0.4400, F1: 0.5455
  → New best validation AUC: 0.6377
Epoch 21/50 - Train Loss: 0.6429, Train Acc: 0.6500, Train AUC: 0.7340 - Val Loss: 0.7442, Val Acc (0.5): 0.5429, Val AUC: 0.6341
  Train Best Threshold 0.45 → Balanced Acc: 0.6827, Acc: 0.6857, Sensitivity: 0.6915, Specificity: 0.6739, PPV: 0.8125, NPV: 0.5167, F1: 0.7471
  Val Best Threshold 0.55 → Balanced Acc: 0.6322, Acc: 0.5429, Sensitivity: 0.3478, Specificity: 0.9167, PPV: 0.8889, NPV: 0.4231, F1: 0.5000
Epoch 22/50 - Train Loss: 0.6326, Train Acc: 0.6286, Train AUC: 0.7451 - Val Loss: 0.7493, Val Acc (0.5): 0.5429, Val AUC: 0.6304
  Train Best Threshold 0.55 → Balanced Acc: 0.6959, Acc: 0.6214, Sensitivity: 0.4787, Specificity: 0.9130, PPV: 0.9184, NPV: 0.4615, F1: 0.6294
  Val Best Threshold 0.55 → Balanced Acc: 0.6322, Acc: 0.5429, Sensitivity: 0.3478, Specificity: 0.9167, PPV: 0.8889, NPV: 0.4231, F1: 0.5000
Epoch 23/50 - Train Loss: 0.6163, Train Acc: 0.6714, Train AUC: 0.7854 - Val Loss: 0.7472, Val Acc (0.5): 0.5143, Val AUC: 0.6341
  Train Best Threshold 0.40 → Balanced Acc: 0.7516, Acc: 0.7857, Sensitivity: 0.8511, Specificity: 0.6522, PPV: 0.8333, NPV: 0.6818, F1: 0.8421
  Val Best Threshold 0.55 → Balanced Acc: 0.6540, Acc: 0.5714, Sensitivity: 0.3913, Specificity: 0.9167, PPV: 0.9000, NPV: 0.4400, F1: 0.5455
Epoch 24/50 - Train Loss: 0.6050, Train Acc: 0.6786, Train AUC: 0.8076 - Val Loss: 0.7496, Val Acc (0.5): 0.5429, Val AUC: 0.6522
  Train Best Threshold 0.50 → Balanced Acc: 0.7218, Acc: 0.6786, Sensitivity: 0.5957, Specificity: 0.8478, PPV: 0.8889, NPV: 0.5065, F1: 0.7134
  Val Best Threshold 0.55 → Balanced Acc: 0.6540, Acc: 0.5714, Sensitivity: 0.3913, Specificity: 0.9167, PPV: 0.9000, NPV: 0.4400, F1: 0.5455
  → New best validation AUC: 0.6522
Epoch 25/50 - Train Loss: 0.6300, Train Acc: 0.6571, Train AUC: 0.7463 - Val Loss: 0.7499, Val Acc (0.5): 0.5714, Val AUC: 0.6522
  Train Best Threshold 0.55 → Balanced Acc: 0.7065, Acc: 0.6357, Sensitivity: 0.5000, Specificity: 0.9130, PPV: 0.9216, NPV: 0.4719, F1: 0.6483
  Val Best Threshold 0.55 → Balanced Acc: 0.6739, Acc: 0.5714, Sensitivity: 0.3478, Specificity: 1.0000, PPV: 1.0000, NPV: 0.4444, F1: 0.5161
Epoch 26/50 - Train Loss: 0.6014, Train Acc: 0.7214, Train AUC: 0.8080 - Val Loss: 0.7315, Val Acc (0.5): 0.6000, Val AUC: 0.6630
  Train Best Threshold 0.50 → Balanced Acc: 0.7481, Acc: 0.7214, Sensitivity: 0.6702, Specificity: 0.8261, PPV: 0.8873, NPV: 0.5507, F1: 0.7636
  Val Best Threshold 0.50 → Balanced Acc: 0.6757, Acc: 0.6000, Sensitivity: 0.4348, Specificity: 0.9167, PPV: 0.9091, NPV: 0.4583, F1: 0.5882
  → New best validation AUC: 0.6630
Epoch 27/50 - Train Loss: 0.6199, Train Acc: 0.6929, Train AUC: 0.7683 - Val Loss: 0.7204, Val Acc (0.5): 0.6000, Val AUC: 0.6703
  Train Best Threshold 0.50 → Balanced Acc: 0.6991, Acc: 0.6929, Sensitivity: 0.6809, Specificity: 0.7174, PPV: 0.8312, NPV: 0.5238, F1: 0.7485
  Val Best Threshold 0.50 → Balanced Acc: 0.6757, Acc: 0.6000, Sensitivity: 0.4348, Specificity: 0.9167, PPV: 0.9091, NPV: 0.4583, F1: 0.5882
  → New best validation AUC: 0.6703
Epoch 28/50 - Train Loss: 0.6076, Train Acc: 0.7286, Train AUC: 0.7974 - Val Loss: 0.7169, Val Acc (0.5): 0.6000, Val AUC: 0.6775
  Train Best Threshold 0.50 → Balanced Acc: 0.7535, Acc: 0.7286, Sensitivity: 0.6809, Specificity: 0.8261, PPV: 0.8889, NPV: 0.5588, F1: 0.7711
  Val Best Threshold 0.50 → Balanced Acc: 0.6757, Acc: 0.6000, Sensitivity: 0.4348, Specificity: 0.9167, PPV: 0.9091, NPV: 0.4583, F1: 0.5882
  → New best validation AUC: 0.6775
Epoch 29/50 - Train Loss: 0.5816, Train Acc: 0.7214, Train AUC: 0.8395 - Val Loss: 0.7094, Val Acc (0.5): 0.5714, Val AUC: 0.6812
  Train Best Threshold 0.50 → Balanced Acc: 0.7537, Acc: 0.7214, Sensitivity: 0.6596, Specificity: 0.8478, PPV: 0.8986, NPV: 0.5493, F1: 0.7607
  Val Best Threshold 0.55 → Balanced Acc: 0.6757, Acc: 0.6000, Sensitivity: 0.4348, Specificity: 0.9167, PPV: 0.9091, NPV: 0.4583, F1: 0.5882
  → New best validation AUC: 0.6812
Epoch 30/50 - Train Loss: 0.5685, Train Acc: 0.7643, Train AUC: 0.8610 - Val Loss: 0.7019, Val Acc (0.5): 0.5714, Val AUC: 0.6775
  Train Best Threshold 0.50 → Balanced Acc: 0.8023, Acc: 0.7643, Sensitivity: 0.6915, Specificity: 0.9130, PPV: 0.9420, NPV: 0.5915, F1: 0.7975
  Val Best Threshold 0.55 → Balanced Acc: 0.6757, Acc: 0.6000, Sensitivity: 0.4348, Specificity: 0.9167, PPV: 0.9091, NPV: 0.4583, F1: 0.5882
Epoch 31/50 - Train Loss: 0.5679, Train Acc: 0.7643, Train AUC: 0.8559 - Val Loss: 0.6849, Val Acc (0.5): 0.6286, Val AUC: 0.6667
  Train Best Threshold 0.45 → Balanced Acc: 0.8062, Acc: 0.8143, Sensitivity: 0.8298, Specificity: 0.7826, PPV: 0.8864, NPV: 0.6923, F1: 0.8571
  Val Best Threshold 0.60 → Balanced Acc: 0.6757, Acc: 0.6000, Sensitivity: 0.4348, Specificity: 0.9167, PPV: 0.9091, NPV: 0.4583, F1: 0.5882
Epoch 32/50 - Train Loss: 0.5823, Train Acc: 0.7286, Train AUC: 0.8254 - Val Loss: 0.6822, Val Acc (0.5): 0.6286, Val AUC: 0.6703
  Train Best Threshold 0.45 → Balanced Acc: 0.7900, Acc: 0.8000, Sensitivity: 0.8191, Specificity: 0.7609, PPV: 0.8750, NPV: 0.6731, F1: 0.8462
  Val Best Threshold 0.60 → Balanced Acc: 0.6757, Acc: 0.6000, Sensitivity: 0.4348, Specificity: 0.9167, PPV: 0.9091, NPV: 0.4583, F1: 0.5882
Epoch 33/50 - Train Loss: 0.5895, Train Acc: 0.7214, Train AUC: 0.8124 - Val Loss: 0.6580, Val Acc (0.5): 0.6286, Val AUC: 0.6920
  Train Best Threshold 0.50 → Balanced Acc: 0.7481, Acc: 0.7214, Sensitivity: 0.6702, Specificity: 0.8261, PPV: 0.8873, NPV: 0.5507, F1: 0.7636
  Val Best Threshold 0.60 → Balanced Acc: 0.6757, Acc: 0.6000, Sensitivity: 0.4348, Specificity: 0.9167, PPV: 0.9091, NPV: 0.4583, F1: 0.5882
  → New best validation AUC: 0.6920
Epoch 34/50 - Train Loss: 0.5599, Train Acc: 0.7571, Train AUC: 0.8545 - Val Loss: 0.6529, Val Acc (0.5): 0.6857, Val AUC: 0.7065
  Train Best Threshold 0.50 → Balanced Acc: 0.7914, Acc: 0.7571, Sensitivity: 0.6915, Specificity: 0.8913, PPV: 0.9286, NPV: 0.5857, F1: 0.7927
  Val Best Threshold 0.50 → Balanced Acc: 0.6812, Acc: 0.6857, Sensitivity: 0.6957, Specificity: 0.6667, PPV: 0.8000, NPV: 0.5333, F1: 0.7442
  → New best validation AUC: 0.7065
Epoch 35/50 - Train Loss: 0.5524, Train Acc: 0.7929, Train AUC: 0.8781 - Val Loss: 0.6470, Val Acc (0.5): 0.6857, Val AUC: 0.7246
  Train Best Threshold 0.50 → Balanced Acc: 0.8069, Acc: 0.7929, Sensitivity: 0.7660, Specificity: 0.8478, PPV: 0.9114, NPV: 0.6393, F1: 0.8324
  Val Best Threshold 0.50 → Balanced Acc: 0.6812, Acc: 0.6857, Sensitivity: 0.6957, Specificity: 0.6667, PPV: 0.8000, NPV: 0.5333, F1: 0.7442
  → New best validation AUC: 0.7246
Epoch 36/50 - Train Loss: 0.5425, Train Acc: 0.7357, Train AUC: 0.8777 - Val Loss: 0.6642, Val Acc (0.5): 0.6000, Val AUC: 0.7174
  Train Best Threshold 0.45 → Balanced Acc: 0.7953, Acc: 0.8071, Sensitivity: 0.8298, Specificity: 0.7609, PPV: 0.8764, NPV: 0.6863, F1: 0.8525
  Val Best Threshold 0.55 → Balanced Acc: 0.6757, Acc: 0.6000, Sensitivity: 0.4348, Specificity: 0.9167, PPV: 0.9091, NPV: 0.4583, F1: 0.5882
Epoch 37/50 - Train Loss: 0.5567, Train Acc: 0.7571, Train AUC: 0.8610 - Val Loss: 0.6791, Val Acc (0.5): 0.6286, Val AUC: 0.7246
  Train Best Threshold 0.50 → Balanced Acc: 0.7803, Acc: 0.7571, Sensitivity: 0.7128, Specificity: 0.8478, PPV: 0.9054, NPV: 0.5909, F1: 0.7976
  Val Best Threshold 0.50 → Balanced Acc: 0.6975, Acc: 0.6286, Sensitivity: 0.4783, Specificity: 0.9167, PPV: 0.9167, NPV: 0.4783, F1: 0.6286
Epoch 38/50 - Train Loss: 0.5422, Train Acc: 0.7714, Train AUC: 0.8726 - Val Loss: 0.6735, Val Acc (0.5): 0.6286, Val AUC: 0.7355
  Train Best Threshold 0.50 → Balanced Acc: 0.8187, Acc: 0.7714, Sensitivity: 0.6809, Specificity: 0.9565, PPV: 0.9697, NPV: 0.5946, F1: 0.8000
  Val Best Threshold 0.50 → Balanced Acc: 0.6975, Acc: 0.6286, Sensitivity: 0.4783, Specificity: 0.9167, PPV: 0.9167, NPV: 0.4783, F1: 0.6286
  → New best validation AUC: 0.7355
Epoch 39/50 - Train Loss: 0.5463, Train Acc: 0.7857, Train AUC: 0.8661 - Val Loss: 0.6667, Val Acc (0.5): 0.6286, Val AUC: 0.7428
  Train Best Threshold 0.45 → Balanced Acc: 0.8171, Acc: 0.8214, Sensitivity: 0.8298, Specificity: 0.8043, PPV: 0.8966, NPV: 0.6981, F1: 0.8619
  Val Best Threshold 0.40 → Balanced Acc: 0.7663, Acc: 0.7714, Sensitivity: 0.7826, Specificity: 0.7500, PPV: 0.8571, NPV: 0.6429, F1: 0.8182
  → New best validation AUC: 0.7428
Epoch 40/50 - Train Loss: 0.5409, Train Acc: 0.7857, Train AUC: 0.8707 - Val Loss: 0.7005, Val Acc (0.5): 0.5714, Val AUC: 0.7391
  Train Best Threshold 0.45 → Balanced Acc: 0.8120, Acc: 0.8071, Sensitivity: 0.7979, Specificity: 0.8261, PPV: 0.9036, NPV: 0.6667, F1: 0.8475
  Val Best Threshold 0.40 → Balanced Acc: 0.6993, Acc: 0.6571, Sensitivity: 0.5652, Specificity: 0.8333, PPV: 0.8667, NPV: 0.5000, F1: 0.6842
Epoch 41/50 - Train Loss: 0.5573, Train Acc: 0.7429, Train AUC: 0.8610 - Val Loss: 0.7462, Val Acc (0.5): 0.5714, Val AUC: 0.7210
  Train Best Threshold 0.55 → Balanced Acc: 0.7754, Acc: 0.7357, Sensitivity: 0.6596, Specificity: 0.8913, PPV: 0.9254, NPV: 0.5616, F1: 0.7702
  Val Best Threshold 0.30 → Balanced Acc: 0.7246, Acc: 0.7429, Sensitivity: 0.7826, Specificity: 0.6667, PPV: 0.8182, NPV: 0.6154, F1: 0.8000
Epoch 42/50 - Train Loss: 0.5246, Train Acc: 0.8071, Train AUC: 0.8899 - Val Loss: 0.7464, Val Acc (0.5): 0.5714, Val AUC: 0.7246
  Train Best Threshold 0.50 → Balanced Acc: 0.8175, Acc: 0.8071, Sensitivity: 0.7872, Specificity: 0.8478, PPV: 0.9136, NPV: 0.6610, F1: 0.8457
  Val Best Threshold 0.30 → Balanced Acc: 0.7029, Acc: 0.7143, Sensitivity: 0.7391, Specificity: 0.6667, PPV: 0.8095, NPV: 0.5714, F1: 0.7727
Epoch 43/50 - Train Loss: 0.5258, Train Acc: 0.7857, Train AUC: 0.8911 - Val Loss: 0.7672, Val Acc (0.5): 0.5714, Val AUC: 0.7101
  Train Best Threshold 0.45 → Balanced Acc: 0.8226, Acc: 0.8214, Sensitivity: 0.8191, Specificity: 0.8261, PPV: 0.9059, NPV: 0.6909, F1: 0.8603
  Val Best Threshold 0.45 → Balanced Acc: 0.6757, Acc: 0.6000, Sensitivity: 0.4348, Specificity: 0.9167, PPV: 0.9091, NPV: 0.4583, F1: 0.5882
Epoch 44/50 - Train Loss: 0.5037, Train Acc: 0.8214, Train AUC: 0.9075 - Val Loss: 0.7372, Val Acc (0.5): 0.6000, Val AUC: 0.7029
  Train Best Threshold 0.40 → Balanced Acc: 0.8712, Acc: 0.8643, Sensitivity: 0.8511, Specificity: 0.8913, PPV: 0.9412, NPV: 0.7455, F1: 0.8939
  Val Best Threshold 0.50 → Balanced Acc: 0.6757, Acc: 0.6000, Sensitivity: 0.4348, Specificity: 0.9167, PPV: 0.9091, NPV: 0.4583, F1: 0.5882
Epoch 45/50 - Train Loss: 0.5087, Train Acc: 0.7929, Train AUC: 0.8982 - Val Loss: 0.7257, Val Acc (0.5): 0.6000, Val AUC: 0.6993
  Train Best Threshold 0.45 → Balanced Acc: 0.8279, Acc: 0.8286, Sensitivity: 0.8298, Specificity: 0.8261, PPV: 0.9070, NPV: 0.7037, F1: 0.8667
  Val Best Threshold 0.40 → Balanced Acc: 0.6775, Acc: 0.6286, Sensitivity: 0.5217, Specificity: 0.8333, PPV: 0.8571, NPV: 0.4762, F1: 0.6486
Epoch 46/50 - Train Loss: 0.5045, Train Acc: 0.8000, Train AUC: 0.9114 - Val Loss: 0.7081, Val Acc (0.5): 0.6000, Val AUC: 0.7283
  Train Best Threshold 0.55 → Balanced Acc: 0.8344, Acc: 0.8000, Sensitivity: 0.7340, Specificity: 0.9348, PPV: 0.9583, NPV: 0.6324, F1: 0.8313
  Val Best Threshold 0.40 → Balanced Acc: 0.6993, Acc: 0.6571, Sensitivity: 0.5652, Specificity: 0.8333, PPV: 0.8667, NPV: 0.5000, F1: 0.6842
Epoch 47/50 - Train Loss: 0.4996, Train Acc: 0.8214, Train AUC: 0.9096 - Val Loss: 0.7143, Val Acc (0.5): 0.6000, Val AUC: 0.7283
  Train Best Threshold 0.45 → Balanced Acc: 0.8439, Acc: 0.8500, Sensitivity: 0.8617, Specificity: 0.8261, PPV: 0.9101, NPV: 0.7451, F1: 0.8852
  Val Best Threshold 0.35 → Balanced Acc: 0.7428, Acc: 0.7143, Sensitivity: 0.6522, Specificity: 0.8333, PPV: 0.8824, NPV: 0.5556, F1: 0.7500
Epoch 48/50 - Train Loss: 0.5273, Train Acc: 0.8000, Train AUC: 0.8703 - Val Loss: 0.7387, Val Acc (0.5): 0.6000, Val AUC: 0.6957
  Train Best Threshold 0.45 → Balanced Acc: 0.8171, Acc: 0.8214, Sensitivity: 0.8298, Specificity: 0.8043, PPV: 0.8966, NPV: 0.6981, F1: 0.8619
  Val Best Threshold 0.50 → Balanced Acc: 0.6757, Acc: 0.6000, Sensitivity: 0.4348, Specificity: 0.9167, PPV: 0.9091, NPV: 0.4583, F1: 0.5882
Epoch 49/50 - Train Loss: 0.4852, Train Acc: 0.8214, Train AUC: 0.9177 - Val Loss: 0.7122, Val Acc (0.5): 0.5714, Val AUC: 0.7029
  Train Best Threshold 0.45 → Balanced Acc: 0.8605, Acc: 0.8500, Sensitivity: 0.8298, Specificity: 0.8913, PPV: 0.9398, NPV: 0.7193, F1: 0.8814
  Val Best Threshold 0.55 → Balanced Acc: 0.6757, Acc: 0.6000, Sensitivity: 0.4348, Specificity: 0.9167, PPV: 0.9091, NPV: 0.4583, F1: 0.5882
Early stopping at epoch 49
Loaded best model with validation AUC: 0.7428
Final Train Results (Best Model) at epoch 39 - Loss: 0.5371, Accuracy: 0.7929, AUC: 0.8742
Final Val Results (Best Model) at epoch 39 - Loss: 0.6667, Accuracy: 0.6286, AUC: 0.7428
Train Best Threshold: 0.55 | Balanced Acc: 0.8129 | Acc: 0.7786 | Sensitivity: 0.7128 | Specificity: 0.9130 | PPV: 0.9437 | NPV: 0.6087 | F1: 0.8121
Train Confusion Matrix at Best Threshold (rows=actual [0,1], cols=predicted [0,1]):
[[42  4]
 [27 67]]
Val Best Threshold: 0.40 | Balanced Acc: 0.7663 | Acc: 0.7714 | Sensitivity: 0.7826 | Specificity: 0.7500 | PPV: 0.8571 | NPV: 0.6429 | F1: 0.8182
Val Confusion Matrix at Best Threshold (rows=actual [0,1], cols=predicted [0,1]):
[[ 9  3]
 [ 5 18]]

======================================================================
Cross-Validation Results - C1 (Mean Pooling)
======================================================================
Model: C1 (Mean Pooling)
Backbone: resnet18
Pooling: mean
Val AUCs: ['0.7197', '0.6970', '0.7935', '0.7862', '0.7428']
Mean Val AUC: 0.7478 ± 0.0373
======================================================================
