Starting single train/val split training for A1 (Mean Pooling)
Configuration:
  clinical_csv: data/annotations/175_clinical_5_variables.csv
  image_root: data/nakagami_full
  patient_id_column: NO
  label_column: CL_F2
  image_pattern: Nakagami_image_*.png
  n_folds: 5
  batch_size: 16
  learning_rate: 1e-05
  num_epochs: 40
  early_stopping_patience: 10
  early_stopping_min_delta: 0.001
  backbone: efficientnetv2_b0
  pretrained: True
  device: cuda
  num_workers: 4
  model_type: mean
  attention_hidden: 128
  seed: 42
  no_cv: True
  val_split: 0.2
  log_dir: runs/bmode
Loading clinical data...
Loaded 175 patients from clinical data
Building patient records...
Building patient records from 175 patients...
Image root: data/nakagami_full
Image pattern: Nakagami_image_*.png
Successfully created 175 patient records
Created 175 patient records
Train/Val Split:
  Train: 140 patients (80.0%)
  Val:   35 patients (20.0%)
====================Training single model====================
Train: 140 patients
Val: 35 patients
Created A1 model (mean pooling) with backbone efficientnetv2_b0
Using device: cuda
Class weights: [1.0, 0.4893617033958435]
Epoch 1/40 - Train Loss: 0.7036, Train Acc: 0.3857, Train AUC: 0.4648 - Val Loss: 0.7183, Val Acc (0.5): 0.3714, Val AUC: 0.5036
  Train Best Threshold 0.55 → Balanced Acc: 0.5106, Acc: 0.3429, Sensitivity: 0.0213, Specificity: 1.0000, PPV: 1.0000, NPV: 0.3333, F1: 0.0417
  Val Best Threshold 0.50 → Balanced Acc: 0.5217, Acc: 0.3714, Sensitivity: 0.0435, Specificity: 1.0000, PPV: 1.0000, NPV: 0.3529, F1: 0.0833
  → New best validation AUC: 0.5036
Epoch 2/40 - Train Loss: 0.7016, Train Acc: 0.4071, Train AUC: 0.4790 - Val Loss: 0.7079, Val Acc (0.5): 0.3714, Val AUC: 0.5254
  Train Best Threshold 0.45 → Balanced Acc: 0.5192, Acc: 0.5929, Sensitivity: 0.7340, Specificity: 0.3043, PPV: 0.6832, NPV: 0.3590, F1: 0.7077
  Val Best Threshold 0.45 → Balanced Acc: 0.5598, Acc: 0.6571, Sensitivity: 0.8696, Specificity: 0.2500, PPV: 0.6897, NPV: 0.5000, F1: 0.7692
  → New best validation AUC: 0.5254
Epoch 3/40 - Train Loss: 0.6966, Train Acc: 0.4000, Train AUC: 0.5023 - Val Loss: 0.7063, Val Acc (0.5): 0.4286, Val AUC: 0.4928
  Train Best Threshold 0.55 → Balanced Acc: 0.5160, Acc: 0.3500, Sensitivity: 0.0319, Specificity: 1.0000, PPV: 1.0000, NPV: 0.3358, F1: 0.0619
  Val Best Threshold 0.45 → Balanced Acc: 0.5399, Acc: 0.6571, Sensitivity: 0.9130, Specificity: 0.1667, PPV: 0.6774, NPV: 0.5000, F1: 0.7778
Epoch 4/40 - Train Loss: 0.6877, Train Acc: 0.4214, Train AUC: 0.5768 - Val Loss: 0.7097, Val Acc (0.5): 0.4286, Val AUC: 0.4819
  Train Best Threshold 0.45 → Balanced Acc: 0.5833, Acc: 0.6714, Sensitivity: 0.8404, Specificity: 0.3261, PPV: 0.7182, NPV: 0.5000, F1: 0.7745
  Val Best Threshold 0.50 → Balanced Acc: 0.5054, Acc: 0.4286, Sensitivity: 0.2609, Specificity: 0.7500, PPV: 0.6667, NPV: 0.3462, F1: 0.3750
Epoch 5/40 - Train Loss: 0.6945, Train Acc: 0.4286, Train AUC: 0.5317 - Val Loss: 0.7118, Val Acc (0.5): 0.4286, Val AUC: 0.4710
  Train Best Threshold 0.45 → Balanced Acc: 0.5076, Acc: 0.6071, Sensitivity: 0.7979, Specificity: 0.2174, PPV: 0.6757, NPV: 0.3448, F1: 0.7317
  Val Best Threshold 0.50 → Balanced Acc: 0.5054, Acc: 0.4286, Sensitivity: 0.2609, Specificity: 0.7500, PPV: 0.6667, NPV: 0.3462, F1: 0.3750
Epoch 6/40 - Train Loss: 0.6877, Train Acc: 0.4643, Train AUC: 0.5705 - Val Loss: 0.7103, Val Acc (0.5): 0.4286, Val AUC: 0.4783
  Train Best Threshold 0.45 → Balanced Acc: 0.5342, Acc: 0.6429, Sensitivity: 0.8511, Specificity: 0.2174, PPV: 0.6897, NPV: 0.4167, F1: 0.7619
  Val Best Threshold 0.50 → Balanced Acc: 0.5054, Acc: 0.4286, Sensitivity: 0.2609, Specificity: 0.7500, PPV: 0.6667, NPV: 0.3462, F1: 0.3750
Epoch 7/40 - Train Loss: 0.6917, Train Acc: 0.5143, Train AUC: 0.5493 - Val Loss: 0.7078, Val Acc (0.5): 0.4571, Val AUC: 0.4746
  Train Best Threshold 0.50 → Balanced Acc: 0.5828, Acc: 0.5143, Sensitivity: 0.3830, Specificity: 0.7826, PPV: 0.7826, NPV: 0.3830, F1: 0.5143
  Val Best Threshold 0.50 → Balanced Acc: 0.5272, Acc: 0.4571, Sensitivity: 0.3043, Specificity: 0.7500, PPV: 0.7000, NPV: 0.3600, F1: 0.4242
Epoch 8/40 - Train Loss: 0.6938, Train Acc: 0.4571, Train AUC: 0.5118 - Val Loss: 0.7122, Val Acc (0.5): 0.4286, Val AUC: 0.5109
  Train Best Threshold 0.45 → Balanced Acc: 0.5069, Acc: 0.6286, Sensitivity: 0.8617, Specificity: 0.1522, PPV: 0.6750, NPV: 0.3500, F1: 0.7570
  Val Best Threshold 0.50 → Balanced Acc: 0.5054, Acc: 0.4286, Sensitivity: 0.2609, Specificity: 0.7500, PPV: 0.6667, NPV: 0.3462, F1: 0.3750
Epoch 9/40 - Train Loss: 0.6905, Train Acc: 0.5071, Train AUC: 0.5382 - Val Loss: 0.7033, Val Acc (0.5): 0.4857, Val AUC: 0.5326
  Train Best Threshold 0.50 → Balanced Acc: 0.5442, Acc: 0.5071, Sensitivity: 0.4362, Specificity: 0.6522, PPV: 0.7193, NPV: 0.3614, F1: 0.5430
  Val Best Threshold 0.50 → Balanced Acc: 0.5290, Acc: 0.4857, Sensitivity: 0.3913, Specificity: 0.6667, PPV: 0.6923, NPV: 0.3636, F1: 0.5000
  → New best validation AUC: 0.5326
Epoch 10/40 - Train Loss: 0.6871, Train Acc: 0.5000, Train AUC: 0.5465 - Val Loss: 0.7058, Val Acc (0.5): 0.4571, Val AUC: 0.5217
  Train Best Threshold 0.50 → Balanced Acc: 0.5278, Acc: 0.5000, Sensitivity: 0.4468, Specificity: 0.6087, PPV: 0.7000, NPV: 0.3500, F1: 0.5455
  Val Best Threshold 0.50 → Balanced Acc: 0.5072, Acc: 0.4571, Sensitivity: 0.3478, Specificity: 0.6667, PPV: 0.6667, NPV: 0.3478, F1: 0.4571
Epoch 11/40 - Train Loss: 0.6956, Train Acc: 0.4786, Train AUC: 0.4942 - Val Loss: 0.7007, Val Acc (0.5): 0.5429, Val AUC: 0.5435
  Train Best Threshold 0.55 → Balanced Acc: 0.5210, Acc: 0.3643, Sensitivity: 0.0638, Specificity: 0.9783, PPV: 0.8571, NPV: 0.3383, F1: 0.1188
  Val Best Threshold 0.50 → Balanced Acc: 0.5725, Acc: 0.5429, Sensitivity: 0.4783, Specificity: 0.6667, PPV: 0.7333, NPV: 0.4000, F1: 0.5789
  → New best validation AUC: 0.5435
Epoch 12/40 - Train Loss: 0.6798, Train Acc: 0.5857, Train AUC: 0.6464 - Val Loss: 0.6981, Val Acc (0.5): 0.5714, Val AUC: 0.5399
  Train Best Threshold 0.50 → Balanced Acc: 0.6304, Acc: 0.5857, Sensitivity: 0.5000, Specificity: 0.7609, PPV: 0.8103, NPV: 0.4268, F1: 0.6184
  Val Best Threshold 0.50 → Balanced Acc: 0.5942, Acc: 0.5714, Sensitivity: 0.5217, Specificity: 0.6667, PPV: 0.7500, NPV: 0.4211, F1: 0.6154
Epoch 13/40 - Train Loss: 0.6871, Train Acc: 0.5214, Train AUC: 0.5696 - Val Loss: 0.6945, Val Acc (0.5): 0.5714, Val AUC: 0.5580
  Train Best Threshold 0.45 → Balanced Acc: 0.5557, Acc: 0.6643, Sensitivity: 0.8723, Specificity: 0.2391, PPV: 0.7009, NPV: 0.4783, F1: 0.7773
  Val Best Threshold 0.50 → Balanced Acc: 0.5942, Acc: 0.5714, Sensitivity: 0.5217, Specificity: 0.6667, PPV: 0.7500, NPV: 0.4211, F1: 0.6154
  → New best validation AUC: 0.5580
Epoch 14/40 - Train Loss: 0.6841, Train Acc: 0.5714, Train AUC: 0.5939 - Val Loss: 0.6959, Val Acc (0.5): 0.5714, Val AUC: 0.6051
  Train Best Threshold 0.50 → Balanced Acc: 0.6031, Acc: 0.5714, Sensitivity: 0.5106, Specificity: 0.6957, PPV: 0.7742, NPV: 0.4103, F1: 0.6154
  Val Best Threshold 0.50 → Balanced Acc: 0.5942, Acc: 0.5714, Sensitivity: 0.5217, Specificity: 0.6667, PPV: 0.7500, NPV: 0.4211, F1: 0.6154
  → New best validation AUC: 0.6051
Epoch 15/40 - Train Loss: 0.6805, Train Acc: 0.5286, Train AUC: 0.6184 - Val Loss: 0.6959, Val Acc (0.5): 0.5714, Val AUC: 0.5870
  Train Best Threshold 0.45 → Balanced Acc: 0.5606, Acc: 0.6857, Sensitivity: 0.9255, Specificity: 0.1957, PPV: 0.7016, NPV: 0.5625, F1: 0.7982
  Val Best Threshold 0.50 → Balanced Acc: 0.5942, Acc: 0.5714, Sensitivity: 0.5217, Specificity: 0.6667, PPV: 0.7500, NPV: 0.4211, F1: 0.6154
Epoch 16/40 - Train Loss: 0.6822, Train Acc: 0.5071, Train AUC: 0.5833 - Val Loss: 0.6934, Val Acc (0.5): 0.5714, Val AUC: 0.5906
  Train Best Threshold 0.45 → Balanced Acc: 0.5393, Acc: 0.6571, Sensitivity: 0.8830, Specificity: 0.1957, PPV: 0.6917, NPV: 0.4500, F1: 0.7757
  Val Best Threshold 0.50 → Balanced Acc: 0.5942, Acc: 0.5714, Sensitivity: 0.5217, Specificity: 0.6667, PPV: 0.7500, NPV: 0.4211, F1: 0.6154
Epoch 17/40 - Train Loss: 0.6796, Train Acc: 0.5429, Train AUC: 0.6219 - Val Loss: 0.6906, Val Acc (0.5): 0.6000, Val AUC: 0.6123
  Train Best Threshold 0.55 → Balanced Acc: 0.5530, Acc: 0.4071, Sensitivity: 0.1277, Specificity: 0.9783, PPV: 0.9231, NPV: 0.3543, F1: 0.2243
  Val Best Threshold 0.50 → Balanced Acc: 0.6159, Acc: 0.6000, Sensitivity: 0.5652, Specificity: 0.6667, PPV: 0.7647, NPV: 0.4444, F1: 0.6500
  → New best validation AUC: 0.6123
Epoch 18/40 - Train Loss: 0.6802, Train Acc: 0.5786, Train AUC: 0.6018 - Val Loss: 0.6946, Val Acc (0.5): 0.6000, Val AUC: 0.6196
  Train Best Threshold 0.45 → Balanced Acc: 0.5877, Acc: 0.7071, Sensitivity: 0.9362, Specificity: 0.2391, PPV: 0.7154, NPV: 0.6471, F1: 0.8111
  Val Best Threshold 0.50 → Balanced Acc: 0.6359, Acc: 0.6000, Sensitivity: 0.5217, Specificity: 0.7500, PPV: 0.8000, NPV: 0.4500, F1: 0.6316
  → New best validation AUC: 0.6196
Epoch 19/40 - Train Loss: 0.6802, Train Acc: 0.5357, Train AUC: 0.6105 - Val Loss: 0.6923, Val Acc (0.5): 0.6000, Val AUC: 0.6522
  Train Best Threshold 0.45 → Balanced Acc: 0.5826, Acc: 0.6929, Sensitivity: 0.9043, Specificity: 0.2609, PPV: 0.7143, NPV: 0.5714, F1: 0.7981
  Val Best Threshold 0.50 → Balanced Acc: 0.6359, Acc: 0.6000, Sensitivity: 0.5217, Specificity: 0.7500, PPV: 0.8000, NPV: 0.4500, F1: 0.6316
  → New best validation AUC: 0.6522
Epoch 20/40 - Train Loss: 0.6689, Train Acc: 0.6214, Train AUC: 0.6765 - Val Loss: 0.6889, Val Acc (0.5): 0.6000, Val AUC: 0.6159
  Train Best Threshold 0.50 → Balanced Acc: 0.6348, Acc: 0.6214, Sensitivity: 0.5957, Specificity: 0.6739, PPV: 0.7887, NPV: 0.4493, F1: 0.6788
  Val Best Threshold 0.50 → Balanced Acc: 0.6159, Acc: 0.6000, Sensitivity: 0.5652, Specificity: 0.6667, PPV: 0.7647, NPV: 0.4444, F1: 0.6500
Epoch 21/40 - Train Loss: 0.6752, Train Acc: 0.5357, Train AUC: 0.6318 - Val Loss: 0.6841, Val Acc (0.5): 0.5429, Val AUC: 0.6377
  Train Best Threshold 0.55 → Balanced Acc: 0.5689, Acc: 0.4286, Sensitivity: 0.1596, Specificity: 0.9783, PPV: 0.9375, NPV: 0.3629, F1: 0.2727
  Val Best Threshold 0.55 → Balanced Acc: 0.6087, Acc: 0.4857, Sensitivity: 0.2174, Specificity: 1.0000, PPV: 1.0000, NPV: 0.4000, F1: 0.3571
Epoch 22/40 - Train Loss: 0.6670, Train Acc: 0.6214, Train AUC: 0.6832 - Val Loss: 0.6806, Val Acc (0.5): 0.5143, Val AUC: 0.6268
  Train Best Threshold 0.50 → Balanced Acc: 0.6570, Acc: 0.6214, Sensitivity: 0.5532, Specificity: 0.7609, PPV: 0.8254, NPV: 0.4545, F1: 0.6624
  Val Best Threshold 0.55 → Balanced Acc: 0.6304, Acc: 0.5143, Sensitivity: 0.2609, Specificity: 1.0000, PPV: 1.0000, NPV: 0.4138, F1: 0.4138
Epoch 23/40 - Train Loss: 0.6781, Train Acc: 0.6000, Train AUC: 0.6140 - Val Loss: 0.6831, Val Acc (0.5): 0.6000, Val AUC: 0.6594
  Train Best Threshold 0.50 → Balanced Acc: 0.5911, Acc: 0.6000, Sensitivity: 0.6170, Specificity: 0.5652, PPV: 0.7436, NPV: 0.4194, F1: 0.6744
  Val Best Threshold 0.55 → Balanced Acc: 0.6304, Acc: 0.5143, Sensitivity: 0.2609, Specificity: 1.0000, PPV: 1.0000, NPV: 0.4138, F1: 0.4138
  → New best validation AUC: 0.6594
Epoch 24/40 - Train Loss: 0.6708, Train Acc: 0.6000, Train AUC: 0.6404 - Val Loss: 0.6781, Val Acc (0.5): 0.5714, Val AUC: 0.6558
  Train Best Threshold 0.50 → Balanced Acc: 0.6022, Acc: 0.6000, Sensitivity: 0.5957, Specificity: 0.6087, PPV: 0.7568, NPV: 0.4242, F1: 0.6667
  Val Best Threshold 0.55 → Balanced Acc: 0.6522, Acc: 0.5429, Sensitivity: 0.3043, Specificity: 1.0000, PPV: 1.0000, NPV: 0.4286, F1: 0.4667
Epoch 25/40 - Train Loss: 0.6798, Train Acc: 0.6000, Train AUC: 0.6147 - Val Loss: 0.6795, Val Acc (0.5): 0.6000, Val AUC: 0.6812
  Train Best Threshold 0.50 → Balanced Acc: 0.6078, Acc: 0.6000, Sensitivity: 0.5851, Specificity: 0.6304, PPV: 0.7639, NPV: 0.4265, F1: 0.6627
  Val Best Threshold 0.55 → Balanced Acc: 0.6304, Acc: 0.5143, Sensitivity: 0.2609, Specificity: 1.0000, PPV: 1.0000, NPV: 0.4138, F1: 0.4138
  → New best validation AUC: 0.6812
Epoch 26/40 - Train Loss: 0.6734, Train Acc: 0.5786, Train AUC: 0.6401 - Val Loss: 0.6809, Val Acc (0.5): 0.6000, Val AUC: 0.6848
  Train Best Threshold 0.50 → Balanced Acc: 0.5863, Acc: 0.5786, Sensitivity: 0.5638, Specificity: 0.6087, PPV: 0.7465, NPV: 0.4058, F1: 0.6424
  Val Best Threshold 0.55 → Balanced Acc: 0.6304, Acc: 0.5143, Sensitivity: 0.2609, Specificity: 1.0000, PPV: 1.0000, NPV: 0.4138, F1: 0.4138
  → New best validation AUC: 0.6848
Epoch 27/40 - Train Loss: 0.6593, Train Acc: 0.6429, Train AUC: 0.7088 - Val Loss: 0.6770, Val Acc (0.5): 0.5429, Val AUC: 0.6775
  Train Best Threshold 0.50 → Balanced Acc: 0.6397, Acc: 0.6429, Sensitivity: 0.6489, Specificity: 0.6304, PPV: 0.7821, NPV: 0.4677, F1: 0.7093
  Val Best Threshold 0.55 → Balanced Acc: 0.6522, Acc: 0.5429, Sensitivity: 0.3043, Specificity: 1.0000, PPV: 1.0000, NPV: 0.4286, F1: 0.4667
Epoch 28/40 - Train Loss: 0.6692, Train Acc: 0.6214, Train AUC: 0.6684 - Val Loss: 0.6748, Val Acc (0.5): 0.5714, Val AUC: 0.6920
  Train Best Threshold 0.50 → Balanced Acc: 0.6182, Acc: 0.6214, Sensitivity: 0.6277, Specificity: 0.6087, PPV: 0.7662, NPV: 0.4444, F1: 0.6901
  Val Best Threshold 0.55 → Balanced Acc: 0.6522, Acc: 0.5429, Sensitivity: 0.3043, Specificity: 1.0000, PPV: 1.0000, NPV: 0.4286, F1: 0.4667
  → New best validation AUC: 0.6920
Epoch 29/40 - Train Loss: 0.6636, Train Acc: 0.6286, Train AUC: 0.6943 - Val Loss: 0.6703, Val Acc (0.5): 0.5429, Val AUC: 0.6957
  Train Best Threshold 0.50 → Balanced Acc: 0.6290, Acc: 0.6286, Sensitivity: 0.6277, Specificity: 0.6304, PPV: 0.7763, NPV: 0.4531, F1: 0.6941
  Val Best Threshold 0.55 → Balanced Acc: 0.6957, Acc: 0.6000, Sensitivity: 0.3913, Specificity: 1.0000, PPV: 1.0000, NPV: 0.4615, F1: 0.5625
  → New best validation AUC: 0.6957
Epoch 30/40 - Train Loss: 0.6647, Train Acc: 0.5929, Train AUC: 0.6677 - Val Loss: 0.6686, Val Acc (0.5): 0.5429, Val AUC: 0.6920
  Train Best Threshold 0.45 → Balanced Acc: 0.6101, Acc: 0.7000, Sensitivity: 0.8723, Specificity: 0.3478, PPV: 0.7321, NPV: 0.5714, F1: 0.7961
  Val Best Threshold 0.55 → Balanced Acc: 0.6975, Acc: 0.6286, Sensitivity: 0.4783, Specificity: 0.9167, PPV: 0.9167, NPV: 0.4783, F1: 0.6286
Epoch 31/40 - Train Loss: 0.6550, Train Acc: 0.6643, Train AUC: 0.7128 - Val Loss: 0.6645, Val Acc (0.5): 0.5714, Val AUC: 0.6884
  Train Best Threshold 0.50 → Balanced Acc: 0.6667, Acc: 0.6643, Sensitivity: 0.6596, Specificity: 0.6739, PPV: 0.8052, NPV: 0.4921, F1: 0.7251
  Val Best Threshold 0.55 → Balanced Acc: 0.7192, Acc: 0.6571, Sensitivity: 0.5217, Specificity: 0.9167, PPV: 0.9231, NPV: 0.5000, F1: 0.6667
Epoch 32/40 - Train Loss: 0.6655, Train Acc: 0.5857, Train AUC: 0.6582 - Val Loss: 0.6630, Val Acc (0.5): 0.6000, Val AUC: 0.6739
  Train Best Threshold 0.45 → Balanced Acc: 0.5883, Acc: 0.6857, Sensitivity: 0.8723, Specificity: 0.3043, PPV: 0.7193, NPV: 0.5385, F1: 0.7885
  Val Best Threshold 0.55 → Balanced Acc: 0.6558, Acc: 0.6000, Sensitivity: 0.4783, Specificity: 0.8333, PPV: 0.8462, NPV: 0.4545, F1: 0.6111
Epoch 33/40 - Train Loss: 0.6657, Train Acc: 0.5643, Train AUC: 0.6344 - Val Loss: 0.6596, Val Acc (0.5): 0.5714, Val AUC: 0.7029
  Train Best Threshold 0.45 → Balanced Acc: 0.5988, Acc: 0.7071, Sensitivity: 0.9149, Specificity: 0.2826, PPV: 0.7227, NPV: 0.6190, F1: 0.8075
  Val Best Threshold 0.55 → Balanced Acc: 0.6975, Acc: 0.6286, Sensitivity: 0.4783, Specificity: 0.9167, PPV: 0.9167, NPV: 0.4783, F1: 0.6286
  → New best validation AUC: 0.7029
Epoch 34/40 - Train Loss: 0.6500, Train Acc: 0.6643, Train AUC: 0.7132 - Val Loss: 0.6560, Val Acc (0.5): 0.6000, Val AUC: 0.6993
  Train Best Threshold 0.50 → Balanced Acc: 0.6667, Acc: 0.6643, Sensitivity: 0.6596, Specificity: 0.6739, PPV: 0.8052, NPV: 0.4921, F1: 0.7251
  Val Best Threshold 0.55 → Balanced Acc: 0.6775, Acc: 0.6286, Sensitivity: 0.5217, Specificity: 0.8333, PPV: 0.8571, NPV: 0.4762, F1: 0.6486
Epoch 35/40 - Train Loss: 0.6512, Train Acc: 0.6143, Train AUC: 0.7063 - Val Loss: 0.6576, Val Acc (0.5): 0.5714, Val AUC: 0.7029
  Train Best Threshold 0.55 → Balanced Acc: 0.6422, Acc: 0.5643, Sensitivity: 0.4149, Specificity: 0.8696, PPV: 0.8667, NPV: 0.4211, F1: 0.5612
  Val Best Threshold 0.55 → Balanced Acc: 0.6558, Acc: 0.6000, Sensitivity: 0.4783, Specificity: 0.8333, PPV: 0.8462, NPV: 0.4545, F1: 0.6111
Epoch 36/40 - Train Loss: 0.6528, Train Acc: 0.6357, Train AUC: 0.6998 - Val Loss: 0.6531, Val Acc (0.5): 0.6286, Val AUC: 0.6957
  Train Best Threshold 0.55 → Balanced Acc: 0.6531, Acc: 0.5714, Sensitivity: 0.4149, Specificity: 0.8913, PPV: 0.8864, NPV: 0.4271, F1: 0.5652
  Val Best Threshold 0.55 → Balanced Acc: 0.6993, Acc: 0.6571, Sensitivity: 0.5652, Specificity: 0.8333, PPV: 0.8667, NPV: 0.5000, F1: 0.6842
Epoch 37/40 - Train Loss: 0.6383, Train Acc: 0.7357, Train AUC: 0.7491 - Val Loss: 0.6518, Val Acc (0.5): 0.6286, Val AUC: 0.6993
  Train Best Threshold 0.50 → Balanced Acc: 0.7199, Acc: 0.7357, Sensitivity: 0.7660, Specificity: 0.6739, PPV: 0.8276, NPV: 0.5849, F1: 0.7956
  Val Best Threshold 0.55 → Balanced Acc: 0.6993, Acc: 0.6571, Sensitivity: 0.5652, Specificity: 0.8333, PPV: 0.8667, NPV: 0.5000, F1: 0.6842
Epoch 38/40 - Train Loss: 0.6510, Train Acc: 0.6571, Train AUC: 0.7111 - Val Loss: 0.6505, Val Acc (0.5): 0.6286, Val AUC: 0.7029
  Train Best Threshold 0.50 → Balanced Acc: 0.6614, Acc: 0.6571, Sensitivity: 0.6489, Specificity: 0.6739, PPV: 0.8026, NPV: 0.4844, F1: 0.7176
  Val Best Threshold 0.55 → Balanced Acc: 0.6993, Acc: 0.6571, Sensitivity: 0.5652, Specificity: 0.8333, PPV: 0.8667, NPV: 0.5000, F1: 0.6842
Epoch 39/40 - Train Loss: 0.6446, Train Acc: 0.6714, Train AUC: 0.7271 - Val Loss: 0.6512, Val Acc (0.5): 0.5714, Val AUC: 0.6993
  Train Best Threshold 0.55 → Balanced Acc: 0.6852, Acc: 0.6071, Sensitivity: 0.4574, Specificity: 0.9130, PPV: 0.9149, NPV: 0.4516, F1: 0.6099
  Val Best Threshold 0.55 → Balanced Acc: 0.6558, Acc: 0.6000, Sensitivity: 0.4783, Specificity: 0.8333, PPV: 0.8462, NPV: 0.4545, F1: 0.6111
Epoch 40/40 - Train Loss: 0.6335, Train Acc: 0.6786, Train AUC: 0.7470 - Val Loss: 0.6503, Val Acc (0.5): 0.6000, Val AUC: 0.6993
  Train Best Threshold 0.55 → Balanced Acc: 0.6957, Acc: 0.6286, Sensitivity: 0.5000, Specificity: 0.8913, PPV: 0.9038, NPV: 0.4659, F1: 0.6438
  Val Best Threshold 0.55 → Balanced Acc: 0.6558, Acc: 0.6000, Sensitivity: 0.4783, Specificity: 0.8333, PPV: 0.8462, NPV: 0.4545, F1: 0.6111
Loaded best model with validation AUC: 0.7029
Final Train Results (Best Model) at epoch 33 - Loss: 0.6489, Accuracy: 0.6429, AUC: 0.7345
Final Val Results (Best Model) at epoch 33 - Loss: 0.6596, Accuracy: 0.5714, AUC: 0.7029
Train Best Threshold: 0.50 | Balanced Acc: 0.6563 | Acc: 0.6429 | Precision: 0.8056 | Recall: 0.6170 | Sensitivity: 0.6170 | Specificity: 0.6957 | PPV: 0.8056 | NPV: 0.4706 | F1: 0.6988
Train Confusion Matrix at Best Threshold (rows=actual [0,1], cols=predicted [0,1]):
[[32 14]
 [36 58]]
Val Best Threshold: 0.55 | Balanced Acc: 0.6975 | Acc: 0.6286 | Precision: 0.9167 | Recall: 0.4783 | Sensitivity: 0.4783 | Specificity: 0.9167 | PPV: 0.9167 | NPV: 0.4783 | F1: 0.6286
Val Confusion Matrix at Best Threshold (rows=actual [0,1], cols=predicted [0,1]):
[[11  1]
 [12 11]]
======================================================================

Training Results - A1 (Mean Pooling)
======================================================================
Model: A1 (Mean Pooling)
Backbone: efficientnetv2_b0
Val AUC: 0.7029
======================================================================
