Starting single train/val split training for C1 (Mean Pooling)
Configuration:
  clinical_csv: data/annotations/175_clinical_5_variables.csv
  image_root: data/nakagami_full
  patient_id_column: NO
  label_column: CL_F2
  image_pattern: Nakagami_image_*.png
  n_folds: 5
  batch_size: 16
  learning_rate: 3e-05
  num_epochs: 60
  early_stopping_patience: 15
  early_stopping_min_delta: 0.001
  backbone: efficientnetv2_b2
  pretrained: True
  device: cuda
  num_workers: 4
  pooling: mean
  attention_hidden: 128
  clinical_dim: 256
  fusion_hidden: 128
  dropout: 0.5
  clinical_features: ['AST', 'ALT', 'PLT', 'APRI', 'FIB_4']
  seed: 42
  no_cv: True
  val_split: 0.2
  weight_decay: 0.0001
  label_smoothing: 0.1
  log_dir: runs/bmode_clinical
Loading clinical data...
Loaded 175 patients from clinical data
Building patient records...
Building patient records from 175 patients...
Image root: data/nakagami_full
Image pattern: Nakagami_image_*.png
Successfully created 175 patient records
Created 175 patient records
Train/Val Split:
  Train: 140 patients (80.0%)
  Val:   35 patients (20.0%)
====================Training single model====================
Train: 140 patients
Val: 35 patients
Fitting clinical preprocessor on training data...
Built clinical feature dictionaries: train=140, val=35
Clinical input dimension: 5
Backbone feature dimension: 1408
Created mean pooling model with backbone efficientnetv2_b2
Using device: cuda
Class weights: [1.0, 0.4893617033958435]
Weight decay (L2 reg): 0.0001
Label smoothing: 0.1

Epoch 1/60 - Train Loss: 0.6949, Train Acc: 0.5571, Train AUC: 0.6168 - Val Loss: 0.6909, Val Acc (0.5): 0.6857, Val AUC: 0.8297
  Train Best Threshold 0.50 → Balanced Acc: 0.5703, Acc: 0.5571, Sensitivity: 0.5319, Specificity: 0.6087, PPV: 0.7353, NPV: 0.3889, F1: 0.6173
  Val Best Threshold 0.50 → Balanced Acc: 0.5616, Acc: 0.6857, Sensitivity: 0.9565, Specificity: 0.1667, PPV: 0.6875, NPV: 0.6667, F1: 0.8000
  → New best validation AUC: 0.8297
Epoch 2/60 - Train Loss: 0.6874, Train Acc: 0.6214, Train AUC: 0.6871 - Val Loss: 0.6816, Val Acc (0.5): 0.7143, Val AUC: 0.8478
  Train Best Threshold 0.50 → Balanced Acc: 0.6404, Acc: 0.6214, Sensitivity: 0.5851, Specificity: 0.6957, PPV: 0.7971, NPV: 0.4507, F1: 0.6748
  Val Best Threshold 0.50 → Balanced Acc: 0.7029, Acc: 0.7143, Sensitivity: 0.7391, Specificity: 0.6667, PPV: 0.8095, NPV: 0.5714, F1: 0.7727
  → New best validation AUC: 0.8478
Epoch 3/60 - Train Loss: 0.6839, Train Acc: 0.6286, Train AUC: 0.6894 - Val Loss: 0.6750, Val Acc (0.5): 0.7429, Val AUC: 0.8768
  Train Best Threshold 0.50 → Balanced Acc: 0.6346, Acc: 0.6286, Sensitivity: 0.6170, Specificity: 0.6522, PPV: 0.7838, NPV: 0.4545, F1: 0.6905
  Val Best Threshold 0.50 → Balanced Acc: 0.7844, Acc: 0.7429, Sensitivity: 0.6522, Specificity: 0.9167, PPV: 0.9375, NPV: 0.5789, F1: 0.7692
  → New best validation AUC: 0.8768
Epoch 4/60 - Train Loss: 0.6759, Train Acc: 0.6429, Train AUC: 0.7234 - Val Loss: 0.6719, Val Acc (0.5): 0.7143, Val AUC: 0.8587
  Train Best Threshold 0.50 → Balanced Acc: 0.6452, Acc: 0.6429, Sensitivity: 0.6383, Specificity: 0.6522, PPV: 0.7895, NPV: 0.4688, F1: 0.7059
  Val Best Threshold 0.50 → Balanced Acc: 0.7627, Acc: 0.7143, Sensitivity: 0.6087, Specificity: 0.9167, PPV: 0.9333, NPV: 0.5500, F1: 0.7368
Epoch 5/60 - Train Loss: 0.6768, Train Acc: 0.6286, Train AUC: 0.6783 - Val Loss: 0.6698, Val Acc (0.5): 0.7429, Val AUC: 0.8768
  Train Best Threshold 0.50 → Balanced Acc: 0.6401, Acc: 0.6286, Sensitivity: 0.6064, Specificity: 0.6739, PPV: 0.7917, NPV: 0.4559, F1: 0.6867
  Val Best Threshold 0.50 → Balanced Acc: 0.7844, Acc: 0.7429, Sensitivity: 0.6522, Specificity: 0.9167, PPV: 0.9375, NPV: 0.5789, F1: 0.7692
Epoch 6/60 - Train Loss: 0.6637, Train Acc: 0.6643, Train AUC: 0.7488 - Val Loss: 0.6633, Val Acc (0.5): 0.7429, Val AUC: 0.8623
  Train Best Threshold 0.50 → Balanced Acc: 0.6889, Acc: 0.6643, Sensitivity: 0.6170, Specificity: 0.7609, PPV: 0.8406, NPV: 0.4930, F1: 0.7117
  Val Best Threshold 0.50 → Balanced Acc: 0.7844, Acc: 0.7429, Sensitivity: 0.6522, Specificity: 0.9167, PPV: 0.9375, NPV: 0.5789, F1: 0.7692
Epoch 7/60 - Train Loss: 0.6683, Train Acc: 0.6643, Train AUC: 0.7324 - Val Loss: 0.6569, Val Acc (0.5): 0.7429, Val AUC: 0.8732
  Train Best Threshold 0.50 → Balanced Acc: 0.6612, Acc: 0.6643, Sensitivity: 0.6702, Specificity: 0.6522, PPV: 0.7975, NPV: 0.4918, F1: 0.7283
  Val Best Threshold 0.50 → Balanced Acc: 0.7844, Acc: 0.7429, Sensitivity: 0.6522, Specificity: 0.9167, PPV: 0.9375, NPV: 0.5789, F1: 0.7692
Epoch 8/60 - Train Loss: 0.6484, Train Acc: 0.7214, Train AUC: 0.7877 - Val Loss: 0.6515, Val Acc (0.5): 0.7429, Val AUC: 0.8768
  Train Best Threshold 0.50 → Balanced Acc: 0.7481, Acc: 0.7214, Sensitivity: 0.6702, Specificity: 0.8261, PPV: 0.8873, NPV: 0.5507, F1: 0.7636
  Val Best Threshold 0.50 → Balanced Acc: 0.7844, Acc: 0.7429, Sensitivity: 0.6522, Specificity: 0.9167, PPV: 0.9375, NPV: 0.5789, F1: 0.7692
Epoch 9/60 - Train Loss: 0.6449, Train Acc: 0.7286, Train AUC: 0.7953 - Val Loss: 0.6422, Val Acc (0.5): 0.7429, Val AUC: 0.8768
  Train Best Threshold 0.50 → Balanced Acc: 0.7479, Acc: 0.7286, Sensitivity: 0.6915, Specificity: 0.8043, PPV: 0.8784, NPV: 0.5606, F1: 0.7738
  Val Best Threshold 0.50 → Balanced Acc: 0.7844, Acc: 0.7429, Sensitivity: 0.6522, Specificity: 0.9167, PPV: 0.9375, NPV: 0.5789, F1: 0.7692
Epoch 10/60 - Train Loss: 0.6555, Train Acc: 0.6786, Train AUC: 0.7530 - Val Loss: 0.6347, Val Acc (0.5): 0.7429, Val AUC: 0.8623
  Train Best Threshold 0.55 → Balanced Acc: 0.7118, Acc: 0.6429, Sensitivity: 0.5106, Specificity: 0.9130, PPV: 0.9231, NPV: 0.4773, F1: 0.6575
  Val Best Threshold 0.50 → Balanced Acc: 0.7844, Acc: 0.7429, Sensitivity: 0.6522, Specificity: 0.9167, PPV: 0.9375, NPV: 0.5789, F1: 0.7692
Epoch 11/60 - Train Loss: 0.6320, Train Acc: 0.7143, Train AUC: 0.8187 - Val Loss: 0.6314, Val Acc (0.5): 0.7429, Val AUC: 0.8732
  Train Best Threshold 0.50 → Balanced Acc: 0.7373, Acc: 0.7143, Sensitivity: 0.6702, Specificity: 0.8043, PPV: 0.8750, NPV: 0.5441, F1: 0.7590
  Val Best Threshold 0.50 → Balanced Acc: 0.7844, Acc: 0.7429, Sensitivity: 0.6522, Specificity: 0.9167, PPV: 0.9375, NPV: 0.5789, F1: 0.7692
Epoch 12/60 - Train Loss: 0.6385, Train Acc: 0.6786, Train AUC: 0.7567 - Val Loss: 0.6262, Val Acc (0.5): 0.7429, Val AUC: 0.8768
  Train Best Threshold 0.55 → Balanced Acc: 0.7118, Acc: 0.6429, Sensitivity: 0.5106, Specificity: 0.9130, PPV: 0.9231, NPV: 0.4773, F1: 0.6575
  Val Best Threshold 0.50 → Balanced Acc: 0.7844, Acc: 0.7429, Sensitivity: 0.6522, Specificity: 0.9167, PPV: 0.9375, NPV: 0.5789, F1: 0.7692
Epoch 13/60 - Train Loss: 0.6370, Train Acc: 0.6714, Train AUC: 0.7741 - Val Loss: 0.6241, Val Acc (0.5): 0.7429, Val AUC: 0.8804
  Train Best Threshold 0.55 → Balanced Acc: 0.7007, Acc: 0.6429, Sensitivity: 0.5319, Specificity: 0.8696, PPV: 0.8929, NPV: 0.4762, F1: 0.6667
  Val Best Threshold 0.50 → Balanced Acc: 0.7844, Acc: 0.7429, Sensitivity: 0.6522, Specificity: 0.9167, PPV: 0.9375, NPV: 0.5789, F1: 0.7692
  → New best validation AUC: 0.8804
Epoch 14/60 - Train Loss: 0.6444, Train Acc: 0.6929, Train AUC: 0.7556 - Val Loss: 0.6198, Val Acc (0.5): 0.7429, Val AUC: 0.8768
  Train Best Threshold 0.50 → Balanced Acc: 0.7269, Acc: 0.6929, Sensitivity: 0.6277, Specificity: 0.8261, PPV: 0.8806, NPV: 0.5205, F1: 0.7329
  Val Best Threshold 0.50 → Balanced Acc: 0.7844, Acc: 0.7429, Sensitivity: 0.6522, Specificity: 0.9167, PPV: 0.9375, NPV: 0.5789, F1: 0.7692
Epoch 15/60 - Train Loss: 0.6249, Train Acc: 0.7071, Train AUC: 0.7923 - Val Loss: 0.6162, Val Acc (0.5): 0.7429, Val AUC: 0.8913
  Train Best Threshold 0.50 → Balanced Acc: 0.7320, Acc: 0.7071, Sensitivity: 0.6596, Specificity: 0.8043, PPV: 0.8732, NPV: 0.5362, F1: 0.7515
  Val Best Threshold 0.50 → Balanced Acc: 0.7844, Acc: 0.7429, Sensitivity: 0.6522, Specificity: 0.9167, PPV: 0.9375, NPV: 0.5789, F1: 0.7692
  → New best validation AUC: 0.8913
Epoch 16/60 - Train Loss: 0.6274, Train Acc: 0.6714, Train AUC: 0.7794 - Val Loss: 0.6077, Val Acc (0.5): 0.7429, Val AUC: 0.8877
  Train Best Threshold 0.45 → Balanced Acc: 0.7308, Acc: 0.7429, Sensitivity: 0.7660, Specificity: 0.6957, PPV: 0.8372, NPV: 0.5926, F1: 0.8000
  Val Best Threshold 0.50 → Balanced Acc: 0.7844, Acc: 0.7429, Sensitivity: 0.6522, Specificity: 0.9167, PPV: 0.9375, NPV: 0.5789, F1: 0.7692
Epoch 17/60 - Train Loss: 0.6236, Train Acc: 0.6857, Train AUC: 0.8011 - Val Loss: 0.6032, Val Acc (0.5): 0.7714, Val AUC: 0.8913
  Train Best Threshold 0.45 → Balanced Acc: 0.7310, Acc: 0.7357, Sensitivity: 0.7447, Specificity: 0.7174, PPV: 0.8434, NPV: 0.5789, F1: 0.7910
  Val Best Threshold 0.50 → Balanced Acc: 0.8062, Acc: 0.7714, Sensitivity: 0.6957, Specificity: 0.9167, PPV: 0.9412, NPV: 0.6111, F1: 0.8000
Epoch 18/60 - Train Loss: 0.6100, Train Acc: 0.7071, Train AUC: 0.8134 - Val Loss: 0.5994, Val Acc (0.5): 0.7714, Val AUC: 0.8986
  Train Best Threshold 0.50 → Balanced Acc: 0.7320, Acc: 0.7071, Sensitivity: 0.6596, Specificity: 0.8043, PPV: 0.8732, NPV: 0.5362, F1: 0.7515
  Val Best Threshold 0.50 → Balanced Acc: 0.8062, Acc: 0.7714, Sensitivity: 0.6957, Specificity: 0.9167, PPV: 0.9412, NPV: 0.6111, F1: 0.8000
  → New best validation AUC: 0.8986
Epoch 19/60 - Train Loss: 0.6238, Train Acc: 0.6643, Train AUC: 0.7694 - Val Loss: 0.5978, Val Acc (0.5): 0.7714, Val AUC: 0.8949
  Train Best Threshold 0.45 → Balanced Acc: 0.7151, Acc: 0.7143, Sensitivity: 0.7128, Specificity: 0.7174, PPV: 0.8375, NPV: 0.5500, F1: 0.7701
  Val Best Threshold 0.40 → Balanced Acc: 0.8098, Acc: 0.8286, Sensitivity: 0.8696, Specificity: 0.7500, PPV: 0.8696, NPV: 0.7500, F1: 0.8696
Epoch 20/60 - Train Loss: 0.6070, Train Acc: 0.7071, Train AUC: 0.8004 - Val Loss: 0.5898, Val Acc (0.5): 0.7714, Val AUC: 0.8986
  Train Best Threshold 0.45 → Balanced Acc: 0.7475, Acc: 0.7429, Sensitivity: 0.7340, Specificity: 0.7609, PPV: 0.8625, NPV: 0.5833, F1: 0.7931
  Val Best Threshold 0.40 → Balanced Acc: 0.8098, Acc: 0.8286, Sensitivity: 0.8696, Specificity: 0.7500, PPV: 0.8696, NPV: 0.7500, F1: 0.8696
Epoch 21/60 - Train Loss: 0.6076, Train Acc: 0.7143, Train AUC: 0.8083 - Val Loss: 0.5821, Val Acc (0.5): 0.7714, Val AUC: 0.8986
  Train Best Threshold 0.45 → Balanced Acc: 0.7636, Acc: 0.7571, Sensitivity: 0.7447, Specificity: 0.7826, PPV: 0.8750, NPV: 0.6000, F1: 0.8046
  Val Best Threshold 0.40 → Balanced Acc: 0.8098, Acc: 0.8286, Sensitivity: 0.8696, Specificity: 0.7500, PPV: 0.8696, NPV: 0.7500, F1: 0.8696
Epoch 22/60 - Train Loss: 0.5992, Train Acc: 0.7286, Train AUC: 0.8208 - Val Loss: 0.5757, Val Acc (0.5): 0.7714, Val AUC: 0.8949
  Train Best Threshold 0.45 → Balanced Acc: 0.7687, Acc: 0.7714, Sensitivity: 0.7766, Specificity: 0.7609, PPV: 0.8690, NPV: 0.6250, F1: 0.8202
  Val Best Threshold 0.40 → Balanced Acc: 0.8098, Acc: 0.8286, Sensitivity: 0.8696, Specificity: 0.7500, PPV: 0.8696, NPV: 0.7500, F1: 0.8696
Epoch 23/60 - Train Loss: 0.6042, Train Acc: 0.7286, Train AUC: 0.7840 - Val Loss: 0.5787, Val Acc (0.5): 0.7714, Val AUC: 0.8913
  Train Best Threshold 0.50 → Balanced Acc: 0.7424, Acc: 0.7286, Sensitivity: 0.7021, Specificity: 0.7826, PPV: 0.8684, NPV: 0.5625, F1: 0.7765
  Val Best Threshold 0.40 → Balanced Acc: 0.8098, Acc: 0.8286, Sensitivity: 0.8696, Specificity: 0.7500, PPV: 0.8696, NPV: 0.7500, F1: 0.8696
Epoch 24/60 - Train Loss: 0.5963, Train Acc: 0.7214, Train AUC: 0.8115 - Val Loss: 0.5717, Val Acc (0.5): 0.7714, Val AUC: 0.8913
  Train Best Threshold 0.50 → Balanced Acc: 0.7481, Acc: 0.7214, Sensitivity: 0.6702, Specificity: 0.8261, PPV: 0.8873, NPV: 0.5507, F1: 0.7636
  Val Best Threshold 0.40 → Balanced Acc: 0.8098, Acc: 0.8286, Sensitivity: 0.8696, Specificity: 0.7500, PPV: 0.8696, NPV: 0.7500, F1: 0.8696
Epoch 25/60 - Train Loss: 0.5869, Train Acc: 0.7071, Train AUC: 0.8185 - Val Loss: 0.5624, Val Acc (0.5): 0.7429, Val AUC: 0.8949
  Train Best Threshold 0.45 → Balanced Acc: 0.7361, Acc: 0.7500, Sensitivity: 0.7766, Specificity: 0.6957, PPV: 0.8391, NPV: 0.6038, F1: 0.8066
  Val Best Threshold 0.40 → Balanced Acc: 0.8098, Acc: 0.8286, Sensitivity: 0.8696, Specificity: 0.7500, PPV: 0.8696, NPV: 0.7500, F1: 0.8696
Epoch 26/60 - Train Loss: 0.5877, Train Acc: 0.7143, Train AUC: 0.8238 - Val Loss: 0.5557, Val Acc (0.5): 0.7429, Val AUC: 0.8913
  Train Best Threshold 0.45 → Balanced Acc: 0.7523, Acc: 0.7643, Sensitivity: 0.7872, Specificity: 0.7174, PPV: 0.8506, NPV: 0.6226, F1: 0.8177
  Val Best Threshold 0.40 → Balanced Acc: 0.8098, Acc: 0.8286, Sensitivity: 0.8696, Specificity: 0.7500, PPV: 0.8696, NPV: 0.7500, F1: 0.8696
Epoch 27/60 - Train Loss: 0.5963, Train Acc: 0.7071, Train AUC: 0.7988 - Val Loss: 0.5422, Val Acc (0.5): 0.8000, Val AUC: 0.8913
  Train Best Threshold 0.45 → Balanced Acc: 0.7472, Acc: 0.7500, Sensitivity: 0.7553, Specificity: 0.7391, PPV: 0.8554, NPV: 0.5965, F1: 0.8023
  Val Best Threshold 0.45 → Balanced Acc: 0.8098, Acc: 0.8286, Sensitivity: 0.8696, Specificity: 0.7500, PPV: 0.8696, NPV: 0.7500, F1: 0.8696
Epoch 28/60 - Train Loss: 0.5697, Train Acc: 0.7286, Train AUC: 0.8425 - Val Loss: 0.5444, Val Acc (0.5): 0.8000, Val AUC: 0.8913
  Train Best Threshold 0.45 → Balanced Acc: 0.7634, Acc: 0.7643, Sensitivity: 0.7660, Specificity: 0.7609, PPV: 0.8675, NPV: 0.6140, F1: 0.8136
  Val Best Threshold 0.50 → Balanced Acc: 0.8080, Acc: 0.8000, Sensitivity: 0.7826, Specificity: 0.8333, PPV: 0.9000, NPV: 0.6667, F1: 0.8372
Epoch 29/60 - Train Loss: 0.5809, Train Acc: 0.7000, Train AUC: 0.8323 - Val Loss: 0.5442, Val Acc (0.5): 0.8000, Val AUC: 0.8949
  Train Best Threshold 0.45 → Balanced Acc: 0.7687, Acc: 0.7714, Sensitivity: 0.7766, Specificity: 0.7609, PPV: 0.8690, NPV: 0.6250, F1: 0.8202
  Val Best Threshold 0.40 → Balanced Acc: 0.8098, Acc: 0.8286, Sensitivity: 0.8696, Specificity: 0.7500, PPV: 0.8696, NPV: 0.7500, F1: 0.8696
Epoch 30/60 - Train Loss: 0.5657, Train Acc: 0.7286, Train AUC: 0.8414 - Val Loss: 0.5358, Val Acc (0.5): 0.7714, Val AUC: 0.8949
  Train Best Threshold 0.40 → Balanced Acc: 0.7734, Acc: 0.8000, Sensitivity: 0.8511, Specificity: 0.6957, PPV: 0.8511, NPV: 0.6957, F1: 0.8511
  Val Best Threshold 0.45 → Balanced Acc: 0.8098, Acc: 0.8286, Sensitivity: 0.8696, Specificity: 0.7500, PPV: 0.8696, NPV: 0.7500, F1: 0.8696
Epoch 31/60 - Train Loss: 0.5666, Train Acc: 0.7571, Train AUC: 0.8490 - Val Loss: 0.5297, Val Acc (0.5): 0.7714, Val AUC: 0.8986
  Train Best Threshold 0.50 → Balanced Acc: 0.7803, Acc: 0.7571, Sensitivity: 0.7128, Specificity: 0.8478, PPV: 0.9054, NPV: 0.5909, F1: 0.7976
  Val Best Threshold 0.45 → Balanced Acc: 0.8098, Acc: 0.8286, Sensitivity: 0.8696, Specificity: 0.7500, PPV: 0.8696, NPV: 0.7500, F1: 0.8696
Epoch 32/60 - Train Loss: 0.5704, Train Acc: 0.7643, Train AUC: 0.8379 - Val Loss: 0.5307, Val Acc (0.5): 0.7714, Val AUC: 0.8949
  Train Best Threshold 0.50 → Balanced Acc: 0.7801, Acc: 0.7643, Sensitivity: 0.7340, Specificity: 0.8261, PPV: 0.8961, NPV: 0.6032, F1: 0.8070
  Val Best Threshold 0.45 → Balanced Acc: 0.8098, Acc: 0.8286, Sensitivity: 0.8696, Specificity: 0.7500, PPV: 0.8696, NPV: 0.7500, F1: 0.8696
Epoch 33/60 - Train Loss: 0.5450, Train Acc: 0.7786, Train AUC: 0.8631 - Val Loss: 0.5272, Val Acc (0.5): 0.7714, Val AUC: 0.9022
  Train Best Threshold 0.45 → Balanced Acc: 0.8390, Acc: 0.8286, Sensitivity: 0.8085, Specificity: 0.8696, PPV: 0.9268, NPV: 0.6897, F1: 0.8636
  Val Best Threshold 0.40 → Balanced Acc: 0.8315, Acc: 0.8571, Sensitivity: 0.9130, Specificity: 0.7500, PPV: 0.8750, NPV: 0.8182, F1: 0.8936
  → New best validation AUC: 0.9022
Epoch 34/60 - Train Loss: 0.5636, Train Acc: 0.7429, Train AUC: 0.8344 - Val Loss: 0.5228, Val Acc (0.5): 0.8000, Val AUC: 0.8913
  Train Best Threshold 0.55 → Balanced Acc: 0.7861, Acc: 0.7500, Sensitivity: 0.6809, Specificity: 0.8913, PPV: 0.9275, NPV: 0.5775, F1: 0.7853
  Val Best Threshold 0.40 → Balanced Acc: 0.8315, Acc: 0.8571, Sensitivity: 0.9130, Specificity: 0.7500, PPV: 0.8750, NPV: 0.8182, F1: 0.8936
Epoch 35/60 - Train Loss: 0.5393, Train Acc: 0.7929, Train AUC: 0.8784 - Val Loss: 0.5284, Val Acc (0.5): 0.7714, Val AUC: 0.8804
  Train Best Threshold 0.50 → Balanced Acc: 0.8069, Acc: 0.7929, Sensitivity: 0.7660, Specificity: 0.8478, PPV: 0.9114, NPV: 0.6393, F1: 0.8324
  Val Best Threshold 0.35 → Balanced Acc: 0.8116, Acc: 0.8571, Sensitivity: 0.9565, Specificity: 0.6667, PPV: 0.8462, NPV: 0.8889, F1: 0.8980
Epoch 36/60 - Train Loss: 0.5598, Train Acc: 0.7286, Train AUC: 0.8522 - Val Loss: 0.5221, Val Acc (0.5): 0.8000, Val AUC: 0.8804
  Train Best Threshold 0.40 → Balanced Acc: 0.7845, Acc: 0.8000, Sensitivity: 0.8298, Specificity: 0.7391, PPV: 0.8667, NPV: 0.6800, F1: 0.8478
  Val Best Threshold 0.40 → Balanced Acc: 0.8315, Acc: 0.8571, Sensitivity: 0.9130, Specificity: 0.7500, PPV: 0.8750, NPV: 0.8182, F1: 0.8936
Epoch 37/60 - Train Loss: 0.5503, Train Acc: 0.8000, Train AUC: 0.8541 - Val Loss: 0.5190, Val Acc (0.5): 0.8286, Val AUC: 0.8877
  Train Best Threshold 0.50 → Balanced Acc: 0.8178, Acc: 0.8000, Sensitivity: 0.7660, Specificity: 0.8696, PPV: 0.9231, NPV: 0.6452, F1: 0.8372
  Val Best Threshold 0.40 → Balanced Acc: 0.8116, Acc: 0.8571, Sensitivity: 0.9565, Specificity: 0.6667, PPV: 0.8462, NPV: 0.8889, F1: 0.8980
Epoch 38/60 - Train Loss: 0.5530, Train Acc: 0.7714, Train AUC: 0.8490 - Val Loss: 0.5182, Val Acc (0.5): 0.8000, Val AUC: 0.8841
  Train Best Threshold 0.50 → Balanced Acc: 0.7854, Acc: 0.7714, Sensitivity: 0.7447, Specificity: 0.8261, PPV: 0.8974, NPV: 0.6129, F1: 0.8140
  Val Best Threshold 0.40 → Balanced Acc: 0.8315, Acc: 0.8571, Sensitivity: 0.9130, Specificity: 0.7500, PPV: 0.8750, NPV: 0.8182, F1: 0.8936
Epoch 39/60 - Train Loss: 0.5232, Train Acc: 0.8214, Train AUC: 0.8864 - Val Loss: 0.5208, Val Acc (0.5): 0.7714, Val AUC: 0.8804
  Train Best Threshold 0.50 → Balanced Acc: 0.8393, Acc: 0.8214, Sensitivity: 0.7872, Specificity: 0.8913, PPV: 0.9367, NPV: 0.6721, F1: 0.8555
  Val Best Threshold 0.40 → Balanced Acc: 0.8315, Acc: 0.8571, Sensitivity: 0.9130, Specificity: 0.7500, PPV: 0.8750, NPV: 0.8182, F1: 0.8936
Epoch 40/60 - Train Loss: 0.5204, Train Acc: 0.7786, Train AUC: 0.8881 - Val Loss: 0.5291, Val Acc (0.5): 0.7714, Val AUC: 0.8768
  Train Best Threshold 0.40 → Balanced Acc: 0.8277, Acc: 0.8357, Sensitivity: 0.8511, Specificity: 0.8043, PPV: 0.8989, NPV: 0.7255, F1: 0.8743
  Val Best Threshold 0.35 → Balanced Acc: 0.8533, Acc: 0.8857, Sensitivity: 0.9565, Specificity: 0.7500, PPV: 0.8800, NPV: 0.9000, F1: 0.9167
Epoch 41/60 - Train Loss: 0.5457, Train Acc: 0.7786, Train AUC: 0.8559 - Val Loss: 0.5456, Val Acc (0.5): 0.7714, Val AUC: 0.8732
  Train Best Threshold 0.45 → Balanced Acc: 0.7953, Acc: 0.8071, Sensitivity: 0.8298, Specificity: 0.7609, PPV: 0.8764, NPV: 0.6863, F1: 0.8525
  Val Best Threshold 0.30 → Balanced Acc: 0.8533, Acc: 0.8857, Sensitivity: 0.9565, Specificity: 0.7500, PPV: 0.8800, NPV: 0.9000, F1: 0.9167
Epoch 42/60 - Train Loss: 0.5205, Train Acc: 0.7786, Train AUC: 0.8837 - Val Loss: 0.5568, Val Acc (0.5): 0.7429, Val AUC: 0.8696
  Train Best Threshold 0.40 → Balanced Acc: 0.8164, Acc: 0.8429, Sensitivity: 0.8936, Specificity: 0.7391, PPV: 0.8750, NPV: 0.7727, F1: 0.8842
  Val Best Threshold 0.30 → Balanced Acc: 0.8533, Acc: 0.8857, Sensitivity: 0.9565, Specificity: 0.7500, PPV: 0.8800, NPV: 0.9000, F1: 0.9167
Epoch 43/60 - Train Loss: 0.4936, Train Acc: 0.8286, Train AUC: 0.8978 - Val Loss: 0.5371, Val Acc (0.5): 0.8000, Val AUC: 0.8696
  Train Best Threshold 0.50 → Balanced Acc: 0.8557, Acc: 0.8286, Sensitivity: 0.7766, Specificity: 0.9348, PPV: 0.9605, NPV: 0.6719, F1: 0.8588
  Val Best Threshold 0.35 → Balanced Acc: 0.8315, Acc: 0.8571, Sensitivity: 0.9130, Specificity: 0.7500, PPV: 0.8750, NPV: 0.8182, F1: 0.8936
Epoch 44/60 - Train Loss: 0.4966, Train Acc: 0.8429, Train AUC: 0.9022 - Val Loss: 0.5126, Val Acc (0.5): 0.8286, Val AUC: 0.8696
  Train Best Threshold 0.50 → Balanced Acc: 0.8497, Acc: 0.8429, Sensitivity: 0.8298, Specificity: 0.8696, PPV: 0.9286, NPV: 0.7143, F1: 0.8764
  Val Best Threshold 0.40 → Balanced Acc: 0.8533, Acc: 0.8857, Sensitivity: 0.9565, Specificity: 0.7500, PPV: 0.8800, NPV: 0.9000, F1: 0.9167
Epoch 45/60 - Train Loss: 0.4882, Train Acc: 0.8357, Train AUC: 0.9135 - Val Loss: 0.5145, Val Acc (0.5): 0.8000, Val AUC: 0.8696
  Train Best Threshold 0.50 → Balanced Acc: 0.8555, Acc: 0.8357, Sensitivity: 0.7979, Specificity: 0.9130, PPV: 0.9494, NPV: 0.6885, F1: 0.8671
  Val Best Threshold 0.40 → Balanced Acc: 0.8533, Acc: 0.8857, Sensitivity: 0.9565, Specificity: 0.7500, PPV: 0.8800, NPV: 0.9000, F1: 0.9167
Epoch 46/60 - Train Loss: 0.4953, Train Acc: 0.8214, Train AUC: 0.9151 - Val Loss: 0.5704, Val Acc (0.5): 0.7143, Val AUC: 0.8551
  Train Best Threshold 0.45 → Balanced Acc: 0.8550, Acc: 0.8500, Sensitivity: 0.8404, Specificity: 0.8696, PPV: 0.9294, NPV: 0.7273, F1: 0.8827
  Val Best Threshold 0.30 → Balanced Acc: 0.8315, Acc: 0.8571, Sensitivity: 0.9130, Specificity: 0.7500, PPV: 0.8750, NPV: 0.8182, F1: 0.8936
Epoch 47/60 - Train Loss: 0.4972, Train Acc: 0.8071, Train AUC: 0.8911 - Val Loss: 0.6204, Val Acc (0.5): 0.6286, Val AUC: 0.8659
  Train Best Threshold 0.45 → Balanced Acc: 0.8113, Acc: 0.8286, Sensitivity: 0.8617, Specificity: 0.7609, PPV: 0.8804, NPV: 0.7292, F1: 0.8710
  Val Best Threshold 0.25 → Balanced Acc: 0.8315, Acc: 0.8571, Sensitivity: 0.9130, Specificity: 0.7500, PPV: 0.8750, NPV: 0.8182, F1: 0.8936
Epoch 48/60 - Train Loss: 0.5000, Train Acc: 0.8214, Train AUC: 0.8969 - Val Loss: 0.5734, Val Acc (0.5): 0.6857, Val AUC: 0.8696
  Train Best Threshold 0.55 → Balanced Acc: 0.8340, Acc: 0.8143, Sensitivity: 0.7766, Specificity: 0.8913, PPV: 0.9359, NPV: 0.6613, F1: 0.8488
  Val Best Threshold 0.30 → Balanced Acc: 0.8315, Acc: 0.8571, Sensitivity: 0.9130, Specificity: 0.7500, PPV: 0.8750, NPV: 0.8182, F1: 0.8936
Early stopping at epoch 48
Loaded best model with validation AUC: 0.9022
Final Train Results (Best Model) at epoch 33 - Loss: 0.5430, Accuracy: 0.7643, AUC: 0.8728
Final Val Results (Best Model) at epoch 33 - Loss: 0.5272, Accuracy: 0.7714, AUC: 0.9022
Train Best Threshold: 0.50 | Balanced Acc: 0.7912 | Acc: 0.7643 | Sensitivity: 0.7128 | Specificity: 0.8696 | PPV: 0.9178 | NPV: 0.5970 | F1: 0.8024
Train Confusion Matrix at Best Threshold (rows=actual [0,1], cols=predicted [0,1]):
[[40  6]
 [27 67]]
Val Best Threshold: 0.40 | Balanced Acc: 0.8315 | Acc: 0.8571 | Sensitivity: 0.9130 | Specificity: 0.7500 | PPV: 0.8750 | NPV: 0.8182 | F1: 0.8936
Val Confusion Matrix at Best Threshold (rows=actual [0,1], cols=predicted [0,1]):
[[ 9  3]
 [ 2 21]]
======================================================================

Training Results - C1 (Mean Pooling)
======================================================================
Model: C1 (Mean Pooling)
Backbone: efficientnetv2_b2
Pooling: mean
Val AUC: 0.9022
======================================================================
