Starting 5-fold cross-validation training for C1 (Mean Pooling)
Configuration:
  clinical_csv: data/annotations/175_clinical_5_variables.csv
  image_root: data/nakagami_full
  patient_id_column: NO
  label_column: CL_F2
  image_pattern: Nakagami_image_*.png
  n_folds: 5
  batch_size: 16
  learning_rate: 1e-05
  num_epochs: 50
  early_stopping_patience: 15
  early_stopping_min_delta: 0.001
  backbone: resnet18
  pretrained: True
  device: cuda
  num_workers: 4
  pooling: mean
  attention_hidden: 128
  clinical_dim: 128
  fusion_hidden: 128
  dropout: 0.5
  clinical_features: ['AST', 'ALT', 'PLT', 'APRI', 'FIB_4']
  seed: 42
  no_cv: False
  val_split: 0.2
  weight_decay: 0.0001
  label_smoothing: 0.1
  log_dir: runs/bmode_clinical
Loading clinical data...
Loaded 175 patients from clinical data
Building patient records...
Building patient records from 175 patients...
Image root: data/nakagami_full
Image pattern: Nakagami_image_*.png
Successfully created 175 patient records
Created 175 patient records

Fold 1 Training Cases (140): ['1', '100', '101', '102', '105', '106', '107', '108', '11', '111', '112', '113', '115', '118', '119', '122', '126', '132', '137', '142', '145', '146', '152', '153', '157', '158', '162', '164', '165', '166', '169', '173', '175', '177', '178', '18', '180', '181', '185', '186', '191', '197', '203', '204', '205', '206', '207', '210', '211', '215', '217', '218', '219', '220', '221', '223', '224', '226', '231', '232', '24', '241', '244', '245', '25', '250', '251', '255', '257', '259', '260', '262', '263', '268', '269', '27', '272', '273', '275', '278', '280', '281', '283', '284', '287', '289', '29', '298', '299', '301', '304', '306', '308', '31', '311', '312', '313', '319', '32', '320', '324', '329', '332', '38', '43', '45', '46', '48', '49', '5', '50', '51', '52', '57', '58', '6', '60', '62', '63', '64', '67', '68', '69', '7', '73', '77', '78', '81', '83', '85', '86', '88', '9', '90', '91', '92', '95', '96', '97', '98']
Fold 1 Validation Cases (35): ['104', '110', '114', '123', '129', '135', '144', '154', '163', '192', '253', '254', '258', '26', '264', '274', '276', '292', '300', '303', '307', '310', '331', '37', '4', '40', '53', '55', '65', '8', '80', '87', '89', '93', '99']
Fold 1 class distribution:
  Train: Class 0=47 (33.6%), Class 1=93 (66.4%)
  Val:   Class 0=11 (31.4%), Class 1=24 (68.6%)

======================================================================
Fold 1/5
======================================================================
Train: 140 patients
Val: 35 patients
Fitting clinical preprocessor on training data...
Built clinical feature dictionaries: train=140, val=35
Clinical input dimension: 5
Backbone feature dimension: 512
Created mean pooling model with backbone resnet18
Using device: cuda
Class weights: [1.0, 0.5053763389587402]
Weight decay (L2 reg): 0.0001
Label smoothing: 0.1

Epoch 1/50 - Train Loss: 0.7296, Train Acc: 0.4071, Train AUC: 0.3921 - Val Loss: 0.6821, Val Acc (0.5): 0.3143, Val AUC: 0.6970
  Train Best Threshold 0.05 → Balanced Acc: 0.5000, Acc: 0.6643, Sensitivity: 1.0000, Specificity: 0.0000, PPV: 0.6643, NPV: 0.0000, F1: 0.7983
  Val Best Threshold 0.45 → Balanced Acc: 0.6345, Acc: 0.6000, Sensitivity: 0.5417, Specificity: 0.7273, PPV: 0.8125, NPV: 0.4211, F1: 0.6500
  → New best validation AUC: 0.6970
Epoch 2/50 - Train Loss: 0.7084, Train Acc: 0.4357, Train AUC: 0.4727 - Val Loss: 0.6805, Val Acc (0.5): 0.3429, Val AUC: 0.7462
  Train Best Threshold 0.40 → Balanced Acc: 0.5476, Acc: 0.6786, Sensitivity: 0.9462, Specificity: 0.1489, PPV: 0.6875, NPV: 0.5833, F1: 0.7964
  Val Best Threshold 0.45 → Balanced Acc: 0.5492, Acc: 0.6857, Sensitivity: 0.9167, Specificity: 0.1818, PPV: 0.7097, NPV: 0.5000, F1: 0.8000
  → New best validation AUC: 0.7462
Epoch 3/50 - Train Loss: 0.7186, Train Acc: 0.4000, Train AUC: 0.4267 - Val Loss: 0.6788, Val Acc (0.5): 0.4000, Val AUC: 0.7841
  Train Best Threshold 0.60 → Balanced Acc: 0.5161, Acc: 0.3571, Sensitivity: 0.0323, Specificity: 1.0000, PPV: 1.0000, NPV: 0.3431, F1: 0.0625
  Val Best Threshold 0.45 → Balanced Acc: 0.5701, Acc: 0.7143, Sensitivity: 0.9583, Specificity: 0.1818, PPV: 0.7188, NPV: 0.6667, F1: 0.8214
  → New best validation AUC: 0.7841
Epoch 4/50 - Train Loss: 0.7057, Train Acc: 0.4929, Train AUC: 0.5372 - Val Loss: 0.6784, Val Acc (0.5): 0.5714, Val AUC: 0.8144
  Train Best Threshold 0.55 → Balanced Acc: 0.5382, Acc: 0.4214, Sensitivity: 0.1828, Specificity: 0.8936, PPV: 0.7727, NPV: 0.3559, F1: 0.2957
  Val Best Threshold 0.50 → Balanced Acc: 0.6629, Acc: 0.5714, Sensitivity: 0.4167, Specificity: 0.9091, PPV: 0.9091, NPV: 0.4167, F1: 0.5714
  → New best validation AUC: 0.8144
Epoch 5/50 - Train Loss: 0.7032, Train Acc: 0.5214, Train AUC: 0.5399 - Val Loss: 0.6768, Val Acc (0.5): 0.5714, Val AUC: 0.8333
  Train Best Threshold 0.40 → Balanced Acc: 0.5422, Acc: 0.6714, Sensitivity: 0.9355, Specificity: 0.1489, PPV: 0.6850, NPV: 0.5385, F1: 0.7909
  Val Best Threshold 0.50 → Balanced Acc: 0.6383, Acc: 0.5714, Sensitivity: 0.4583, Specificity: 0.8182, PPV: 0.8462, NPV: 0.4091, F1: 0.5946
  → New best validation AUC: 0.8333
Epoch 6/50 - Train Loss: 0.6906, Train Acc: 0.5929, Train AUC: 0.6022 - Val Loss: 0.6742, Val Acc (0.5): 0.5429, Val AUC: 0.8220
  Train Best Threshold 0.50 → Balanced Acc: 0.6146, Acc: 0.5929, Sensitivity: 0.5484, Specificity: 0.6809, PPV: 0.7727, NPV: 0.4324, F1: 0.6415
  Val Best Threshold 0.50 → Balanced Acc: 0.6420, Acc: 0.5429, Sensitivity: 0.3750, Specificity: 0.9091, PPV: 0.9000, NPV: 0.4000, F1: 0.5294
Epoch 7/50 - Train Loss: 0.6929, Train Acc: 0.5500, Train AUC: 0.5816 - Val Loss: 0.6718, Val Acc (0.5): 0.5143, Val AUC: 0.8409
  Train Best Threshold 0.50 → Balanced Acc: 0.5613, Acc: 0.5500, Sensitivity: 0.5269, Specificity: 0.5957, PPV: 0.7206, NPV: 0.3889, F1: 0.6087
  Val Best Threshold 0.50 → Balanced Acc: 0.6212, Acc: 0.5143, Sensitivity: 0.3333, Specificity: 0.9091, PPV: 0.8889, NPV: 0.3846, F1: 0.4848
  → New best validation AUC: 0.8409
Epoch 8/50 - Train Loss: 0.6996, Train Acc: 0.4929, Train AUC: 0.5646 - Val Loss: 0.6690, Val Acc (0.5): 0.5429, Val AUC: 0.8220
  Train Best Threshold 0.45 → Balanced Acc: 0.5785, Acc: 0.6357, Sensitivity: 0.7527, Specificity: 0.4043, PPV: 0.7143, NPV: 0.4524, F1: 0.7330
  Val Best Threshold 0.50 → Balanced Acc: 0.6420, Acc: 0.5429, Sensitivity: 0.3750, Specificity: 0.9091, PPV: 0.9000, NPV: 0.4000, F1: 0.5294
Epoch 9/50 - Train Loss: 0.6718, Train Acc: 0.6143, Train AUC: 0.6749 - Val Loss: 0.6682, Val Acc (0.5): 0.6000, Val AUC: 0.8295
  Train Best Threshold 0.50 → Balanced Acc: 0.6360, Acc: 0.6143, Sensitivity: 0.5699, Specificity: 0.7021, PPV: 0.7910, NPV: 0.4521, F1: 0.6625
  Val Best Threshold 0.50 → Balanced Acc: 0.6837, Acc: 0.6000, Sensitivity: 0.4583, Specificity: 0.9091, PPV: 0.9167, NPV: 0.4348, F1: 0.6111
Epoch 10/50 - Train Loss: 0.6812, Train Acc: 0.5571, Train AUC: 0.6385 - Val Loss: 0.6685, Val Acc (0.5): 0.6286, Val AUC: 0.8371
  Train Best Threshold 0.50 → Balanced Acc: 0.5930, Acc: 0.5571, Sensitivity: 0.4839, Specificity: 0.7021, PPV: 0.7627, NPV: 0.4074, F1: 0.5921
  Val Best Threshold 0.50 → Balanced Acc: 0.7045, Acc: 0.6286, Sensitivity: 0.5000, Specificity: 0.9091, PPV: 0.9231, NPV: 0.4545, F1: 0.6486
Epoch 11/50 - Train Loss: 0.6882, Train Acc: 0.5571, Train AUC: 0.6161 - Val Loss: 0.6669, Val Acc (0.5): 0.7143, Val AUC: 0.8295
  Train Best Threshold 0.45 → Balanced Acc: 0.6161, Acc: 0.6857, Sensitivity: 0.8280, Specificity: 0.4043, PPV: 0.7333, NPV: 0.5429, F1: 0.7778
  Val Best Threshold 0.50 → Balanced Acc: 0.7424, Acc: 0.7143, Sensitivity: 0.6667, Specificity: 0.8182, PPV: 0.8889, NPV: 0.5294, F1: 0.7619
Epoch 12/50 - Train Loss: 0.6805, Train Acc: 0.5357, Train AUC: 0.6257 - Val Loss: 0.6646, Val Acc (0.5): 0.7429, Val AUC: 0.8258
  Train Best Threshold 0.45 → Balanced Acc: 0.5782, Acc: 0.6214, Sensitivity: 0.7097, Specificity: 0.4468, PPV: 0.7174, NPV: 0.4375, F1: 0.7135
  Val Best Threshold 0.50 → Balanced Acc: 0.7879, Acc: 0.7429, Sensitivity: 0.6667, Specificity: 0.9091, PPV: 0.9412, NPV: 0.5556, F1: 0.7805
Epoch 13/50 - Train Loss: 0.6619, Train Acc: 0.6714, Train AUC: 0.7220 - Val Loss: 0.6612, Val Acc (0.5): 0.6857, Val AUC: 0.8409
  Train Best Threshold 0.50 → Balanced Acc: 0.6948, Acc: 0.6714, Sensitivity: 0.6237, Specificity: 0.7660, PPV: 0.8406, NPV: 0.5070, F1: 0.7160
  Val Best Threshold 0.50 → Balanced Acc: 0.7462, Acc: 0.6857, Sensitivity: 0.5833, Specificity: 0.9091, PPV: 0.9333, NPV: 0.5000, F1: 0.7179
Epoch 14/50 - Train Loss: 0.6746, Train Acc: 0.5643, Train AUC: 0.6552 - Val Loss: 0.6579, Val Acc (0.5): 0.5714, Val AUC: 0.8295
  Train Best Threshold 0.50 → Balanced Acc: 0.6036, Acc: 0.5643, Sensitivity: 0.4839, Specificity: 0.7234, PPV: 0.7759, NPV: 0.4146, F1: 0.5960
  Val Best Threshold 0.45 → Balanced Acc: 0.7348, Acc: 0.7714, Sensitivity: 0.8333, Specificity: 0.6364, PPV: 0.8333, NPV: 0.6364, F1: 0.8333
Epoch 15/50 - Train Loss: 0.6684, Train Acc: 0.5929, Train AUC: 0.6781 - Val Loss: 0.6563, Val Acc (0.5): 0.5714, Val AUC: 0.8333
  Train Best Threshold 0.50 → Balanced Acc: 0.6146, Acc: 0.5929, Sensitivity: 0.5484, Specificity: 0.6809, PPV: 0.7727, NPV: 0.4324, F1: 0.6415
  Val Best Threshold 0.45 → Balanced Acc: 0.7595, Acc: 0.7714, Sensitivity: 0.7917, Specificity: 0.7273, PPV: 0.8636, NPV: 0.6154, F1: 0.8261
Epoch 16/50 - Train Loss: 0.6854, Train Acc: 0.5643, Train AUC: 0.6269 - Val Loss: 0.6552, Val Acc (0.5): 0.6000, Val AUC: 0.8258
  Train Best Threshold 0.50 → Balanced Acc: 0.5984, Acc: 0.5643, Sensitivity: 0.4946, Specificity: 0.7021, PPV: 0.7667, NPV: 0.4125, F1: 0.6013
  Val Best Threshold 0.45 → Balanced Acc: 0.7348, Acc: 0.7714, Sensitivity: 0.8333, Specificity: 0.6364, PPV: 0.8333, NPV: 0.6364, F1: 0.8333
Epoch 17/50 - Train Loss: 0.6689, Train Acc: 0.5929, Train AUC: 0.6619 - Val Loss: 0.6530, Val Acc (0.5): 0.6571, Val AUC: 0.8258
  Train Best Threshold 0.40 → Balanced Acc: 0.6380, Acc: 0.7357, Sensitivity: 0.9355, Specificity: 0.3404, PPV: 0.7373, NPV: 0.7273, F1: 0.8246
  Val Best Threshold 0.45 → Balanced Acc: 0.7348, Acc: 0.7714, Sensitivity: 0.8333, Specificity: 0.6364, PPV: 0.8333, NPV: 0.6364, F1: 0.8333
Epoch 18/50 - Train Loss: 0.6544, Train Acc: 0.6714, Train AUC: 0.7305 - Val Loss: 0.6506, Val Acc (0.5): 0.6571, Val AUC: 0.7955
  Train Best Threshold 0.50 → Balanced Acc: 0.7053, Acc: 0.6714, Sensitivity: 0.6022, Specificity: 0.8085, PPV: 0.8615, NPV: 0.5067, F1: 0.7089
  Val Best Threshold 0.45 → Balanced Acc: 0.7348, Acc: 0.7714, Sensitivity: 0.8333, Specificity: 0.6364, PPV: 0.8333, NPV: 0.6364, F1: 0.8333
Epoch 19/50 - Train Loss: 0.6412, Train Acc: 0.6357, Train AUC: 0.7596 - Val Loss: 0.6487, Val Acc (0.5): 0.5714, Val AUC: 0.7955
  Train Best Threshold 0.45 → Balanced Acc: 0.6796, Acc: 0.7071, Sensitivity: 0.7634, Specificity: 0.5957, PPV: 0.7889, NPV: 0.5600, F1: 0.7760
  Val Best Threshold 0.45 → Balanced Acc: 0.7178, Acc: 0.7143, Sensitivity: 0.7083, Specificity: 0.7273, PPV: 0.8500, NPV: 0.5333, F1: 0.7727
Epoch 20/50 - Train Loss: 0.6538, Train Acc: 0.6643, Train AUC: 0.7392 - Val Loss: 0.6489, Val Acc (0.5): 0.5714, Val AUC: 0.7917
  Train Best Threshold 0.45 → Balanced Acc: 0.6958, Acc: 0.7357, Sensitivity: 0.8172, Specificity: 0.5745, PPV: 0.7917, NPV: 0.6136, F1: 0.8042
  Val Best Threshold 0.45 → Balanced Acc: 0.6970, Acc: 0.6857, Sensitivity: 0.6667, Specificity: 0.7273, PPV: 0.8421, NPV: 0.5000, F1: 0.7442
Early stopping at epoch 20
Loaded best model with validation AUC: 0.8409
Final Train Results (Best Model) at epoch 7 - Loss: 0.6929, Accuracy: 0.5571, AUC: 0.6275
Final Val Results (Best Model) at epoch 7 - Loss: 0.6718, Accuracy: 0.5143, AUC: 0.8409
Train Best Threshold: 0.50 | Balanced Acc: 0.6088 | Acc: 0.5571 | Sensitivity: 0.4516 | Specificity: 0.7660 | PPV: 0.7925 | NPV: 0.4138 | F1: 0.5753
Train Confusion Matrix at Best Threshold (rows=actual [0,1], cols=predicted [0,1]):
[[36 11]
 [51 42]]
Val Best Threshold: 0.50 | Balanced Acc: 0.6212 | Acc: 0.5143 | Sensitivity: 0.3333 | Specificity: 0.9091 | PPV: 0.8889 | NPV: 0.3846 | F1: 0.4848
Val Confusion Matrix at Best Threshold (rows=actual [0,1], cols=predicted [0,1]):
[[10  1]
 [16  8]]

Fold 2 Training Cases (140): ['100', '102', '104', '106', '107', '11', '110', '111', '112', '114', '115', '118', '122', '123', '129', '132', '135', '137', '142', '144', '146', '153', '154', '157', '158', '162', '163', '164', '165', '166', '173', '177', '178', '18', '180', '185', '191', '192', '197', '204', '205', '207', '210', '211', '215', '217', '218', '219', '220', '221', '224', '226', '231', '232', '24', '241', '244', '251', '253', '254', '257', '258', '259', '26', '260', '262', '264', '268', '269', '272', '273', '274', '275', '276', '278', '280', '281', '283', '287', '289', '292', '298', '299', '300', '301', '303', '304', '306', '307', '308', '31', '310', '311', '312', '313', '319', '32', '320', '324', '329', '331', '332', '37', '38', '4', '40', '43', '45', '46', '48', '49', '5', '50', '51', '52', '53', '55', '58', '6', '63', '64', '65', '67', '68', '69', '77', '8', '80', '83', '85', '87', '88', '89', '9', '90', '92', '93', '95', '96', '99']
Fold 2 Validation Cases (35): ['1', '101', '105', '108', '113', '119', '126', '145', '152', '169', '175', '181', '186', '203', '206', '223', '245', '25', '250', '255', '263', '27', '284', '29', '57', '60', '62', '7', '73', '78', '81', '86', '91', '97', '98']
Fold 2 class distribution:
  Train: Class 0=47 (33.6%), Class 1=93 (66.4%)
  Val:   Class 0=11 (31.4%), Class 1=24 (68.6%)

======================================================================
Fold 2/5
======================================================================
Train: 140 patients
Val: 35 patients
Fitting clinical preprocessor on training data...
Built clinical feature dictionaries: train=140, val=35
Clinical input dimension: 5
Backbone feature dimension: 512
Created mean pooling model with backbone resnet18
Using device: cuda
Class weights: [1.0, 0.5053763389587402]
Weight decay (L2 reg): 0.0001
Label smoothing: 0.1

Epoch 1/50 - Train Loss: 0.7300, Train Acc: 0.3929, Train AUC: 0.3837 - Val Loss: 0.6976, Val Acc (0.5): 0.3143, Val AUC: 0.3220
  Train Best Threshold 0.35 → Balanced Acc: 0.5053, Acc: 0.6643, Sensitivity: 0.9892, Specificity: 0.0213, PPV: 0.6667, NPV: 0.5000, F1: 0.7965
  Val Best Threshold 0.05 → Balanced Acc: 0.5000, Acc: 0.6857, Sensitivity: 1.0000, Specificity: 0.0000, PPV: 0.6857, NPV: 0.0000, F1: 0.8136
  → New best validation AUC: 0.3220
Epoch 2/50 - Train Loss: 0.7003, Train Acc: 0.4714, Train AUC: 0.5390 - Val Loss: 0.6966, Val Acc (0.5): 0.3143, Val AUC: 0.4356
  Train Best Threshold 0.55 → Balanced Acc: 0.5541, Acc: 0.4286, Sensitivity: 0.1720, Specificity: 0.9362, PPV: 0.8421, NPV: 0.3636, F1: 0.2857
  Val Best Threshold 0.05 → Balanced Acc: 0.5000, Acc: 0.6857, Sensitivity: 1.0000, Specificity: 0.0000, PPV: 0.6857, NPV: 0.0000, F1: 0.8136
  → New best validation AUC: 0.4356
Epoch 3/50 - Train Loss: 0.7188, Train Acc: 0.4500, Train AUC: 0.4628 - Val Loss: 0.6941, Val Acc (0.5): 0.3429, Val AUC: 0.5000
  Train Best Threshold 0.40 → Balanced Acc: 0.5210, Acc: 0.6643, Sensitivity: 0.9570, Specificity: 0.0851, PPV: 0.6742, NPV: 0.5000, F1: 0.7911
  Val Best Threshold 0.45 → Balanced Acc: 0.5739, Acc: 0.6857, Sensitivity: 0.8750, Specificity: 0.2727, PPV: 0.7241, NPV: 0.5000, F1: 0.7925
  → New best validation AUC: 0.5000
Epoch 4/50 - Train Loss: 0.7011, Train Acc: 0.5357, Train AUC: 0.5578 - Val Loss: 0.6931, Val Acc (0.5): 0.3714, Val AUC: 0.5795
  Train Best Threshold 0.50 → Balanced Acc: 0.5453, Acc: 0.5357, Sensitivity: 0.5161, Specificity: 0.5745, PPV: 0.7059, NPV: 0.3750, F1: 0.5963
  Val Best Threshold 0.45 → Balanced Acc: 0.5246, Acc: 0.6857, Sensitivity: 0.9583, Specificity: 0.0909, PPV: 0.6970, NPV: 0.5000, F1: 0.8070
  → New best validation AUC: 0.5795
Epoch 5/50 - Train Loss: 0.7035, Train Acc: 0.5357, Train AUC: 0.5340 - Val Loss: 0.6902, Val Acc (0.5): 0.4000, Val AUC: 0.6553
  Train Best Threshold 0.50 → Balanced Acc: 0.5506, Acc: 0.5357, Sensitivity: 0.5054, Specificity: 0.5957, PPV: 0.7121, NPV: 0.3784, F1: 0.5912
  Val Best Threshold 0.50 → Balanced Acc: 0.5379, Acc: 0.4000, Sensitivity: 0.1667, Specificity: 0.9091, PPV: 0.8000, NPV: 0.3333, F1: 0.2759
  → New best validation AUC: 0.6553
Epoch 6/50 - Train Loss: 0.6871, Train Acc: 0.5143, Train AUC: 0.6214 - Val Loss: 0.6888, Val Acc (0.5): 0.4571, Val AUC: 0.6856
  Train Best Threshold 0.45 → Balanced Acc: 0.5838, Acc: 0.6429, Sensitivity: 0.7634, Specificity: 0.4043, PPV: 0.7172, NPV: 0.4634, F1: 0.7396
  Val Best Threshold 0.50 → Balanced Acc: 0.5795, Acc: 0.4571, Sensitivity: 0.2500, Specificity: 0.9091, PPV: 0.8571, NPV: 0.3571, F1: 0.3871
  → New best validation AUC: 0.6856
Epoch 7/50 - Train Loss: 0.7106, Train Acc: 0.4714, Train AUC: 0.4928 - Val Loss: 0.6884, Val Acc (0.5): 0.4857, Val AUC: 0.6970
  Train Best Threshold 0.45 → Balanced Acc: 0.5255, Acc: 0.6143, Sensitivity: 0.7957, Specificity: 0.2553, PPV: 0.6789, NPV: 0.3871, F1: 0.7327
  Val Best Threshold 0.50 → Balanced Acc: 0.6004, Acc: 0.4857, Sensitivity: 0.2917, Specificity: 0.9091, PPV: 0.8750, NPV: 0.3704, F1: 0.4375
  → New best validation AUC: 0.6970
Epoch 8/50 - Train Loss: 0.6944, Train Acc: 0.5286, Train AUC: 0.5781 - Val Loss: 0.6886, Val Acc (0.5): 0.5714, Val AUC: 0.7008
  Train Best Threshold 0.50 → Balanced Acc: 0.5662, Acc: 0.5286, Sensitivity: 0.4516, Specificity: 0.6809, PPV: 0.7368, NPV: 0.3855, F1: 0.5600
  Val Best Threshold 0.50 → Balanced Acc: 0.6383, Acc: 0.5714, Sensitivity: 0.4583, Specificity: 0.8182, PPV: 0.8462, NPV: 0.4091, F1: 0.5946
  → New best validation AUC: 0.7008
Epoch 9/50 - Train Loss: 0.6920, Train Acc: 0.5857, Train AUC: 0.6035 - Val Loss: 0.6861, Val Acc (0.5): 0.6000, Val AUC: 0.7197
  Train Best Threshold 0.50 → Balanced Acc: 0.6040, Acc: 0.5857, Sensitivity: 0.5484, Specificity: 0.6596, PPV: 0.7612, NPV: 0.4247, F1: 0.6375
  Val Best Threshold 0.50 → Balanced Acc: 0.6591, Acc: 0.6000, Sensitivity: 0.5000, Specificity: 0.8182, PPV: 0.8571, NPV: 0.4286, F1: 0.6316
  → New best validation AUC: 0.7197
Epoch 10/50 - Train Loss: 0.7006, Train Acc: 0.5071, Train AUC: 0.5708 - Val Loss: 0.6829, Val Acc (0.5): 0.6000, Val AUC: 0.7538
  Train Best Threshold 0.45 → Balanced Acc: 0.5464, Acc: 0.6071, Sensitivity: 0.7312, Specificity: 0.3617, PPV: 0.6939, NPV: 0.4048, F1: 0.7120
  Val Best Threshold 0.50 → Balanced Acc: 0.6837, Acc: 0.6000, Sensitivity: 0.4583, Specificity: 0.9091, PPV: 0.9167, NPV: 0.4348, F1: 0.6111
  → New best validation AUC: 0.7538
Epoch 11/50 - Train Loss: 0.6963, Train Acc: 0.5143, Train AUC: 0.5758 - Val Loss: 0.6780, Val Acc (0.5): 0.5714, Val AUC: 0.7614
  Train Best Threshold 0.60 → Balanced Acc: 0.5485, Acc: 0.4071, Sensitivity: 0.1183, Specificity: 0.9787, PPV: 0.9167, NPV: 0.3594, F1: 0.2095
  Val Best Threshold 0.50 → Balanced Acc: 0.6629, Acc: 0.5714, Sensitivity: 0.4167, Specificity: 0.9091, PPV: 0.9091, NPV: 0.4167, F1: 0.5714
  → New best validation AUC: 0.7614
Epoch 12/50 - Train Loss: 0.6837, Train Acc: 0.5214, Train AUC: 0.6113 - Val Loss: 0.6754, Val Acc (0.5): 0.6000, Val AUC: 0.7538
  Train Best Threshold 0.45 → Balanced Acc: 0.5893, Acc: 0.6571, Sensitivity: 0.7957, Specificity: 0.3830, PPV: 0.7184, NPV: 0.4865, F1: 0.7551
  Val Best Threshold 0.50 → Balanced Acc: 0.6837, Acc: 0.6000, Sensitivity: 0.4583, Specificity: 0.9091, PPV: 0.9167, NPV: 0.4348, F1: 0.6111
Epoch 13/50 - Train Loss: 0.6751, Train Acc: 0.6286, Train AUC: 0.6811 - Val Loss: 0.6734, Val Acc (0.5): 0.5714, Val AUC: 0.7500
  Train Best Threshold 0.50 → Balanced Acc: 0.6415, Acc: 0.6286, Sensitivity: 0.6022, Specificity: 0.6809, PPV: 0.7887, NPV: 0.4638, F1: 0.6829
  Val Best Threshold 0.45 → Balanced Acc: 0.7140, Acc: 0.7429, Sensitivity: 0.7917, Specificity: 0.6364, PPV: 0.8261, NPV: 0.5833, F1: 0.8085
Epoch 14/50 - Train Loss: 0.6636, Train Acc: 0.6143, Train AUC: 0.7168 - Val Loss: 0.6716, Val Acc (0.5): 0.6286, Val AUC: 0.7386
  Train Best Threshold 0.50 → Balanced Acc: 0.6360, Acc: 0.6143, Sensitivity: 0.5699, Specificity: 0.7021, PPV: 0.7910, NPV: 0.4521, F1: 0.6625
  Val Best Threshold 0.45 → Balanced Acc: 0.7140, Acc: 0.7429, Sensitivity: 0.7917, Specificity: 0.6364, PPV: 0.8261, NPV: 0.5833, F1: 0.8085
Epoch 15/50 - Train Loss: 0.6821, Train Acc: 0.5643, Train AUC: 0.6303 - Val Loss: 0.6723, Val Acc (0.5): 0.6000, Val AUC: 0.7197
  Train Best Threshold 0.45 → Balanced Acc: 0.6001, Acc: 0.6714, Sensitivity: 0.8172, Specificity: 0.3830, PPV: 0.7238, NPV: 0.5143, F1: 0.7677
  Val Best Threshold 0.50 → Balanced Acc: 0.6591, Acc: 0.6000, Sensitivity: 0.5000, Specificity: 0.8182, PPV: 0.8571, NPV: 0.4286, F1: 0.6316
Epoch 16/50 - Train Loss: 0.6711, Train Acc: 0.6071, Train AUC: 0.6845 - Val Loss: 0.6724, Val Acc (0.5): 0.6571, Val AUC: 0.7462
  Train Best Threshold 0.50 → Balanced Acc: 0.6306, Acc: 0.6071, Sensitivity: 0.5591, Specificity: 0.7021, PPV: 0.7879, NPV: 0.4459, F1: 0.6541
  Val Best Threshold 0.50 → Balanced Acc: 0.6761, Acc: 0.6571, Sensitivity: 0.6250, Specificity: 0.7273, PPV: 0.8333, NPV: 0.4706, F1: 0.7143
Epoch 17/50 - Train Loss: 0.6680, Train Acc: 0.5857, Train AUC: 0.6573 - Val Loss: 0.6693, Val Acc (0.5): 0.6571, Val AUC: 0.7500
  Train Best Threshold 0.45 → Balanced Acc: 0.6161, Acc: 0.6857, Sensitivity: 0.8280, Specificity: 0.4043, PPV: 0.7333, NPV: 0.5429, F1: 0.7778
  Val Best Threshold 0.50 → Balanced Acc: 0.6761, Acc: 0.6571, Sensitivity: 0.6250, Specificity: 0.7273, PPV: 0.8333, NPV: 0.4706, F1: 0.7143
Epoch 18/50 - Train Loss: 0.6646, Train Acc: 0.6429, Train AUC: 0.7136 - Val Loss: 0.6664, Val Acc (0.5): 0.6571, Val AUC: 0.7500
  Train Best Threshold 0.50 → Balanced Acc: 0.6680, Acc: 0.6429, Sensitivity: 0.5914, Specificity: 0.7447, PPV: 0.8209, NPV: 0.4795, F1: 0.6875
  Val Best Threshold 0.50 → Balanced Acc: 0.6761, Acc: 0.6571, Sensitivity: 0.6250, Specificity: 0.7273, PPV: 0.8333, NPV: 0.4706, F1: 0.7143
Epoch 19/50 - Train Loss: 0.6537, Train Acc: 0.7000, Train AUC: 0.7490 - Val Loss: 0.6605, Val Acc (0.5): 0.6286, Val AUC: 0.7576
  Train Best Threshold 0.50 → Balanced Acc: 0.7163, Acc: 0.7000, Sensitivity: 0.6667, Specificity: 0.7660, PPV: 0.8493, NPV: 0.5373, F1: 0.7470
  Val Best Threshold 0.45 → Balanced Acc: 0.6894, Acc: 0.7429, Sensitivity: 0.8333, Specificity: 0.5455, PPV: 0.8000, NPV: 0.6000, F1: 0.8163
Epoch 20/50 - Train Loss: 0.6731, Train Acc: 0.6000, Train AUC: 0.6667 - Val Loss: 0.6583, Val Acc (0.5): 0.6571, Val AUC: 0.7614
  Train Best Threshold 0.45 → Balanced Acc: 0.6588, Acc: 0.7214, Sensitivity: 0.8495, Specificity: 0.4681, PPV: 0.7596, NPV: 0.6111, F1: 0.8020
  Val Best Threshold 0.45 → Balanced Acc: 0.7348, Acc: 0.7714, Sensitivity: 0.8333, Specificity: 0.6364, PPV: 0.8333, NPV: 0.6364, F1: 0.8333
Epoch 21/50 - Train Loss: 0.6540, Train Acc: 0.6143, Train AUC: 0.7184 - Val Loss: 0.6557, Val Acc (0.5): 0.6571, Val AUC: 0.7538
  Train Best Threshold 0.45 → Balanced Acc: 0.6535, Acc: 0.7214, Sensitivity: 0.8602, Specificity: 0.4468, PPV: 0.7547, NPV: 0.6176, F1: 0.8040
  Val Best Threshold 0.45 → Balanced Acc: 0.7348, Acc: 0.7714, Sensitivity: 0.8333, Specificity: 0.6364, PPV: 0.8333, NPV: 0.6364, F1: 0.8333
Epoch 22/50 - Train Loss: 0.6440, Train Acc: 0.7214, Train AUC: 0.7703 - Val Loss: 0.6539, Val Acc (0.5): 0.6571, Val AUC: 0.7538
  Train Best Threshold 0.50 → Balanced Acc: 0.7324, Acc: 0.7214, Sensitivity: 0.6989, Specificity: 0.7660, PPV: 0.8553, NPV: 0.5625, F1: 0.7692
  Val Best Threshold 0.50 → Balanced Acc: 0.7008, Acc: 0.6571, Sensitivity: 0.5833, Specificity: 0.8182, PPV: 0.8750, NPV: 0.4737, F1: 0.7000
Epoch 23/50 - Train Loss: 0.6485, Train Acc: 0.6786, Train AUC: 0.7493 - Val Loss: 0.6525, Val Acc (0.5): 0.6571, Val AUC: 0.7576
  Train Best Threshold 0.50 → Balanced Acc: 0.6949, Acc: 0.6786, Sensitivity: 0.6452, Specificity: 0.7447, PPV: 0.8333, NPV: 0.5147, F1: 0.7273
  Val Best Threshold 0.45 → Balanced Acc: 0.7348, Acc: 0.7714, Sensitivity: 0.8333, Specificity: 0.6364, PPV: 0.8333, NPV: 0.6364, F1: 0.8333
Epoch 24/50 - Train Loss: 0.6382, Train Acc: 0.6929, Train AUC: 0.7637 - Val Loss: 0.6507, Val Acc (0.5): 0.6571, Val AUC: 0.7576
  Train Best Threshold 0.50 → Balanced Acc: 0.7109, Acc: 0.6929, Sensitivity: 0.6559, Specificity: 0.7660, PPV: 0.8472, NPV: 0.5294, F1: 0.7394
  Val Best Threshold 0.45 → Balanced Acc: 0.7140, Acc: 0.7429, Sensitivity: 0.7917, Specificity: 0.6364, PPV: 0.8261, NPV: 0.5833, F1: 0.8085
Early stopping at epoch 24
Loaded best model with validation AUC: 0.7614
Final Train Results (Best Model) at epoch 11 - Loss: 0.6810, Accuracy: 0.6143, AUC: 0.7099
Final Val Results (Best Model) at epoch 11 - Loss: 0.6780, Accuracy: 0.5714, AUC: 0.7614
Train Best Threshold: 0.50 | Balanced Acc: 0.6518 | Acc: 0.6143 | Sensitivity: 0.5376 | Specificity: 0.7660 | PPV: 0.8197 | NPV: 0.4557 | F1: 0.6494
Train Confusion Matrix at Best Threshold (rows=actual [0,1], cols=predicted [0,1]):
[[36 11]
 [43 50]]
Val Best Threshold: 0.50 | Balanced Acc: 0.6629 | Acc: 0.5714 | Sensitivity: 0.4167 | Specificity: 0.9091 | PPV: 0.9091 | NPV: 0.4167 | F1: 0.5714
Val Confusion Matrix at Best Threshold (rows=actual [0,1], cols=predicted [0,1]):
[[10  1]
 [14 10]]

Fold 3 Training Cases (140): ['1', '101', '104', '105', '107', '108', '11', '110', '111', '112', '113', '114', '115', '119', '122', '123', '126', '129', '132', '135', '144', '145', '146', '152', '153', '154', '157', '158', '162', '163', '166', '169', '175', '177', '18', '180', '181', '185', '186', '191', '192', '203', '206', '207', '210', '211', '215', '217', '218', '220', '223', '224', '231', '232', '24', '244', '245', '25', '250', '251', '253', '254', '255', '257', '258', '259', '26', '263', '264', '268', '269', '27', '272', '274', '276', '278', '280', '283', '284', '287', '289', '29', '292', '298', '299', '300', '301', '303', '306', '307', '308', '31', '310', '312', '313', '319', '32', '320', '329', '331', '37', '38', '4', '40', '43', '46', '48', '49', '5', '51', '52', '53', '55', '57', '60', '62', '65', '67', '69', '7', '73', '77', '78', '8', '80', '81', '83', '86', '87', '88', '89', '9', '90', '91', '92', '93', '95', '97', '98', '99']
Fold 3 Validation Cases (35): ['100', '102', '106', '118', '137', '142', '164', '165', '173', '178', '197', '204', '205', '219', '221', '226', '241', '260', '262', '273', '275', '281', '304', '311', '324', '332', '45', '50', '58', '6', '63', '64', '68', '85', '96']
Fold 3 class distribution:
  Train: Class 0=46 (32.9%), Class 1=94 (67.1%)
  Val:   Class 0=12 (34.3%), Class 1=23 (65.7%)

======================================================================
Fold 3/5
======================================================================
Train: 140 patients
Val: 35 patients
Fitting clinical preprocessor on training data...
Built clinical feature dictionaries: train=140, val=35
Clinical input dimension: 5
Backbone feature dimension: 512
Created mean pooling model with backbone resnet18
Using device: cuda
Class weights: [1.0, 0.4893617033958435]
Weight decay (L2 reg): 0.0001
Label smoothing: 0.1

Epoch 1/50 - Train Loss: 0.7217, Train Acc: 0.4286, Train AUC: 0.4378 - Val Loss: 0.6862, Val Acc (0.5): 0.3429, Val AUC: 0.3587
  Train Best Threshold 0.35 → Balanced Acc: 0.5109, Acc: 0.6786, Sensitivity: 1.0000, Specificity: 0.0217, PPV: 0.6763, NPV: 1.0000, F1: 0.8069
  Val Best Threshold 0.05 → Balanced Acc: 0.5000, Acc: 0.6571, Sensitivity: 1.0000, Specificity: 0.0000, PPV: 0.6571, NPV: 0.0000, F1: 0.7931
  → New best validation AUC: 0.3587
Epoch 2/50 - Train Loss: 0.7300, Train Acc: 0.3571, Train AUC: 0.4195 - Val Loss: 0.6855, Val Acc (0.5): 0.3429, Val AUC: 0.4203
  Train Best Threshold 0.05 → Balanced Acc: 0.5000, Acc: 0.6714, Sensitivity: 1.0000, Specificity: 0.0000, PPV: 0.6714, NPV: 0.0000, F1: 0.8034
  Val Best Threshold 0.05 → Balanced Acc: 0.5000, Acc: 0.6571, Sensitivity: 1.0000, Specificity: 0.0000, PPV: 0.6571, NPV: 0.0000, F1: 0.7931
  → New best validation AUC: 0.4203
Epoch 3/50 - Train Loss: 0.7104, Train Acc: 0.4929, Train AUC: 0.4940 - Val Loss: 0.6840, Val Acc (0.5): 0.3429, Val AUC: 0.4565
  Train Best Threshold 0.50 → Balanced Acc: 0.5224, Acc: 0.4929, Sensitivity: 0.4362, Specificity: 0.6087, PPV: 0.6949, NPV: 0.3457, F1: 0.5359
  Val Best Threshold 0.05 → Balanced Acc: 0.5000, Acc: 0.6571, Sensitivity: 1.0000, Specificity: 0.0000, PPV: 0.6571, NPV: 0.0000, F1: 0.7931
  → New best validation AUC: 0.4565
Epoch 4/50 - Train Loss: 0.7072, Train Acc: 0.4929, Train AUC: 0.5192 - Val Loss: 0.6829, Val Acc (0.5): 0.3429, Val AUC: 0.5181
  Train Best Threshold 0.60 → Balanced Acc: 0.5266, Acc: 0.3643, Sensitivity: 0.0532, Specificity: 1.0000, PPV: 1.0000, NPV: 0.3407, F1: 0.1010
  Val Best Threshold 0.05 → Balanced Acc: 0.5000, Acc: 0.6571, Sensitivity: 1.0000, Specificity: 0.0000, PPV: 0.6571, NPV: 0.0000, F1: 0.7931
  → New best validation AUC: 0.5181
Epoch 5/50 - Train Loss: 0.6998, Train Acc: 0.5286, Train AUC: 0.5555 - Val Loss: 0.6790, Val Acc (0.5): 0.3429, Val AUC: 0.5833
  Train Best Threshold 0.50 → Balanced Acc: 0.5712, Acc: 0.5286, Sensitivity: 0.4468, Specificity: 0.6957, PPV: 0.7500, NPV: 0.3810, F1: 0.5600
  Val Best Threshold 0.45 → Balanced Acc: 0.5779, Acc: 0.6286, Sensitivity: 0.7391, Specificity: 0.4167, PPV: 0.7083, NPV: 0.4545, F1: 0.7234
  → New best validation AUC: 0.5833
Epoch 6/50 - Train Loss: 0.6964, Train Acc: 0.4929, Train AUC: 0.5786 - Val Loss: 0.6751, Val Acc (0.5): 0.3429, Val AUC: 0.6341
  Train Best Threshold 0.45 → Balanced Acc: 0.5680, Acc: 0.6286, Sensitivity: 0.7447, Specificity: 0.3913, PPV: 0.7143, NPV: 0.4286, F1: 0.7292
  Val Best Threshold 0.45 → Balanced Acc: 0.5543, Acc: 0.5714, Sensitivity: 0.6087, Specificity: 0.5000, PPV: 0.7000, NPV: 0.4000, F1: 0.6512
  → New best validation AUC: 0.6341
Epoch 7/50 - Train Loss: 0.6792, Train Acc: 0.6143, Train AUC: 0.6751 - Val Loss: 0.6729, Val Acc (0.5): 0.3429, Val AUC: 0.6703
  Train Best Threshold 0.50 → Balanced Acc: 0.6351, Acc: 0.6143, Sensitivity: 0.5745, Specificity: 0.6957, PPV: 0.7941, NPV: 0.4444, F1: 0.6667
  Val Best Threshold 0.45 → Balanced Acc: 0.5743, Acc: 0.5714, Sensitivity: 0.5652, Specificity: 0.5833, PPV: 0.7222, NPV: 0.4118, F1: 0.6341
  → New best validation AUC: 0.6703
Epoch 8/50 - Train Loss: 0.6919, Train Acc: 0.5500, Train AUC: 0.5981 - Val Loss: 0.6702, Val Acc (0.5): 0.3429, Val AUC: 0.6848
  Train Best Threshold 0.50 → Balanced Acc: 0.5872, Acc: 0.5500, Sensitivity: 0.4787, Specificity: 0.6957, PPV: 0.7627, NPV: 0.3951, F1: 0.5882
  Val Best Threshold 0.45 → Balanced Acc: 0.5960, Acc: 0.6000, Sensitivity: 0.6087, Specificity: 0.5833, PPV: 0.7368, NPV: 0.4375, F1: 0.6667
  → New best validation AUC: 0.6848
Epoch 9/50 - Train Loss: 0.7074, Train Acc: 0.5357, Train AUC: 0.5393 - Val Loss: 0.6689, Val Acc (0.5): 0.3714, Val AUC: 0.7210
  Train Best Threshold 0.45 → Balanced Acc: 0.5622, Acc: 0.6357, Sensitivity: 0.7766, Specificity: 0.3478, PPV: 0.7087, NPV: 0.4324, F1: 0.7411
  Val Best Threshold 0.45 → Balanced Acc: 0.6395, Acc: 0.6571, Sensitivity: 0.6957, Specificity: 0.5833, PPV: 0.7619, NPV: 0.5000, F1: 0.7273
  → New best validation AUC: 0.7210
Epoch 10/50 - Train Loss: 0.6928, Train Acc: 0.5286, Train AUC: 0.5918 - Val Loss: 0.6669, Val Acc (0.5): 0.3714, Val AUC: 0.7355
  Train Best Threshold 0.45 → Balanced Acc: 0.5620, Acc: 0.6429, Sensitivity: 0.7979, Specificity: 0.3261, PPV: 0.7075, NPV: 0.4412, F1: 0.7500
  Val Best Threshold 0.45 → Balanced Acc: 0.7011, Acc: 0.6857, Sensitivity: 0.6522, Specificity: 0.7500, PPV: 0.8333, NPV: 0.5294, F1: 0.7317
  → New best validation AUC: 0.7355
Epoch 11/50 - Train Loss: 0.6686, Train Acc: 0.5714, Train AUC: 0.6933 - Val Loss: 0.6656, Val Acc (0.5): 0.4571, Val AUC: 0.7464
  Train Best Threshold 0.45 → Balanced Acc: 0.6108, Acc: 0.6786, Sensitivity: 0.8085, Specificity: 0.4130, PPV: 0.7379, NPV: 0.5135, F1: 0.7716
  Val Best Threshold 0.45 → Balanced Acc: 0.6812, Acc: 0.6857, Sensitivity: 0.6957, Specificity: 0.6667, PPV: 0.8000, NPV: 0.5333, F1: 0.7442
  → New best validation AUC: 0.7464
Epoch 12/50 - Train Loss: 0.6735, Train Acc: 0.6071, Train AUC: 0.6892 - Val Loss: 0.6650, Val Acc (0.5): 0.4286, Val AUC: 0.7645
  Train Best Threshold 0.50 → Balanced Acc: 0.6408, Acc: 0.6071, Sensitivity: 0.5426, Specificity: 0.7391, PPV: 0.8095, NPV: 0.4416, F1: 0.6497
  Val Best Threshold 0.45 → Balanced Acc: 0.7246, Acc: 0.7429, Sensitivity: 0.7826, Specificity: 0.6667, PPV: 0.8182, NPV: 0.6154, F1: 0.8000
  → New best validation AUC: 0.7645
Epoch 13/50 - Train Loss: 0.6902, Train Acc: 0.5786, Train AUC: 0.5988 - Val Loss: 0.6648, Val Acc (0.5): 0.4571, Val AUC: 0.7754
  Train Best Threshold 0.50 → Balanced Acc: 0.5807, Acc: 0.5786, Sensitivity: 0.5745, Specificity: 0.5870, PPV: 0.7397, NPV: 0.4030, F1: 0.6467
  Val Best Threshold 0.45 → Balanced Acc: 0.7482, Acc: 0.8000, Sensitivity: 0.9130, Specificity: 0.5833, PPV: 0.8077, NPV: 0.7778, F1: 0.8571
  → New best validation AUC: 0.7754
Epoch 14/50 - Train Loss: 0.6747, Train Acc: 0.6071, Train AUC: 0.6672 - Val Loss: 0.6612, Val Acc (0.5): 0.4571, Val AUC: 0.7681
  Train Best Threshold 0.45 → Balanced Acc: 0.6214, Acc: 0.6929, Sensitivity: 0.8298, Specificity: 0.4130, PPV: 0.7429, NPV: 0.5429, F1: 0.7839
  Val Best Threshold 0.45 → Balanced Acc: 0.7246, Acc: 0.7429, Sensitivity: 0.7826, Specificity: 0.6667, PPV: 0.8182, NPV: 0.6154, F1: 0.8000
Epoch 15/50 - Train Loss: 0.6695, Train Acc: 0.6143, Train AUC: 0.6836 - Val Loss: 0.6572, Val Acc (0.5): 0.4571, Val AUC: 0.7717
  Train Best Threshold 0.50 → Balanced Acc: 0.6351, Acc: 0.6143, Sensitivity: 0.5745, Specificity: 0.6957, PPV: 0.7941, NPV: 0.4444, F1: 0.6667
  Val Best Threshold 0.45 → Balanced Acc: 0.6812, Acc: 0.6857, Sensitivity: 0.6957, Specificity: 0.6667, PPV: 0.8000, NPV: 0.5333, F1: 0.7442
Epoch 16/50 - Train Loss: 0.6677, Train Acc: 0.6357, Train AUC: 0.6883 - Val Loss: 0.6544, Val Acc (0.5): 0.4571, Val AUC: 0.7826
  Train Best Threshold 0.50 → Balanced Acc: 0.6843, Acc: 0.6357, Sensitivity: 0.5426, Specificity: 0.8261, PPV: 0.8644, NPV: 0.4691, F1: 0.6667
  Val Best Threshold 0.45 → Balanced Acc: 0.7228, Acc: 0.7143, Sensitivity: 0.6957, Specificity: 0.7500, PPV: 0.8421, NPV: 0.5625, F1: 0.7619
  → New best validation AUC: 0.7826
Epoch 17/50 - Train Loss: 0.6518, Train Acc: 0.6143, Train AUC: 0.7516 - Val Loss: 0.6519, Val Acc (0.5): 0.4571, Val AUC: 0.7899
  Train Best Threshold 0.45 → Balanced Acc: 0.6651, Acc: 0.7143, Sensitivity: 0.8085, Specificity: 0.5217, PPV: 0.7755, NPV: 0.5714, F1: 0.7917
  Val Best Threshold 0.45 → Balanced Acc: 0.7228, Acc: 0.7143, Sensitivity: 0.6957, Specificity: 0.7500, PPV: 0.8421, NPV: 0.5625, F1: 0.7619
  → New best validation AUC: 0.7899
Epoch 18/50 - Train Loss: 0.6855, Train Acc: 0.6071, Train AUC: 0.6679 - Val Loss: 0.6484, Val Acc (0.5): 0.4571, Val AUC: 0.7899
  Train Best Threshold 0.50 → Balanced Acc: 0.6408, Acc: 0.6071, Sensitivity: 0.5426, Specificity: 0.7391, PPV: 0.8095, NPV: 0.4416, F1: 0.6497
  Val Best Threshold 0.45 → Balanced Acc: 0.7645, Acc: 0.7429, Sensitivity: 0.6957, Specificity: 0.8333, PPV: 0.8889, NPV: 0.5882, F1: 0.7805
Epoch 19/50 - Train Loss: 0.6484, Train Acc: 0.6857, Train AUC: 0.7606 - Val Loss: 0.6473, Val Acc (0.5): 0.4571, Val AUC: 0.7862
  Train Best Threshold 0.50 → Balanced Acc: 0.7216, Acc: 0.6857, Sensitivity: 0.6170, Specificity: 0.8261, PPV: 0.8788, NPV: 0.5135, F1: 0.7250
  Val Best Threshold 0.45 → Balanced Acc: 0.7228, Acc: 0.7143, Sensitivity: 0.6957, Specificity: 0.7500, PPV: 0.8421, NPV: 0.5625, F1: 0.7619
Epoch 20/50 - Train Loss: 0.6656, Train Acc: 0.5929, Train AUC: 0.6797 - Val Loss: 0.6445, Val Acc (0.5): 0.4857, Val AUC: 0.7935
  Train Best Threshold 0.55 → Balanced Acc: 0.6799, Acc: 0.6000, Sensitivity: 0.4468, Specificity: 0.9130, PPV: 0.9130, NPV: 0.4468, F1: 0.6000
  Val Best Threshold 0.45 → Balanced Acc: 0.7228, Acc: 0.7143, Sensitivity: 0.6957, Specificity: 0.7500, PPV: 0.8421, NPV: 0.5625, F1: 0.7619
  → New best validation AUC: 0.7935
Epoch 21/50 - Train Loss: 0.6608, Train Acc: 0.5929, Train AUC: 0.6783 - Val Loss: 0.6411, Val Acc (0.5): 0.4857, Val AUC: 0.7899
  Train Best Threshold 0.40 → Balanced Acc: 0.6258, Acc: 0.7286, Sensitivity: 0.9255, Specificity: 0.3261, PPV: 0.7373, NPV: 0.6818, F1: 0.8208
  Val Best Threshold 0.40 → Balanced Acc: 0.7482, Acc: 0.8000, Sensitivity: 0.9130, Specificity: 0.5833, PPV: 0.8077, NPV: 0.7778, F1: 0.8571
Epoch 22/50 - Train Loss: 0.6586, Train Acc: 0.6429, Train AUC: 0.7329 - Val Loss: 0.6372, Val Acc (0.5): 0.4571, Val AUC: 0.7935
  Train Best Threshold 0.45 → Balanced Acc: 0.7086, Acc: 0.7429, Sensitivity: 0.8085, Specificity: 0.6087, PPV: 0.8085, NPV: 0.6087, F1: 0.8085
  Val Best Threshold 0.40 → Balanced Acc: 0.7899, Acc: 0.8286, Sensitivity: 0.9130, Specificity: 0.6667, PPV: 0.8400, NPV: 0.8000, F1: 0.8750
Epoch 23/50 - Train Loss: 0.6596, Train Acc: 0.6071, Train AUC: 0.7005 - Val Loss: 0.6345, Val Acc (0.5): 0.4571, Val AUC: 0.7971
  Train Best Threshold 0.55 → Balanced Acc: 0.6480, Acc: 0.5571, Sensitivity: 0.3830, Specificity: 0.9130, PPV: 0.9000, NPV: 0.4200, F1: 0.5373
  Val Best Threshold 0.40 → Balanced Acc: 0.7464, Acc: 0.7714, Sensitivity: 0.8261, Specificity: 0.6667, PPV: 0.8261, NPV: 0.6667, F1: 0.8261
  → New best validation AUC: 0.7971
Epoch 24/50 - Train Loss: 0.6487, Train Acc: 0.6786, Train AUC: 0.7484 - Val Loss: 0.6328, Val Acc (0.5): 0.4857, Val AUC: 0.7971
  Train Best Threshold 0.50 → Balanced Acc: 0.7162, Acc: 0.6786, Sensitivity: 0.6064, Specificity: 0.8261, PPV: 0.8769, NPV: 0.5067, F1: 0.7170
  Val Best Threshold 0.40 → Balanced Acc: 0.7681, Acc: 0.8000, Sensitivity: 0.8696, Specificity: 0.6667, PPV: 0.8333, NPV: 0.7273, F1: 0.8511
Epoch 25/50 - Train Loss: 0.6431, Train Acc: 0.6500, Train AUC: 0.7461 - Val Loss: 0.6307, Val Acc (0.5): 0.4857, Val AUC: 0.8043
  Train Best Threshold 0.45 → Balanced Acc: 0.6873, Acc: 0.7143, Sensitivity: 0.7660, Specificity: 0.6087, PPV: 0.8000, NPV: 0.5600, F1: 0.7826
  Val Best Threshold 0.40 → Balanced Acc: 0.7899, Acc: 0.8286, Sensitivity: 0.9130, Specificity: 0.6667, PPV: 0.8400, NPV: 0.8000, F1: 0.8750
  → New best validation AUC: 0.8043
Epoch 26/50 - Train Loss: 0.6581, Train Acc: 0.6214, Train AUC: 0.7098 - Val Loss: 0.6301, Val Acc (0.5): 0.4857, Val AUC: 0.8080
  Train Best Threshold 0.55 → Balanced Acc: 0.6908, Acc: 0.6071, Sensitivity: 0.4468, Specificity: 0.9348, PPV: 0.9333, NPV: 0.4526, F1: 0.6043
  Val Best Threshold 0.40 → Balanced Acc: 0.7482, Acc: 0.8000, Sensitivity: 0.9130, Specificity: 0.5833, PPV: 0.8077, NPV: 0.7778, F1: 0.8571
  → New best validation AUC: 0.8080
Epoch 27/50 - Train Loss: 0.6271, Train Acc: 0.6643, Train AUC: 0.7986 - Val Loss: 0.6276, Val Acc (0.5): 0.5429, Val AUC: 0.8043
  Train Best Threshold 0.45 → Balanced Acc: 0.7146, Acc: 0.7286, Sensitivity: 0.7553, Specificity: 0.6739, PPV: 0.8256, NPV: 0.5741, F1: 0.7889
  Val Best Threshold 0.40 → Balanced Acc: 0.7482, Acc: 0.8000, Sensitivity: 0.9130, Specificity: 0.5833, PPV: 0.8077, NPV: 0.7778, F1: 0.8571
Epoch 28/50 - Train Loss: 0.6308, Train Acc: 0.6786, Train AUC: 0.7676 - Val Loss: 0.6249, Val Acc (0.5): 0.5429, Val AUC: 0.8116
  Train Best Threshold 0.45 → Balanced Acc: 0.7199, Acc: 0.7357, Sensitivity: 0.7660, Specificity: 0.6739, PPV: 0.8276, NPV: 0.5849, F1: 0.7956
  Val Best Threshold 0.40 → Balanced Acc: 0.7482, Acc: 0.8000, Sensitivity: 0.9130, Specificity: 0.5833, PPV: 0.8077, NPV: 0.7778, F1: 0.8571
  → New best validation AUC: 0.8116
Epoch 29/50 - Train Loss: 0.6514, Train Acc: 0.6286, Train AUC: 0.7294 - Val Loss: 0.6233, Val Acc (0.5): 0.5429, Val AUC: 0.8152
  Train Best Threshold 0.50 → Balanced Acc: 0.6679, Acc: 0.6286, Sensitivity: 0.5532, Specificity: 0.7826, PPV: 0.8387, NPV: 0.4615, F1: 0.6667
  Val Best Threshold 0.40 → Balanced Acc: 0.7482, Acc: 0.8000, Sensitivity: 0.9130, Specificity: 0.5833, PPV: 0.8077, NPV: 0.7778, F1: 0.8571
  → New best validation AUC: 0.8152
Epoch 30/50 - Train Loss: 0.6362, Train Acc: 0.6571, Train AUC: 0.7791 - Val Loss: 0.6191, Val Acc (0.5): 0.5429, Val AUC: 0.8188
  Train Best Threshold 0.45 → Balanced Acc: 0.7407, Acc: 0.7786, Sensitivity: 0.8511, Specificity: 0.6304, PPV: 0.8247, NPV: 0.6744, F1: 0.8377
  Val Best Threshold 0.40 → Balanced Acc: 0.7482, Acc: 0.8000, Sensitivity: 0.9130, Specificity: 0.5833, PPV: 0.8077, NPV: 0.7778, F1: 0.8571
  → New best validation AUC: 0.8188
Epoch 31/50 - Train Loss: 0.6071, Train Acc: 0.7000, Train AUC: 0.8180 - Val Loss: 0.6181, Val Acc (0.5): 0.5714, Val AUC: 0.8152
  Train Best Threshold 0.45 → Balanced Acc: 0.7685, Acc: 0.7786, Sensitivity: 0.7979, Specificity: 0.7391, PPV: 0.8621, NPV: 0.6415, F1: 0.8287
  Val Best Threshold 0.40 → Balanced Acc: 0.7482, Acc: 0.8000, Sensitivity: 0.9130, Specificity: 0.5833, PPV: 0.8077, NPV: 0.7778, F1: 0.8571
Epoch 32/50 - Train Loss: 0.6416, Train Acc: 0.6571, Train AUC: 0.7532 - Val Loss: 0.6169, Val Acc (0.5): 0.5714, Val AUC: 0.8116
  Train Best Threshold 0.50 → Balanced Acc: 0.6947, Acc: 0.6571, Sensitivity: 0.5851, Specificity: 0.8043, PPV: 0.8594, NPV: 0.4868, F1: 0.6962
  Val Best Threshold 0.40 → Balanced Acc: 0.7699, Acc: 0.8286, Sensitivity: 0.9565, Specificity: 0.5833, PPV: 0.8148, NPV: 0.8750, F1: 0.8800
Epoch 33/50 - Train Loss: 0.6091, Train Acc: 0.7143, Train AUC: 0.8062 - Val Loss: 0.6159, Val Acc (0.5): 0.6000, Val AUC: 0.8080
  Train Best Threshold 0.50 → Balanced Acc: 0.7650, Acc: 0.7143, Sensitivity: 0.6170, Specificity: 0.9130, PPV: 0.9355, NPV: 0.5385, F1: 0.7436
  Val Best Threshold 0.40 → Balanced Acc: 0.7699, Acc: 0.8286, Sensitivity: 0.9565, Specificity: 0.5833, PPV: 0.8148, NPV: 0.8750, F1: 0.8800
Epoch 34/50 - Train Loss: 0.6133, Train Acc: 0.6714, Train AUC: 0.7882 - Val Loss: 0.6162, Val Acc (0.5): 0.6286, Val AUC: 0.7971
  Train Best Threshold 0.45 → Balanced Acc: 0.7202, Acc: 0.7286, Sensitivity: 0.7447, Specificity: 0.6957, PPV: 0.8333, NPV: 0.5714, F1: 0.7865
  Val Best Threshold 0.40 → Balanced Acc: 0.7699, Acc: 0.8286, Sensitivity: 0.9565, Specificity: 0.5833, PPV: 0.8148, NPV: 0.8750, F1: 0.8800
Epoch 35/50 - Train Loss: 0.6225, Train Acc: 0.6714, Train AUC: 0.7847 - Val Loss: 0.6164, Val Acc (0.5): 0.6571, Val AUC: 0.7899
  Train Best Threshold 0.45 → Balanced Acc: 0.7417, Acc: 0.7500, Sensitivity: 0.7660, Specificity: 0.7174, PPV: 0.8471, NPV: 0.6000, F1: 0.8045
  Val Best Threshold 0.40 → Balanced Acc: 0.7699, Acc: 0.8286, Sensitivity: 0.9565, Specificity: 0.5833, PPV: 0.8148, NPV: 0.8750, F1: 0.8800
Epoch 36/50 - Train Loss: 0.6052, Train Acc: 0.7071, Train AUC: 0.8094 - Val Loss: 0.6132, Val Acc (0.5): 0.6571, Val AUC: 0.7971
  Train Best Threshold 0.50 → Balanced Acc: 0.7486, Acc: 0.7071, Sensitivity: 0.6277, Specificity: 0.8696, PPV: 0.9077, NPV: 0.5333, F1: 0.7421
  Val Best Threshold 0.40 → Balanced Acc: 0.7699, Acc: 0.8286, Sensitivity: 0.9565, Specificity: 0.5833, PPV: 0.8148, NPV: 0.8750, F1: 0.8800
Epoch 37/50 - Train Loss: 0.6189, Train Acc: 0.7000, Train AUC: 0.7898 - Val Loss: 0.6124, Val Acc (0.5): 0.6571, Val AUC: 0.7935
  Train Best Threshold 0.45 → Balanced Acc: 0.7470, Acc: 0.7571, Sensitivity: 0.7766, Specificity: 0.7174, PPV: 0.8488, NPV: 0.6111, F1: 0.8111
  Val Best Threshold 0.40 → Balanced Acc: 0.7699, Acc: 0.8286, Sensitivity: 0.9565, Specificity: 0.5833, PPV: 0.8148, NPV: 0.8750, F1: 0.8800
Epoch 38/50 - Train Loss: 0.6109, Train Acc: 0.7000, Train AUC: 0.7817 - Val Loss: 0.6091, Val Acc (0.5): 0.6571, Val AUC: 0.7971
  Train Best Threshold 0.50 → Balanced Acc: 0.7266, Acc: 0.7000, Sensitivity: 0.6489, Specificity: 0.8043, PPV: 0.8714, NPV: 0.5286, F1: 0.7439
  Val Best Threshold 0.40 → Balanced Acc: 0.7699, Acc: 0.8286, Sensitivity: 0.9565, Specificity: 0.5833, PPV: 0.8148, NPV: 0.8750, F1: 0.8800
Epoch 39/50 - Train Loss: 0.6002, Train Acc: 0.6929, Train AUC: 0.8208 - Val Loss: 0.6089, Val Acc (0.5): 0.6571, Val AUC: 0.7971
  Train Best Threshold 0.50 → Balanced Acc: 0.7269, Acc: 0.6929, Sensitivity: 0.6277, Specificity: 0.8261, PPV: 0.8806, NPV: 0.5205, F1: 0.7329
  Val Best Threshold 0.40 → Balanced Acc: 0.7699, Acc: 0.8286, Sensitivity: 0.9565, Specificity: 0.5833, PPV: 0.8148, NPV: 0.8750, F1: 0.8800
Epoch 40/50 - Train Loss: 0.6012, Train Acc: 0.7357, Train AUC: 0.8367 - Val Loss: 0.6048, Val Acc (0.5): 0.6571, Val AUC: 0.7971
  Train Best Threshold 0.50 → Balanced Acc: 0.7810, Acc: 0.7357, Sensitivity: 0.6489, Specificity: 0.9130, PPV: 0.9385, NPV: 0.5600, F1: 0.7673
  Val Best Threshold 0.40 → Balanced Acc: 0.8116, Acc: 0.8571, Sensitivity: 0.9565, Specificity: 0.6667, PPV: 0.8462, NPV: 0.8889, F1: 0.8980
Epoch 41/50 - Train Loss: 0.5998, Train Acc: 0.7286, Train AUC: 0.8293 - Val Loss: 0.6078, Val Acc (0.5): 0.6000, Val AUC: 0.7971
  Train Best Threshold 0.45 → Balanced Acc: 0.7953, Acc: 0.8071, Sensitivity: 0.8298, Specificity: 0.7609, PPV: 0.8764, NPV: 0.6863, F1: 0.8525
  Val Best Threshold 0.40 → Balanced Acc: 0.7917, Acc: 0.8571, Sensitivity: 1.0000, Specificity: 0.5833, PPV: 0.8214, NPV: 1.0000, F1: 0.9020
Epoch 42/50 - Train Loss: 0.6029, Train Acc: 0.7143, Train AUC: 0.7960 - Val Loss: 0.6063, Val Acc (0.5): 0.6000, Val AUC: 0.7971
  Train Best Threshold 0.50 → Balanced Acc: 0.7428, Acc: 0.7143, Sensitivity: 0.6596, Specificity: 0.8261, PPV: 0.8857, NPV: 0.5429, F1: 0.7561
  Val Best Threshold 0.40 → Balanced Acc: 0.7917, Acc: 0.8571, Sensitivity: 1.0000, Specificity: 0.5833, PPV: 0.8214, NPV: 1.0000, F1: 0.9020
Epoch 43/50 - Train Loss: 0.5826, Train Acc: 0.7500, Train AUC: 0.8555 - Val Loss: 0.6058, Val Acc (0.5): 0.6286, Val AUC: 0.7935
  Train Best Threshold 0.45 → Balanced Acc: 0.7956, Acc: 0.8000, Sensitivity: 0.8085, Specificity: 0.7826, PPV: 0.8837, NPV: 0.6667, F1: 0.8444
  Val Best Threshold 0.40 → Balanced Acc: 0.7917, Acc: 0.8571, Sensitivity: 1.0000, Specificity: 0.5833, PPV: 0.8214, NPV: 1.0000, F1: 0.9020
Early stopping at epoch 43
Loaded best model with validation AUC: 0.8188
Final Train Results (Best Model) at epoch 30 - Loss: 0.6197, Accuracy: 0.7357, AUC: 0.8284
Final Val Results (Best Model) at epoch 30 - Loss: 0.6191, Accuracy: 0.5429, AUC: 0.8188
Train Best Threshold: 0.50 | Balanced Acc: 0.7754 | Acc: 0.7357 | Sensitivity: 0.6596 | Specificity: 0.8913 | PPV: 0.9254 | NPV: 0.5616 | F1: 0.7702
Train Confusion Matrix at Best Threshold (rows=actual [0,1], cols=predicted [0,1]):
[[41  5]
 [32 62]]
Val Best Threshold: 0.40 | Balanced Acc: 0.7482 | Acc: 0.8000 | Sensitivity: 0.9130 | Specificity: 0.5833 | PPV: 0.8077 | NPV: 0.7778 | F1: 0.8571
Val Confusion Matrix at Best Threshold (rows=actual [0,1], cols=predicted [0,1]):
[[ 7  5]
 [ 2 21]]

Fold 4 Training Cases (140): ['1', '100', '101', '102', '104', '105', '106', '108', '110', '112', '113', '114', '115', '118', '119', '122', '123', '126', '129', '132', '135', '137', '142', '144', '145', '152', '153', '154', '158', '162', '163', '164', '165', '169', '173', '175', '178', '180', '181', '186', '192', '197', '203', '204', '205', '206', '207', '210', '211', '215', '219', '221', '223', '224', '226', '231', '24', '241', '244', '245', '25', '250', '251', '253', '254', '255', '257', '258', '26', '260', '262', '263', '264', '27', '273', '274', '275', '276', '278', '280', '281', '284', '287', '29', '292', '300', '301', '303', '304', '307', '308', '31', '310', '311', '32', '324', '329', '331', '332', '37', '38', '4', '40', '43', '45', '46', '49', '5', '50', '52', '53', '55', '57', '58', '6', '60', '62', '63', '64', '65', '67', '68', '7', '73', '78', '8', '80', '81', '83', '85', '86', '87', '88', '89', '91', '93', '96', '97', '98', '99']
Fold 4 Validation Cases (35): ['107', '11', '111', '146', '157', '166', '177', '18', '185', '191', '217', '218', '220', '232', '259', '268', '269', '272', '283', '289', '298', '299', '306', '312', '313', '319', '320', '48', '51', '69', '77', '9', '90', '92', '95']
Fold 4 class distribution:
  Train: Class 0=46 (32.9%), Class 1=94 (67.1%)
  Val:   Class 0=12 (34.3%), Class 1=23 (65.7%)

======================================================================
Fold 4/5
======================================================================
Train: 140 patients
Val: 35 patients
Fitting clinical preprocessor on training data...
Built clinical feature dictionaries: train=140, val=35
Clinical input dimension: 5
Backbone feature dimension: 512
Created mean pooling model with backbone resnet18
Using device: cuda
Class weights: [1.0, 0.4893617033958435]
Weight decay (L2 reg): 0.0001
Label smoothing: 0.1

Epoch 1/50 - Train Loss: 0.7151, Train Acc: 0.4214, Train AUC: 0.4433 - Val Loss: 0.6931, Val Acc (0.5): 0.3429, Val AUC: 0.5580
  Train Best Threshold 0.40 → Balanced Acc: 0.5113, Acc: 0.6643, Sensitivity: 0.9574, Specificity: 0.0652, PPV: 0.6767, NPV: 0.4286, F1: 0.7930
  Val Best Threshold 0.45 → Balanced Acc: 0.6141, Acc: 0.5714, Sensitivity: 0.4783, Specificity: 0.7500, PPV: 0.7857, NPV: 0.4286, F1: 0.5946
  → New best validation AUC: 0.5580
Epoch 2/50 - Train Loss: 0.7241, Train Acc: 0.4143, Train AUC: 0.4581 - Val Loss: 0.6979, Val Acc (0.5): 0.3714, Val AUC: 0.5761
  Train Best Threshold 0.45 → Balanced Acc: 0.5250, Acc: 0.5857, Sensitivity: 0.7021, Specificity: 0.3478, PPV: 0.6875, NPV: 0.3636, F1: 0.6947
  Val Best Threshold 0.50 → Balanced Acc: 0.5217, Acc: 0.3714, Sensitivity: 0.0435, Specificity: 1.0000, PPV: 1.0000, NPV: 0.3529, F1: 0.0833
  → New best validation AUC: 0.5761
Epoch 3/50 - Train Loss: 0.6990, Train Acc: 0.4714, Train AUC: 0.5326 - Val Loss: 0.6981, Val Acc (0.5): 0.4000, Val AUC: 0.6196
  Train Best Threshold 0.40 → Balanced Acc: 0.5493, Acc: 0.6929, Sensitivity: 0.9681, Specificity: 0.1304, PPV: 0.6947, NPV: 0.6667, F1: 0.8089
  Val Best Threshold 0.50 → Balanced Acc: 0.5236, Acc: 0.4000, Sensitivity: 0.1304, Specificity: 0.9167, PPV: 0.7500, NPV: 0.3548, F1: 0.2222
  → New best validation AUC: 0.6196
Epoch 4/50 - Train Loss: 0.7188, Train Acc: 0.4857, Train AUC: 0.4711 - Val Loss: 0.6947, Val Acc (0.5): 0.4000, Val AUC: 0.6522
  Train Best Threshold 0.50 → Balanced Acc: 0.5116, Acc: 0.4857, Sensitivity: 0.4362, Specificity: 0.5870, PPV: 0.6833, NPV: 0.3375, F1: 0.5325
  Val Best Threshold 0.45 → Balanced Acc: 0.6232, Acc: 0.7143, Sensitivity: 0.9130, Specificity: 0.3333, PPV: 0.7241, NPV: 0.6667, F1: 0.8077
  → New best validation AUC: 0.6522
Epoch 5/50 - Train Loss: 0.6924, Train Acc: 0.5500, Train AUC: 0.5812 - Val Loss: 0.6918, Val Acc (0.5): 0.4000, Val AUC: 0.6739
  Train Best Threshold 0.40 → Balanced Acc: 0.5816, Acc: 0.7214, Sensitivity: 0.9894, Specificity: 0.1739, PPV: 0.7099, NPV: 0.8889, F1: 0.8267
  Val Best Threshold 0.45 → Balanced Acc: 0.6649, Acc: 0.7429, Sensitivity: 0.9130, Specificity: 0.4167, PPV: 0.7500, NPV: 0.7143, F1: 0.8235
  → New best validation AUC: 0.6739
Epoch 6/50 - Train Loss: 0.7023, Train Acc: 0.5071, Train AUC: 0.5354 - Val Loss: 0.6887, Val Acc (0.5): 0.4286, Val AUC: 0.6812
  Train Best Threshold 0.45 → Balanced Acc: 0.5347, Acc: 0.6286, Sensitivity: 0.8085, Specificity: 0.2609, PPV: 0.6909, NPV: 0.4000, F1: 0.7451
  Val Best Threshold 0.45 → Balanced Acc: 0.5996, Acc: 0.6571, Sensitivity: 0.7826, Specificity: 0.4167, PPV: 0.7200, NPV: 0.5000, F1: 0.7500
  → New best validation AUC: 0.6812
Epoch 7/50 - Train Loss: 0.6970, Train Acc: 0.4857, Train AUC: 0.5553 - Val Loss: 0.6857, Val Acc (0.5): 0.4286, Val AUC: 0.6993
  Train Best Threshold 0.55 → Balanced Acc: 0.5738, Acc: 0.4500, Sensitivity: 0.2128, Specificity: 0.9348, PPV: 0.8696, NPV: 0.3675, F1: 0.3419
  Val Best Threshold 0.45 → Balanced Acc: 0.6178, Acc: 0.6286, Sensitivity: 0.6522, Specificity: 0.5833, PPV: 0.7500, NPV: 0.4667, F1: 0.6977
  → New best validation AUC: 0.6993
Epoch 8/50 - Train Loss: 0.6999, Train Acc: 0.4857, Train AUC: 0.5608 - Val Loss: 0.6849, Val Acc (0.5): 0.5143, Val AUC: 0.7065
  Train Best Threshold 0.45 → Balanced Acc: 0.5675, Acc: 0.6429, Sensitivity: 0.7872, Specificity: 0.3478, PPV: 0.7115, NPV: 0.4444, F1: 0.7475
  Val Best Threshold 0.45 → Balanced Acc: 0.6830, Acc: 0.7143, Sensitivity: 0.7826, Specificity: 0.5833, PPV: 0.7826, NPV: 0.5833, F1: 0.7826
  → New best validation AUC: 0.7065
Epoch 9/50 - Train Loss: 0.7047, Train Acc: 0.5143, Train AUC: 0.5224 - Val Loss: 0.6799, Val Acc (0.5): 0.5429, Val AUC: 0.7283
  Train Best Threshold 0.55 → Balanced Acc: 0.5356, Acc: 0.4286, Sensitivity: 0.2234, Specificity: 0.8478, PPV: 0.7500, NPV: 0.3482, F1: 0.3443
  Val Best Threshold 0.50 → Balanced Acc: 0.6522, Acc: 0.5429, Sensitivity: 0.3043, Specificity: 1.0000, PPV: 1.0000, NPV: 0.4286, F1: 0.4667
  → New best validation AUC: 0.7283
Epoch 10/50 - Train Loss: 0.7008, Train Acc: 0.4643, Train AUC: 0.5594 - Val Loss: 0.6774, Val Acc (0.5): 0.5143, Val AUC: 0.7319
  Train Best Threshold 0.45 → Balanced Acc: 0.5465, Acc: 0.6071, Sensitivity: 0.7234, Specificity: 0.3696, PPV: 0.7010, NPV: 0.3953, F1: 0.7120
  Val Best Threshold 0.45 → Balanced Acc: 0.6159, Acc: 0.6000, Sensitivity: 0.5652, Specificity: 0.6667, PPV: 0.7647, NPV: 0.4444, F1: 0.6500
  → New best validation AUC: 0.7319
Epoch 11/50 - Train Loss: 0.6790, Train Acc: 0.5929, Train AUC: 0.6656 - Val Loss: 0.6749, Val Acc (0.5): 0.5429, Val AUC: 0.7464
  Train Best Threshold 0.50 → Balanced Acc: 0.6302, Acc: 0.5929, Sensitivity: 0.5213, Specificity: 0.7391, PPV: 0.8033, NPV: 0.4304, F1: 0.6323
  Val Best Threshold 0.45 → Balanced Acc: 0.6377, Acc: 0.6286, Sensitivity: 0.6087, Specificity: 0.6667, PPV: 0.7778, NPV: 0.4706, F1: 0.6829
  → New best validation AUC: 0.7464
Epoch 12/50 - Train Loss: 0.6726, Train Acc: 0.5857, Train AUC: 0.6711 - Val Loss: 0.6733, Val Acc (0.5): 0.5429, Val AUC: 0.7609
  Train Best Threshold 0.45 → Balanced Acc: 0.6325, Acc: 0.6929, Sensitivity: 0.8085, Specificity: 0.4565, PPV: 0.7525, NPV: 0.5385, F1: 0.7795
  Val Best Threshold 0.45 → Balanced Acc: 0.6377, Acc: 0.6286, Sensitivity: 0.6087, Specificity: 0.6667, PPV: 0.7778, NPV: 0.4706, F1: 0.6829
  → New best validation AUC: 0.7609
Epoch 13/50 - Train Loss: 0.6850, Train Acc: 0.6000, Train AUC: 0.6429 - Val Loss: 0.6717, Val Acc (0.5): 0.5429, Val AUC: 0.7609
  Train Best Threshold 0.50 → Balanced Acc: 0.6300, Acc: 0.6000, Sensitivity: 0.5426, Specificity: 0.7174, PPV: 0.7969, NPV: 0.4342, F1: 0.6456
  Val Best Threshold 0.45 → Balanced Acc: 0.6594, Acc: 0.6571, Sensitivity: 0.6522, Specificity: 0.6667, PPV: 0.7895, NPV: 0.5000, F1: 0.7143
Epoch 14/50 - Train Loss: 0.6742, Train Acc: 0.6071, Train AUC: 0.6873 - Val Loss: 0.6690, Val Acc (0.5): 0.5714, Val AUC: 0.7681
  Train Best Threshold 0.45 → Balanced Acc: 0.6540, Acc: 0.7143, Sensitivity: 0.8298, Specificity: 0.4783, PPV: 0.7647, NPV: 0.5789, F1: 0.7959
  Val Best Threshold 0.45 → Balanced Acc: 0.6395, Acc: 0.6571, Sensitivity: 0.6957, Specificity: 0.5833, PPV: 0.7619, NPV: 0.5000, F1: 0.7273
  → New best validation AUC: 0.7681
Epoch 15/50 - Train Loss: 0.6780, Train Acc: 0.5857, Train AUC: 0.6378 - Val Loss: 0.6672, Val Acc (0.5): 0.5714, Val AUC: 0.7717
  Train Best Threshold 0.50 → Balanced Acc: 0.6082, Acc: 0.5857, Sensitivity: 0.5426, Specificity: 0.6739, PPV: 0.7727, NPV: 0.4189, F1: 0.6375
  Val Best Threshold 0.45 → Balanced Acc: 0.6594, Acc: 0.6571, Sensitivity: 0.6522, Specificity: 0.6667, PPV: 0.7895, NPV: 0.5000, F1: 0.7143
  → New best validation AUC: 0.7717
Epoch 16/50 - Train Loss: 0.6888, Train Acc: 0.5429, Train AUC: 0.6221 - Val Loss: 0.6648, Val Acc (0.5): 0.5714, Val AUC: 0.7717
  Train Best Threshold 0.45 → Balanced Acc: 0.5897, Acc: 0.6429, Sensitivity: 0.7447, Specificity: 0.4348, PPV: 0.7292, NPV: 0.4545, F1: 0.7368
  Val Best Threshold 0.45 → Balanced Acc: 0.7428, Acc: 0.7143, Sensitivity: 0.6522, Specificity: 0.8333, PPV: 0.8824, NPV: 0.5556, F1: 0.7500
Epoch 17/50 - Train Loss: 0.6626, Train Acc: 0.6071, Train AUC: 0.7283 - Val Loss: 0.6651, Val Acc (0.5): 0.5714, Val AUC: 0.7645
  Train Best Threshold 0.45 → Balanced Acc: 0.6538, Acc: 0.7214, Sensitivity: 0.8511, Specificity: 0.4565, PPV: 0.7619, NPV: 0.6000, F1: 0.8040
  Val Best Threshold 0.40 → Balanced Acc: 0.6449, Acc: 0.7429, Sensitivity: 0.9565, Specificity: 0.3333, PPV: 0.7333, NPV: 0.8000, F1: 0.8302
Epoch 18/50 - Train Loss: 0.6585, Train Acc: 0.6857, Train AUC: 0.7599 - Val Loss: 0.6643, Val Acc (0.5): 0.5714, Val AUC: 0.7717
  Train Best Threshold 0.50 → Balanced Acc: 0.7216, Acc: 0.6857, Sensitivity: 0.6170, Specificity: 0.8261, PPV: 0.8788, NPV: 0.5135, F1: 0.7250
  Val Best Threshold 0.45 → Balanced Acc: 0.6395, Acc: 0.6571, Sensitivity: 0.6957, Specificity: 0.5833, PPV: 0.7619, NPV: 0.5000, F1: 0.7273
Epoch 19/50 - Train Loss: 0.6559, Train Acc: 0.6500, Train AUC: 0.7407 - Val Loss: 0.6642, Val Acc (0.5): 0.6000, Val AUC: 0.7645
  Train Best Threshold 0.50 → Balanced Acc: 0.6728, Acc: 0.6500, Sensitivity: 0.6064, Specificity: 0.7391, PPV: 0.8261, NPV: 0.4789, F1: 0.6994
  Val Best Threshold 0.50 → Balanced Acc: 0.6558, Acc: 0.6000, Sensitivity: 0.4783, Specificity: 0.8333, PPV: 0.8462, NPV: 0.4545, F1: 0.6111
Epoch 20/50 - Train Loss: 0.6357, Train Acc: 0.6429, Train AUC: 0.8122 - Val Loss: 0.6622, Val Acc (0.5): 0.6000, Val AUC: 0.7609
  Train Best Threshold 0.55 → Balanced Acc: 0.6966, Acc: 0.6000, Sensitivity: 0.4149, Specificity: 0.9783, PPV: 0.9750, NPV: 0.4500, F1: 0.5821
  Val Best Threshold 0.50 → Balanced Acc: 0.6558, Acc: 0.6000, Sensitivity: 0.4783, Specificity: 0.8333, PPV: 0.8462, NPV: 0.4545, F1: 0.6111
Epoch 21/50 - Train Loss: 0.6345, Train Acc: 0.6429, Train AUC: 0.7699 - Val Loss: 0.6607, Val Acc (0.5): 0.6286, Val AUC: 0.7609
  Train Best Threshold 0.50 → Balanced Acc: 0.6730, Acc: 0.6429, Sensitivity: 0.5851, Specificity: 0.7609, PPV: 0.8333, NPV: 0.4730, F1: 0.6875
  Val Best Threshold 0.50 → Balanced Acc: 0.6775, Acc: 0.6286, Sensitivity: 0.5217, Specificity: 0.8333, PPV: 0.8571, NPV: 0.4762, F1: 0.6486
Epoch 22/50 - Train Loss: 0.6679, Train Acc: 0.6357, Train AUC: 0.6887 - Val Loss: 0.6599, Val Acc (0.5): 0.6286, Val AUC: 0.7572
  Train Best Threshold 0.45 → Balanced Acc: 0.6654, Acc: 0.7071, Sensitivity: 0.7872, Specificity: 0.5435, PPV: 0.7789, NPV: 0.5556, F1: 0.7831
  Val Best Threshold 0.50 → Balanced Acc: 0.6775, Acc: 0.6286, Sensitivity: 0.5217, Specificity: 0.8333, PPV: 0.8571, NPV: 0.4762, F1: 0.6486
Epoch 23/50 - Train Loss: 0.6479, Train Acc: 0.6857, Train AUC: 0.7479 - Val Loss: 0.6614, Val Acc (0.5): 0.6286, Val AUC: 0.7536
  Train Best Threshold 0.50 → Balanced Acc: 0.7105, Acc: 0.6857, Sensitivity: 0.6383, Specificity: 0.7826, PPV: 0.8571, NPV: 0.5143, F1: 0.7317
  Val Best Threshold 0.50 → Balanced Acc: 0.6775, Acc: 0.6286, Sensitivity: 0.5217, Specificity: 0.8333, PPV: 0.8571, NPV: 0.4762, F1: 0.6486
Epoch 24/50 - Train Loss: 0.6524, Train Acc: 0.6429, Train AUC: 0.7290 - Val Loss: 0.6608, Val Acc (0.5): 0.6571, Val AUC: 0.7391
  Train Best Threshold 0.50 → Balanced Acc: 0.6674, Acc: 0.6429, Sensitivity: 0.5957, Specificity: 0.7391, PPV: 0.8235, NPV: 0.4722, F1: 0.6914
  Val Best Threshold 0.45 → Balanced Acc: 0.7029, Acc: 0.7143, Sensitivity: 0.7391, Specificity: 0.6667, PPV: 0.8095, NPV: 0.5714, F1: 0.7727
Epoch 25/50 - Train Loss: 0.6340, Train Acc: 0.6429, Train AUC: 0.7784 - Val Loss: 0.6571, Val Acc (0.5): 0.6000, Val AUC: 0.7391
  Train Best Threshold 0.45 → Balanced Acc: 0.6977, Acc: 0.7357, Sensitivity: 0.8085, Specificity: 0.5870, PPV: 0.8000, NPV: 0.6000, F1: 0.8042
  Val Best Threshold 0.45 → Balanced Acc: 0.6812, Acc: 0.6857, Sensitivity: 0.6957, Specificity: 0.6667, PPV: 0.8000, NPV: 0.5333, F1: 0.7442
Epoch 26/50 - Train Loss: 0.6407, Train Acc: 0.6929, Train AUC: 0.7632 - Val Loss: 0.6552, Val Acc (0.5): 0.6000, Val AUC: 0.7355
  Train Best Threshold 0.50 → Balanced Acc: 0.7047, Acc: 0.6929, Sensitivity: 0.6702, Specificity: 0.7391, PPV: 0.8400, NPV: 0.5231, F1: 0.7456
  Val Best Threshold 0.45 → Balanced Acc: 0.6812, Acc: 0.6857, Sensitivity: 0.6957, Specificity: 0.6667, PPV: 0.8000, NPV: 0.5333, F1: 0.7442
Epoch 27/50 - Train Loss: 0.6299, Train Acc: 0.7214, Train AUC: 0.7981 - Val Loss: 0.6533, Val Acc (0.5): 0.6000, Val AUC: 0.7319
  Train Best Threshold 0.50 → Balanced Acc: 0.7537, Acc: 0.7214, Sensitivity: 0.6596, Specificity: 0.8478, PPV: 0.8986, NPV: 0.5493, F1: 0.7607
  Val Best Threshold 0.45 → Balanced Acc: 0.6594, Acc: 0.6571, Sensitivity: 0.6522, Specificity: 0.6667, PPV: 0.7895, NPV: 0.5000, F1: 0.7143
Epoch 28/50 - Train Loss: 0.6307, Train Acc: 0.6714, Train AUC: 0.8004 - Val Loss: 0.6499, Val Acc (0.5): 0.6000, Val AUC: 0.7319
  Train Best Threshold 0.45 → Balanced Acc: 0.7192, Acc: 0.7571, Sensitivity: 0.8298, Specificity: 0.6087, PPV: 0.8125, NPV: 0.6364, F1: 0.8211
  Val Best Threshold 0.50 → Balanced Acc: 0.6757, Acc: 0.6000, Sensitivity: 0.4348, Specificity: 0.9167, PPV: 0.9091, NPV: 0.4583, F1: 0.5882
Early stopping at epoch 28
Loaded best model with validation AUC: 0.7717
Final Train Results (Best Model) at epoch 15 - Loss: 0.6666, Accuracy: 0.6714, AUC: 0.7879
Final Val Results (Best Model) at epoch 15 - Loss: 0.6672, Accuracy: 0.5714, AUC: 0.7717
Train Best Threshold: 0.50 | Balanced Acc: 0.7220 | Acc: 0.6714 | Sensitivity: 0.5745 | Specificity: 0.8696 | PPV: 0.9000 | NPV: 0.5000 | F1: 0.7013
Train Confusion Matrix at Best Threshold (rows=actual [0,1], cols=predicted [0,1]):
[[40  6]
 [40 54]]
Val Best Threshold: 0.45 | Balanced Acc: 0.6594 | Acc: 0.6571 | Sensitivity: 0.6522 | Specificity: 0.6667 | PPV: 0.7895 | NPV: 0.5000 | F1: 0.7143
Val Confusion Matrix at Best Threshold (rows=actual [0,1], cols=predicted [0,1]):
[[ 8  4]
 [ 8 15]]

Fold 5 Training Cases (140): ['1', '100', '101', '102', '104', '105', '106', '107', '108', '11', '110', '111', '113', '114', '118', '119', '123', '126', '129', '135', '137', '142', '144', '145', '146', '152', '154', '157', '163', '164', '165', '166', '169', '173', '175', '177', '178', '18', '181', '185', '186', '191', '192', '197', '203', '204', '205', '206', '217', '218', '219', '220', '221', '223', '226', '232', '241', '245', '25', '250', '253', '254', '255', '258', '259', '26', '260', '262', '263', '264', '268', '269', '27', '272', '273', '274', '275', '276', '281', '283', '284', '289', '29', '292', '298', '299', '300', '303', '304', '306', '307', '310', '311', '312', '313', '319', '320', '324', '331', '332', '37', '4', '40', '45', '48', '50', '51', '53', '55', '57', '58', '6', '60', '62', '63', '64', '65', '68', '69', '7', '73', '77', '78', '8', '80', '81', '85', '86', '87', '89', '9', '90', '91', '92', '93', '95', '96', '97', '98', '99']
Fold 5 Validation Cases (35): ['112', '115', '122', '132', '153', '158', '162', '180', '207', '210', '211', '215', '224', '231', '24', '244', '251', '257', '278', '280', '287', '301', '308', '31', '32', '329', '38', '43', '46', '49', '5', '52', '67', '83', '88']
Fold 5 class distribution:
  Train: Class 0=46 (32.9%), Class 1=94 (67.1%)
  Val:   Class 0=12 (34.3%), Class 1=23 (65.7%)

======================================================================
Fold 5/5
======================================================================
Train: 140 patients
Val: 35 patients
Fitting clinical preprocessor on training data...
Built clinical feature dictionaries: train=140, val=35
Clinical input dimension: 5
Backbone feature dimension: 512
Created mean pooling model with backbone resnet18
Using device: cuda
Class weights: [1.0, 0.4893617033958435]
Weight decay (L2 reg): 0.0001
Label smoothing: 0.1

Epoch 1/50 - Train Loss: 0.7145, Train Acc: 0.4143, Train AUC: 0.4746 - Val Loss: 0.7482, Val Acc (0.5): 0.3429, Val AUC: 0.4710
  Train Best Threshold 0.45 → Balanced Acc: 0.5414, Acc: 0.5929, Sensitivity: 0.6915, Specificity: 0.3913, PPV: 0.6989, NPV: 0.3830, F1: 0.6952
  Val Best Threshold 0.45 → Balanced Acc: 0.5054, Acc: 0.4286, Sensitivity: 0.2609, Specificity: 0.7500, PPV: 0.6667, NPV: 0.3462, F1: 0.3750
  → New best validation AUC: 0.4710
Epoch 2/50 - Train Loss: 0.7121, Train Acc: 0.4286, Train AUC: 0.4903 - Val Loss: 0.7312, Val Acc (0.5): 0.3429, Val AUC: 0.4891
  Train Best Threshold 0.40 → Balanced Acc: 0.5446, Acc: 0.6643, Sensitivity: 0.8936, Specificity: 0.1957, PPV: 0.6942, NPV: 0.4737, F1: 0.7814
  Val Best Threshold 0.05 → Balanced Acc: 0.5000, Acc: 0.6571, Sensitivity: 1.0000, Specificity: 0.0000, PPV: 0.6571, NPV: 0.0000, F1: 0.7931
  → New best validation AUC: 0.4891
Epoch 3/50 - Train Loss: 0.7160, Train Acc: 0.4143, Train AUC: 0.4371 - Val Loss: 0.7226, Val Acc (0.5): 0.3429, Val AUC: 0.5362
  Train Best Threshold 0.60 → Balanced Acc: 0.5160, Acc: 0.3500, Sensitivity: 0.0319, Specificity: 1.0000, PPV: 1.0000, NPV: 0.3358, F1: 0.0619
  Val Best Threshold 0.05 → Balanced Acc: 0.5000, Acc: 0.6571, Sensitivity: 1.0000, Specificity: 0.0000, PPV: 0.6571, NPV: 0.0000, F1: 0.7931
  → New best validation AUC: 0.5362
Epoch 4/50 - Train Loss: 0.7033, Train Acc: 0.4714, Train AUC: 0.5469 - Val Loss: 0.7153, Val Acc (0.5): 0.3714, Val AUC: 0.5906
  Train Best Threshold 0.45 → Balanced Acc: 0.5354, Acc: 0.6071, Sensitivity: 0.7447, Specificity: 0.3261, PPV: 0.6931, NPV: 0.3846, F1: 0.7179
  Val Best Threshold 0.45 → Balanced Acc: 0.5199, Acc: 0.6571, Sensitivity: 0.9565, Specificity: 0.0833, PPV: 0.6667, NPV: 0.5000, F1: 0.7857
  → New best validation AUC: 0.5906
Epoch 5/50 - Train Loss: 0.6993, Train Acc: 0.4929, Train AUC: 0.5617 - Val Loss: 0.7109, Val Acc (0.5): 0.4571, Val AUC: 0.6159
  Train Best Threshold 0.45 → Balanced Acc: 0.5409, Acc: 0.6071, Sensitivity: 0.7340, Specificity: 0.3478, PPV: 0.6970, NPV: 0.3902, F1: 0.7150
  Val Best Threshold 0.45 → Balanced Acc: 0.5417, Acc: 0.6857, Sensitivity: 1.0000, Specificity: 0.0833, PPV: 0.6765, NPV: 1.0000, F1: 0.8070
  → New best validation AUC: 0.6159
Epoch 6/50 - Train Loss: 0.7008, Train Acc: 0.4786, Train AUC: 0.5426 - Val Loss: 0.7106, Val Acc (0.5): 0.5143, Val AUC: 0.6304
  Train Best Threshold 0.55 → Balanced Acc: 0.5305, Acc: 0.4143, Sensitivity: 0.1915, Specificity: 0.8696, PPV: 0.7500, NPV: 0.3448, F1: 0.3051
  Val Best Threshold 0.45 → Balanced Acc: 0.5833, Acc: 0.7143, Sensitivity: 1.0000, Specificity: 0.1667, PPV: 0.6970, NPV: 1.0000, F1: 0.8214
  → New best validation AUC: 0.6304
Epoch 7/50 - Train Loss: 0.6933, Train Acc: 0.5143, Train AUC: 0.5920 - Val Loss: 0.7104, Val Acc (0.5): 0.4857, Val AUC: 0.6486
  Train Best Threshold 0.45 → Balanced Acc: 0.6163, Acc: 0.6786, Sensitivity: 0.7979, Specificity: 0.4348, PPV: 0.7426, NPV: 0.5128, F1: 0.7692
  Val Best Threshold 0.45 → Balanced Acc: 0.6014, Acc: 0.6857, Sensitivity: 0.8696, Specificity: 0.3333, PPV: 0.7143, NPV: 0.5714, F1: 0.7843
  → New best validation AUC: 0.6486
Epoch 8/50 - Train Loss: 0.6911, Train Acc: 0.5071, Train AUC: 0.6149 - Val Loss: 0.7100, Val Acc (0.5): 0.5143, Val AUC: 0.6486
  Train Best Threshold 0.45 → Balanced Acc: 0.5682, Acc: 0.6214, Sensitivity: 0.7234, Specificity: 0.4130, PPV: 0.7158, NPV: 0.4222, F1: 0.7196
  Val Best Threshold 0.45 → Balanced Acc: 0.6014, Acc: 0.6857, Sensitivity: 0.8696, Specificity: 0.3333, PPV: 0.7143, NPV: 0.5714, F1: 0.7843
Epoch 9/50 - Train Loss: 0.6657, Train Acc: 0.6214, Train AUC: 0.7139 - Val Loss: 0.7094, Val Acc (0.5): 0.4857, Val AUC: 0.6522
  Train Best Threshold 0.45 → Balanced Acc: 0.6429, Acc: 0.7143, Sensitivity: 0.8511, Specificity: 0.4348, PPV: 0.7547, NPV: 0.5882, F1: 0.8000
  Val Best Threshold 0.45 → Balanced Acc: 0.6848, Acc: 0.7429, Sensitivity: 0.8696, Specificity: 0.5000, PPV: 0.7692, NPV: 0.6667, F1: 0.8163
  → New best validation AUC: 0.6522
Epoch 10/50 - Train Loss: 0.7045, Train Acc: 0.5214, Train AUC: 0.5650 - Val Loss: 0.7088, Val Acc (0.5): 0.4857, Val AUC: 0.6630
  Train Best Threshold 0.50 → Balanced Acc: 0.5826, Acc: 0.5214, Sensitivity: 0.4043, Specificity: 0.7609, PPV: 0.7755, NPV: 0.3846, F1: 0.5315
  Val Best Threshold 0.45 → Balanced Acc: 0.6848, Acc: 0.7429, Sensitivity: 0.8696, Specificity: 0.5000, PPV: 0.7692, NPV: 0.6667, F1: 0.8163
  → New best validation AUC: 0.6630
Epoch 11/50 - Train Loss: 0.6820, Train Acc: 0.5286, Train AUC: 0.6314 - Val Loss: 0.7089, Val Acc (0.5): 0.4857, Val AUC: 0.6594
  Train Best Threshold 0.55 → Balanced Acc: 0.5789, Acc: 0.4643, Sensitivity: 0.2447, Specificity: 0.9130, PPV: 0.8519, NPV: 0.3717, F1: 0.3802
  Val Best Threshold 0.45 → Balanced Acc: 0.7047, Acc: 0.7429, Sensitivity: 0.8261, Specificity: 0.5833, PPV: 0.7917, NPV: 0.6364, F1: 0.8085
Epoch 12/50 - Train Loss: 0.6619, Train Acc: 0.6286, Train AUC: 0.7285 - Val Loss: 0.7091, Val Acc (0.5): 0.4857, Val AUC: 0.6594
  Train Best Threshold 0.45 → Balanced Acc: 0.6762, Acc: 0.7143, Sensitivity: 0.7872, Specificity: 0.5652, PPV: 0.7872, NPV: 0.5652, F1: 0.7872
  Val Best Threshold 0.45 → Balanced Acc: 0.6196, Acc: 0.6571, Sensitivity: 0.7391, Specificity: 0.5000, PPV: 0.7391, NPV: 0.5000, F1: 0.7391
Epoch 13/50 - Train Loss: 0.6579, Train Acc: 0.6714, Train AUC: 0.7549 - Val Loss: 0.7104, Val Acc (0.5): 0.4857, Val AUC: 0.6630
  Train Best Threshold 0.50 → Balanced Acc: 0.6943, Acc: 0.6714, Sensitivity: 0.6277, Specificity: 0.7609, PPV: 0.8429, NPV: 0.5000, F1: 0.7195
  Val Best Threshold 0.45 → Balanced Acc: 0.6395, Acc: 0.6571, Sensitivity: 0.6957, Specificity: 0.5833, PPV: 0.7619, NPV: 0.5000, F1: 0.7273
Epoch 14/50 - Train Loss: 0.6762, Train Acc: 0.5714, Train AUC: 0.6549 - Val Loss: 0.7143, Val Acc (0.5): 0.4857, Val AUC: 0.6630
  Train Best Threshold 0.45 → Balanced Acc: 0.6057, Acc: 0.6643, Sensitivity: 0.7766, Specificity: 0.4348, PPV: 0.7374, NPV: 0.4878, F1: 0.7565
  Val Best Threshold 0.40 → Balanced Acc: 0.6649, Acc: 0.7429, Sensitivity: 0.9130, Specificity: 0.4167, PPV: 0.7500, NPV: 0.7143, F1: 0.8235
Epoch 15/50 - Train Loss: 0.6656, Train Acc: 0.5929, Train AUC: 0.6889 - Val Loss: 0.7142, Val Acc (0.5): 0.4857, Val AUC: 0.6667
  Train Best Threshold 0.55 → Balanced Acc: 0.6316, Acc: 0.5500, Sensitivity: 0.3936, Specificity: 0.8696, PPV: 0.8605, NPV: 0.4124, F1: 0.5401
  Val Best Threshold 0.40 → Balanced Acc: 0.6649, Acc: 0.7429, Sensitivity: 0.9130, Specificity: 0.4167, PPV: 0.7500, NPV: 0.7143, F1: 0.8235
  → New best validation AUC: 0.6667
Epoch 16/50 - Train Loss: 0.6575, Train Acc: 0.6214, Train AUC: 0.7206 - Val Loss: 0.7142, Val Acc (0.5): 0.5429, Val AUC: 0.6522
  Train Best Threshold 0.45 → Balanced Acc: 0.6871, Acc: 0.7214, Sensitivity: 0.7872, Specificity: 0.5870, PPV: 0.7957, NPV: 0.5745, F1: 0.7914
  Val Best Threshold 0.40 → Balanced Acc: 0.6649, Acc: 0.7429, Sensitivity: 0.9130, Specificity: 0.4167, PPV: 0.7500, NPV: 0.7143, F1: 0.8235
Epoch 17/50 - Train Loss: 0.6522, Train Acc: 0.6643, Train AUC: 0.7357 - Val Loss: 0.7137, Val Acc (0.5): 0.5143, Val AUC: 0.6522
  Train Best Threshold 0.50 → Balanced Acc: 0.6834, Acc: 0.6643, Sensitivity: 0.6277, Specificity: 0.7391, PPV: 0.8310, NPV: 0.4928, F1: 0.7152
  Val Best Threshold 0.40 → Balanced Acc: 0.6649, Acc: 0.7429, Sensitivity: 0.9130, Specificity: 0.4167, PPV: 0.7500, NPV: 0.7143, F1: 0.8235
Epoch 18/50 - Train Loss: 0.6495, Train Acc: 0.6214, Train AUC: 0.7525 - Val Loss: 0.7231, Val Acc (0.5): 0.5429, Val AUC: 0.6522
  Train Best Threshold 0.45 → Balanced Acc: 0.6815, Acc: 0.7214, Sensitivity: 0.7979, Specificity: 0.5652, PPV: 0.7895, NPV: 0.5778, F1: 0.7937
  Val Best Threshold 0.40 → Balanced Acc: 0.6413, Acc: 0.6857, Sensitivity: 0.7826, Specificity: 0.5000, PPV: 0.7500, NPV: 0.5455, F1: 0.7660
Epoch 19/50 - Train Loss: 0.6396, Train Acc: 0.6429, Train AUC: 0.7701 - Val Loss: 0.7234, Val Acc (0.5): 0.5429, Val AUC: 0.6486
  Train Best Threshold 0.50 → Balanced Acc: 0.6841, Acc: 0.6429, Sensitivity: 0.5638, Specificity: 0.8043, PPV: 0.8548, NPV: 0.4744, F1: 0.6795
  Val Best Threshold 0.40 → Balanced Acc: 0.6196, Acc: 0.6571, Sensitivity: 0.7391, Specificity: 0.5000, PPV: 0.7391, NPV: 0.5000, F1: 0.7391
Epoch 20/50 - Train Loss: 0.6594, Train Acc: 0.6643, Train AUC: 0.7280 - Val Loss: 0.7249, Val Acc (0.5): 0.5714, Val AUC: 0.6486
  Train Best Threshold 0.50 → Balanced Acc: 0.6945, Acc: 0.6643, Sensitivity: 0.6064, Specificity: 0.7826, PPV: 0.8507, NPV: 0.4932, F1: 0.7081
  Val Best Threshold 0.35 → Balanced Acc: 0.6232, Acc: 0.7143, Sensitivity: 0.9130, Specificity: 0.3333, PPV: 0.7241, NPV: 0.6667, F1: 0.8077
Epoch 21/50 - Train Loss: 0.6248, Train Acc: 0.6857, Train AUC: 0.7710 - Val Loss: 0.7299, Val Acc (0.5): 0.5429, Val AUC: 0.6486
  Train Best Threshold 0.50 → Balanced Acc: 0.7049, Acc: 0.6857, Sensitivity: 0.6489, Specificity: 0.7609, PPV: 0.8472, NPV: 0.5147, F1: 0.7349
  Val Best Threshold 0.35 → Balanced Acc: 0.6649, Acc: 0.7429, Sensitivity: 0.9130, Specificity: 0.4167, PPV: 0.7500, NPV: 0.7143, F1: 0.8235
Epoch 22/50 - Train Loss: 0.6359, Train Acc: 0.6857, Train AUC: 0.7558 - Val Loss: 0.7324, Val Acc (0.5): 0.5429, Val AUC: 0.6449
  Train Best Threshold 0.45 → Balanced Acc: 0.6980, Acc: 0.7286, Sensitivity: 0.7872, Specificity: 0.6087, PPV: 0.8043, NPV: 0.5833, F1: 0.7957
  Val Best Threshold 0.35 → Balanced Acc: 0.6649, Acc: 0.7429, Sensitivity: 0.9130, Specificity: 0.4167, PPV: 0.7500, NPV: 0.7143, F1: 0.8235
Epoch 23/50 - Train Loss: 0.6335, Train Acc: 0.6857, Train AUC: 0.7653 - Val Loss: 0.7317, Val Acc (0.5): 0.5714, Val AUC: 0.6486
  Train Best Threshold 0.45 → Balanced Acc: 0.7086, Acc: 0.7429, Sensitivity: 0.8085, Specificity: 0.6087, PPV: 0.8085, NPV: 0.6087, F1: 0.8085
  Val Best Threshold 0.35 → Balanced Acc: 0.6649, Acc: 0.7429, Sensitivity: 0.9130, Specificity: 0.4167, PPV: 0.7500, NPV: 0.7143, F1: 0.8235
Epoch 24/50 - Train Loss: 0.6129, Train Acc: 0.6929, Train AUC: 0.8000 - Val Loss: 0.7280, Val Acc (0.5): 0.5714, Val AUC: 0.6486
  Train Best Threshold 0.45 → Balanced Acc: 0.7683, Acc: 0.7857, Sensitivity: 0.8191, Specificity: 0.7174, PPV: 0.8556, NPV: 0.6600, F1: 0.8370
  Val Best Threshold 0.35 → Balanced Acc: 0.6649, Acc: 0.7429, Sensitivity: 0.9130, Specificity: 0.4167, PPV: 0.7500, NPV: 0.7143, F1: 0.8235
Epoch 25/50 - Train Loss: 0.6180, Train Acc: 0.7143, Train AUC: 0.7919 - Val Loss: 0.7259, Val Acc (0.5): 0.5714, Val AUC: 0.6522
  Train Best Threshold 0.50 → Balanced Acc: 0.7539, Acc: 0.7143, Sensitivity: 0.6383, Specificity: 0.8696, PPV: 0.9091, NPV: 0.5405, F1: 0.7500
  Val Best Threshold 0.35 → Balanced Acc: 0.6649, Acc: 0.7429, Sensitivity: 0.9130, Specificity: 0.4167, PPV: 0.7500, NPV: 0.7143, F1: 0.8235
Epoch 26/50 - Train Loss: 0.6446, Train Acc: 0.6143, Train AUC: 0.7056 - Val Loss: 0.7144, Val Acc (0.5): 0.6000, Val AUC: 0.6558
  Train Best Threshold 0.60 → Balanced Acc: 0.6533, Acc: 0.5643, Sensitivity: 0.3936, Specificity: 0.9130, PPV: 0.9024, NPV: 0.4242, F1: 0.5481
  Val Best Threshold 0.35 → Balanced Acc: 0.6649, Acc: 0.7429, Sensitivity: 0.9130, Specificity: 0.4167, PPV: 0.7500, NPV: 0.7143, F1: 0.8235
Epoch 27/50 - Train Loss: 0.6155, Train Acc: 0.7143, Train AUC: 0.7969 - Val Loss: 0.7194, Val Acc (0.5): 0.5714, Val AUC: 0.6522
  Train Best Threshold 0.45 → Balanced Acc: 0.7248, Acc: 0.7571, Sensitivity: 0.8191, Specificity: 0.6304, PPV: 0.8191, NPV: 0.6304, F1: 0.8191
  Val Best Threshold 0.35 → Balanced Acc: 0.6649, Acc: 0.7429, Sensitivity: 0.9130, Specificity: 0.4167, PPV: 0.7500, NPV: 0.7143, F1: 0.8235
Epoch 28/50 - Train Loss: 0.6283, Train Acc: 0.7000, Train AUC: 0.7604 - Val Loss: 0.7226, Val Acc (0.5): 0.5714, Val AUC: 0.6486
  Train Best Threshold 0.50 → Balanced Acc: 0.7211, Acc: 0.7000, Sensitivity: 0.6596, Specificity: 0.7826, PPV: 0.8611, NPV: 0.5294, F1: 0.7470
  Val Best Threshold 0.35 → Balanced Acc: 0.6214, Acc: 0.6857, Sensitivity: 0.8261, Specificity: 0.4167, PPV: 0.7308, NPV: 0.5556, F1: 0.7755
Early stopping at epoch 28
Loaded best model with validation AUC: 0.6667
Final Train Results (Best Model) at epoch 15 - Loss: 0.6501, Accuracy: 0.7071, AUC: 0.7833
Final Val Results (Best Model) at epoch 15 - Loss: 0.7142, Accuracy: 0.4857, AUC: 0.6667
Train Best Threshold: 0.50 | Balanced Acc: 0.7542 | Acc: 0.7071 | Sensitivity: 0.6170 | Specificity: 0.8913 | PPV: 0.9206 | NPV: 0.5325 | F1: 0.7389
Train Confusion Matrix at Best Threshold (rows=actual [0,1], cols=predicted [0,1]):
[[41  5]
 [36 58]]
Val Best Threshold: 0.40 | Balanced Acc: 0.6649 | Acc: 0.7429 | Sensitivity: 0.9130 | Specificity: 0.4167 | PPV: 0.7500 | NPV: 0.7143 | F1: 0.8235
Val Confusion Matrix at Best Threshold (rows=actual [0,1], cols=predicted [0,1]):
[[ 5  7]
 [ 2 21]]

======================================================================
Cross-Validation Results - C1 (Mean Pooling)
======================================================================
Model: C1 (Mean Pooling)
Backbone: resnet18
Pooling: mean
Val AUCs: ['0.8409', '0.7614', '0.8188', '0.7717', '0.6667']
Mean Val AUC: 0.7719 ± 0.0603
======================================================================
