Starting 5-fold cross-validation training for C1 (Mean Pooling)
Configuration:
  clinical_csv: data/annotations/175_clinical_5_variables.csv
  image_root: data/nakagami_full
  patient_id_column: NO
  label_column: CL_F2
  image_pattern: Nakagami_image_*.png
  n_folds: 5
  batch_size: 16
  learning_rate: 1e-05
  num_epochs: 40
  early_stopping_patience: 10
  early_stopping_min_delta: 0.001
  backbone: efficientnetv2_b0
  pretrained: True
  device: cuda
  num_workers: 4
  pooling: mean
  attention_hidden: 128
  clinical_dim: 32
  fusion_hidden: 128
  dropout: 0.4
  clinical_features: ['AST', 'ALT', 'PLT']
  seed: 42
  no_cv: False
  val_split: 0.2
  weight_decay: 0.0001
  label_smoothing: 0.1
  log_dir: runs/bmode_clinical
Loading clinical data...
Loaded 175 patients from clinical data
Building patient records...
Building patient records from 175 patients...
Image root: data/nakagami_full
Image pattern: Nakagami_image_*.png
Successfully created 175 patient records
Created 175 patient records
Fold 1 class distribution:
  Train: Class 0=47 (33.6%), Class 1=93 (66.4%)
  Val:   Class 0=11 (31.4%), Class 1=24 (68.6%)

======================================================================
Fold 1/5
======================================================================
Train: 140 patients
Val: 35 patients
Fitting clinical preprocessor on training data...
Built clinical feature dictionaries: train=140, val=35
Clinical input dimension: 3
Backbone feature dimension: 1280
Created mean pooling model with backbone efficientnetv2_b0
Using device: cuda
Class weights: [1.0, 0.5053763389587402]
Weight decay (L2 reg): 0.0001
Label smoothing: 0.1

Epoch 1/40 - Train Loss: 0.7101, Train Acc: 0.5571, Train AUC: 0.4203 - Val Loss: 0.7158, Val Acc (0.5): 0.6857, Val AUC: 0.3750
  Train Best Threshold 0.05 → Balanced Acc: 0.5000, Acc: 0.6643, Sensitivity: 1.0000, Specificity: 0.0000, PPV: 0.6643, NPV: 0.0000, F1: 0.7983
  Val Best Threshold 0.05 → Balanced Acc: 0.5000, Acc: 0.6857, Sensitivity: 1.0000, Specificity: 0.0000, PPV: 0.6857, NPV: 0.0000, F1: 0.8136
  → New best validation AUC: 0.3750
Epoch 2/40 - Train Loss: 0.7084, Train Acc: 0.5500, Train AUC: 0.4466 - Val Loss: 0.7128, Val Acc (0.5): 0.6857, Val AUC: 0.3826
  Train Best Threshold 0.55 → Balanced Acc: 0.5057, Acc: 0.3643, Sensitivity: 0.0753, Specificity: 0.9362, PPV: 0.7000, NPV: 0.3385, F1: 0.1359
  Val Best Threshold 0.55 → Balanced Acc: 0.5208, Acc: 0.3429, Sensitivity: 0.0417, Specificity: 1.0000, PPV: 1.0000, NPV: 0.3235, F1: 0.0800
  → New best validation AUC: 0.3826
Epoch 3/40 - Train Loss: 0.7054, Train Acc: 0.5786, Train AUC: 0.4855 - Val Loss: 0.7121, Val Acc (0.5): 0.6857, Val AUC: 0.3939
  Train Best Threshold 0.50 → Balanced Acc: 0.5039, Acc: 0.5786, Sensitivity: 0.7312, Specificity: 0.2766, PPV: 0.6667, NPV: 0.3421, F1: 0.6974
  Val Best Threshold 0.05 → Balanced Acc: 0.5000, Acc: 0.6857, Sensitivity: 1.0000, Specificity: 0.0000, PPV: 0.6857, NPV: 0.0000, F1: 0.8136
  → New best validation AUC: 0.3939
Epoch 4/40 - Train Loss: 0.7038, Train Acc: 0.5786, Train AUC: 0.5216 - Val Loss: 0.7084, Val Acc (0.5): 0.6857, Val AUC: 0.4508
  Train Best Threshold 0.50 → Balanced Acc: 0.5249, Acc: 0.5786, Sensitivity: 0.6882, Specificity: 0.3617, PPV: 0.6809, NPV: 0.3696, F1: 0.6845
  Val Best Threshold 0.05 → Balanced Acc: 0.5000, Acc: 0.6857, Sensitivity: 1.0000, Specificity: 0.0000, PPV: 0.6857, NPV: 0.0000, F1: 0.8136
  → New best validation AUC: 0.4508
Epoch 5/40 - Train Loss: 0.7058, Train Acc: 0.5214, Train AUC: 0.4603 - Val Loss: 0.7052, Val Acc (0.5): 0.7143, Val AUC: 0.5038
  Train Best Threshold 0.05 → Balanced Acc: 0.5000, Acc: 0.6643, Sensitivity: 1.0000, Specificity: 0.0000, PPV: 0.6643, NPV: 0.0000, F1: 0.7983
  Val Best Threshold 0.50 → Balanced Acc: 0.5455, Acc: 0.7143, Sensitivity: 1.0000, Specificity: 0.0909, PPV: 0.7059, NPV: 1.0000, F1: 0.8276
  → New best validation AUC: 0.5038
Epoch 6/40 - Train Loss: 0.7008, Train Acc: 0.5786, Train AUC: 0.5372 - Val Loss: 0.7056, Val Acc (0.5): 0.6857, Val AUC: 0.5265
  Train Best Threshold 0.50 → Balanced Acc: 0.5197, Acc: 0.5786, Sensitivity: 0.6989, Specificity: 0.3404, PPV: 0.6771, NPV: 0.3636, F1: 0.6878
  Val Best Threshold 0.05 → Balanced Acc: 0.5000, Acc: 0.6857, Sensitivity: 1.0000, Specificity: 0.0000, PPV: 0.6857, NPV: 0.0000, F1: 0.8136
  → New best validation AUC: 0.5265
Epoch 7/40 - Train Loss: 0.7024, Train Acc: 0.5214, Train AUC: 0.5182 - Val Loss: 0.7049, Val Acc (0.5): 0.7143, Val AUC: 0.5606
  Train Best Threshold 0.55 → Balanced Acc: 0.5164, Acc: 0.3714, Sensitivity: 0.0753, Specificity: 0.9574, PPV: 0.7778, NPV: 0.3435, F1: 0.1373
  Val Best Threshold 0.50 → Balanced Acc: 0.5455, Acc: 0.7143, Sensitivity: 1.0000, Specificity: 0.0909, PPV: 0.7059, NPV: 1.0000, F1: 0.8276
  → New best validation AUC: 0.5606
Epoch 8/40 - Train Loss: 0.7096, Train Acc: 0.5143, Train AUC: 0.4189 - Val Loss: 0.7025, Val Acc (0.5): 0.7143, Val AUC: 0.6098
  Train Best Threshold 0.05 → Balanced Acc: 0.5000, Acc: 0.6643, Sensitivity: 1.0000, Specificity: 0.0000, PPV: 0.6643, NPV: 0.0000, F1: 0.7983
  Val Best Threshold 0.50 → Balanced Acc: 0.5455, Acc: 0.7143, Sensitivity: 1.0000, Specificity: 0.0909, PPV: 0.7059, NPV: 1.0000, F1: 0.8276
  → New best validation AUC: 0.6098
Epoch 9/40 - Train Loss: 0.7027, Train Acc: 0.5929, Train AUC: 0.5269 - Val Loss: 0.7009, Val Acc (0.5): 0.7143, Val AUC: 0.6439
  Train Best Threshold 0.50 → Balanced Acc: 0.5567, Acc: 0.5929, Sensitivity: 0.6667, Specificity: 0.4468, PPV: 0.7045, NPV: 0.4038, F1: 0.6851
  Val Best Threshold 0.50 → Balanced Acc: 0.5455, Acc: 0.7143, Sensitivity: 1.0000, Specificity: 0.0909, PPV: 0.7059, NPV: 1.0000, F1: 0.8276
  → New best validation AUC: 0.6439
Epoch 10/40 - Train Loss: 0.7080, Train Acc: 0.5143, Train AUC: 0.4361 - Val Loss: 0.6999, Val Acc (0.5): 0.7143, Val AUC: 0.6553
  Train Best Threshold 0.05 → Balanced Acc: 0.5000, Acc: 0.6643, Sensitivity: 1.0000, Specificity: 0.0000, PPV: 0.6643, NPV: 0.0000, F1: 0.7983
  Val Best Threshold 0.50 → Balanced Acc: 0.5455, Acc: 0.7143, Sensitivity: 1.0000, Specificity: 0.0909, PPV: 0.7059, NPV: 1.0000, F1: 0.8276
  → New best validation AUC: 0.6553
Epoch 11/40 - Train Loss: 0.6967, Train Acc: 0.5929, Train AUC: 0.5898 - Val Loss: 0.6987, Val Acc (0.5): 0.7143, Val AUC: 0.6856
  Train Best Threshold 0.50 → Balanced Acc: 0.5725, Acc: 0.5929, Sensitivity: 0.6344, Specificity: 0.5106, PPV: 0.7195, NPV: 0.4138, F1: 0.6743
  Val Best Threshold 0.50 → Balanced Acc: 0.5455, Acc: 0.7143, Sensitivity: 1.0000, Specificity: 0.0909, PPV: 0.7059, NPV: 1.0000, F1: 0.8276
  → New best validation AUC: 0.6856
Epoch 12/40 - Train Loss: 0.7012, Train Acc: 0.5429, Train AUC: 0.5315 - Val Loss: 0.6990, Val Acc (0.5): 0.7429, Val AUC: 0.6856
  Train Best Threshold 0.55 → Balanced Acc: 0.5323, Acc: 0.3786, Sensitivity: 0.0645, Specificity: 1.0000, PPV: 1.0000, NPV: 0.3507, F1: 0.1212
  Val Best Threshold 0.50 → Balanced Acc: 0.5909, Acc: 0.7429, Sensitivity: 1.0000, Specificity: 0.1818, PPV: 0.7273, NPV: 1.0000, F1: 0.8421
Epoch 13/40 - Train Loss: 0.6954, Train Acc: 0.5571, Train AUC: 0.6031 - Val Loss: 0.6981, Val Acc (0.5): 0.7429, Val AUC: 0.7045
  Train Best Threshold 0.50 → Balanced Acc: 0.5404, Acc: 0.5571, Sensitivity: 0.5914, Specificity: 0.4894, PPV: 0.6962, NPV: 0.3770, F1: 0.6395
  Val Best Threshold 0.50 → Balanced Acc: 0.5909, Acc: 0.7429, Sensitivity: 1.0000, Specificity: 0.1818, PPV: 0.7273, NPV: 1.0000, F1: 0.8421
  → New best validation AUC: 0.7045
Epoch 14/40 - Train Loss: 0.6990, Train Acc: 0.5714, Train AUC: 0.5445 - Val Loss: 0.6988, Val Acc (0.5): 0.7429, Val AUC: 0.7159
  Train Best Threshold 0.50 → Balanced Acc: 0.5248, Acc: 0.5714, Sensitivity: 0.6667, Specificity: 0.3830, PPV: 0.6813, NPV: 0.3673, F1: 0.6739
  Val Best Threshold 0.50 → Balanced Acc: 0.5909, Acc: 0.7429, Sensitivity: 1.0000, Specificity: 0.1818, PPV: 0.7273, NPV: 1.0000, F1: 0.8421
  → New best validation AUC: 0.7159
Epoch 15/40 - Train Loss: 0.7005, Train Acc: 0.5500, Train AUC: 0.5347 - Val Loss: 0.6989, Val Acc (0.5): 0.7429, Val AUC: 0.7045
  Train Best Threshold 0.50 → Balanced Acc: 0.5245, Acc: 0.5500, Sensitivity: 0.6022, Specificity: 0.4468, PPV: 0.6829, NPV: 0.3621, F1: 0.6400
  Val Best Threshold 0.50 → Balanced Acc: 0.5909, Acc: 0.7429, Sensitivity: 1.0000, Specificity: 0.1818, PPV: 0.7273, NPV: 1.0000, F1: 0.8421
Epoch 16/40 - Train Loss: 0.6879, Train Acc: 0.6643, Train AUC: 0.7303 - Val Loss: 0.6985, Val Acc (0.5): 0.7429, Val AUC: 0.7462
  Train Best Threshold 0.50 → Balanced Acc: 0.6526, Acc: 0.6643, Sensitivity: 0.6882, Specificity: 0.6170, PPV: 0.7805, NPV: 0.5000, F1: 0.7314
  Val Best Threshold 0.50 → Balanced Acc: 0.5909, Acc: 0.7429, Sensitivity: 1.0000, Specificity: 0.1818, PPV: 0.7273, NPV: 1.0000, F1: 0.8421
  → New best validation AUC: 0.7462
Epoch 17/40 - Train Loss: 0.6901, Train Acc: 0.6357, Train AUC: 0.6863 - Val Loss: 0.6988, Val Acc (0.5): 0.7429, Val AUC: 0.7652
  Train Best Threshold 0.50 → Balanced Acc: 0.6311, Acc: 0.6357, Sensitivity: 0.6452, Specificity: 0.6170, PPV: 0.7692, NPV: 0.4677, F1: 0.7018
  Val Best Threshold 0.50 → Balanced Acc: 0.5909, Acc: 0.7429, Sensitivity: 1.0000, Specificity: 0.1818, PPV: 0.7273, NPV: 1.0000, F1: 0.8421
  → New best validation AUC: 0.7652
Epoch 18/40 - Train Loss: 0.6889, Train Acc: 0.6786, Train AUC: 0.6911 - Val Loss: 0.6986, Val Acc (0.5): 0.7429, Val AUC: 0.7727
  Train Best Threshold 0.50 → Balanced Acc: 0.6791, Acc: 0.6786, Sensitivity: 0.6774, Specificity: 0.6809, PPV: 0.8077, NPV: 0.5161, F1: 0.7368
  Val Best Threshold 0.50 → Balanced Acc: 0.5909, Acc: 0.7429, Sensitivity: 1.0000, Specificity: 0.1818, PPV: 0.7273, NPV: 1.0000, F1: 0.8421
  → New best validation AUC: 0.7727
Epoch 19/40 - Train Loss: 0.6939, Train Acc: 0.5786, Train AUC: 0.6383 - Val Loss: 0.6973, Val Acc (0.5): 0.7429, Val AUC: 0.7841
  Train Best Threshold 0.50 → Balanced Acc: 0.5828, Acc: 0.5786, Sensitivity: 0.5699, Specificity: 0.5957, PPV: 0.7361, NPV: 0.4118, F1: 0.6424
  Val Best Threshold 0.50 → Balanced Acc: 0.5909, Acc: 0.7429, Sensitivity: 1.0000, Specificity: 0.1818, PPV: 0.7273, NPV: 1.0000, F1: 0.8421
  → New best validation AUC: 0.7841
Epoch 20/40 - Train Loss: 0.6911, Train Acc: 0.6214, Train AUC: 0.6504 - Val Loss: 0.6967, Val Acc (0.5): 0.7714, Val AUC: 0.7917
  Train Best Threshold 0.50 → Balanced Acc: 0.6098, Acc: 0.6214, Sensitivity: 0.6452, Specificity: 0.5745, PPV: 0.7500, NPV: 0.4500, F1: 0.6936
  Val Best Threshold 0.50 → Balanced Acc: 0.6364, Acc: 0.7714, Sensitivity: 1.0000, Specificity: 0.2727, PPV: 0.7500, NPV: 1.0000, F1: 0.8571
  → New best validation AUC: 0.7917
Epoch 21/40 - Train Loss: 0.7025, Train Acc: 0.5571, Train AUC: 0.5093 - Val Loss: 0.6966, Val Acc (0.5): 0.7714, Val AUC: 0.7879
  Train Best Threshold 0.50 → Balanced Acc: 0.5088, Acc: 0.5571, Sensitivity: 0.6559, Specificity: 0.3617, PPV: 0.6703, NPV: 0.3469, F1: 0.6630
  Val Best Threshold 0.50 → Balanced Acc: 0.6364, Acc: 0.7714, Sensitivity: 1.0000, Specificity: 0.2727, PPV: 0.7500, NPV: 1.0000, F1: 0.8571
Epoch 22/40 - Train Loss: 0.6964, Train Acc: 0.4929, Train AUC: 0.5697 - Val Loss: 0.6968, Val Acc (0.5): 0.7714, Val AUC: 0.8106
  Train Best Threshold 0.45 → Balanced Acc: 0.5159, Acc: 0.6714, Sensitivity: 0.9892, Specificity: 0.0426, PPV: 0.6715, NPV: 0.6667, F1: 0.8000
  Val Best Threshold 0.50 → Balanced Acc: 0.6364, Acc: 0.7714, Sensitivity: 1.0000, Specificity: 0.2727, PPV: 0.7500, NPV: 1.0000, F1: 0.8571
  → New best validation AUC: 0.8106
Epoch 23/40 - Train Loss: 0.6927, Train Acc: 0.6143, Train AUC: 0.6099 - Val Loss: 0.6948, Val Acc (0.5): 0.7714, Val AUC: 0.8371
  Train Best Threshold 0.50 → Balanced Acc: 0.6044, Acc: 0.6143, Sensitivity: 0.6344, Specificity: 0.5745, PPV: 0.7468, NPV: 0.4426, F1: 0.6860
  Val Best Threshold 0.50 → Balanced Acc: 0.6364, Acc: 0.7714, Sensitivity: 1.0000, Specificity: 0.2727, PPV: 0.7500, NPV: 1.0000, F1: 0.8571
  → New best validation AUC: 0.8371
Epoch 24/40 - Train Loss: 0.6925, Train Acc: 0.5857, Train AUC: 0.6246 - Val Loss: 0.6930, Val Acc (0.5): 0.7429, Val AUC: 0.8523
  Train Best Threshold 0.50 → Balanced Acc: 0.5987, Acc: 0.5857, Sensitivity: 0.5591, Specificity: 0.6383, PPV: 0.7536, NPV: 0.4225, F1: 0.6420
  Val Best Threshold 0.50 → Balanced Acc: 0.6155, Acc: 0.7429, Sensitivity: 0.9583, Specificity: 0.2727, PPV: 0.7419, NPV: 0.7500, F1: 0.8364
  → New best validation AUC: 0.8523
Epoch 25/40 - Train Loss: 0.6898, Train Acc: 0.5857, Train AUC: 0.6593 - Val Loss: 0.6925, Val Acc (0.5): 0.7714, Val AUC: 0.8636
  Train Best Threshold 0.50 → Balanced Acc: 0.6092, Acc: 0.5857, Sensitivity: 0.5376, Specificity: 0.6809, PPV: 0.7692, NPV: 0.4267, F1: 0.6329
  Val Best Threshold 0.50 → Balanced Acc: 0.6364, Acc: 0.7714, Sensitivity: 1.0000, Specificity: 0.2727, PPV: 0.7500, NPV: 1.0000, F1: 0.8571
  → New best validation AUC: 0.8636
Epoch 26/40 - Train Loss: 0.6884, Train Acc: 0.6571, Train AUC: 0.6898 - Val Loss: 0.6924, Val Acc (0.5): 0.8000, Val AUC: 0.8485
  Train Best Threshold 0.50 → Balanced Acc: 0.6630, Acc: 0.6571, Sensitivity: 0.6452, Specificity: 0.6809, PPV: 0.8000, NPV: 0.4923, F1: 0.7143
  Val Best Threshold 0.50 → Balanced Acc: 0.6818, Acc: 0.8000, Sensitivity: 1.0000, Specificity: 0.3636, PPV: 0.7742, NPV: 1.0000, F1: 0.8727
Epoch 27/40 - Train Loss: 0.6852, Train Acc: 0.6571, Train AUC: 0.7129 - Val Loss: 0.6918, Val Acc (0.5): 0.7714, Val AUC: 0.8712
  Train Best Threshold 0.50 → Balanced Acc: 0.6788, Acc: 0.6571, Sensitivity: 0.6129, Specificity: 0.7447, PPV: 0.8261, NPV: 0.4930, F1: 0.7037
  Val Best Threshold 0.50 → Balanced Acc: 0.6610, Acc: 0.7714, Sensitivity: 0.9583, Specificity: 0.3636, PPV: 0.7667, NPV: 0.8000, F1: 0.8519
  → New best validation AUC: 0.8712
Epoch 28/40 - Train Loss: 0.6856, Train Acc: 0.6500, Train AUC: 0.7175 - Val Loss: 0.6921, Val Acc (0.5): 0.7714, Val AUC: 0.8636
  Train Best Threshold 0.50 → Balanced Acc: 0.6576, Acc: 0.6500, Sensitivity: 0.6344, Specificity: 0.6809, PPV: 0.7973, NPV: 0.4848, F1: 0.7066
  Val Best Threshold 0.50 → Balanced Acc: 0.6364, Acc: 0.7714, Sensitivity: 1.0000, Specificity: 0.2727, PPV: 0.7500, NPV: 1.0000, F1: 0.8571
Epoch 29/40 - Train Loss: 0.6830, Train Acc: 0.6857, Train AUC: 0.7408 - Val Loss: 0.6920, Val Acc (0.5): 0.7714, Val AUC: 0.8561
  Train Best Threshold 0.50 → Balanced Acc: 0.6950, Acc: 0.6857, Sensitivity: 0.6667, Specificity: 0.7234, PPV: 0.8267, NPV: 0.5231, F1: 0.7381
  Val Best Threshold 0.50 → Balanced Acc: 0.6364, Acc: 0.7714, Sensitivity: 1.0000, Specificity: 0.2727, PPV: 0.7500, NPV: 1.0000, F1: 0.8571
Epoch 30/40 - Train Loss: 0.6802, Train Acc: 0.6571, Train AUC: 0.7433 - Val Loss: 0.6924, Val Acc (0.5): 0.7714, Val AUC: 0.8598
  Train Best Threshold 0.50 → Balanced Acc: 0.6946, Acc: 0.6571, Sensitivity: 0.5806, Specificity: 0.8085, PPV: 0.8571, NPV: 0.4935, F1: 0.6923
  Val Best Threshold 0.50 → Balanced Acc: 0.6364, Acc: 0.7714, Sensitivity: 1.0000, Specificity: 0.2727, PPV: 0.7500, NPV: 1.0000, F1: 0.8571
Epoch 31/40 - Train Loss: 0.6883, Train Acc: 0.6286, Train AUC: 0.6658 - Val Loss: 0.6919, Val Acc (0.5): 0.7429, Val AUC: 0.8674
  Train Best Threshold 0.50 → Balanced Acc: 0.6047, Acc: 0.6286, Sensitivity: 0.6774, Specificity: 0.5319, PPV: 0.7412, NPV: 0.4545, F1: 0.7079
  Val Best Threshold 0.50 → Balanced Acc: 0.5909, Acc: 0.7429, Sensitivity: 1.0000, Specificity: 0.1818, PPV: 0.7273, NPV: 1.0000, F1: 0.8421
Epoch 32/40 - Train Loss: 0.6831, Train Acc: 0.6571, Train AUC: 0.7241 - Val Loss: 0.6906, Val Acc (0.5): 0.7429, Val AUC: 0.8636
  Train Best Threshold 0.50 → Balanced Acc: 0.6735, Acc: 0.6571, Sensitivity: 0.6237, Specificity: 0.7234, PPV: 0.8169, NPV: 0.4928, F1: 0.7073
  Val Best Threshold 0.50 → Balanced Acc: 0.6155, Acc: 0.7429, Sensitivity: 0.9583, Specificity: 0.2727, PPV: 0.7419, NPV: 0.7500, F1: 0.8364
Epoch 33/40 - Train Loss: 0.6870, Train Acc: 0.6214, Train AUC: 0.6916 - Val Loss: 0.6912, Val Acc (0.5): 0.7714, Val AUC: 0.8598
  Train Best Threshold 0.50 → Balanced Acc: 0.6309, Acc: 0.6214, Sensitivity: 0.6022, Specificity: 0.6596, PPV: 0.7778, NPV: 0.4559, F1: 0.6788
  Val Best Threshold 0.50 → Balanced Acc: 0.6364, Acc: 0.7714, Sensitivity: 1.0000, Specificity: 0.2727, PPV: 0.7500, NPV: 1.0000, F1: 0.8571
Epoch 34/40 - Train Loss: 0.6763, Train Acc: 0.6929, Train AUC: 0.7763 - Val Loss: 0.6897, Val Acc (0.5): 0.7429, Val AUC: 0.8598
  Train Best Threshold 0.50 → Balanced Acc: 0.7162, Acc: 0.6929, Sensitivity: 0.6452, Specificity: 0.7872, PPV: 0.8571, NPV: 0.5286, F1: 0.7362
  Val Best Threshold 0.55 → Balanced Acc: 0.6458, Acc: 0.5143, Sensitivity: 0.2917, Specificity: 1.0000, PPV: 1.0000, NPV: 0.3929, F1: 0.4516
Epoch 35/40 - Train Loss: 0.6777, Train Acc: 0.6643, Train AUC: 0.7493 - Val Loss: 0.6895, Val Acc (0.5): 0.7143, Val AUC: 0.8523
  Train Best Threshold 0.50 → Balanced Acc: 0.6684, Acc: 0.6643, Sensitivity: 0.6559, Specificity: 0.6809, PPV: 0.8026, NPV: 0.5000, F1: 0.7219
  Val Best Threshold 0.55 → Balanced Acc: 0.6458, Acc: 0.5143, Sensitivity: 0.2917, Specificity: 1.0000, PPV: 1.0000, NPV: 0.3929, F1: 0.4516
Early stopping at epoch 35
Loaded best model with validation AUC: 0.8712
Final Train Results (Best Model) at epoch 27 - Loss: 0.6828, Accuracy: 0.6786, AUC: 0.7804
Final Val Results (Best Model) at epoch 27 - Loss: 0.6918, Accuracy: 0.7714, AUC: 0.8712
Train Best Threshold: 0.50 | Balanced Acc: 0.7160 | Acc: 0.6786 | Sensitivity: 0.6022 | Specificity: 0.8298 | PPV: 0.8750 | NPV: 0.5132 | F1: 0.7134
Train Confusion Matrix at Best Threshold (rows=actual [0,1], cols=predicted [0,1]):
[[39  8]
 [37 56]]
Val Best Threshold: 0.50 | Balanced Acc: 0.6610 | Acc: 0.7714 | Sensitivity: 0.9583 | Specificity: 0.3636 | PPV: 0.7667 | NPV: 0.8000 | F1: 0.8519
Val Confusion Matrix at Best Threshold (rows=actual [0,1], cols=predicted [0,1]):
[[ 4  7]
 [ 1 23]]
Fold 2 class distribution:
  Train: Class 0=47 (33.6%), Class 1=93 (66.4%)
  Val:   Class 0=11 (31.4%), Class 1=24 (68.6%)

======================================================================
Fold 2/5
======================================================================
Train: 140 patients
Val: 35 patients
Fitting clinical preprocessor on training data...
Built clinical feature dictionaries: train=140, val=35
Clinical input dimension: 3
Backbone feature dimension: 1280
Created mean pooling model with backbone efficientnetv2_b0
Using device: cuda
Class weights: [1.0, 0.5053763389587402]
Weight decay (L2 reg): 0.0001
Label smoothing: 0.1

Epoch 1/40 - Train Loss: 0.7126, Train Acc: 0.5071, Train AUC: 0.3821 - Val Loss: 0.7212, Val Acc (0.5): 0.6857, Val AUC: 0.3598
  Train Best Threshold 0.55 → Balanced Acc: 0.5003, Acc: 0.3571, Sensitivity: 0.0645, Specificity: 0.9362, PPV: 0.6667, NPV: 0.3359, F1: 0.1176
  Val Best Threshold 0.05 → Balanced Acc: 0.5000, Acc: 0.6857, Sensitivity: 1.0000, Specificity: 0.0000, PPV: 0.6857, NPV: 0.0000, F1: 0.8136
  → New best validation AUC: 0.3598
Epoch 2/40 - Train Loss: 0.7124, Train Acc: 0.5929, Train AUC: 0.3713 - Val Loss: 0.7159, Val Acc (0.5): 0.6571, Val AUC: 0.2765
  Train Best Threshold 0.05 → Balanced Acc: 0.5000, Acc: 0.6643, Sensitivity: 1.0000, Specificity: 0.0000, PPV: 0.6643, NPV: 0.0000, F1: 0.7983
  Val Best Threshold 0.05 → Balanced Acc: 0.5000, Acc: 0.6857, Sensitivity: 1.0000, Specificity: 0.0000, PPV: 0.6857, NPV: 0.0000, F1: 0.8136
Epoch 3/40 - Train Loss: 0.7175, Train Acc: 0.5071, Train AUC: 0.3235 - Val Loss: 0.7118, Val Acc (0.5): 0.6857, Val AUC: 0.3561
  Train Best Threshold 0.05 → Balanced Acc: 0.5000, Acc: 0.6643, Sensitivity: 1.0000, Specificity: 0.0000, PPV: 0.6643, NPV: 0.0000, F1: 0.7983
  Val Best Threshold 0.05 → Balanced Acc: 0.5000, Acc: 0.6857, Sensitivity: 1.0000, Specificity: 0.0000, PPV: 0.6857, NPV: 0.0000, F1: 0.8136
Epoch 4/40 - Train Loss: 0.7053, Train Acc: 0.5714, Train AUC: 0.4772 - Val Loss: 0.7091, Val Acc (0.5): 0.6571, Val AUC: 0.3523
  Train Best Threshold 0.05 → Balanced Acc: 0.5000, Acc: 0.6643, Sensitivity: 1.0000, Specificity: 0.0000, PPV: 0.6643, NPV: 0.0000, F1: 0.7983
  Val Best Threshold 0.05 → Balanced Acc: 0.5000, Acc: 0.6857, Sensitivity: 1.0000, Specificity: 0.0000, PPV: 0.6857, NPV: 0.0000, F1: 0.8136
Epoch 5/40 - Train Loss: 0.7022, Train Acc: 0.6000, Train AUC: 0.5365 - Val Loss: 0.7041, Val Acc (0.5): 0.6286, Val AUC: 0.4773
  Train Best Threshold 0.50 → Balanced Acc: 0.5305, Acc: 0.6000, Sensitivity: 0.7419, Specificity: 0.3191, PPV: 0.6832, NPV: 0.3846, F1: 0.7113
  Val Best Threshold 0.05 → Balanced Acc: 0.5000, Acc: 0.6857, Sensitivity: 1.0000, Specificity: 0.0000, PPV: 0.6857, NPV: 0.0000, F1: 0.8136
  → New best validation AUC: 0.4773
Epoch 6/40 - Train Loss: 0.7015, Train Acc: 0.5643, Train AUC: 0.5200 - Val Loss: 0.7041, Val Acc (0.5): 0.6286, Val AUC: 0.4886
  Train Best Threshold 0.55 → Balanced Acc: 0.5002, Acc: 0.3500, Sensitivity: 0.0430, Specificity: 0.9574, PPV: 0.6667, NPV: 0.3358, F1: 0.0808
  Val Best Threshold 0.05 → Balanced Acc: 0.5000, Acc: 0.6857, Sensitivity: 1.0000, Specificity: 0.0000, PPV: 0.6857, NPV: 0.0000, F1: 0.8136
  → New best validation AUC: 0.4886
Epoch 7/40 - Train Loss: 0.6983, Train Acc: 0.6357, Train AUC: 0.6008 - Val Loss: 0.7020, Val Acc (0.5): 0.6286, Val AUC: 0.5227
  Train Best Threshold 0.50 → Balanced Acc: 0.5785, Acc: 0.6357, Sensitivity: 0.7527, Specificity: 0.4043, PPV: 0.7143, NPV: 0.4524, F1: 0.7330
  Val Best Threshold 0.05 → Balanced Acc: 0.5000, Acc: 0.6857, Sensitivity: 1.0000, Specificity: 0.0000, PPV: 0.6857, NPV: 0.0000, F1: 0.8136
  → New best validation AUC: 0.5227
Epoch 8/40 - Train Loss: 0.7006, Train Acc: 0.6071, Train AUC: 0.5642 - Val Loss: 0.7004, Val Acc (0.5): 0.6571, Val AUC: 0.5227
  Train Best Threshold 0.50 → Balanced Acc: 0.5517, Acc: 0.6071, Sensitivity: 0.7204, Specificity: 0.3830, PPV: 0.6979, NPV: 0.4091, F1: 0.7090
  Val Best Threshold 0.50 → Balanced Acc: 0.5284, Acc: 0.6571, Sensitivity: 0.8750, Specificity: 0.1818, PPV: 0.7000, NPV: 0.4000, F1: 0.7778
Epoch 9/40 - Train Loss: 0.7069, Train Acc: 0.4714, Train AUC: 0.4468 - Val Loss: 0.7004, Val Acc (0.5): 0.6286, Val AUC: 0.5606
  Train Best Threshold 0.55 → Balanced Acc: 0.5215, Acc: 0.3643, Sensitivity: 0.0430, Specificity: 1.0000, PPV: 1.0000, NPV: 0.3456, F1: 0.0825
  Val Best Threshold 0.05 → Balanced Acc: 0.5000, Acc: 0.6857, Sensitivity: 1.0000, Specificity: 0.0000, PPV: 0.6857, NPV: 0.0000, F1: 0.8136
  → New best validation AUC: 0.5606
Epoch 10/40 - Train Loss: 0.7049, Train Acc: 0.5286, Train AUC: 0.4690 - Val Loss: 0.6985, Val Acc (0.5): 0.6857, Val AUC: 0.5795
  Train Best Threshold 0.55 → Balanced Acc: 0.5055, Acc: 0.3500, Sensitivity: 0.0323, Specificity: 0.9787, PPV: 0.7500, NPV: 0.3382, F1: 0.0619
  Val Best Threshold 0.50 → Balanced Acc: 0.5739, Acc: 0.6857, Sensitivity: 0.8750, Specificity: 0.2727, PPV: 0.7241, NPV: 0.5000, F1: 0.7925
  → New best validation AUC: 0.5795
Epoch 11/40 - Train Loss: 0.6990, Train Acc: 0.5714, Train AUC: 0.5536 - Val Loss: 0.6970, Val Acc (0.5): 0.7143, Val AUC: 0.6326
  Train Best Threshold 0.50 → Balanced Acc: 0.5248, Acc: 0.5714, Sensitivity: 0.6667, Specificity: 0.3830, PPV: 0.6813, NPV: 0.3673, F1: 0.6739
  Val Best Threshold 0.50 → Balanced Acc: 0.6193, Acc: 0.7143, Sensitivity: 0.8750, Specificity: 0.3636, PPV: 0.7500, NPV: 0.5714, F1: 0.8077
  → New best validation AUC: 0.6326
Epoch 12/40 - Train Loss: 0.6995, Train Acc: 0.6000, Train AUC: 0.5626 - Val Loss: 0.6975, Val Acc (0.5): 0.6000, Val AUC: 0.6098
  Train Best Threshold 0.50 → Balanced Acc: 0.5674, Acc: 0.6000, Sensitivity: 0.6667, Specificity: 0.4681, PPV: 0.7126, NPV: 0.4151, F1: 0.6889
  Val Best Threshold 0.50 → Balanced Acc: 0.5114, Acc: 0.6000, Sensitivity: 0.7500, Specificity: 0.2727, PPV: 0.6923, NPV: 0.3333, F1: 0.7200
Epoch 13/40 - Train Loss: 0.6907, Train Acc: 0.6286, Train AUC: 0.6511 - Val Loss: 0.6981, Val Acc (0.5): 0.5429, Val AUC: 0.5871
  Train Best Threshold 0.50 → Balanced Acc: 0.5941, Acc: 0.6286, Sensitivity: 0.6989, Specificity: 0.4894, PPV: 0.7303, NPV: 0.4510, F1: 0.7143
  Val Best Threshold 0.05 → Balanced Acc: 0.5000, Acc: 0.6857, Sensitivity: 1.0000, Specificity: 0.0000, PPV: 0.6857, NPV: 0.0000, F1: 0.8136
Epoch 14/40 - Train Loss: 0.6992, Train Acc: 0.5786, Train AUC: 0.5731 - Val Loss: 0.6971, Val Acc (0.5): 0.6286, Val AUC: 0.6250
  Train Best Threshold 0.50 → Balanced Acc: 0.5460, Acc: 0.5786, Sensitivity: 0.6452, Specificity: 0.4468, PPV: 0.6977, NPV: 0.3889, F1: 0.6704
  Val Best Threshold 0.50 → Balanced Acc: 0.5568, Acc: 0.6286, Sensitivity: 0.7500, Specificity: 0.3636, PPV: 0.7200, NPV: 0.4000, F1: 0.7347
Epoch 15/40 - Train Loss: 0.7000, Train Acc: 0.5500, Train AUC: 0.5267 - Val Loss: 0.6962, Val Acc (0.5): 0.6857, Val AUC: 0.6591
  Train Best Threshold 0.50 → Balanced Acc: 0.5403, Acc: 0.5500, Sensitivity: 0.5699, Specificity: 0.5106, PPV: 0.6974, NPV: 0.3750, F1: 0.6272
  Val Best Threshold 0.50 → Balanced Acc: 0.6477, Acc: 0.6857, Sensitivity: 0.7500, Specificity: 0.5455, PPV: 0.7826, NPV: 0.5000, F1: 0.7660
  → New best validation AUC: 0.6591
Epoch 16/40 - Train Loss: 0.6930, Train Acc: 0.6143, Train AUC: 0.6632 - Val Loss: 0.6949, Val Acc (0.5): 0.6286, Val AUC: 0.6629
  Train Best Threshold 0.50 → Balanced Acc: 0.6255, Acc: 0.6143, Sensitivity: 0.5914, Specificity: 0.6596, PPV: 0.7746, NPV: 0.4493, F1: 0.6707
  Val Best Threshold 0.50 → Balanced Acc: 0.6061, Acc: 0.6286, Sensitivity: 0.6667, Specificity: 0.5455, PPV: 0.7619, NPV: 0.4286, F1: 0.7111
  → New best validation AUC: 0.6629
Epoch 17/40 - Train Loss: 0.6950, Train Acc: 0.5786, Train AUC: 0.5971 - Val Loss: 0.6947, Val Acc (0.5): 0.6286, Val AUC: 0.6742
  Train Best Threshold 0.50 → Balanced Acc: 0.5881, Acc: 0.5786, Sensitivity: 0.5591, Specificity: 0.6170, PPV: 0.7429, NPV: 0.4143, F1: 0.6380
  Val Best Threshold 0.50 → Balanced Acc: 0.5814, Acc: 0.6286, Sensitivity: 0.7083, Specificity: 0.4545, PPV: 0.7391, NPV: 0.4167, F1: 0.7234
  → New best validation AUC: 0.6742
Epoch 18/40 - Train Loss: 0.6934, Train Acc: 0.6000, Train AUC: 0.6200 - Val Loss: 0.6945, Val Acc (0.5): 0.6571, Val AUC: 0.6818
  Train Best Threshold 0.50 → Balanced Acc: 0.6095, Acc: 0.6000, Sensitivity: 0.5806, Specificity: 0.6383, PPV: 0.7606, NPV: 0.4348, F1: 0.6585
  Val Best Threshold 0.50 → Balanced Acc: 0.6023, Acc: 0.6571, Sensitivity: 0.7500, Specificity: 0.4545, PPV: 0.7500, NPV: 0.4545, F1: 0.7500
  → New best validation AUC: 0.6818
Epoch 19/40 - Train Loss: 0.6894, Train Acc: 0.6500, Train AUC: 0.6747 - Val Loss: 0.6938, Val Acc (0.5): 0.6286, Val AUC: 0.6780
  Train Best Threshold 0.50 → Balanced Acc: 0.6734, Acc: 0.6500, Sensitivity: 0.6022, Specificity: 0.7447, PPV: 0.8235, NPV: 0.4861, F1: 0.6957
  Val Best Threshold 0.50 → Balanced Acc: 0.6061, Acc: 0.6286, Sensitivity: 0.6667, Specificity: 0.5455, PPV: 0.7619, NPV: 0.4286, F1: 0.7111
Epoch 20/40 - Train Loss: 0.6893, Train Acc: 0.5714, Train AUC: 0.6712 - Val Loss: 0.6940, Val Acc (0.5): 0.6000, Val AUC: 0.6288
  Train Best Threshold 0.50 → Balanced Acc: 0.5827, Acc: 0.5714, Sensitivity: 0.5484, Specificity: 0.6170, PPV: 0.7391, NPV: 0.4085, F1: 0.6296
  Val Best Threshold 0.50 → Balanced Acc: 0.5852, Acc: 0.6000, Sensitivity: 0.6250, Specificity: 0.5455, PPV: 0.7500, NPV: 0.4000, F1: 0.6818
Epoch 21/40 - Train Loss: 0.6911, Train Acc: 0.6214, Train AUC: 0.6696 - Val Loss: 0.6944, Val Acc (0.5): 0.6571, Val AUC: 0.6553
  Train Best Threshold 0.50 → Balanced Acc: 0.6151, Acc: 0.6214, Sensitivity: 0.6344, Specificity: 0.5957, PPV: 0.7564, NPV: 0.4516, F1: 0.6901
  Val Best Threshold 0.50 → Balanced Acc: 0.6023, Acc: 0.6571, Sensitivity: 0.7500, Specificity: 0.4545, PPV: 0.7500, NPV: 0.4545, F1: 0.7500
Epoch 22/40 - Train Loss: 0.6926, Train Acc: 0.6071, Train AUC: 0.6426 - Val Loss: 0.6948, Val Acc (0.5): 0.6857, Val AUC: 0.6667
  Train Best Threshold 0.50 → Balanced Acc: 0.6201, Acc: 0.6071, Sensitivity: 0.5806, Specificity: 0.6596, PPV: 0.7714, NPV: 0.4429, F1: 0.6626
  Val Best Threshold 0.50 → Balanced Acc: 0.6231, Acc: 0.6857, Sensitivity: 0.7917, Specificity: 0.4545, PPV: 0.7600, NPV: 0.5000, F1: 0.7755
Epoch 23/40 - Train Loss: 0.6879, Train Acc: 0.6714, Train AUC: 0.7117 - Val Loss: 0.6951, Val Acc (0.5): 0.6857, Val AUC: 0.6742
  Train Best Threshold 0.50 → Balanced Acc: 0.6843, Acc: 0.6714, Sensitivity: 0.6452, Specificity: 0.7234, PPV: 0.8219, NPV: 0.5075, F1: 0.7229
  Val Best Threshold 0.50 → Balanced Acc: 0.6231, Acc: 0.6857, Sensitivity: 0.7917, Specificity: 0.4545, PPV: 0.7600, NPV: 0.5000, F1: 0.7755
Epoch 24/40 - Train Loss: 0.6909, Train Acc: 0.6143, Train AUC: 0.6383 - Val Loss: 0.6942, Val Acc (0.5): 0.7143, Val AUC: 0.6742
  Train Best Threshold 0.50 → Balanced Acc: 0.6150, Acc: 0.6143, Sensitivity: 0.6129, Specificity: 0.6170, PPV: 0.7600, NPV: 0.4462, F1: 0.6786
  Val Best Threshold 0.50 → Balanced Acc: 0.6439, Acc: 0.7143, Sensitivity: 0.8333, Specificity: 0.4545, PPV: 0.7692, NPV: 0.5556, F1: 0.8000
Epoch 25/40 - Train Loss: 0.6827, Train Acc: 0.6214, Train AUC: 0.7154 - Val Loss: 0.6934, Val Acc (0.5): 0.7143, Val AUC: 0.6932
  Train Best Threshold 0.50 → Balanced Acc: 0.6361, Acc: 0.6214, Sensitivity: 0.5914, Specificity: 0.6809, PPV: 0.7857, NPV: 0.4571, F1: 0.6748
  Val Best Threshold 0.50 → Balanced Acc: 0.6439, Acc: 0.7143, Sensitivity: 0.8333, Specificity: 0.4545, PPV: 0.7692, NPV: 0.5556, F1: 0.8000
  → New best validation AUC: 0.6932
Epoch 26/40 - Train Loss: 0.6830, Train Acc: 0.6714, Train AUC: 0.7554 - Val Loss: 0.6936, Val Acc (0.5): 0.7143, Val AUC: 0.6932
  Train Best Threshold 0.50 → Balanced Acc: 0.6790, Acc: 0.6714, Sensitivity: 0.6559, Specificity: 0.7021, PPV: 0.8133, NPV: 0.5077, F1: 0.7262
  Val Best Threshold 0.50 → Balanced Acc: 0.6439, Acc: 0.7143, Sensitivity: 0.8333, Specificity: 0.4545, PPV: 0.7692, NPV: 0.5556, F1: 0.8000
Epoch 27/40 - Train Loss: 0.6869, Train Acc: 0.6571, Train AUC: 0.7003 - Val Loss: 0.6929, Val Acc (0.5): 0.7143, Val AUC: 0.6932
  Train Best Threshold 0.50 → Balanced Acc: 0.6735, Acc: 0.6571, Sensitivity: 0.6237, Specificity: 0.7234, PPV: 0.8169, NPV: 0.4928, F1: 0.7073
  Val Best Threshold 0.50 → Balanced Acc: 0.6439, Acc: 0.7143, Sensitivity: 0.8333, Specificity: 0.4545, PPV: 0.7692, NPV: 0.5556, F1: 0.8000
Epoch 28/40 - Train Loss: 0.6887, Train Acc: 0.6143, Train AUC: 0.6500 - Val Loss: 0.6922, Val Acc (0.5): 0.6571, Val AUC: 0.6894
  Train Best Threshold 0.50 → Balanced Acc: 0.6255, Acc: 0.6143, Sensitivity: 0.5914, Specificity: 0.6596, PPV: 0.7746, NPV: 0.4493, F1: 0.6707
  Val Best Threshold 0.50 → Balanced Acc: 0.6023, Acc: 0.6571, Sensitivity: 0.7500, Specificity: 0.4545, PPV: 0.7500, NPV: 0.4545, F1: 0.7500
Epoch 29/40 - Train Loss: 0.6771, Train Acc: 0.6929, Train AUC: 0.7641 - Val Loss: 0.6912, Val Acc (0.5): 0.6857, Val AUC: 0.7121
  Train Best Threshold 0.50 → Balanced Acc: 0.7057, Acc: 0.6929, Sensitivity: 0.6667, Specificity: 0.7447, PPV: 0.8378, NPV: 0.5303, F1: 0.7425
  Val Best Threshold 0.50 → Balanced Acc: 0.6477, Acc: 0.6857, Sensitivity: 0.7500, Specificity: 0.5455, PPV: 0.7826, NPV: 0.5000, F1: 0.7660
  → New best validation AUC: 0.7121
Epoch 30/40 - Train Loss: 0.6849, Train Acc: 0.6571, Train AUC: 0.7067 - Val Loss: 0.6915, Val Acc (0.5): 0.7143, Val AUC: 0.7121
  Train Best Threshold 0.50 → Balanced Acc: 0.6735, Acc: 0.6571, Sensitivity: 0.6237, Specificity: 0.7234, PPV: 0.8169, NPV: 0.4928, F1: 0.7073
  Val Best Threshold 0.50 → Balanced Acc: 0.6686, Acc: 0.7143, Sensitivity: 0.7917, Specificity: 0.5455, PPV: 0.7917, NPV: 0.5455, F1: 0.7917
Epoch 31/40 - Train Loss: 0.6845, Train Acc: 0.6714, Train AUC: 0.6799 - Val Loss: 0.6901, Val Acc (0.5): 0.7143, Val AUC: 0.7311
  Train Best Threshold 0.50 → Balanced Acc: 0.6632, Acc: 0.6714, Sensitivity: 0.6882, Specificity: 0.6383, PPV: 0.7901, NPV: 0.5085, F1: 0.7356
  Val Best Threshold 0.50 → Balanced Acc: 0.6686, Acc: 0.7143, Sensitivity: 0.7917, Specificity: 0.5455, PPV: 0.7917, NPV: 0.5455, F1: 0.7917
  → New best validation AUC: 0.7311
Epoch 32/40 - Train Loss: 0.6769, Train Acc: 0.6500, Train AUC: 0.7669 - Val Loss: 0.6896, Val Acc (0.5): 0.6000, Val AUC: 0.7121
  Train Best Threshold 0.50 → Balanced Acc: 0.6682, Acc: 0.6500, Sensitivity: 0.6129, Specificity: 0.7234, PPV: 0.8143, NPV: 0.4857, F1: 0.6994
  Val Best Threshold 0.50 → Balanced Acc: 0.5852, Acc: 0.6000, Sensitivity: 0.6250, Specificity: 0.5455, PPV: 0.7500, NPV: 0.4000, F1: 0.6818
Epoch 33/40 - Train Loss: 0.6790, Train Acc: 0.7286, Train AUC: 0.7623 - Val Loss: 0.6888, Val Acc (0.5): 0.6000, Val AUC: 0.7197
  Train Best Threshold 0.50 → Balanced Acc: 0.7483, Acc: 0.7286, Sensitivity: 0.6882, Specificity: 0.8085, PPV: 0.8767, NPV: 0.5672, F1: 0.7711
  Val Best Threshold 0.50 → Balanced Acc: 0.5852, Acc: 0.6000, Sensitivity: 0.6250, Specificity: 0.5455, PPV: 0.7500, NPV: 0.4000, F1: 0.6818
Epoch 34/40 - Train Loss: 0.6758, Train Acc: 0.7071, Train AUC: 0.7685 - Val Loss: 0.6883, Val Acc (0.5): 0.6286, Val AUC: 0.7348
  Train Best Threshold 0.50 → Balanced Acc: 0.7375, Acc: 0.7071, Sensitivity: 0.6452, Specificity: 0.8298, PPV: 0.8824, NPV: 0.5417, F1: 0.7453
  Val Best Threshold 0.50 → Balanced Acc: 0.6061, Acc: 0.6286, Sensitivity: 0.6667, Specificity: 0.5455, PPV: 0.7619, NPV: 0.4286, F1: 0.7111
  → New best validation AUC: 0.7348
Epoch 35/40 - Train Loss: 0.6763, Train Acc: 0.6643, Train AUC: 0.7458 - Val Loss: 0.6864, Val Acc (0.5): 0.6000, Val AUC: 0.7311
  Train Best Threshold 0.50 → Balanced Acc: 0.6842, Acc: 0.6643, Sensitivity: 0.6237, Specificity: 0.7447, PPV: 0.8286, NPV: 0.5000, F1: 0.7117
  Val Best Threshold 0.50 → Balanced Acc: 0.5852, Acc: 0.6000, Sensitivity: 0.6250, Specificity: 0.5455, PPV: 0.7500, NPV: 0.4000, F1: 0.6818
Epoch 36/40 - Train Loss: 0.6753, Train Acc: 0.6929, Train AUC: 0.7747 - Val Loss: 0.6861, Val Acc (0.5): 0.6286, Val AUC: 0.7424
  Train Best Threshold 0.50 → Balanced Acc: 0.7320, Acc: 0.6929, Sensitivity: 0.6129, Specificity: 0.8511, PPV: 0.8906, NPV: 0.5263, F1: 0.7261
  Val Best Threshold 0.50 → Balanced Acc: 0.6307, Acc: 0.6286, Sensitivity: 0.6250, Specificity: 0.6364, PPV: 0.7895, NPV: 0.4375, F1: 0.6977
  → New best validation AUC: 0.7424
Epoch 37/40 - Train Loss: 0.6679, Train Acc: 0.6500, Train AUC: 0.7781 - Val Loss: 0.6867, Val Acc (0.5): 0.6286, Val AUC: 0.7159
  Train Best Threshold 0.50 → Balanced Acc: 0.6892, Acc: 0.6500, Sensitivity: 0.5699, Specificity: 0.8085, PPV: 0.8548, NPV: 0.4872, F1: 0.6839
  Val Best Threshold 0.50 → Balanced Acc: 0.6061, Acc: 0.6286, Sensitivity: 0.6667, Specificity: 0.5455, PPV: 0.7619, NPV: 0.4286, F1: 0.7111
Epoch 38/40 - Train Loss: 0.6696, Train Acc: 0.6929, Train AUC: 0.7859 - Val Loss: 0.6861, Val Acc (0.5): 0.6286, Val AUC: 0.7197
  Train Best Threshold 0.50 → Balanced Acc: 0.7215, Acc: 0.6929, Sensitivity: 0.6344, Specificity: 0.8085, PPV: 0.8676, NPV: 0.5278, F1: 0.7329
  Val Best Threshold 0.50 → Balanced Acc: 0.6061, Acc: 0.6286, Sensitivity: 0.6667, Specificity: 0.5455, PPV: 0.7619, NPV: 0.4286, F1: 0.7111
Epoch 39/40 - Train Loss: 0.6719, Train Acc: 0.6857, Train AUC: 0.7676 - Val Loss: 0.6856, Val Acc (0.5): 0.6286, Val AUC: 0.7235
  Train Best Threshold 0.50 → Balanced Acc: 0.7161, Acc: 0.6857, Sensitivity: 0.6237, Specificity: 0.8085, PPV: 0.8657, NPV: 0.5205, F1: 0.7250
  Val Best Threshold 0.50 → Balanced Acc: 0.6061, Acc: 0.6286, Sensitivity: 0.6667, Specificity: 0.5455, PPV: 0.7619, NPV: 0.4286, F1: 0.7111
Epoch 40/40 - Train Loss: 0.6762, Train Acc: 0.6429, Train AUC: 0.7273 - Val Loss: 0.6857, Val Acc (0.5): 0.6286, Val AUC: 0.7121
  Train Best Threshold 0.50 → Balanced Acc: 0.6628, Acc: 0.6429, Sensitivity: 0.6022, Specificity: 0.7234, PPV: 0.8116, NPV: 0.4789, F1: 0.6914
  Val Best Threshold 0.50 → Balanced Acc: 0.6061, Acc: 0.6286, Sensitivity: 0.6667, Specificity: 0.5455, PPV: 0.7619, NPV: 0.4286, F1: 0.7111
Loaded best model with validation AUC: 0.7424
Final Train Results (Best Model) at epoch 36 - Loss: 0.6729, Accuracy: 0.6429, AUC: 0.7655
Final Val Results (Best Model) at epoch 36 - Loss: 0.6861, Accuracy: 0.6286, AUC: 0.7424
Train Best Threshold: 0.50 | Balanced Acc: 0.6786 | Acc: 0.6429 | Sensitivity: 0.5699 | Specificity: 0.7872 | PPV: 0.8413 | NPV: 0.4805 | F1: 0.6795
Train Confusion Matrix at Best Threshold (rows=actual [0,1], cols=predicted [0,1]):
[[37 10]
 [40 53]]
Val Best Threshold: 0.50 | Balanced Acc: 0.6307 | Acc: 0.6286 | Sensitivity: 0.6250 | Specificity: 0.6364 | PPV: 0.7895 | NPV: 0.4375 | F1: 0.6977
Val Confusion Matrix at Best Threshold (rows=actual [0,1], cols=predicted [0,1]):
[[ 7  4]
 [ 9 15]]
Fold 3 class distribution:
  Train: Class 0=46 (32.9%), Class 1=94 (67.1%)
  Val:   Class 0=12 (34.3%), Class 1=23 (65.7%)

======================================================================
Fold 3/5
======================================================================
Train: 140 patients
Val: 35 patients
Fitting clinical preprocessor on training data...
Built clinical feature dictionaries: train=140, val=35
Clinical input dimension: 3
Backbone feature dimension: 1280
Created mean pooling model with backbone efficientnetv2_b0
Using device: cuda
Class weights: [1.0, 0.4893617033958435]
Weight decay (L2 reg): 0.0001
Label smoothing: 0.1

Epoch 1/40 - Train Loss: 0.7050, Train Acc: 0.5714, Train AUC: 0.5028 - Val Loss: 0.7252, Val Acc (0.5): 0.6571, Val AUC: 0.2826
  Train Best Threshold 0.05 → Balanced Acc: 0.5000, Acc: 0.6714, Sensitivity: 1.0000, Specificity: 0.0000, PPV: 0.6714, NPV: 0.0000, F1: 0.8034
  Val Best Threshold 0.05 → Balanced Acc: 0.5000, Acc: 0.6571, Sensitivity: 1.0000, Specificity: 0.0000, PPV: 0.6571, NPV: 0.0000, F1: 0.7931
  → New best validation AUC: 0.2826
Epoch 2/40 - Train Loss: 0.7085, Train Acc: 0.5571, Train AUC: 0.4362 - Val Loss: 0.7177, Val Acc (0.5): 0.6571, Val AUC: 0.2681
  Train Best Threshold 0.55 → Balanced Acc: 0.5102, Acc: 0.3571, Sensitivity: 0.0638, Specificity: 0.9565, PPV: 0.7500, NPV: 0.3333, F1: 0.1176
  Val Best Threshold 0.05 → Balanced Acc: 0.5000, Acc: 0.6571, Sensitivity: 1.0000, Specificity: 0.0000, PPV: 0.6571, NPV: 0.0000, F1: 0.7931
Epoch 3/40 - Train Loss: 0.7090, Train Acc: 0.6000, Train AUC: 0.4537 - Val Loss: 0.7132, Val Acc (0.5): 0.6571, Val AUC: 0.3261
  Train Best Threshold 0.50 → Balanced Acc: 0.5134, Acc: 0.6000, Sensitivity: 0.7660, Specificity: 0.2609, PPV: 0.6792, NPV: 0.3529, F1: 0.7200
  Val Best Threshold 0.05 → Balanced Acc: 0.5000, Acc: 0.6571, Sensitivity: 1.0000, Specificity: 0.0000, PPV: 0.6571, NPV: 0.0000, F1: 0.7931
  → New best validation AUC: 0.3261
Epoch 4/40 - Train Loss: 0.7051, Train Acc: 0.5786, Train AUC: 0.4790 - Val Loss: 0.7105, Val Acc (0.5): 0.6286, Val AUC: 0.3442
  Train Best Threshold 0.50 → Balanced Acc: 0.5252, Acc: 0.5786, Sensitivity: 0.6809, Specificity: 0.3696, PPV: 0.6882, NPV: 0.3617, F1: 0.6845
  Val Best Threshold 0.05 → Balanced Acc: 0.5000, Acc: 0.6571, Sensitivity: 1.0000, Specificity: 0.0000, PPV: 0.6571, NPV: 0.0000, F1: 0.7931
  → New best validation AUC: 0.3442
Epoch 5/40 - Train Loss: 0.7046, Train Acc: 0.6071, Train AUC: 0.5127 - Val Loss: 0.7071, Val Acc (0.5): 0.4857, Val AUC: 0.3442
  Train Best Threshold 0.50 → Balanced Acc: 0.5409, Acc: 0.6071, Sensitivity: 0.7340, Specificity: 0.3478, PPV: 0.6970, NPV: 0.3902, F1: 0.7150
  Val Best Threshold 0.05 → Balanced Acc: 0.5000, Acc: 0.6571, Sensitivity: 1.0000, Specificity: 0.0000, PPV: 0.6571, NPV: 0.0000, F1: 0.7931
Epoch 6/40 - Train Loss: 0.6992, Train Acc: 0.6143, Train AUC: 0.5782 - Val Loss: 0.7082, Val Acc (0.5): 0.5714, Val AUC: 0.3659
  Train Best Threshold 0.50 → Balanced Acc: 0.5629, Acc: 0.6143, Sensitivity: 0.7128, Specificity: 0.4130, PPV: 0.7128, NPV: 0.4130, F1: 0.7128
  Val Best Threshold 0.05 → Balanced Acc: 0.5000, Acc: 0.6571, Sensitivity: 1.0000, Specificity: 0.0000, PPV: 0.6571, NPV: 0.0000, F1: 0.7931
  → New best validation AUC: 0.3659
Epoch 7/40 - Train Loss: 0.7017, Train Acc: 0.5929, Train AUC: 0.5382 - Val Loss: 0.7065, Val Acc (0.5): 0.6000, Val AUC: 0.3949
  Train Best Threshold 0.50 → Balanced Acc: 0.5414, Acc: 0.5929, Sensitivity: 0.6915, Specificity: 0.3913, PPV: 0.6989, NPV: 0.3830, F1: 0.6952
  Val Best Threshold 0.05 → Balanced Acc: 0.5000, Acc: 0.6571, Sensitivity: 1.0000, Specificity: 0.0000, PPV: 0.6571, NPV: 0.0000, F1: 0.7931
  → New best validation AUC: 0.3949
Epoch 8/40 - Train Loss: 0.7001, Train Acc: 0.6143, Train AUC: 0.5631 - Val Loss: 0.7043, Val Acc (0.5): 0.5143, Val AUC: 0.4167
  Train Best Threshold 0.50 → Balanced Acc: 0.5574, Acc: 0.6143, Sensitivity: 0.7234, Specificity: 0.3913, PPV: 0.7083, NPV: 0.4091, F1: 0.7158
  Val Best Threshold 0.05 → Balanced Acc: 0.5000, Acc: 0.6571, Sensitivity: 1.0000, Specificity: 0.0000, PPV: 0.6571, NPV: 0.0000, F1: 0.7931
  → New best validation AUC: 0.4167
Epoch 9/40 - Train Loss: 0.7025, Train Acc: 0.6000, Train AUC: 0.5509 - Val Loss: 0.7029, Val Acc (0.5): 0.5143, Val AUC: 0.4457
  Train Best Threshold 0.50 → Balanced Acc: 0.5689, Acc: 0.6000, Sensitivity: 0.6596, Specificity: 0.4783, PPV: 0.7209, NPV: 0.4074, F1: 0.6889
  Val Best Threshold 0.05 → Balanced Acc: 0.5000, Acc: 0.6571, Sensitivity: 1.0000, Specificity: 0.0000, PPV: 0.6571, NPV: 0.0000, F1: 0.7931
  → New best validation AUC: 0.4457
Epoch 10/40 - Train Loss: 0.7064, Train Acc: 0.4786, Train AUC: 0.4648 - Val Loss: 0.7028, Val Acc (0.5): 0.5429, Val AUC: 0.4420
  Train Best Threshold 0.55 → Balanced Acc: 0.5106, Acc: 0.3429, Sensitivity: 0.0213, Specificity: 1.0000, PPV: 1.0000, NPV: 0.3333, F1: 0.0417
  Val Best Threshold 0.05 → Balanced Acc: 0.5000, Acc: 0.6571, Sensitivity: 1.0000, Specificity: 0.0000, PPV: 0.6571, NPV: 0.0000, F1: 0.7931
Epoch 11/40 - Train Loss: 0.7043, Train Acc: 0.5000, Train AUC: 0.4887 - Val Loss: 0.7019, Val Acc (0.5): 0.5143, Val AUC: 0.4420
  Train Best Threshold 0.05 → Balanced Acc: 0.5000, Acc: 0.6714, Sensitivity: 1.0000, Specificity: 0.0000, PPV: 0.6714, NPV: 0.0000, F1: 0.8034
  Val Best Threshold 0.05 → Balanced Acc: 0.5000, Acc: 0.6571, Sensitivity: 1.0000, Specificity: 0.0000, PPV: 0.6571, NPV: 0.0000, F1: 0.7931
Epoch 12/40 - Train Loss: 0.7075, Train Acc: 0.5357, Train AUC: 0.4889 - Val Loss: 0.7001, Val Acc (0.5): 0.5143, Val AUC: 0.4964
  Train Best Threshold 0.50 → Balanced Acc: 0.5210, Acc: 0.5357, Sensitivity: 0.5638, Specificity: 0.4783, PPV: 0.6883, NPV: 0.3492, F1: 0.6199
  Val Best Threshold 0.05 → Balanced Acc: 0.5000, Acc: 0.6571, Sensitivity: 1.0000, Specificity: 0.0000, PPV: 0.6571, NPV: 0.0000, F1: 0.7931
  → New best validation AUC: 0.4964
Epoch 13/40 - Train Loss: 0.6987, Train Acc: 0.5071, Train AUC: 0.5601 - Val Loss: 0.6985, Val Acc (0.5): 0.5429, Val AUC: 0.5362
  Train Best Threshold 0.55 → Balanced Acc: 0.5213, Acc: 0.3571, Sensitivity: 0.0426, Specificity: 1.0000, PPV: 1.0000, NPV: 0.3382, F1: 0.0816
  Val Best Threshold 0.05 → Balanced Acc: 0.5000, Acc: 0.6571, Sensitivity: 1.0000, Specificity: 0.0000, PPV: 0.6571, NPV: 0.0000, F1: 0.7931
  → New best validation AUC: 0.5362
Epoch 14/40 - Train Loss: 0.6982, Train Acc: 0.5571, Train AUC: 0.5856 - Val Loss: 0.6968, Val Acc (0.5): 0.5714, Val AUC: 0.5797
  Train Best Threshold 0.50 → Balanced Acc: 0.5537, Acc: 0.5571, Sensitivity: 0.5638, Specificity: 0.5435, PPV: 0.7162, NPV: 0.3788, F1: 0.6310
  Val Best Threshold 0.50 → Balanced Acc: 0.5145, Acc: 0.5714, Sensitivity: 0.6957, Specificity: 0.3333, PPV: 0.6667, NPV: 0.3636, F1: 0.6809
  → New best validation AUC: 0.5797
Epoch 15/40 - Train Loss: 0.7055, Train Acc: 0.4571, Train AUC: 0.4586 - Val Loss: 0.6956, Val Acc (0.5): 0.6000, Val AUC: 0.5870
  Train Best Threshold 0.45 → Balanced Acc: 0.5056, Acc: 0.6714, Sensitivity: 0.9894, Specificity: 0.0217, PPV: 0.6739, NPV: 0.5000, F1: 0.8017
  Val Best Threshold 0.50 → Balanced Acc: 0.5960, Acc: 0.6000, Sensitivity: 0.6087, Specificity: 0.5833, PPV: 0.7368, NPV: 0.4375, F1: 0.6667
  → New best validation AUC: 0.5870
Epoch 16/40 - Train Loss: 0.6928, Train Acc: 0.5643, Train AUC: 0.6533 - Val Loss: 0.6945, Val Acc (0.5): 0.5714, Val AUC: 0.6087
  Train Best Threshold 0.50 → Balanced Acc: 0.5867, Acc: 0.5643, Sensitivity: 0.5213, Specificity: 0.6522, PPV: 0.7538, NPV: 0.4000, F1: 0.6164
  Val Best Threshold 0.50 → Balanced Acc: 0.5743, Acc: 0.5714, Sensitivity: 0.5652, Specificity: 0.5833, PPV: 0.7222, NPV: 0.4118, F1: 0.6341
  → New best validation AUC: 0.6087
Epoch 17/40 - Train Loss: 0.7055, Train Acc: 0.4500, Train AUC: 0.4540 - Val Loss: 0.6934, Val Acc (0.5): 0.6000, Val AUC: 0.6232
  Train Best Threshold 0.45 → Balanced Acc: 0.5056, Acc: 0.6714, Sensitivity: 0.9894, Specificity: 0.0217, PPV: 0.6739, NPV: 0.5000, F1: 0.8017
  Val Best Threshold 0.50 → Balanced Acc: 0.6359, Acc: 0.6000, Sensitivity: 0.5217, Specificity: 0.7500, PPV: 0.8000, NPV: 0.4500, F1: 0.6316
  → New best validation AUC: 0.6232
Epoch 18/40 - Train Loss: 0.6975, Train Acc: 0.5286, Train AUC: 0.6055 - Val Loss: 0.6921, Val Acc (0.5): 0.6286, Val AUC: 0.6413
  Train Best Threshold 0.50 → Balanced Acc: 0.5379, Acc: 0.5286, Sensitivity: 0.5106, Specificity: 0.5652, PPV: 0.7059, NPV: 0.3611, F1: 0.5926
  Val Best Threshold 0.50 → Balanced Acc: 0.6576, Acc: 0.6286, Sensitivity: 0.5652, Specificity: 0.7500, PPV: 0.8125, NPV: 0.4737, F1: 0.6667
  → New best validation AUC: 0.6413
Epoch 19/40 - Train Loss: 0.6936, Train Acc: 0.5857, Train AUC: 0.6247 - Val Loss: 0.6908, Val Acc (0.5): 0.6000, Val AUC: 0.6486
  Train Best Threshold 0.50 → Balanced Acc: 0.6082, Acc: 0.5857, Sensitivity: 0.5426, Specificity: 0.6739, PPV: 0.7727, NPV: 0.4189, F1: 0.6375
  Val Best Threshold 0.50 → Balanced Acc: 0.6159, Acc: 0.6000, Sensitivity: 0.5652, Specificity: 0.6667, PPV: 0.7647, NPV: 0.4444, F1: 0.6500
  → New best validation AUC: 0.6486
Epoch 20/40 - Train Loss: 0.6909, Train Acc: 0.5929, Train AUC: 0.6610 - Val Loss: 0.6898, Val Acc (0.5): 0.6286, Val AUC: 0.6957
  Train Best Threshold 0.50 → Balanced Acc: 0.6136, Acc: 0.5929, Sensitivity: 0.5532, Specificity: 0.6739, PPV: 0.7761, NPV: 0.4247, F1: 0.6460
  Val Best Threshold 0.50 → Balanced Acc: 0.6576, Acc: 0.6286, Sensitivity: 0.5652, Specificity: 0.7500, PPV: 0.8125, NPV: 0.4737, F1: 0.6667
  → New best validation AUC: 0.6957
Epoch 21/40 - Train Loss: 0.6959, Train Acc: 0.5786, Train AUC: 0.6068 - Val Loss: 0.6898, Val Acc (0.5): 0.6571, Val AUC: 0.6957
  Train Best Threshold 0.50 → Balanced Acc: 0.5474, Acc: 0.5786, Sensitivity: 0.6383, Specificity: 0.4565, PPV: 0.7059, NPV: 0.3818, F1: 0.6704
  Val Best Threshold 0.50 → Balanced Acc: 0.6793, Acc: 0.6571, Sensitivity: 0.6087, Specificity: 0.7500, PPV: 0.8235, NPV: 0.5000, F1: 0.7000
Epoch 22/40 - Train Loss: 0.6948, Train Acc: 0.5714, Train AUC: 0.6045 - Val Loss: 0.6896, Val Acc (0.5): 0.6857, Val AUC: 0.7065
  Train Best Threshold 0.50 → Balanced Acc: 0.5920, Acc: 0.5714, Sensitivity: 0.5319, Specificity: 0.6522, PPV: 0.7576, NPV: 0.4054, F1: 0.6250
  Val Best Threshold 0.50 → Balanced Acc: 0.7011, Acc: 0.6857, Sensitivity: 0.6522, Specificity: 0.7500, PPV: 0.8333, NPV: 0.5294, F1: 0.7317
  → New best validation AUC: 0.7065
Epoch 23/40 - Train Loss: 0.6824, Train Acc: 0.6500, Train AUC: 0.7407 - Val Loss: 0.6888, Val Acc (0.5): 0.6571, Val AUC: 0.7065
  Train Best Threshold 0.50 → Balanced Acc: 0.6728, Acc: 0.6500, Sensitivity: 0.6064, Specificity: 0.7391, PPV: 0.8261, NPV: 0.4789, F1: 0.6994
  Val Best Threshold 0.50 → Balanced Acc: 0.6793, Acc: 0.6571, Sensitivity: 0.6087, Specificity: 0.7500, PPV: 0.8235, NPV: 0.5000, F1: 0.7000
Epoch 24/40 - Train Loss: 0.6909, Train Acc: 0.5786, Train AUC: 0.6429 - Val Loss: 0.6874, Val Acc (0.5): 0.6857, Val AUC: 0.7464
  Train Best Threshold 0.50 → Balanced Acc: 0.5752, Acc: 0.5786, Sensitivity: 0.5851, Specificity: 0.5652, PPV: 0.7333, NPV: 0.4000, F1: 0.6509
  Val Best Threshold 0.50 → Balanced Acc: 0.7011, Acc: 0.6857, Sensitivity: 0.6522, Specificity: 0.7500, PPV: 0.8333, NPV: 0.5294, F1: 0.7317
  → New best validation AUC: 0.7464
Epoch 25/40 - Train Loss: 0.6923, Train Acc: 0.5643, Train AUC: 0.6420 - Val Loss: 0.6867, Val Acc (0.5): 0.6857, Val AUC: 0.7572
  Train Best Threshold 0.50 → Balanced Acc: 0.5978, Acc: 0.5643, Sensitivity: 0.5000, Specificity: 0.6957, PPV: 0.7705, NPV: 0.4051, F1: 0.6065
  Val Best Threshold 0.50 → Balanced Acc: 0.7011, Acc: 0.6857, Sensitivity: 0.6522, Specificity: 0.7500, PPV: 0.8333, NPV: 0.5294, F1: 0.7317
  → New best validation AUC: 0.7572
Epoch 26/40 - Train Loss: 0.6865, Train Acc: 0.6214, Train AUC: 0.6973 - Val Loss: 0.6870, Val Acc (0.5): 0.7143, Val AUC: 0.7500
  Train Best Threshold 0.50 → Balanced Acc: 0.6237, Acc: 0.6214, Sensitivity: 0.6170, Specificity: 0.6304, PPV: 0.7733, NPV: 0.4462, F1: 0.6864
  Val Best Threshold 0.50 → Balanced Acc: 0.7228, Acc: 0.7143, Sensitivity: 0.6957, Specificity: 0.7500, PPV: 0.8421, NPV: 0.5625, F1: 0.7619
Epoch 27/40 - Train Loss: 0.6965, Train Acc: 0.5143, Train AUC: 0.6045 - Val Loss: 0.6858, Val Acc (0.5): 0.6857, Val AUC: 0.7391
  Train Best Threshold 0.50 → Balanced Acc: 0.5495, Acc: 0.5143, Sensitivity: 0.4468, Specificity: 0.6522, PPV: 0.7241, NPV: 0.3659, F1: 0.5526
  Val Best Threshold 0.50 → Balanced Acc: 0.7011, Acc: 0.6857, Sensitivity: 0.6522, Specificity: 0.7500, PPV: 0.8333, NPV: 0.5294, F1: 0.7317
Epoch 28/40 - Train Loss: 0.6856, Train Acc: 0.6286, Train AUC: 0.7195 - Val Loss: 0.6847, Val Acc (0.5): 0.6857, Val AUC: 0.7464
  Train Best Threshold 0.50 → Balanced Acc: 0.6568, Acc: 0.6286, Sensitivity: 0.5745, Specificity: 0.7391, PPV: 0.8182, NPV: 0.4595, F1: 0.6750
  Val Best Threshold 0.50 → Balanced Acc: 0.7011, Acc: 0.6857, Sensitivity: 0.6522, Specificity: 0.7500, PPV: 0.8333, NPV: 0.5294, F1: 0.7317
Epoch 29/40 - Train Loss: 0.6809, Train Acc: 0.6714, Train AUC: 0.7623 - Val Loss: 0.6835, Val Acc (0.5): 0.6857, Val AUC: 0.7681
  Train Best Threshold 0.50 → Balanced Acc: 0.7109, Acc: 0.6714, Sensitivity: 0.5957, Specificity: 0.8261, PPV: 0.8750, NPV: 0.5000, F1: 0.7089
  Val Best Threshold 0.50 → Balanced Acc: 0.7011, Acc: 0.6857, Sensitivity: 0.6522, Specificity: 0.7500, PPV: 0.8333, NPV: 0.5294, F1: 0.7317
  → New best validation AUC: 0.7681
Epoch 30/40 - Train Loss: 0.6821, Train Acc: 0.6643, Train AUC: 0.7576 - Val Loss: 0.6820, Val Acc (0.5): 0.7143, Val AUC: 0.7754
  Train Best Threshold 0.50 → Balanced Acc: 0.7167, Acc: 0.6643, Sensitivity: 0.5638, Specificity: 0.8696, PPV: 0.8983, NPV: 0.4938, F1: 0.6928
  Val Best Threshold 0.50 → Balanced Acc: 0.7428, Acc: 0.7143, Sensitivity: 0.6522, Specificity: 0.8333, PPV: 0.8824, NPV: 0.5556, F1: 0.7500
  → New best validation AUC: 0.7754
Epoch 31/40 - Train Loss: 0.6970, Train Acc: 0.5786, Train AUC: 0.6314 - Val Loss: 0.6811, Val Acc (0.5): 0.6857, Val AUC: 0.7754
  Train Best Threshold 0.50 → Balanced Acc: 0.6085, Acc: 0.5786, Sensitivity: 0.5213, Specificity: 0.6957, PPV: 0.7778, NPV: 0.4156, F1: 0.6242
  Val Best Threshold 0.50 → Balanced Acc: 0.7011, Acc: 0.6857, Sensitivity: 0.6522, Specificity: 0.7500, PPV: 0.8333, NPV: 0.5294, F1: 0.7317
Epoch 32/40 - Train Loss: 0.6788, Train Acc: 0.6357, Train AUC: 0.7417 - Val Loss: 0.6806, Val Acc (0.5): 0.6857, Val AUC: 0.7862
  Train Best Threshold 0.50 → Balanced Acc: 0.6843, Acc: 0.6357, Sensitivity: 0.5426, Specificity: 0.8261, PPV: 0.8644, NPV: 0.4691, F1: 0.6667
  Val Best Threshold 0.50 → Balanced Acc: 0.7011, Acc: 0.6857, Sensitivity: 0.6522, Specificity: 0.7500, PPV: 0.8333, NPV: 0.5294, F1: 0.7317
  → New best validation AUC: 0.7862
Epoch 33/40 - Train Loss: 0.6908, Train Acc: 0.5571, Train AUC: 0.6353 - Val Loss: 0.6794, Val Acc (0.5): 0.6857, Val AUC: 0.7899
  Train Best Threshold 0.50 → Balanced Acc: 0.5925, Acc: 0.5571, Sensitivity: 0.4894, Specificity: 0.6957, PPV: 0.7667, NPV: 0.4000, F1: 0.5974
  Val Best Threshold 0.50 → Balanced Acc: 0.7011, Acc: 0.6857, Sensitivity: 0.6522, Specificity: 0.7500, PPV: 0.8333, NPV: 0.5294, F1: 0.7317
  → New best validation AUC: 0.7899
Epoch 34/40 - Train Loss: 0.6804, Train Acc: 0.6214, Train AUC: 0.7250 - Val Loss: 0.6771, Val Acc (0.5): 0.7429, Val AUC: 0.7935
  Train Best Threshold 0.50 → Balanced Acc: 0.6404, Acc: 0.6214, Sensitivity: 0.5851, Specificity: 0.6957, PPV: 0.7971, NPV: 0.4507, F1: 0.6748
  Val Best Threshold 0.50 → Balanced Acc: 0.7446, Acc: 0.7429, Sensitivity: 0.7391, Specificity: 0.7500, PPV: 0.8500, NPV: 0.6000, F1: 0.7907
  → New best validation AUC: 0.7935
Epoch 35/40 - Train Loss: 0.6779, Train Acc: 0.6143, Train AUC: 0.7606 - Val Loss: 0.6771, Val Acc (0.5): 0.7429, Val AUC: 0.7899
  Train Best Threshold 0.50 → Balanced Acc: 0.6517, Acc: 0.6143, Sensitivity: 0.5426, Specificity: 0.7609, PPV: 0.8226, NPV: 0.4487, F1: 0.6538
  Val Best Threshold 0.50 → Balanced Acc: 0.7446, Acc: 0.7429, Sensitivity: 0.7391, Specificity: 0.7500, PPV: 0.8500, NPV: 0.6000, F1: 0.7907
Epoch 36/40 - Train Loss: 0.6776, Train Acc: 0.6571, Train AUC: 0.7468 - Val Loss: 0.6773, Val Acc (0.5): 0.7429, Val AUC: 0.7826
  Train Best Threshold 0.50 → Balanced Acc: 0.7058, Acc: 0.6571, Sensitivity: 0.5638, Specificity: 0.8478, PPV: 0.8833, NPV: 0.4875, F1: 0.6883
  Val Best Threshold 0.50 → Balanced Acc: 0.7246, Acc: 0.7429, Sensitivity: 0.7826, Specificity: 0.6667, PPV: 0.8182, NPV: 0.6154, F1: 0.8000
Epoch 37/40 - Train Loss: 0.6702, Train Acc: 0.6500, Train AUC: 0.7875 - Val Loss: 0.6761, Val Acc (0.5): 0.7429, Val AUC: 0.7862
  Train Best Threshold 0.50 → Balanced Acc: 0.6728, Acc: 0.6500, Sensitivity: 0.6064, Specificity: 0.7391, PPV: 0.8261, NPV: 0.4789, F1: 0.6994
  Val Best Threshold 0.50 → Balanced Acc: 0.7246, Acc: 0.7429, Sensitivity: 0.7826, Specificity: 0.6667, PPV: 0.8182, NPV: 0.6154, F1: 0.8000
Epoch 38/40 - Train Loss: 0.6765, Train Acc: 0.6500, Train AUC: 0.7694 - Val Loss: 0.6757, Val Acc (0.5): 0.7714, Val AUC: 0.7935
  Train Best Threshold 0.50 → Balanced Acc: 0.6894, Acc: 0.6500, Sensitivity: 0.5745, Specificity: 0.8043, PPV: 0.8571, NPV: 0.4805, F1: 0.6879
  Val Best Threshold 0.50 → Balanced Acc: 0.7464, Acc: 0.7714, Sensitivity: 0.8261, Specificity: 0.6667, PPV: 0.8261, NPV: 0.6667, F1: 0.8261
Epoch 39/40 - Train Loss: 0.6762, Train Acc: 0.6214, Train AUC: 0.7551 - Val Loss: 0.6727, Val Acc (0.5): 0.6857, Val AUC: 0.7935
  Train Best Threshold 0.50 → Balanced Acc: 0.6681, Acc: 0.6214, Sensitivity: 0.5319, Specificity: 0.8043, PPV: 0.8475, NPV: 0.4568, F1: 0.6536
  Val Best Threshold 0.50 → Balanced Acc: 0.6812, Acc: 0.6857, Sensitivity: 0.6957, Specificity: 0.6667, PPV: 0.8000, NPV: 0.5333, F1: 0.7442
Epoch 40/40 - Train Loss: 0.6776, Train Acc: 0.6429, Train AUC: 0.7167 - Val Loss: 0.6724, Val Acc (0.5): 0.7429, Val AUC: 0.7899
  Train Best Threshold 0.50 → Balanced Acc: 0.6674, Acc: 0.6429, Sensitivity: 0.5957, Specificity: 0.7391, PPV: 0.8235, NPV: 0.4722, F1: 0.6914
  Val Best Threshold 0.50 → Balanced Acc: 0.7246, Acc: 0.7429, Sensitivity: 0.7826, Specificity: 0.6667, PPV: 0.8182, NPV: 0.6154, F1: 0.8000
Loaded best model with validation AUC: 0.7935
Final Train Results (Best Model) at epoch 34 - Loss: 0.6753, Accuracy: 0.6357, AUC: 0.7891
Final Val Results (Best Model) at epoch 34 - Loss: 0.6771, Accuracy: 0.7429, AUC: 0.7935
Train Best Threshold: 0.50 | Balanced Acc: 0.6954 | Acc: 0.6357 | Sensitivity: 0.5213 | Specificity: 0.8696 | PPV: 0.8909 | NPV: 0.4706 | F1: 0.6577
Train Confusion Matrix at Best Threshold (rows=actual [0,1], cols=predicted [0,1]):
[[40  6]
 [45 49]]
Val Best Threshold: 0.50 | Balanced Acc: 0.7446 | Acc: 0.7429 | Sensitivity: 0.7391 | Specificity: 0.7500 | PPV: 0.8500 | NPV: 0.6000 | F1: 0.7907
Val Confusion Matrix at Best Threshold (rows=actual [0,1], cols=predicted [0,1]):
[[ 9  3]
 [ 6 17]]
Fold 4 class distribution:
  Train: Class 0=46 (32.9%), Class 1=94 (67.1%)
  Val:   Class 0=12 (34.3%), Class 1=23 (65.7%)

======================================================================
Fold 4/5
======================================================================
Train: 140 patients
Val: 35 patients
Fitting clinical preprocessor on training data...
Built clinical feature dictionaries: train=140, val=35
Clinical input dimension: 3
Backbone feature dimension: 1280
Created mean pooling model with backbone efficientnetv2_b0
Using device: cuda
Class weights: [1.0, 0.4893617033958435]
Weight decay (L2 reg): 0.0001
Label smoothing: 0.1

Epoch 1/40 - Train Loss: 0.7079, Train Acc: 0.5643, Train AUC: 0.4487 - Val Loss: 0.7330, Val Acc (0.5): 0.6571, Val AUC: 0.0870
  Train Best Threshold 0.55 → Balanced Acc: 0.5099, Acc: 0.3643, Sensitivity: 0.0851, Specificity: 0.9348, PPV: 0.7273, NPV: 0.3333, F1: 0.1524
  Val Best Threshold 0.05 → Balanced Acc: 0.5000, Acc: 0.6571, Sensitivity: 1.0000, Specificity: 0.0000, PPV: 0.6571, NPV: 0.0000, F1: 0.7931
  → New best validation AUC: 0.0870
Epoch 2/40 - Train Loss: 0.7137, Train Acc: 0.5643, Train AUC: 0.3897 - Val Loss: 0.7233, Val Acc (0.5): 0.6000, Val AUC: 0.0978
  Train Best Threshold 0.05 → Balanced Acc: 0.5000, Acc: 0.6714, Sensitivity: 1.0000, Specificity: 0.0000, PPV: 0.6714, NPV: 0.0000, F1: 0.8034
  Val Best Threshold 0.05 → Balanced Acc: 0.5000, Acc: 0.6571, Sensitivity: 1.0000, Specificity: 0.0000, PPV: 0.6571, NPV: 0.0000, F1: 0.7931
  → New best validation AUC: 0.0978
Epoch 3/40 - Train Loss: 0.7123, Train Acc: 0.5571, Train AUC: 0.3966 - Val Loss: 0.7221, Val Acc (0.5): 0.6000, Val AUC: 0.0652
  Train Best Threshold 0.05 → Balanced Acc: 0.5000, Acc: 0.6714, Sensitivity: 1.0000, Specificity: 0.0000, PPV: 0.6714, NPV: 0.0000, F1: 0.8034
  Val Best Threshold 0.05 → Balanced Acc: 0.5000, Acc: 0.6571, Sensitivity: 1.0000, Specificity: 0.0000, PPV: 0.6571, NPV: 0.0000, F1: 0.7931
Epoch 4/40 - Train Loss: 0.7104, Train Acc: 0.4857, Train AUC: 0.3892 - Val Loss: 0.7209, Val Acc (0.5): 0.5714, Val AUC: 0.0833
  Train Best Threshold 0.05 → Balanced Acc: 0.5000, Acc: 0.6714, Sensitivity: 1.0000, Specificity: 0.0000, PPV: 0.6714, NPV: 0.0000, F1: 0.8034
  Val Best Threshold 0.05 → Balanced Acc: 0.5000, Acc: 0.6571, Sensitivity: 1.0000, Specificity: 0.0000, PPV: 0.6571, NPV: 0.0000, F1: 0.7931
Epoch 5/40 - Train Loss: 0.7034, Train Acc: 0.6357, Train AUC: 0.5476 - Val Loss: 0.7184, Val Acc (0.5): 0.5714, Val AUC: 0.1051
  Train Best Threshold 0.50 → Balanced Acc: 0.5733, Acc: 0.6357, Sensitivity: 0.7553, Specificity: 0.3913, PPV: 0.7172, NPV: 0.4390, F1: 0.7358
  Val Best Threshold 0.05 → Balanced Acc: 0.5000, Acc: 0.6571, Sensitivity: 1.0000, Specificity: 0.0000, PPV: 0.6571, NPV: 0.0000, F1: 0.7931
  → New best validation AUC: 0.1051
Epoch 6/40 - Train Loss: 0.7040, Train Acc: 0.6071, Train AUC: 0.5176 - Val Loss: 0.7199, Val Acc (0.5): 0.5714, Val AUC: 0.1014
  Train Best Threshold 0.50 → Balanced Acc: 0.5409, Acc: 0.6071, Sensitivity: 0.7340, Specificity: 0.3478, PPV: 0.6970, NPV: 0.3902, F1: 0.7150
  Val Best Threshold 0.05 → Balanced Acc: 0.5000, Acc: 0.6571, Sensitivity: 1.0000, Specificity: 0.0000, PPV: 0.6571, NPV: 0.0000, F1: 0.7931
Epoch 7/40 - Train Loss: 0.7037, Train Acc: 0.5857, Train AUC: 0.5104 - Val Loss: 0.7176, Val Acc (0.5): 0.5714, Val AUC: 0.1196
  Train Best Threshold 0.50 → Balanced Acc: 0.5194, Acc: 0.5857, Sensitivity: 0.7128, Specificity: 0.3261, PPV: 0.6837, NPV: 0.3571, F1: 0.6979
  Val Best Threshold 0.05 → Balanced Acc: 0.5000, Acc: 0.6571, Sensitivity: 1.0000, Specificity: 0.0000, PPV: 0.6571, NPV: 0.0000, F1: 0.7931
  → New best validation AUC: 0.1196
Epoch 8/40 - Train Loss: 0.6985, Train Acc: 0.6571, Train AUC: 0.6057 - Val Loss: 0.7155, Val Acc (0.5): 0.5714, Val AUC: 0.1413
  Train Best Threshold 0.50 → Balanced Acc: 0.6004, Acc: 0.6571, Sensitivity: 0.7660, Specificity: 0.4348, PPV: 0.7347, NPV: 0.4762, F1: 0.7500
  Val Best Threshold 0.05 → Balanced Acc: 0.5000, Acc: 0.6571, Sensitivity: 1.0000, Specificity: 0.0000, PPV: 0.6571, NPV: 0.0000, F1: 0.7931
  → New best validation AUC: 0.1413
Epoch 9/40 - Train Loss: 0.7064, Train Acc: 0.5286, Train AUC: 0.4780 - Val Loss: 0.7144, Val Acc (0.5): 0.5143, Val AUC: 0.1739
  Train Best Threshold 0.05 → Balanced Acc: 0.5000, Acc: 0.6714, Sensitivity: 1.0000, Specificity: 0.0000, PPV: 0.6714, NPV: 0.0000, F1: 0.8034
  Val Best Threshold 0.05 → Balanced Acc: 0.5000, Acc: 0.6571, Sensitivity: 1.0000, Specificity: 0.0000, PPV: 0.6571, NPV: 0.0000, F1: 0.7931
  → New best validation AUC: 0.1739
Epoch 10/40 - Train Loss: 0.7004, Train Acc: 0.5714, Train AUC: 0.5715 - Val Loss: 0.7138, Val Acc (0.5): 0.5714, Val AUC: 0.1775
  Train Best Threshold 0.50 → Balanced Acc: 0.5476, Acc: 0.5714, Sensitivity: 0.6170, Specificity: 0.4783, PPV: 0.7073, NPV: 0.3793, F1: 0.6591
  Val Best Threshold 0.05 → Balanced Acc: 0.5000, Acc: 0.6571, Sensitivity: 1.0000, Specificity: 0.0000, PPV: 0.6571, NPV: 0.0000, F1: 0.7931
  → New best validation AUC: 0.1775
Epoch 11/40 - Train Loss: 0.7015, Train Acc: 0.5286, Train AUC: 0.5227 - Val Loss: 0.7107, Val Acc (0.5): 0.5429, Val AUC: 0.2500
  Train Best Threshold 0.45 → Balanced Acc: 0.5109, Acc: 0.6786, Sensitivity: 1.0000, Specificity: 0.0217, PPV: 0.6763, NPV: 1.0000, F1: 0.8069
  Val Best Threshold 0.05 → Balanced Acc: 0.5000, Acc: 0.6571, Sensitivity: 1.0000, Specificity: 0.0000, PPV: 0.6571, NPV: 0.0000, F1: 0.7931
  → New best validation AUC: 0.2500
Epoch 12/40 - Train Loss: 0.6979, Train Acc: 0.5929, Train AUC: 0.5800 - Val Loss: 0.7091, Val Acc (0.5): 0.4857, Val AUC: 0.2717
  Train Best Threshold 0.50 → Balanced Acc: 0.5747, Acc: 0.5929, Sensitivity: 0.6277, Specificity: 0.5217, PPV: 0.7284, NPV: 0.4068, F1: 0.6743
  Val Best Threshold 0.05 → Balanced Acc: 0.5000, Acc: 0.6571, Sensitivity: 1.0000, Specificity: 0.0000, PPV: 0.6571, NPV: 0.0000, F1: 0.7931
  → New best validation AUC: 0.2717
Epoch 13/40 - Train Loss: 0.6947, Train Acc: 0.6000, Train AUC: 0.6339 - Val Loss: 0.7081, Val Acc (0.5): 0.4857, Val AUC: 0.2862
  Train Best Threshold 0.50 → Balanced Acc: 0.6133, Acc: 0.6000, Sensitivity: 0.5745, Specificity: 0.6522, PPV: 0.7714, NPV: 0.4286, F1: 0.6585
  Val Best Threshold 0.05 → Balanced Acc: 0.5000, Acc: 0.6571, Sensitivity: 1.0000, Specificity: 0.0000, PPV: 0.6571, NPV: 0.0000, F1: 0.7931
  → New best validation AUC: 0.2862
Epoch 14/40 - Train Loss: 0.6987, Train Acc: 0.5643, Train AUC: 0.5715 - Val Loss: 0.7091, Val Acc (0.5): 0.5429, Val AUC: 0.2899
  Train Best Threshold 0.50 → Balanced Acc: 0.5479, Acc: 0.5643, Sensitivity: 0.5957, Specificity: 0.5000, PPV: 0.7089, NPV: 0.3770, F1: 0.6474
  Val Best Threshold 0.05 → Balanced Acc: 0.5000, Acc: 0.6571, Sensitivity: 1.0000, Specificity: 0.0000, PPV: 0.6571, NPV: 0.0000, F1: 0.7931
  → New best validation AUC: 0.2899
Epoch 15/40 - Train Loss: 0.6975, Train Acc: 0.5643, Train AUC: 0.5872 - Val Loss: 0.7083, Val Acc (0.5): 0.5429, Val AUC: 0.3188
  Train Best Threshold 0.50 → Balanced Acc: 0.5479, Acc: 0.5643, Sensitivity: 0.5957, Specificity: 0.5000, PPV: 0.7089, NPV: 0.3770, F1: 0.6474
  Val Best Threshold 0.05 → Balanced Acc: 0.5000, Acc: 0.6571, Sensitivity: 1.0000, Specificity: 0.0000, PPV: 0.6571, NPV: 0.0000, F1: 0.7931
  → New best validation AUC: 0.3188
Epoch 16/40 - Train Loss: 0.6924, Train Acc: 0.6429, Train AUC: 0.6647 - Val Loss: 0.7087, Val Acc (0.5): 0.5714, Val AUC: 0.3297
  Train Best Threshold 0.50 → Balanced Acc: 0.6341, Acc: 0.6429, Sensitivity: 0.6596, Specificity: 0.6087, PPV: 0.7750, NPV: 0.4667, F1: 0.7126
  Val Best Threshold 0.05 → Balanced Acc: 0.5000, Acc: 0.6571, Sensitivity: 1.0000, Specificity: 0.0000, PPV: 0.6571, NPV: 0.0000, F1: 0.7931
  → New best validation AUC: 0.3297
Epoch 17/40 - Train Loss: 0.7005, Train Acc: 0.5286, Train AUC: 0.5574 - Val Loss: 0.7075, Val Acc (0.5): 0.5714, Val AUC: 0.3587
  Train Best Threshold 0.55 → Balanced Acc: 0.5160, Acc: 0.3500, Sensitivity: 0.0319, Specificity: 1.0000, PPV: 1.0000, NPV: 0.3358, F1: 0.0619
  Val Best Threshold 0.05 → Balanced Acc: 0.5000, Acc: 0.6571, Sensitivity: 1.0000, Specificity: 0.0000, PPV: 0.6571, NPV: 0.0000, F1: 0.7931
  → New best validation AUC: 0.3587
Epoch 18/40 - Train Loss: 0.6993, Train Acc: 0.5786, Train AUC: 0.5849 - Val Loss: 0.7069, Val Acc (0.5): 0.5714, Val AUC: 0.3768
  Train Best Threshold 0.50 → Balanced Acc: 0.5641, Acc: 0.5786, Sensitivity: 0.6064, Specificity: 0.5217, PPV: 0.7215, NPV: 0.3934, F1: 0.6590
  Val Best Threshold 0.05 → Balanced Acc: 0.5000, Acc: 0.6571, Sensitivity: 1.0000, Specificity: 0.0000, PPV: 0.6571, NPV: 0.0000, F1: 0.7931
  → New best validation AUC: 0.3768
Epoch 19/40 - Train Loss: 0.6873, Train Acc: 0.6857, Train AUC: 0.7107 - Val Loss: 0.7054, Val Acc (0.5): 0.5143, Val AUC: 0.4022
  Train Best Threshold 0.50 → Balanced Acc: 0.6938, Acc: 0.6857, Sensitivity: 0.6702, Specificity: 0.7174, PPV: 0.8289, NPV: 0.5156, F1: 0.7412
  Val Best Threshold 0.05 → Balanced Acc: 0.5000, Acc: 0.6571, Sensitivity: 1.0000, Specificity: 0.0000, PPV: 0.6571, NPV: 0.0000, F1: 0.7931
  → New best validation AUC: 0.4022
Epoch 20/40 - Train Loss: 0.6911, Train Acc: 0.5643, Train AUC: 0.6496 - Val Loss: 0.7037, Val Acc (0.5): 0.5714, Val AUC: 0.4239
  Train Best Threshold 0.50 → Balanced Acc: 0.5812, Acc: 0.5643, Sensitivity: 0.5319, Specificity: 0.6304, PPV: 0.7463, NPV: 0.3973, F1: 0.6211
  Val Best Threshold 0.50 → Balanced Acc: 0.5145, Acc: 0.5714, Sensitivity: 0.6957, Specificity: 0.3333, PPV: 0.6667, NPV: 0.3636, F1: 0.6809
  → New best validation AUC: 0.4239
Epoch 21/40 - Train Loss: 0.6933, Train Acc: 0.6214, Train AUC: 0.6741 - Val Loss: 0.7028, Val Acc (0.5): 0.6000, Val AUC: 0.4312
  Train Best Threshold 0.50 → Balanced Acc: 0.6293, Acc: 0.6214, Sensitivity: 0.6064, Specificity: 0.6522, PPV: 0.7808, NPV: 0.4478, F1: 0.6826
  Val Best Threshold 0.50 → Balanced Acc: 0.5761, Acc: 0.6000, Sensitivity: 0.6522, Specificity: 0.5000, PPV: 0.7143, NPV: 0.4286, F1: 0.6818
  → New best validation AUC: 0.4312
Epoch 22/40 - Train Loss: 0.6892, Train Acc: 0.5929, Train AUC: 0.6883 - Val Loss: 0.7032, Val Acc (0.5): 0.6000, Val AUC: 0.4275
  Train Best Threshold 0.50 → Balanced Acc: 0.6413, Acc: 0.5929, Sensitivity: 0.5000, Specificity: 0.7826, PPV: 0.8246, NPV: 0.4337, F1: 0.6225
  Val Best Threshold 0.50 → Balanced Acc: 0.5761, Acc: 0.6000, Sensitivity: 0.6522, Specificity: 0.5000, PPV: 0.7143, NPV: 0.4286, F1: 0.6818
Epoch 23/40 - Train Loss: 0.6869, Train Acc: 0.6000, Train AUC: 0.7044 - Val Loss: 0.7019, Val Acc (0.5): 0.5429, Val AUC: 0.4384
  Train Best Threshold 0.50 → Balanced Acc: 0.6078, Acc: 0.6000, Sensitivity: 0.5851, Specificity: 0.6304, PPV: 0.7639, NPV: 0.4265, F1: 0.6627
  Val Best Threshold 0.50 → Balanced Acc: 0.5326, Acc: 0.5429, Sensitivity: 0.5652, Specificity: 0.5000, PPV: 0.6842, NPV: 0.3750, F1: 0.6190
  → New best validation AUC: 0.4384
Epoch 24/40 - Train Loss: 0.6914, Train Acc: 0.6000, Train AUC: 0.6663 - Val Loss: 0.7020, Val Acc (0.5): 0.5429, Val AUC: 0.4493
  Train Best Threshold 0.50 → Balanced Acc: 0.6300, Acc: 0.6000, Sensitivity: 0.5426, Specificity: 0.7174, PPV: 0.7969, NPV: 0.4342, F1: 0.6456
  Val Best Threshold 0.50 → Balanced Acc: 0.5326, Acc: 0.5429, Sensitivity: 0.5652, Specificity: 0.5000, PPV: 0.6842, NPV: 0.3750, F1: 0.6190
  → New best validation AUC: 0.4493
Epoch 25/40 - Train Loss: 0.6845, Train Acc: 0.6357, Train AUC: 0.7169 - Val Loss: 0.7016, Val Acc (0.5): 0.6286, Val AUC: 0.4855
  Train Best Threshold 0.50 → Balanced Acc: 0.6732, Acc: 0.6357, Sensitivity: 0.5638, Specificity: 0.7826, PPV: 0.8413, NPV: 0.4675, F1: 0.6752
  Val Best Threshold 0.50 → Balanced Acc: 0.5978, Acc: 0.6286, Sensitivity: 0.6957, Specificity: 0.5000, PPV: 0.7273, NPV: 0.4615, F1: 0.7111
  → New best validation AUC: 0.4855
Epoch 26/40 - Train Loss: 0.6840, Train Acc: 0.6929, Train AUC: 0.7493 - Val Loss: 0.7003, Val Acc (0.5): 0.6000, Val AUC: 0.5072
  Train Best Threshold 0.50 → Balanced Acc: 0.7047, Acc: 0.6929, Sensitivity: 0.6702, Specificity: 0.7391, PPV: 0.8400, NPV: 0.5231, F1: 0.7456
  Val Best Threshold 0.50 → Balanced Acc: 0.5761, Acc: 0.6000, Sensitivity: 0.6522, Specificity: 0.5000, PPV: 0.7143, NPV: 0.4286, F1: 0.6818
  → New best validation AUC: 0.5072
Epoch 27/40 - Train Loss: 0.6879, Train Acc: 0.5857, Train AUC: 0.6880 - Val Loss: 0.6995, Val Acc (0.5): 0.5714, Val AUC: 0.5399
  Train Best Threshold 0.50 → Balanced Acc: 0.6138, Acc: 0.5857, Sensitivity: 0.5319, Specificity: 0.6957, PPV: 0.7812, NPV: 0.4211, F1: 0.6329
  Val Best Threshold 0.50 → Balanced Acc: 0.5543, Acc: 0.5714, Sensitivity: 0.6087, Specificity: 0.5000, PPV: 0.7000, NPV: 0.4000, F1: 0.6512
  → New best validation AUC: 0.5399
Epoch 28/40 - Train Loss: 0.6837, Train Acc: 0.6429, Train AUC: 0.7306 - Val Loss: 0.6989, Val Acc (0.5): 0.6000, Val AUC: 0.5507
  Train Best Threshold 0.50 → Balanced Acc: 0.6563, Acc: 0.6429, Sensitivity: 0.6170, Specificity: 0.6957, PPV: 0.8056, NPV: 0.4706, F1: 0.6988
  Val Best Threshold 0.50 → Balanced Acc: 0.5960, Acc: 0.6000, Sensitivity: 0.6087, Specificity: 0.5833, PPV: 0.7368, NPV: 0.4375, F1: 0.6667
  → New best validation AUC: 0.5507
Epoch 29/40 - Train Loss: 0.6852, Train Acc: 0.6714, Train AUC: 0.7303 - Val Loss: 0.6993, Val Acc (0.5): 0.6000, Val AUC: 0.5580
  Train Best Threshold 0.50 → Balanced Acc: 0.6887, Acc: 0.6714, Sensitivity: 0.6383, Specificity: 0.7391, PPV: 0.8333, NPV: 0.5000, F1: 0.7229
  Val Best Threshold 0.50 → Balanced Acc: 0.5960, Acc: 0.6000, Sensitivity: 0.6087, Specificity: 0.5833, PPV: 0.7368, NPV: 0.4375, F1: 0.6667
  → New best validation AUC: 0.5580
Epoch 30/40 - Train Loss: 0.6829, Train Acc: 0.6214, Train AUC: 0.7266 - Val Loss: 0.6985, Val Acc (0.5): 0.6000, Val AUC: 0.5725
  Train Best Threshold 0.50 → Balanced Acc: 0.6515, Acc: 0.6214, Sensitivity: 0.5638, Specificity: 0.7391, PPV: 0.8154, NPV: 0.4533, F1: 0.6667
  Val Best Threshold 0.50 → Balanced Acc: 0.5960, Acc: 0.6000, Sensitivity: 0.6087, Specificity: 0.5833, PPV: 0.7368, NPV: 0.4375, F1: 0.6667
  → New best validation AUC: 0.5725
Epoch 31/40 - Train Loss: 0.6828, Train Acc: 0.6643, Train AUC: 0.7278 - Val Loss: 0.6976, Val Acc (0.5): 0.6000, Val AUC: 0.5870
  Train Best Threshold 0.50 → Balanced Acc: 0.6778, Acc: 0.6643, Sensitivity: 0.6383, Specificity: 0.7174, PPV: 0.8219, NPV: 0.4925, F1: 0.7186
  Val Best Threshold 0.50 → Balanced Acc: 0.5960, Acc: 0.6000, Sensitivity: 0.6087, Specificity: 0.5833, PPV: 0.7368, NPV: 0.4375, F1: 0.6667
  → New best validation AUC: 0.5870
Epoch 32/40 - Train Loss: 0.6878, Train Acc: 0.5929, Train AUC: 0.6739 - Val Loss: 0.6962, Val Acc (0.5): 0.5714, Val AUC: 0.5833
  Train Best Threshold 0.50 → Balanced Acc: 0.6247, Acc: 0.5929, Sensitivity: 0.5319, Specificity: 0.7174, PPV: 0.7937, NPV: 0.4286, F1: 0.6369
  Val Best Threshold 0.50 → Balanced Acc: 0.5743, Acc: 0.5714, Sensitivity: 0.5652, Specificity: 0.5833, PPV: 0.7222, NPV: 0.4118, F1: 0.6341
Epoch 33/40 - Train Loss: 0.6788, Train Acc: 0.6714, Train AUC: 0.7766 - Val Loss: 0.6946, Val Acc (0.5): 0.5714, Val AUC: 0.5870
  Train Best Threshold 0.50 → Balanced Acc: 0.7220, Acc: 0.6714, Sensitivity: 0.5745, Specificity: 0.8696, PPV: 0.9000, NPV: 0.5000, F1: 0.7013
  Val Best Threshold 0.50 → Balanced Acc: 0.5942, Acc: 0.5714, Sensitivity: 0.5217, Specificity: 0.6667, PPV: 0.7500, NPV: 0.4211, F1: 0.6154
Epoch 34/40 - Train Loss: 0.6784, Train Acc: 0.6714, Train AUC: 0.7687 - Val Loss: 0.6925, Val Acc (0.5): 0.5714, Val AUC: 0.6087
  Train Best Threshold 0.50 → Balanced Acc: 0.7220, Acc: 0.6714, Sensitivity: 0.5745, Specificity: 0.8696, PPV: 0.9000, NPV: 0.5000, F1: 0.7013
  Val Best Threshold 0.50 → Balanced Acc: 0.5942, Acc: 0.5714, Sensitivity: 0.5217, Specificity: 0.6667, PPV: 0.7500, NPV: 0.4211, F1: 0.6154
  → New best validation AUC: 0.6087
Epoch 35/40 - Train Loss: 0.6777, Train Acc: 0.6286, Train AUC: 0.7713 - Val Loss: 0.6917, Val Acc (0.5): 0.5714, Val AUC: 0.6159
  Train Best Threshold 0.50 → Balanced Acc: 0.6623, Acc: 0.6286, Sensitivity: 0.5638, Specificity: 0.7609, PPV: 0.8281, NPV: 0.4605, F1: 0.6709
  Val Best Threshold 0.50 → Balanced Acc: 0.5942, Acc: 0.5714, Sensitivity: 0.5217, Specificity: 0.6667, PPV: 0.7500, NPV: 0.4211, F1: 0.6154
  → New best validation AUC: 0.6159
Epoch 36/40 - Train Loss: 0.6741, Train Acc: 0.6500, Train AUC: 0.7979 - Val Loss: 0.6928, Val Acc (0.5): 0.5714, Val AUC: 0.6087
  Train Best Threshold 0.50 → Balanced Acc: 0.6894, Acc: 0.6500, Sensitivity: 0.5745, Specificity: 0.8043, PPV: 0.8571, NPV: 0.4805, F1: 0.6879
  Val Best Threshold 0.50 → Balanced Acc: 0.5942, Acc: 0.5714, Sensitivity: 0.5217, Specificity: 0.6667, PPV: 0.7500, NPV: 0.4211, F1: 0.6154
Epoch 37/40 - Train Loss: 0.6818, Train Acc: 0.5786, Train AUC: 0.7100 - Val Loss: 0.6891, Val Acc (0.5): 0.5714, Val AUC: 0.6196
  Train Best Threshold 0.50 → Balanced Acc: 0.6140, Acc: 0.5786, Sensitivity: 0.5106, Specificity: 0.7174, PPV: 0.7869, NPV: 0.4177, F1: 0.6194
  Val Best Threshold 0.50 → Balanced Acc: 0.5942, Acc: 0.5714, Sensitivity: 0.5217, Specificity: 0.6667, PPV: 0.7500, NPV: 0.4211, F1: 0.6154
  → New best validation AUC: 0.6196
Epoch 38/40 - Train Loss: 0.6703, Train Acc: 0.7071, Train AUC: 0.8180 - Val Loss: 0.6888, Val Acc (0.5): 0.6000, Val AUC: 0.6196
  Train Best Threshold 0.50 → Balanced Acc: 0.7375, Acc: 0.7071, Sensitivity: 0.6489, Specificity: 0.8261, PPV: 0.8841, NPV: 0.5352, F1: 0.7485
  Val Best Threshold 0.50 → Balanced Acc: 0.6159, Acc: 0.6000, Sensitivity: 0.5652, Specificity: 0.6667, PPV: 0.7647, NPV: 0.4444, F1: 0.6500
Epoch 39/40 - Train Loss: 0.6752, Train Acc: 0.6143, Train AUC: 0.7364 - Val Loss: 0.6882, Val Acc (0.5): 0.5143, Val AUC: 0.6268
  Train Best Threshold 0.50 → Balanced Acc: 0.6573, Acc: 0.6143, Sensitivity: 0.5319, Specificity: 0.7826, PPV: 0.8333, NPV: 0.4500, F1: 0.6494
  Val Best Threshold 0.50 → Balanced Acc: 0.5507, Acc: 0.5143, Sensitivity: 0.4348, Specificity: 0.6667, PPV: 0.7143, NPV: 0.3810, F1: 0.5405
  → New best validation AUC: 0.6268
Epoch 40/40 - Train Loss: 0.6664, Train Acc: 0.6500, Train AUC: 0.8189 - Val Loss: 0.6864, Val Acc (0.5): 0.5143, Val AUC: 0.6304
  Train Best Threshold 0.50 → Balanced Acc: 0.6950, Acc: 0.6500, Sensitivity: 0.5638, Specificity: 0.8261, PPV: 0.8689, NPV: 0.4810, F1: 0.6839
  Val Best Threshold 0.45 → Balanced Acc: 0.5616, Acc: 0.6857, Sensitivity: 0.9565, Specificity: 0.1667, PPV: 0.6875, NPV: 0.6667, F1: 0.8000
  → New best validation AUC: 0.6304
Loaded best model with validation AUC: 0.6304
Final Train Results (Best Model) at epoch 40 - Loss: 0.6721, Accuracy: 0.6500, AUC: 0.8055
Final Val Results (Best Model) at epoch 40 - Loss: 0.6864, Accuracy: 0.5143, AUC: 0.6304
Train Best Threshold: 0.50 | Balanced Acc: 0.7061 | Acc: 0.6500 | Sensitivity: 0.5426 | Specificity: 0.8696 | PPV: 0.8947 | NPV: 0.4819 | F1: 0.6755
Train Confusion Matrix at Best Threshold (rows=actual [0,1], cols=predicted [0,1]):
[[40  6]
 [43 51]]
Val Best Threshold: 0.45 | Balanced Acc: 0.5616 | Acc: 0.6857 | Sensitivity: 0.9565 | Specificity: 0.1667 | PPV: 0.6875 | NPV: 0.6667 | F1: 0.8000
Val Confusion Matrix at Best Threshold (rows=actual [0,1], cols=predicted [0,1]):
[[ 2 10]
 [ 1 22]]
Fold 5 class distribution:
  Train: Class 0=46 (32.9%), Class 1=94 (67.1%)
  Val:   Class 0=12 (34.3%), Class 1=23 (65.7%)

======================================================================
Fold 5/5
======================================================================
Train: 140 patients
Val: 35 patients
Fitting clinical preprocessor on training data...
Built clinical feature dictionaries: train=140, val=35
Clinical input dimension: 3
Backbone feature dimension: 1280
Created mean pooling model with backbone efficientnetv2_b0
Using device: cuda
Class weights: [1.0, 0.4893617033958435]
Weight decay (L2 reg): 0.0001
Label smoothing: 0.1

Epoch 1/40 - Train Loss: 0.7034, Train Acc: 0.6000, Train AUC: 0.5016 - Val Loss: 0.7093, Val Acc (0.5): 0.6571, Val AUC: 0.1848
  Train Best Threshold 0.55 → Balanced Acc: 0.5368, Acc: 0.3929, Sensitivity: 0.1170, Specificity: 0.9565, PPV: 0.8462, NPV: 0.3465, F1: 0.2056
  Val Best Threshold 0.05 → Balanced Acc: 0.5000, Acc: 0.6571, Sensitivity: 1.0000, Specificity: 0.0000, PPV: 0.6571, NPV: 0.0000, F1: 0.7931
  → New best validation AUC: 0.1848
Epoch 2/40 - Train Loss: 0.7101, Train Acc: 0.5500, Train AUC: 0.4385 - Val Loss: 0.7165, Val Acc (0.5): 0.6286, Val AUC: 0.1667
  Train Best Threshold 0.05 → Balanced Acc: 0.5000, Acc: 0.6714, Sensitivity: 1.0000, Specificity: 0.0000, PPV: 0.6714, NPV: 0.0000, F1: 0.8034
  Val Best Threshold 0.05 → Balanced Acc: 0.5000, Acc: 0.6571, Sensitivity: 1.0000, Specificity: 0.0000, PPV: 0.6571, NPV: 0.0000, F1: 0.7931
Epoch 3/40 - Train Loss: 0.7091, Train Acc: 0.5071, Train AUC: 0.4524 - Val Loss: 0.7135, Val Acc (0.5): 0.5143, Val AUC: 0.1920
  Train Best Threshold 0.05 → Balanced Acc: 0.5000, Acc: 0.6714, Sensitivity: 1.0000, Specificity: 0.0000, PPV: 0.6714, NPV: 0.0000, F1: 0.8034
  Val Best Threshold 0.05 → Balanced Acc: 0.5000, Acc: 0.6571, Sensitivity: 1.0000, Specificity: 0.0000, PPV: 0.6571, NPV: 0.0000, F1: 0.7931
  → New best validation AUC: 0.1920
Epoch 4/40 - Train Loss: 0.7038, Train Acc: 0.5929, Train AUC: 0.5120 - Val Loss: 0.7121, Val Acc (0.5): 0.4857, Val AUC: 0.2609
  Train Best Threshold 0.50 → Balanced Acc: 0.5192, Acc: 0.5929, Sensitivity: 0.7340, Specificity: 0.3043, PPV: 0.6832, NPV: 0.3590, F1: 0.7077
  Val Best Threshold 0.05 → Balanced Acc: 0.5000, Acc: 0.6571, Sensitivity: 1.0000, Specificity: 0.0000, PPV: 0.6571, NPV: 0.0000, F1: 0.7931
  → New best validation AUC: 0.2609
Epoch 5/40 - Train Loss: 0.7046, Train Acc: 0.5071, Train AUC: 0.4706 - Val Loss: 0.7125, Val Acc (0.5): 0.4571, Val AUC: 0.3659
  Train Best Threshold 0.05 → Balanced Acc: 0.5000, Acc: 0.6714, Sensitivity: 1.0000, Specificity: 0.0000, PPV: 0.6714, NPV: 0.0000, F1: 0.8034
  Val Best Threshold 0.05 → Balanced Acc: 0.5000, Acc: 0.6571, Sensitivity: 1.0000, Specificity: 0.0000, PPV: 0.6571, NPV: 0.0000, F1: 0.7931
  → New best validation AUC: 0.3659
Epoch 6/40 - Train Loss: 0.7097, Train Acc: 0.5143, Train AUC: 0.4327 - Val Loss: 0.7115, Val Acc (0.5): 0.5143, Val AUC: 0.3877
  Train Best Threshold 0.05 → Balanced Acc: 0.5000, Acc: 0.6714, Sensitivity: 1.0000, Specificity: 0.0000, PPV: 0.6714, NPV: 0.0000, F1: 0.8034
  Val Best Threshold 0.05 → Balanced Acc: 0.5000, Acc: 0.6571, Sensitivity: 1.0000, Specificity: 0.0000, PPV: 0.6571, NPV: 0.0000, F1: 0.7931
  → New best validation AUC: 0.3877
Epoch 7/40 - Train Loss: 0.7018, Train Acc: 0.5786, Train AUC: 0.5326 - Val Loss: 0.7111, Val Acc (0.5): 0.5143, Val AUC: 0.3986
  Train Best Threshold 0.50 → Balanced Acc: 0.5252, Acc: 0.5786, Sensitivity: 0.6809, Specificity: 0.3696, PPV: 0.6882, NPV: 0.3617, F1: 0.6845
  Val Best Threshold 0.05 → Balanced Acc: 0.5000, Acc: 0.6571, Sensitivity: 1.0000, Specificity: 0.0000, PPV: 0.6571, NPV: 0.0000, F1: 0.7931
  → New best validation AUC: 0.3986
Epoch 8/40 - Train Loss: 0.7033, Train Acc: 0.5714, Train AUC: 0.5169 - Val Loss: 0.7114, Val Acc (0.5): 0.4286, Val AUC: 0.4275
  Train Best Threshold 0.50 → Balanced Acc: 0.5199, Acc: 0.5714, Sensitivity: 0.6702, Specificity: 0.3696, PPV: 0.6848, NPV: 0.3542, F1: 0.6774
  Val Best Threshold 0.05 → Balanced Acc: 0.5000, Acc: 0.6571, Sensitivity: 1.0000, Specificity: 0.0000, PPV: 0.6571, NPV: 0.0000, F1: 0.7931
  → New best validation AUC: 0.4275
Epoch 9/40 - Train Loss: 0.7039, Train Acc: 0.5214, Train AUC: 0.4810 - Val Loss: 0.7117, Val Acc (0.5): 0.5714, Val AUC: 0.4457
  Train Best Threshold 0.55 → Balanced Acc: 0.5106, Acc: 0.3429, Sensitivity: 0.0213, Specificity: 1.0000, PPV: 1.0000, NPV: 0.3333, F1: 0.0417
  Val Best Threshold 0.50 → Balanced Acc: 0.5743, Acc: 0.5714, Sensitivity: 0.5652, Specificity: 0.5833, PPV: 0.7222, NPV: 0.4118, F1: 0.6341
  → New best validation AUC: 0.4457
Epoch 10/40 - Train Loss: 0.7025, Train Acc: 0.5429, Train AUC: 0.5072 - Val Loss: 0.7112, Val Acc (0.5): 0.5143, Val AUC: 0.4855
  Train Best Threshold 0.45 → Balanced Acc: 0.5164, Acc: 0.6786, Sensitivity: 0.9894, Specificity: 0.0435, PPV: 0.6788, NPV: 0.6667, F1: 0.8052
  Val Best Threshold 0.50 → Balanced Acc: 0.5308, Acc: 0.5143, Sensitivity: 0.4783, Specificity: 0.5833, PPV: 0.6875, NPV: 0.3684, F1: 0.5641
  → New best validation AUC: 0.4855
Epoch 11/40 - Train Loss: 0.7051, Train Acc: 0.5071, Train AUC: 0.4961 - Val Loss: 0.7125, Val Acc (0.5): 0.4286, Val AUC: 0.4601
  Train Best Threshold 0.05 → Balanced Acc: 0.5000, Acc: 0.6714, Sensitivity: 1.0000, Specificity: 0.0000, PPV: 0.6714, NPV: 0.0000, F1: 0.8034
  Val Best Threshold 0.05 → Balanced Acc: 0.5000, Acc: 0.6571, Sensitivity: 1.0000, Specificity: 0.0000, PPV: 0.6571, NPV: 0.0000, F1: 0.7931
Epoch 12/40 - Train Loss: 0.7006, Train Acc: 0.5357, Train AUC: 0.5550 - Val Loss: 0.7106, Val Acc (0.5): 0.5429, Val AUC: 0.4746
  Train Best Threshold 0.50 → Balanced Acc: 0.5210, Acc: 0.5357, Sensitivity: 0.5638, Specificity: 0.4783, PPV: 0.6883, NPV: 0.3492, F1: 0.6199
  Val Best Threshold 0.50 → Balanced Acc: 0.5725, Acc: 0.5429, Sensitivity: 0.4783, Specificity: 0.6667, PPV: 0.7333, NPV: 0.4000, F1: 0.5789
Epoch 13/40 - Train Loss: 0.6969, Train Acc: 0.5286, Train AUC: 0.5761 - Val Loss: 0.7103, Val Acc (0.5): 0.6000, Val AUC: 0.4819
  Train Best Threshold 0.50 → Balanced Acc: 0.5379, Acc: 0.5286, Sensitivity: 0.5106, Specificity: 0.5652, PPV: 0.7059, NPV: 0.3611, F1: 0.5926
  Val Best Threshold 0.50 → Balanced Acc: 0.6159, Acc: 0.6000, Sensitivity: 0.5652, Specificity: 0.6667, PPV: 0.7647, NPV: 0.4444, F1: 0.6500
Epoch 14/40 - Train Loss: 0.6968, Train Acc: 0.5500, Train AUC: 0.5985 - Val Loss: 0.7093, Val Acc (0.5): 0.5714, Val AUC: 0.4783
  Train Best Threshold 0.50 → Balanced Acc: 0.5317, Acc: 0.5500, Sensitivity: 0.5851, Specificity: 0.4783, PPV: 0.6962, NPV: 0.3607, F1: 0.6358
  Val Best Threshold 0.50 → Balanced Acc: 0.5743, Acc: 0.5714, Sensitivity: 0.5652, Specificity: 0.5833, PPV: 0.7222, NPV: 0.4118, F1: 0.6341
Epoch 15/40 - Train Loss: 0.6977, Train Acc: 0.5286, Train AUC: 0.5819 - Val Loss: 0.7088, Val Acc (0.5): 0.5714, Val AUC: 0.5326
  Train Best Threshold 0.50 → Balanced Acc: 0.5268, Acc: 0.5286, Sensitivity: 0.5319, Specificity: 0.5217, PPV: 0.6944, NPV: 0.3529, F1: 0.6024
  Val Best Threshold 0.50 → Balanced Acc: 0.5942, Acc: 0.5714, Sensitivity: 0.5217, Specificity: 0.6667, PPV: 0.7500, NPV: 0.4211, F1: 0.6154
  → New best validation AUC: 0.5326
Epoch 16/40 - Train Loss: 0.6913, Train Acc: 0.6071, Train AUC: 0.6843 - Val Loss: 0.7087, Val Acc (0.5): 0.5429, Val AUC: 0.5543
  Train Best Threshold 0.50 → Balanced Acc: 0.6297, Acc: 0.6071, Sensitivity: 0.5638, Specificity: 0.6957, PPV: 0.7910, NPV: 0.4384, F1: 0.6584
  Val Best Threshold 0.50 → Balanced Acc: 0.5725, Acc: 0.5429, Sensitivity: 0.4783, Specificity: 0.6667, PPV: 0.7333, NPV: 0.4000, F1: 0.5789
  → New best validation AUC: 0.5543
Epoch 17/40 - Train Loss: 0.6928, Train Acc: 0.5857, Train AUC: 0.6339 - Val Loss: 0.7095, Val Acc (0.5): 0.5429, Val AUC: 0.5543
  Train Best Threshold 0.50 → Balanced Acc: 0.6304, Acc: 0.5857, Sensitivity: 0.5000, Specificity: 0.7609, PPV: 0.8103, NPV: 0.4268, F1: 0.6184
  Val Best Threshold 0.50 → Balanced Acc: 0.5725, Acc: 0.5429, Sensitivity: 0.4783, Specificity: 0.6667, PPV: 0.7333, NPV: 0.4000, F1: 0.5789
Epoch 18/40 - Train Loss: 0.6891, Train Acc: 0.5929, Train AUC: 0.6869 - Val Loss: 0.7082, Val Acc (0.5): 0.5429, Val AUC: 0.5688
  Train Best Threshold 0.50 → Balanced Acc: 0.6191, Acc: 0.5929, Sensitivity: 0.5426, Specificity: 0.6957, PPV: 0.7846, NPV: 0.4267, F1: 0.6415
  Val Best Threshold 0.50 → Balanced Acc: 0.5725, Acc: 0.5429, Sensitivity: 0.4783, Specificity: 0.6667, PPV: 0.7333, NPV: 0.4000, F1: 0.5789
  → New best validation AUC: 0.5688
Epoch 19/40 - Train Loss: 0.6879, Train Acc: 0.5571, Train AUC: 0.6926 - Val Loss: 0.7086, Val Acc (0.5): 0.4857, Val AUC: 0.5833
  Train Best Threshold 0.50 → Balanced Acc: 0.5925, Acc: 0.5571, Sensitivity: 0.4894, Specificity: 0.6957, PPV: 0.7667, NPV: 0.4000, F1: 0.5974
  Val Best Threshold 0.50 → Balanced Acc: 0.5688, Acc: 0.4857, Sensitivity: 0.3043, Specificity: 0.8333, PPV: 0.7778, NPV: 0.3846, F1: 0.4375
  → New best validation AUC: 0.5833
Epoch 20/40 - Train Loss: 0.6821, Train Acc: 0.6214, Train AUC: 0.7546 - Val Loss: 0.7085, Val Acc (0.5): 0.5143, Val AUC: 0.6014
  Train Best Threshold 0.50 → Balanced Acc: 0.6626, Acc: 0.6214, Sensitivity: 0.5426, Specificity: 0.7826, PPV: 0.8361, NPV: 0.4557, F1: 0.6581
  Val Best Threshold 0.50 → Balanced Acc: 0.5707, Acc: 0.5143, Sensitivity: 0.3913, Specificity: 0.7500, PPV: 0.7500, NPV: 0.3913, F1: 0.5143
  → New best validation AUC: 0.6014
Epoch 21/40 - Train Loss: 0.6964, Train Acc: 0.5643, Train AUC: 0.6041 - Val Loss: 0.7073, Val Acc (0.5): 0.5429, Val AUC: 0.5978
  Train Best Threshold 0.50 → Balanced Acc: 0.5701, Acc: 0.5643, Sensitivity: 0.5532, Specificity: 0.5870, PPV: 0.7324, NPV: 0.3913, F1: 0.6303
  Val Best Threshold 0.50 → Balanced Acc: 0.5924, Acc: 0.5429, Sensitivity: 0.4348, Specificity: 0.7500, PPV: 0.7692, NPV: 0.4091, F1: 0.5556
Epoch 22/40 - Train Loss: 0.6884, Train Acc: 0.5714, Train AUC: 0.6735 - Val Loss: 0.7069, Val Acc (0.5): 0.5143, Val AUC: 0.5906
  Train Best Threshold 0.50 → Balanced Acc: 0.6087, Acc: 0.5714, Sensitivity: 0.5000, Specificity: 0.7174, PPV: 0.7833, NPV: 0.4125, F1: 0.6104
  Val Best Threshold 0.50 → Balanced Acc: 0.5308, Acc: 0.5143, Sensitivity: 0.4783, Specificity: 0.5833, PPV: 0.6875, NPV: 0.3684, F1: 0.5641
Epoch 23/40 - Train Loss: 0.6958, Train Acc: 0.5571, Train AUC: 0.6029 - Val Loss: 0.7066, Val Acc (0.5): 0.5429, Val AUC: 0.6051
  Train Best Threshold 0.50 → Balanced Acc: 0.5703, Acc: 0.5571, Sensitivity: 0.5319, Specificity: 0.6087, PPV: 0.7353, NPV: 0.3889, F1: 0.6173
  Val Best Threshold 0.50 → Balanced Acc: 0.5725, Acc: 0.5429, Sensitivity: 0.4783, Specificity: 0.6667, PPV: 0.7333, NPV: 0.4000, F1: 0.5789
  → New best validation AUC: 0.6051
Epoch 24/40 - Train Loss: 0.6875, Train Acc: 0.6500, Train AUC: 0.6968 - Val Loss: 0.7055, Val Acc (0.5): 0.5429, Val AUC: 0.5978
  Train Best Threshold 0.50 → Balanced Acc: 0.6672, Acc: 0.6500, Sensitivity: 0.6170, Specificity: 0.7174, PPV: 0.8169, NPV: 0.4783, F1: 0.7030
  Val Best Threshold 0.50 → Balanced Acc: 0.5525, Acc: 0.5429, Sensitivity: 0.5217, Specificity: 0.5833, PPV: 0.7059, NPV: 0.3889, F1: 0.6000
Epoch 25/40 - Train Loss: 0.6825, Train Acc: 0.6071, Train AUC: 0.7296 - Val Loss: 0.7049, Val Acc (0.5): 0.5429, Val AUC: 0.6014
  Train Best Threshold 0.50 → Balanced Acc: 0.6297, Acc: 0.6071, Sensitivity: 0.5638, Specificity: 0.6957, PPV: 0.7910, NPV: 0.4384, F1: 0.6584
  Val Best Threshold 0.50 → Balanced Acc: 0.5525, Acc: 0.5429, Sensitivity: 0.5217, Specificity: 0.5833, PPV: 0.7059, NPV: 0.3889, F1: 0.6000
Epoch 26/40 - Train Loss: 0.6883, Train Acc: 0.6071, Train AUC: 0.6822 - Val Loss: 0.7046, Val Acc (0.5): 0.5714, Val AUC: 0.6123
  Train Best Threshold 0.50 → Balanced Acc: 0.6186, Acc: 0.6071, Sensitivity: 0.5851, Specificity: 0.6522, PPV: 0.7746, NPV: 0.4348, F1: 0.6667
  Val Best Threshold 0.50 → Balanced Acc: 0.5942, Acc: 0.5714, Sensitivity: 0.5217, Specificity: 0.6667, PPV: 0.7500, NPV: 0.4211, F1: 0.6154
  → New best validation AUC: 0.6123
Epoch 27/40 - Train Loss: 0.6882, Train Acc: 0.6071, Train AUC: 0.6568 - Val Loss: 0.7032, Val Acc (0.5): 0.5714, Val AUC: 0.6159
  Train Best Threshold 0.50 → Balanced Acc: 0.6353, Acc: 0.6071, Sensitivity: 0.5532, Specificity: 0.7174, PPV: 0.8000, NPV: 0.4400, F1: 0.6541
  Val Best Threshold 0.50 → Balanced Acc: 0.5942, Acc: 0.5714, Sensitivity: 0.5217, Specificity: 0.6667, PPV: 0.7500, NPV: 0.4211, F1: 0.6154
  → New best validation AUC: 0.6159
Epoch 28/40 - Train Loss: 0.6809, Train Acc: 0.6286, Train AUC: 0.7428 - Val Loss: 0.7027, Val Acc (0.5): 0.5714, Val AUC: 0.6159
  Train Best Threshold 0.50 → Balanced Acc: 0.6623, Acc: 0.6286, Sensitivity: 0.5638, Specificity: 0.7609, PPV: 0.8281, NPV: 0.4605, F1: 0.6709
  Val Best Threshold 0.50 → Balanced Acc: 0.5942, Acc: 0.5714, Sensitivity: 0.5217, Specificity: 0.6667, PPV: 0.7500, NPV: 0.4211, F1: 0.6154
Epoch 29/40 - Train Loss: 0.6885, Train Acc: 0.6143, Train AUC: 0.6903 - Val Loss: 0.7026, Val Acc (0.5): 0.6000, Val AUC: 0.6051
  Train Best Threshold 0.50 → Balanced Acc: 0.6351, Acc: 0.6143, Sensitivity: 0.5745, Specificity: 0.6957, PPV: 0.7941, NPV: 0.4444, F1: 0.6667
  Val Best Threshold 0.50 → Balanced Acc: 0.6159, Acc: 0.6000, Sensitivity: 0.5652, Specificity: 0.6667, PPV: 0.7647, NPV: 0.4444, F1: 0.6500
Epoch 30/40 - Train Loss: 0.6879, Train Acc: 0.6071, Train AUC: 0.6672 - Val Loss: 0.7031, Val Acc (0.5): 0.6000, Val AUC: 0.6159
  Train Best Threshold 0.50 → Balanced Acc: 0.6353, Acc: 0.6071, Sensitivity: 0.5532, Specificity: 0.7174, PPV: 0.8000, NPV: 0.4400, F1: 0.6541
  Val Best Threshold 0.50 → Balanced Acc: 0.6159, Acc: 0.6000, Sensitivity: 0.5652, Specificity: 0.6667, PPV: 0.7647, NPV: 0.4444, F1: 0.6500
Epoch 31/40 - Train Loss: 0.6869, Train Acc: 0.6500, Train AUC: 0.7012 - Val Loss: 0.7021, Val Acc (0.5): 0.5714, Val AUC: 0.6232
  Train Best Threshold 0.50 → Balanced Acc: 0.6728, Acc: 0.6500, Sensitivity: 0.6064, Specificity: 0.7391, PPV: 0.8261, NPV: 0.4789, F1: 0.6994
  Val Best Threshold 0.50 → Balanced Acc: 0.5743, Acc: 0.5714, Sensitivity: 0.5652, Specificity: 0.5833, PPV: 0.7222, NPV: 0.4118, F1: 0.6341
  → New best validation AUC: 0.6232
Epoch 32/40 - Train Loss: 0.6740, Train Acc: 0.6500, Train AUC: 0.7858 - Val Loss: 0.7015, Val Acc (0.5): 0.5714, Val AUC: 0.6268
  Train Best Threshold 0.50 → Balanced Acc: 0.6950, Acc: 0.6500, Sensitivity: 0.5638, Specificity: 0.8261, PPV: 0.8689, NPV: 0.4810, F1: 0.6839
  Val Best Threshold 0.50 → Balanced Acc: 0.5743, Acc: 0.5714, Sensitivity: 0.5652, Specificity: 0.5833, PPV: 0.7222, NPV: 0.4118, F1: 0.6341
  → New best validation AUC: 0.6268
Epoch 33/40 - Train Loss: 0.6759, Train Acc: 0.6500, Train AUC: 0.7611 - Val Loss: 0.7002, Val Acc (0.5): 0.5714, Val AUC: 0.6123
  Train Best Threshold 0.50 → Balanced Acc: 0.6950, Acc: 0.6500, Sensitivity: 0.5638, Specificity: 0.8261, PPV: 0.8689, NPV: 0.4810, F1: 0.6839
  Val Best Threshold 0.50 → Balanced Acc: 0.5743, Acc: 0.5714, Sensitivity: 0.5652, Specificity: 0.5833, PPV: 0.7222, NPV: 0.4118, F1: 0.6341
Epoch 34/40 - Train Loss: 0.6730, Train Acc: 0.7214, Train AUC: 0.7951 - Val Loss: 0.6998, Val Acc (0.5): 0.5429, Val AUC: 0.5978
  Train Best Threshold 0.50 → Balanced Acc: 0.7648, Acc: 0.7214, Sensitivity: 0.6383, Specificity: 0.8913, PPV: 0.9231, NPV: 0.5467, F1: 0.7547
  Val Best Threshold 0.55 → Balanced Acc: 0.5652, Acc: 0.4286, Sensitivity: 0.1304, Specificity: 1.0000, PPV: 1.0000, NPV: 0.3750, F1: 0.2308
Epoch 35/40 - Train Loss: 0.6717, Train Acc: 0.6786, Train AUC: 0.7512 - Val Loss: 0.6980, Val Acc (0.5): 0.5429, Val AUC: 0.6196
  Train Best Threshold 0.50 → Balanced Acc: 0.7051, Acc: 0.6786, Sensitivity: 0.6277, Specificity: 0.7826, PPV: 0.8551, NPV: 0.5070, F1: 0.7239
  Val Best Threshold 0.55 → Balanced Acc: 0.5870, Acc: 0.4571, Sensitivity: 0.1739, Specificity: 1.0000, PPV: 1.0000, NPV: 0.3871, F1: 0.2963
Epoch 36/40 - Train Loss: 0.6718, Train Acc: 0.6714, Train AUC: 0.7539 - Val Loss: 0.6984, Val Acc (0.5): 0.5429, Val AUC: 0.6377
  Train Best Threshold 0.50 → Balanced Acc: 0.6998, Acc: 0.6714, Sensitivity: 0.6170, Specificity: 0.7826, PPV: 0.8529, NPV: 0.5000, F1: 0.7160
  Val Best Threshold 0.55 → Balanced Acc: 0.5652, Acc: 0.4286, Sensitivity: 0.1304, Specificity: 1.0000, PPV: 1.0000, NPV: 0.3750, F1: 0.2308
  → New best validation AUC: 0.6377
Epoch 37/40 - Train Loss: 0.6787, Train Acc: 0.5857, Train AUC: 0.7000 - Val Loss: 0.6982, Val Acc (0.5): 0.5429, Val AUC: 0.6051
  Train Best Threshold 0.50 → Balanced Acc: 0.6193, Acc: 0.5857, Sensitivity: 0.5213, Specificity: 0.7174, PPV: 0.7903, NPV: 0.4231, F1: 0.6282
  Val Best Threshold 0.55 → Balanced Acc: 0.5453, Acc: 0.4286, Sensitivity: 0.1739, Specificity: 0.9167, PPV: 0.8000, NPV: 0.3667, F1: 0.2857
Epoch 38/40 - Train Loss: 0.6709, Train Acc: 0.6357, Train AUC: 0.7560 - Val Loss: 0.6982, Val Acc (0.5): 0.5429, Val AUC: 0.6014
  Train Best Threshold 0.45 → Balanced Acc: 0.6691, Acc: 0.7643, Sensitivity: 0.9468, Specificity: 0.3913, PPV: 0.7607, NPV: 0.7826, F1: 0.8436
  Val Best Threshold 0.45 → Balanced Acc: 0.6232, Acc: 0.7143, Sensitivity: 0.9130, Specificity: 0.3333, PPV: 0.7241, NPV: 0.6667, F1: 0.8077
Epoch 39/40 - Train Loss: 0.6724, Train Acc: 0.6143, Train AUC: 0.7454 - Val Loss: 0.6981, Val Acc (0.5): 0.5429, Val AUC: 0.5978
  Train Best Threshold 0.50 → Balanced Acc: 0.6517, Acc: 0.6143, Sensitivity: 0.5426, Specificity: 0.7609, PPV: 0.8226, NPV: 0.4487, F1: 0.6538
  Val Best Threshold 0.45 → Balanced Acc: 0.6232, Acc: 0.7143, Sensitivity: 0.9130, Specificity: 0.3333, PPV: 0.7241, NPV: 0.6667, F1: 0.8077
Epoch 40/40 - Train Loss: 0.6621, Train Acc: 0.6714, Train AUC: 0.7886 - Val Loss: 0.6989, Val Acc (0.5): 0.5143, Val AUC: 0.6123
  Train Best Threshold 0.50 → Balanced Acc: 0.7109, Acc: 0.6714, Sensitivity: 0.5957, Specificity: 0.8261, PPV: 0.8750, NPV: 0.5000, F1: 0.7089
  Val Best Threshold 0.45 → Balanced Acc: 0.6232, Acc: 0.7143, Sensitivity: 0.9130, Specificity: 0.3333, PPV: 0.7241, NPV: 0.6667, F1: 0.8077
Loaded best model with validation AUC: 0.6377
Final Train Results (Best Model) at epoch 36 - Loss: 0.6684, Accuracy: 0.6714, AUC: 0.7990
Final Val Results (Best Model) at epoch 36 - Loss: 0.6984, Accuracy: 0.5429, AUC: 0.6377
Train Best Threshold: 0.50 | Balanced Acc: 0.7109 | Acc: 0.6714 | Sensitivity: 0.5957 | Specificity: 0.8261 | PPV: 0.8750 | NPV: 0.5000 | F1: 0.7089
Train Confusion Matrix at Best Threshold (rows=actual [0,1], cols=predicted [0,1]):
[[38  8]
 [38 56]]
Val Best Threshold: 0.55 | Balanced Acc: 0.5652 | Acc: 0.4286 | Sensitivity: 0.1304 | Specificity: 1.0000 | PPV: 1.0000 | NPV: 0.3750 | F1: 0.2308
Val Confusion Matrix at Best Threshold (rows=actual [0,1], cols=predicted [0,1]):
[[12  0]
 [20  3]]

======================================================================
Cross-Validation Results - C1 (Mean Pooling)
======================================================================
Model: C1 (Mean Pooling)
Backbone: efficientnetv2_b0
Pooling: mean
Val AUCs: ['0.8712', '0.7424', '0.7935', '0.6304', '0.6377']
Mean Val AUC: 0.7350 ± 0.0921
======================================================================
