Starting 5-fold cross-validation training for A1 (Mean Pooling)
Configuration:
  clinical_csv: data/annotations/data1_175case_LB.csv
  image_root: data/nakagami_full_cropped
  patient_id_column: NO
  label_column: CL_F2
  image_pattern: Nakagami_image_*.png
  n_folds: 5
  batch_size: 16
  learning_rate: 0.001
  num_epochs: 40
  early_stopping_patience: 10
  early_stopping_min_delta: 0.001
  backbone: efficientnetv2_b0
  pretrained: True
  device: cuda
  num_workers: 4
  model_type: mean
  attention_hidden: 128
  seed: 42
  no_cv: False
  val_split: 0.2
  log_dir: runs/bmode
  use_advanced_aug: False
  use_lr_scheduler: False
  use_tta: False
Loading clinical data...
Loaded 175 patients from clinical data
Building patient records...
Building patient records from 175 patients...
Image root: data/nakagami_full_cropped
Image pattern: Nakagami_image_*.png
Successfully created 175 patient records
Created 175 patient records

======================================================================
Fold 1/5
======================================================================
Train: 140 patients
Val: 35 patients
Created A1 model (mean pooling) with backbone efficientnetv2_b0
Using device: cuda
Class weights: [1.0, 0.5053763389587402]
Epoch 1/40 - Train Loss: 0.7462, Train Acc: 0.5714, Train AUC: 0.5454 - Val Loss: 0.6632, Val Acc (0.5): 0.3714, Val AUC: 0.6818
  Train Best Threshold 0.45 → Balanced Acc: 0.5892, Acc: 0.6500, Sensitivity: 0.7742, Specificity: 0.4043, PPV: 0.7200, NPV: 0.4750, F1: 0.7461
  Val Best Threshold 0.40 → Balanced Acc: 0.6629, Acc: 0.5714, Sensitivity: 0.4167, Specificity: 0.9091, PPV: 0.9091, NPV: 0.4167, F1: 0.5714
  → New best validation AUC: 0.6818
  → Saved best model to weights/a1_mean_pooling_cv_efficientnetv2_b0_20260127_224522_fold1_best.pth
Epoch 2/40 - Train Loss: 0.6762, Train Acc: 0.5786, Train AUC: 0.6250 - Val Loss: 0.9128, Val Acc (0.5): 0.6857, Val AUC: 0.5379
  Train Best Threshold 0.50 → Balanced Acc: 0.5986, Acc: 0.5786, Sensitivity: 0.5376, Specificity: 0.6596, PPV: 0.7576, NPV: 0.4189, F1: 0.6289
  Val Best Threshold 0.75 → Balanced Acc: 0.5682, Acc: 0.5429, Sensitivity: 0.5000, Specificity: 0.6364, PPV: 0.7500, NPV: 0.3684, F1: 0.6000
Epoch 3/40 - Train Loss: 0.6580, Train Acc: 0.6714, Train AUC: 0.6925 - Val Loss: 0.6976, Val Acc (0.5): 0.5143, Val AUC: 0.6098
  Train Best Threshold 0.55 → Balanced Acc: 0.6680, Acc: 0.6429, Sensitivity: 0.5914, Specificity: 0.7447, PPV: 0.8209, NPV: 0.4795, F1: 0.6875
  Val Best Threshold 0.45 → Balanced Acc: 0.7008, Acc: 0.6571, Sensitivity: 0.5833, Specificity: 0.8182, PPV: 0.8750, NPV: 0.4737, F1: 0.7000
Epoch 4/40 - Train Loss: 0.5888, Train Acc: 0.6500, Train AUC: 0.7774 - Val Loss: 0.9777, Val Acc (0.5): 0.6000, Val AUC: 0.5568
  Train Best Threshold 0.45 → Balanced Acc: 0.7430, Acc: 0.7214, Sensitivity: 0.6774, Specificity: 0.8085, PPV: 0.8750, NPV: 0.5588, F1: 0.7636
  Val Best Threshold 0.75 → Balanced Acc: 0.6136, Acc: 0.5714, Sensitivity: 0.5000, Specificity: 0.7273, PPV: 0.8000, NPV: 0.4000, F1: 0.6154
Epoch 5/40 - Train Loss: 0.4657, Train Acc: 0.7929, Train AUC: 0.8609 - Val Loss: 1.5526, Val Acc (0.5): 0.4857, Val AUC: 0.5720
  Train Best Threshold 0.55 → Balanced Acc: 0.8020, Acc: 0.7929, Sensitivity: 0.7742, Specificity: 0.8298, PPV: 0.9000, NPV: 0.6500, F1: 0.8324
  Val Best Threshold 0.80 → Balanced Acc: 0.5966, Acc: 0.5143, Sensitivity: 0.3750, Specificity: 0.8182, PPV: 0.8182, NPV: 0.3750, F1: 0.5143
Epoch 6/40 - Train Loss: 0.4949, Train Acc: 0.8071, Train AUC: 0.8623 - Val Loss: 1.1125, Val Acc (0.5): 0.4857, Val AUC: 0.5720
  Train Best Threshold 0.55 → Balanced Acc: 0.8127, Acc: 0.8071, Sensitivity: 0.7957, Specificity: 0.8298, PPV: 0.9024, NPV: 0.6724, F1: 0.8457
  Val Best Threshold 0.95 → Balanced Acc: 0.6212, Acc: 0.5143, Sensitivity: 0.3333, Specificity: 0.9091, PPV: 0.8889, NPV: 0.3846, F1: 0.4848
Epoch 7/40 - Train Loss: 0.4192, Train Acc: 0.7714, Train AUC: 0.8861 - Val Loss: 2.0026, Val Acc (0.5): 0.6571, Val AUC: 0.5606
  Train Best Threshold 0.40 → Balanced Acc: 0.8076, Acc: 0.8143, Sensitivity: 0.8280, Specificity: 0.7872, PPV: 0.8851, NPV: 0.6981, F1: 0.8556
  Val Best Threshold 0.55 → Balanced Acc: 0.6193, Acc: 0.7143, Sensitivity: 0.8750, Specificity: 0.3636, PPV: 0.7500, NPV: 0.5714, F1: 0.8077
Epoch 8/40 - Train Loss: 0.3029, Train Acc: 0.8714, Train AUC: 0.9435 - Val Loss: 2.4637, Val Acc (0.5): 0.5714, Val AUC: 0.5871
  Train Best Threshold 0.60 → Balanced Acc: 0.8873, Acc: 0.8643, Sensitivity: 0.8172, Specificity: 0.9574, PPV: 0.9744, NPV: 0.7258, F1: 0.8889
  Val Best Threshold 0.85 → Balanced Acc: 0.5852, Acc: 0.6000, Sensitivity: 0.6250, Specificity: 0.5455, PPV: 0.7500, NPV: 0.4000, F1: 0.6818
Epoch 9/40 - Train Loss: 0.2967, Train Acc: 0.8929, Train AUC: 0.9488 - Val Loss: 1.3291, Val Acc (0.5): 0.6857, Val AUC: 0.7083
  Train Best Threshold 0.70 → Balanced Acc: 0.9141, Acc: 0.8929, Sensitivity: 0.8495, Specificity: 0.9787, PPV: 0.9875, NPV: 0.7667, F1: 0.9133
  Val Best Threshold 0.45 → Balanced Acc: 0.7424, Acc: 0.7143, Sensitivity: 0.6667, Specificity: 0.8182, PPV: 0.8889, NPV: 0.5294, F1: 0.7619
  → New best validation AUC: 0.7083
  → Saved best model to weights/a1_mean_pooling_cv_efficientnetv2_b0_20260127_224522_fold1_best.pth
Epoch 10/40 - Train Loss: 0.3609, Train Acc: 0.8429, Train AUC: 0.9330 - Val Loss: 1.4546, Val Acc (0.5): 0.4571, Val AUC: 0.6023
  Train Best Threshold 0.40 → Balanced Acc: 0.8769, Acc: 0.8714, Sensitivity: 0.8602, Specificity: 0.8936, PPV: 0.9412, NPV: 0.7636, F1: 0.8989
  Val Best Threshold 0.45 → Balanced Acc: 0.6250, Acc: 0.4857, Sensitivity: 0.2500, Specificity: 1.0000, PPV: 1.0000, NPV: 0.3793, F1: 0.4000
Epoch 11/40 - Train Loss: 0.3217, Train Acc: 0.8429, Train AUC: 0.9350 - Val Loss: 1.2593, Val Acc (0.5): 0.6286, Val AUC: 0.6591
  Train Best Threshold 0.55 → Balanced Acc: 0.8715, Acc: 0.8643, Sensitivity: 0.8495, Specificity: 0.8936, PPV: 0.9405, NPV: 0.7500, F1: 0.8927
  Val Best Threshold 0.85 → Balanced Acc: 0.7045, Acc: 0.6286, Sensitivity: 0.5000, Specificity: 0.9091, PPV: 0.9231, NPV: 0.4545, F1: 0.6486
Epoch 12/40 - Train Loss: 0.2243, Train Acc: 0.9071, Train AUC: 0.9721 - Val Loss: 2.0867, Val Acc (0.5): 0.6000, Val AUC: 0.6174
  Train Best Threshold 0.70 → Balanced Acc: 0.9140, Acc: 0.8857, Sensitivity: 0.8280, Specificity: 1.0000, PPV: 1.0000, NPV: 0.7460, F1: 0.9059
  Val Best Threshold 0.25 → Balanced Acc: 0.6723, Acc: 0.6857, Sensitivity: 0.7083, Specificity: 0.6364, PPV: 0.8095, NPV: 0.5000, F1: 0.7556
Epoch 13/40 - Train Loss: 0.2169, Train Acc: 0.9000, Train AUC: 0.9675 - Val Loss: 1.4104, Val Acc (0.5): 0.6000, Val AUC: 0.5303
  Train Best Threshold 0.15 → Balanced Acc: 0.9361, Acc: 0.9500, Sensitivity: 0.9785, Specificity: 0.8936, PPV: 0.9479, NPV: 0.9545, F1: 0.9630
  Val Best Threshold 0.70 → Balanced Acc: 0.5852, Acc: 0.6000, Sensitivity: 0.6250, Specificity: 0.5455, PPV: 0.7500, NPV: 0.4000, F1: 0.6818
Epoch 14/40 - Train Loss: 0.2689, Train Acc: 0.9143, Train AUC: 0.9570 - Val Loss: 1.3220, Val Acc (0.5): 0.5143, Val AUC: 0.6439
  Train Best Threshold 0.55 → Balanced Acc: 0.9146, Acc: 0.9214, Sensitivity: 0.9355, Specificity: 0.8936, PPV: 0.9457, NPV: 0.8750, F1: 0.9405
  Val Best Threshold 0.05 → Balanced Acc: 0.6477, Acc: 0.6857, Sensitivity: 0.7500, Specificity: 0.5455, PPV: 0.7826, NPV: 0.5000, F1: 0.7660
Epoch 15/40 - Train Loss: 0.2141, Train Acc: 0.9286, Train AUC: 0.9723 - Val Loss: 0.9550, Val Acc (0.5): 0.4286, Val AUC: 0.6023
  Train Best Threshold 0.35 → Balanced Acc: 0.9254, Acc: 0.9429, Sensitivity: 0.9785, Specificity: 0.8723, PPV: 0.9381, NPV: 0.9535, F1: 0.9579
  Val Best Threshold 0.10 → Balanced Acc: 0.6477, Acc: 0.6857, Sensitivity: 0.7500, Specificity: 0.5455, PPV: 0.7826, NPV: 0.5000, F1: 0.7660
Epoch 16/40 - Train Loss: 0.2008, Train Acc: 0.9071, Train AUC: 0.9780 - Val Loss: 1.7846, Val Acc (0.5): 0.6571, Val AUC: 0.6742
  Train Best Threshold 0.45 → Balanced Acc: 0.9250, Acc: 0.9143, Sensitivity: 0.8925, Specificity: 0.9574, PPV: 0.9765, NPV: 0.8182, F1: 0.9326
  Val Best Threshold 0.35 → Balanced Acc: 0.6477, Acc: 0.6857, Sensitivity: 0.7500, Specificity: 0.5455, PPV: 0.7826, NPV: 0.5000, F1: 0.7660
Epoch 17/40 - Train Loss: 0.1755, Train Acc: 0.9429, Train AUC: 0.9810 - Val Loss: 1.7211, Val Acc (0.5): 0.5714, Val AUC: 0.6098
  Train Best Threshold 0.45 → Balanced Acc: 0.9466, Acc: 0.9500, Sensitivity: 0.9570, Specificity: 0.9362, PPV: 0.9674, NPV: 0.9167, F1: 0.9622
  Val Best Threshold 0.10 → Balanced Acc: 0.6591, Acc: 0.6000, Sensitivity: 0.5000, Specificity: 0.8182, PPV: 0.8571, NPV: 0.4286, F1: 0.6316
Epoch 18/40 - Train Loss: 0.1456, Train Acc: 0.9286, Train AUC: 0.9865 - Val Loss: 2.1685, Val Acc (0.5): 0.6286, Val AUC: 0.6667
  Train Best Threshold 0.60 → Balanced Acc: 0.9464, Acc: 0.9357, Sensitivity: 0.9140, Specificity: 0.9787, PPV: 0.9884, NPV: 0.8519, F1: 0.9497
  Val Best Threshold 0.95 → Balanced Acc: 0.6723, Acc: 0.6857, Sensitivity: 0.7083, Specificity: 0.6364, PPV: 0.8095, NPV: 0.5000, F1: 0.7556
Epoch 19/40 - Train Loss: 0.1157, Train Acc: 0.9571, Train AUC: 0.9934 - Val Loss: 1.4591, Val Acc (0.5): 0.6857, Val AUC: 0.7121
  Train Best Threshold 0.65 → Balanced Acc: 0.9625, Acc: 0.9571, Sensitivity: 0.9462, Specificity: 0.9787, PPV: 0.9888, NPV: 0.9020, F1: 0.9670
  Val Best Threshold 0.20 → Balanced Acc: 0.7386, Acc: 0.7429, Sensitivity: 0.7500, Specificity: 0.7273, PPV: 0.8571, NPV: 0.5714, F1: 0.8000
  → New best validation AUC: 0.7121
  → Saved best model to weights/a1_mean_pooling_cv_efficientnetv2_b0_20260127_224522_fold1_best.pth
Epoch 20/40 - Train Loss: 0.2037, Train Acc: 0.9214, Train AUC: 0.9783 - Val Loss: 1.7898, Val Acc (0.5): 0.7143, Val AUC: 0.7879
  Train Best Threshold 0.30 → Balanced Acc: 0.9518, Acc: 0.9500, Sensitivity: 0.9462, Specificity: 0.9574, PPV: 0.9778, NPV: 0.9000, F1: 0.9617
  Val Best Threshold 0.95 → Balanced Acc: 0.7102, Acc: 0.7714, Sensitivity: 0.8750, Specificity: 0.5455, PPV: 0.8077, NPV: 0.6667, F1: 0.8400
  → New best validation AUC: 0.7879
  → Saved best model to weights/a1_mean_pooling_cv_efficientnetv2_b0_20260127_224522_fold1_best.pth
Epoch 21/40 - Train Loss: 0.2264, Train Acc: 0.9143, Train AUC: 0.9760 - Val Loss: 1.5206, Val Acc (0.5): 0.6286, Val AUC: 0.6629
  Train Best Threshold 0.75 → Balanced Acc: 0.9306, Acc: 0.9357, Sensitivity: 0.9462, Specificity: 0.9149, PPV: 0.9565, NPV: 0.8958, F1: 0.9514
  Val Best Threshold 0.05 → Balanced Acc: 0.6856, Acc: 0.7714, Sensitivity: 0.9167, Specificity: 0.4545, PPV: 0.7857, NPV: 0.7143, F1: 0.8462
Epoch 22/40 - Train Loss: 0.2691, Train Acc: 0.8571, Train AUC: 0.9581 - Val Loss: 1.2649, Val Acc (0.5): 0.4857, Val AUC: 0.5720
  Train Best Threshold 0.25 → Balanced Acc: 0.9092, Acc: 0.9143, Sensitivity: 0.9247, Specificity: 0.8936, PPV: 0.9451, NPV: 0.8571, F1: 0.9348
  Val Best Threshold 0.40 → Balanced Acc: 0.5890, Acc: 0.5714, Sensitivity: 0.5417, Specificity: 0.6364, PPV: 0.7647, NPV: 0.3889, F1: 0.6341
Epoch 23/40 - Train Loss: 0.1511, Train Acc: 0.9143, Train AUC: 0.9897 - Val Loss: 1.3959, Val Acc (0.5): 0.4571, Val AUC: 0.6591
  Train Best Threshold 0.40 → Balanced Acc: 0.9518, Acc: 0.9500, Sensitivity: 0.9462, Specificity: 0.9574, PPV: 0.9778, NPV: 0.9000, F1: 0.9617
  Val Best Threshold 0.30 → Balanced Acc: 0.6799, Acc: 0.6286, Sensitivity: 0.5417, Specificity: 0.8182, PPV: 0.8667, NPV: 0.4500, F1: 0.6667
Epoch 24/40 - Train Loss: 0.1019, Train Acc: 0.9643, Train AUC: 0.9945 - Val Loss: 1.5097, Val Acc (0.5): 0.6286, Val AUC: 0.6288
  Train Best Threshold 0.40 → Balanced Acc: 0.9680, Acc: 0.9714, Sensitivity: 0.9785, Specificity: 0.9574, PPV: 0.9785, NPV: 0.9574, F1: 0.9785
  Val Best Threshold 0.45 → Balanced Acc: 0.6553, Acc: 0.6286, Sensitivity: 0.5833, Specificity: 0.7273, PPV: 0.8235, NPV: 0.4444, F1: 0.6829
Epoch 25/40 - Train Loss: 0.0869, Train Acc: 0.9786, Train AUC: 0.9982 - Val Loss: 2.2067, Val Acc (0.5): 0.5429, Val AUC: 0.6667
  Train Best Threshold 0.55 → Balanced Acc: 0.9787, Acc: 0.9857, Sensitivity: 1.0000, Specificity: 0.9574, PPV: 0.9789, NPV: 1.0000, F1: 0.9894
  Val Best Threshold 0.10 → Balanced Acc: 0.7500, Acc: 0.6571, Sensitivity: 0.5000, Specificity: 1.0000, PPV: 1.0000, NPV: 0.4783, F1: 0.6667
Epoch 26/40 - Train Loss: 0.0748, Train Acc: 0.9786, Train AUC: 0.9961 - Val Loss: 2.1857, Val Acc (0.5): 0.5429, Val AUC: 0.6553
  Train Best Threshold 0.25 → Balanced Acc: 0.9787, Acc: 0.9857, Sensitivity: 1.0000, Specificity: 0.9574, PPV: 0.9789, NPV: 1.0000, F1: 0.9894
  Val Best Threshold 0.10 → Balanced Acc: 0.7292, Acc: 0.6286, Sensitivity: 0.4583, Specificity: 1.0000, PPV: 1.0000, NPV: 0.4583, F1: 0.6286
Epoch 27/40 - Train Loss: 0.0745, Train Acc: 0.9643, Train AUC: 0.9966 - Val Loss: 1.6342, Val Acc (0.5): 0.7429, Val AUC: 0.5871
  Train Best Threshold 0.25 → Balanced Acc: 0.9733, Acc: 0.9786, Sensitivity: 0.9892, Specificity: 0.9574, PPV: 0.9787, NPV: 0.9783, F1: 0.9840
  Val Best Threshold 0.20 → Balanced Acc: 0.6856, Acc: 0.7714, Sensitivity: 0.9167, Specificity: 0.4545, PPV: 0.7857, NPV: 0.7143, F1: 0.8462
Epoch 28/40 - Train Loss: 0.0733, Train Acc: 0.9786, Train AUC: 0.9977 - Val Loss: 1.7352, Val Acc (0.5): 0.6286, Val AUC: 0.6742
  Train Best Threshold 0.80 → Balanced Acc: 0.9732, Acc: 0.9714, Sensitivity: 0.9677, Specificity: 0.9787, PPV: 0.9890, NPV: 0.9388, F1: 0.9783
  Val Best Threshold 0.90 → Balanced Acc: 0.6837, Acc: 0.6000, Sensitivity: 0.4583, Specificity: 0.9091, PPV: 0.9167, NPV: 0.4348, F1: 0.6111
Epoch 29/40 - Train Loss: 0.0840, Train Acc: 0.9571, Train AUC: 0.9984 - Val Loss: 2.2446, Val Acc (0.5): 0.5714, Val AUC: 0.6856
  Train Best Threshold 0.10 → Balanced Acc: 0.9892, Acc: 0.9857, Sensitivity: 0.9785, Specificity: 1.0000, PPV: 1.0000, NPV: 0.9592, F1: 0.9891
  Val Best Threshold 0.75 → Balanced Acc: 0.6629, Acc: 0.5714, Sensitivity: 0.4167, Specificity: 0.9091, PPV: 0.9091, NPV: 0.4167, F1: 0.5714
Epoch 30/40 - Train Loss: 0.1049, Train Acc: 0.9643, Train AUC: 0.9936 - Val Loss: 1.4685, Val Acc (0.5): 0.6000, Val AUC: 0.7197
  Train Best Threshold 0.60 → Balanced Acc: 0.9679, Acc: 0.9643, Sensitivity: 0.9570, Specificity: 0.9787, PPV: 0.9889, NPV: 0.9200, F1: 0.9727
  Val Best Threshold 0.05 → Balanced Acc: 0.6269, Acc: 0.6571, Sensitivity: 0.7083, Specificity: 0.5455, PPV: 0.7727, NPV: 0.4615, F1: 0.7391
Early stopping at epoch 30
Loaded best model with validation AUC: 0.7879
Final Train Results (Best Model) at epoch 20 - Loss: 0.2800, Accuracy: 0.9286, AUC: 0.9819
Final Val Results (Best Model) at epoch 20 - Loss: 1.7898, Accuracy: 0.7143, AUC: 0.7879
Train Best Threshold: 0.85 | Balanced Acc: 0.9361 | Acc: 0.9500 | Precision: 0.9479 | Recall: 0.9785 | Sensitivity: 0.9785 | Specificity: 0.8936 | PPV: 0.9479 | NPV: 0.9545 | F1: 0.9630
Train Confusion Matrix at Best Threshold (rows=actual [0,1], cols=predicted [0,1]):
[[42  5]
 [ 2 91]]
Val Best Threshold: 0.95 | Balanced Acc: 0.7102 | Acc: 0.7714 | Precision: 0.8077 | Recall: 0.8750 | Sensitivity: 0.8750 | Specificity: 0.5455 | PPV: 0.8077 | NPV: 0.6667 | F1: 0.8400
Val Confusion Matrix at Best Threshold (rows=actual [0,1], cols=predicted [0,1]):
[[ 6  5]
 [ 3 21]]

======================================================================
Fold 2/5
======================================================================
Train: 140 patients
Val: 35 patients
Created A1 model (mean pooling) with backbone efficientnetv2_b0
Using device: cuda
Class weights: [1.0, 0.5053763389587402]
Epoch 1/40 - Train Loss: 0.7256, Train Acc: 0.5357, Train AUC: 0.5148 - Val Loss: 0.8699, Val Acc (0.5): 0.4857, Val AUC: 0.5076
  Train Best Threshold 0.45 → Balanced Acc: 0.5254, Acc: 0.6071, Sensitivity: 0.7742, Specificity: 0.2766, PPV: 0.6792, NPV: 0.3824, F1: 0.7236
  Val Best Threshold 0.75 → Balanced Acc: 0.6250, Acc: 0.4857, Sensitivity: 0.2500, Specificity: 1.0000, PPV: 1.0000, NPV: 0.3793, F1: 0.4000
  → New best validation AUC: 0.5076
  → Saved best model to weights/a1_mean_pooling_cv_efficientnetv2_b0_20260127_224522_fold2_best.pth
Epoch 2/40 - Train Loss: 0.5532, Train Acc: 0.7071, Train AUC: 0.7893 - Val Loss: 1.3692, Val Acc (0.5): 0.6571, Val AUC: 0.6894
  Train Best Threshold 0.55 → Balanced Acc: 0.7265, Acc: 0.6786, Sensitivity: 0.5806, Specificity: 0.8723, PPV: 0.9000, NPV: 0.5125, F1: 0.7059
  Val Best Threshold 0.60 → Balanced Acc: 0.6932, Acc: 0.7143, Sensitivity: 0.7500, Specificity: 0.6364, PPV: 0.8182, NPV: 0.5385, F1: 0.7826
  → New best validation AUC: 0.6894
  → Saved best model to weights/a1_mean_pooling_cv_efficientnetv2_b0_20260127_224522_fold2_best.pth
Epoch 3/40 - Train Loss: 0.6211, Train Acc: 0.7429, Train AUC: 0.7849 - Val Loss: 0.7830, Val Acc (0.5): 0.6857, Val AUC: 0.7045
  Train Best Threshold 0.35 → Balanced Acc: 0.7493, Acc: 0.7857, Sensitivity: 0.8602, Specificity: 0.6383, PPV: 0.8247, NPV: 0.6977, F1: 0.8421
  Val Best Threshold 0.90 → Balanced Acc: 0.7083, Acc: 0.6000, Sensitivity: 0.4167, Specificity: 1.0000, PPV: 1.0000, NPV: 0.4400, F1: 0.5882
  → New best validation AUC: 0.7045
  → Saved best model to weights/a1_mean_pooling_cv_efficientnetv2_b0_20260127_224522_fold2_best.pth
Epoch 4/40 - Train Loss: 0.4335, Train Acc: 0.7857, Train AUC: 0.9000 - Val Loss: 0.8365, Val Acc (0.5): 0.6571, Val AUC: 0.6515
  Train Best Threshold 0.35 → Balanced Acc: 0.8079, Acc: 0.8357, Sensitivity: 0.8925, Specificity: 0.7234, PPV: 0.8646, NPV: 0.7727, F1: 0.8783
  Val Best Threshold 0.50 → Balanced Acc: 0.6515, Acc: 0.6571, Sensitivity: 0.6667, Specificity: 0.6364, PPV: 0.8000, NPV: 0.4667, F1: 0.7273
Epoch 5/40 - Train Loss: 0.4209, Train Acc: 0.8286, Train AUC: 0.8977 - Val Loss: 1.6426, Val Acc (0.5): 0.6286, Val AUC: 0.6629
  Train Best Threshold 0.50 → Balanced Acc: 0.8394, Acc: 0.8286, Sensitivity: 0.8065, Specificity: 0.8723, PPV: 0.9259, NPV: 0.6949, F1: 0.8621
  Val Best Threshold 0.90 → Balanced Acc: 0.5814, Acc: 0.6286, Sensitivity: 0.7083, Specificity: 0.4545, PPV: 0.7391, NPV: 0.4167, F1: 0.7234
Epoch 6/40 - Train Loss: 0.4271, Train Acc: 0.8214, Train AUC: 0.8950 - Val Loss: 1.1798, Val Acc (0.5): 0.4857, Val AUC: 0.6439
  Train Best Threshold 0.70 → Balanced Acc: 0.8393, Acc: 0.8214, Sensitivity: 0.7849, Specificity: 0.8936, PPV: 0.9359, NPV: 0.6774, F1: 0.8538
  Val Best Threshold 0.90 → Balanced Acc: 0.6458, Acc: 0.5143, Sensitivity: 0.2917, Specificity: 1.0000, PPV: 1.0000, NPV: 0.3929, F1: 0.4516
Epoch 7/40 - Train Loss: 0.4987, Train Acc: 0.7929, Train AUC: 0.8527 - Val Loss: 1.4851, Val Acc (0.5): 0.4857, Val AUC: 0.4811
  Train Best Threshold 0.50 → Balanced Acc: 0.8073, Acc: 0.7929, Sensitivity: 0.7634, Specificity: 0.8511, PPV: 0.9103, NPV: 0.6452, F1: 0.8304
  Val Best Threshold 0.10 → Balanced Acc: 0.5246, Acc: 0.6857, Sensitivity: 0.9583, Specificity: 0.0909, PPV: 0.6970, NPV: 0.5000, F1: 0.8070
Epoch 8/40 - Train Loss: 0.3323, Train Acc: 0.8857, Train AUC: 0.9456 - Val Loss: 1.7104, Val Acc (0.5): 0.6571, Val AUC: 0.5644
  Train Best Threshold 0.50 → Balanced Acc: 0.8877, Acc: 0.8857, Sensitivity: 0.8817, Specificity: 0.8936, PPV: 0.9425, NPV: 0.7925, F1: 0.9111
  Val Best Threshold 0.85 → Balanced Acc: 0.6515, Acc: 0.6571, Sensitivity: 0.6667, Specificity: 0.6364, PPV: 0.8000, NPV: 0.4667, F1: 0.7273
Epoch 9/40 - Train Loss: 0.3195, Train Acc: 0.8786, Train AUC: 0.9366 - Val Loss: 1.1304, Val Acc (0.5): 0.7143, Val AUC: 0.6970
  Train Best Threshold 0.50 → Balanced Acc: 0.8718, Acc: 0.8786, Sensitivity: 0.8925, Specificity: 0.8511, PPV: 0.9222, NPV: 0.8000, F1: 0.9071
  Val Best Threshold 0.45 → Balanced Acc: 0.6932, Acc: 0.7143, Sensitivity: 0.7500, Specificity: 0.6364, PPV: 0.8182, NPV: 0.5385, F1: 0.7826
Epoch 10/40 - Train Loss: 0.2958, Train Acc: 0.8786, Train AUC: 0.9439 - Val Loss: 3.2241, Val Acc (0.5): 0.7429, Val AUC: 0.5947
  Train Best Threshold 0.55 → Balanced Acc: 0.8877, Acc: 0.8857, Sensitivity: 0.8817, Specificity: 0.8936, PPV: 0.9425, NPV: 0.7925, F1: 0.9111
  Val Best Threshold 0.65 → Balanced Acc: 0.6856, Acc: 0.7714, Sensitivity: 0.9167, Specificity: 0.4545, PPV: 0.7857, NPV: 0.7143, F1: 0.8462
Epoch 11/40 - Train Loss: 0.1530, Train Acc: 0.9500, Train AUC: 0.9897 - Val Loss: 4.8656, Val Acc (0.5): 0.6857, Val AUC: 0.4811
  Train Best Threshold 0.35 → Balanced Acc: 0.9572, Acc: 0.9571, Sensitivity: 0.9570, Specificity: 0.9574, PPV: 0.9780, NPV: 0.9184, F1: 0.9674
  Val Best Threshold 0.95 → Balanced Acc: 0.5947, Acc: 0.7143, Sensitivity: 0.9167, Specificity: 0.2727, PPV: 0.7333, NPV: 0.6000, F1: 0.8148
Epoch 12/40 - Train Loss: 0.1899, Train Acc: 0.9071, Train AUC: 0.9776 - Val Loss: 2.8580, Val Acc (0.5): 0.7143, Val AUC: 0.6629
  Train Best Threshold 0.65 → Balanced Acc: 0.9251, Acc: 0.9214, Sensitivity: 0.9140, Specificity: 0.9362, PPV: 0.9659, NPV: 0.8462, F1: 0.9392
  Val Best Threshold 0.95 → Balanced Acc: 0.5777, Acc: 0.6571, Sensitivity: 0.7917, Specificity: 0.3636, PPV: 0.7308, NPV: 0.4444, F1: 0.7600
Epoch 13/40 - Train Loss: 0.1581, Train Acc: 0.9286, Train AUC: 0.9847 - Val Loss: 1.4512, Val Acc (0.5): 0.6571, Val AUC: 0.6591
  Train Best Threshold 0.65 → Balanced Acc: 0.9410, Acc: 0.9286, Sensitivity: 0.9032, Specificity: 0.9787, PPV: 0.9882, NPV: 0.8364, F1: 0.9438
  Val Best Threshold 0.10 → Balanced Acc: 0.6402, Acc: 0.7429, Sensitivity: 0.9167, Specificity: 0.3636, PPV: 0.7586, NPV: 0.6667, F1: 0.8302
Early stopping at epoch 13
Loaded best model with validation AUC: 0.7045
Final Train Results (Best Model) at epoch 3 - Loss: 0.4379, Accuracy: 0.8000, AUC: 0.9035
Final Val Results (Best Model) at epoch 3 - Loss: 0.7830, Accuracy: 0.6857, AUC: 0.7045
Train Best Threshold: 0.55 | Balanced Acc: 0.8023 | Acc: 0.8143 | Precision: 0.8764 | Recall: 0.8387 | Sensitivity: 0.8387 | Specificity: 0.7660 | PPV: 0.8764 | NPV: 0.7059 | F1: 0.8571
Train Confusion Matrix at Best Threshold (rows=actual [0,1], cols=predicted [0,1]):
[[36 11]
 [15 78]]
Val Best Threshold: 0.90 | Balanced Acc: 0.7083 | Acc: 0.6000 | Precision: 1.0000 | Recall: 0.4167 | Sensitivity: 0.4167 | Specificity: 1.0000 | PPV: 1.0000 | NPV: 0.4400 | F1: 0.5882
Val Confusion Matrix at Best Threshold (rows=actual [0,1], cols=predicted [0,1]):
[[11  0]
 [14 10]]

======================================================================
Fold 3/5
======================================================================
Train: 140 patients
Val: 35 patients
Created A1 model (mean pooling) with backbone efficientnetv2_b0
Using device: cuda
Class weights: [1.0, 0.4893617033958435]
Epoch 1/40 - Train Loss: 0.7089, Train Acc: 0.5571, Train AUC: 0.5634 - Val Loss: 0.8170, Val Acc (0.5): 0.6571, Val AUC: 0.5688
  Train Best Threshold 0.50 → Balanced Acc: 0.5703, Acc: 0.5571, Sensitivity: 0.5319, Specificity: 0.6087, PPV: 0.7353, NPV: 0.3889, F1: 0.6173
  Val Best Threshold 0.80 → Balanced Acc: 0.6105, Acc: 0.5143, Sensitivity: 0.3043, Specificity: 0.9167, PPV: 0.8750, NPV: 0.4074, F1: 0.4516
  → New best validation AUC: 0.5688
  → Saved best model to weights/a1_mean_pooling_cv_efficientnetv2_b0_20260127_224522_fold3_best.pth
Epoch 2/40 - Train Loss: 0.7273, Train Acc: 0.5643, Train AUC: 0.6082 - Val Loss: 0.6403, Val Acc (0.5): 0.6571, Val AUC: 0.7319
  Train Best Threshold 0.45 → Balanced Acc: 0.6288, Acc: 0.6357, Sensitivity: 0.6489, Specificity: 0.6087, PPV: 0.7722, NPV: 0.4590, F1: 0.7052
  Val Best Threshold 0.60 → Balanced Acc: 0.6975, Acc: 0.6286, Sensitivity: 0.4783, Specificity: 0.9167, PPV: 0.9167, NPV: 0.4783, F1: 0.6286
  → New best validation AUC: 0.7319
  → Saved best model to weights/a1_mean_pooling_cv_efficientnetv2_b0_20260127_224522_fold3_best.pth
Epoch 3/40 - Train Loss: 0.5445, Train Acc: 0.7071, Train AUC: 0.8050 - Val Loss: 0.5292, Val Acc (0.5): 0.6571, Val AUC: 0.8297
  Train Best Threshold 0.55 → Balanced Acc: 0.7368, Acc: 0.7286, Sensitivity: 0.7128, Specificity: 0.7609, PPV: 0.8590, NPV: 0.5645, F1: 0.7791
  Val Best Threshold 0.60 → Balanced Acc: 0.7663, Acc: 0.7714, Sensitivity: 0.7826, Specificity: 0.7500, PPV: 0.8571, NPV: 0.6429, F1: 0.8182
  → New best validation AUC: 0.8297
  → Saved best model to weights/a1_mean_pooling_cv_efficientnetv2_b0_20260127_224522_fold3_best.pth
Epoch 4/40 - Train Loss: 0.4545, Train Acc: 0.7714, Train AUC: 0.8652 - Val Loss: 0.7108, Val Acc (0.5): 0.7429, Val AUC: 0.8152
  Train Best Threshold 0.55 → Balanced Acc: 0.7912, Acc: 0.7643, Sensitivity: 0.7128, Specificity: 0.8696, PPV: 0.9178, NPV: 0.5970, F1: 0.8024
  Val Best Threshold 0.45 → Balanced Acc: 0.7645, Acc: 0.7429, Sensitivity: 0.6957, Specificity: 0.8333, PPV: 0.8889, NPV: 0.5882, F1: 0.7805
Epoch 5/40 - Train Loss: 0.4314, Train Acc: 0.8000, Train AUC: 0.9043 - Val Loss: 1.7716, Val Acc (0.5): 0.6286, Val AUC: 0.6268
  Train Best Threshold 0.35 → Balanced Acc: 0.8326, Acc: 0.8571, Sensitivity: 0.9043, Specificity: 0.7609, PPV: 0.8854, NPV: 0.7955, F1: 0.8947
  Val Best Threshold 0.60 → Balanced Acc: 0.5181, Acc: 0.6286, Sensitivity: 0.8696, Specificity: 0.1667, PPV: 0.6667, NPV: 0.4000, F1: 0.7547
Epoch 6/40 - Train Loss: 0.4203, Train Acc: 0.8214, Train AUC: 0.8816 - Val Loss: 1.3356, Val Acc (0.5): 0.6286, Val AUC: 0.6486
  Train Best Threshold 0.70 → Balanced Acc: 0.8018, Acc: 0.7786, Sensitivity: 0.7340, Specificity: 0.8696, PPV: 0.9200, NPV: 0.6154, F1: 0.8166
  Val Best Threshold 0.15 → Balanced Acc: 0.6630, Acc: 0.7143, Sensitivity: 0.8261, Specificity: 0.5000, PPV: 0.7600, NPV: 0.6000, F1: 0.7917
Epoch 7/40 - Train Loss: 0.4884, Train Acc: 0.7571, Train AUC: 0.8772 - Val Loss: 0.7937, Val Acc (0.5): 0.6857, Val AUC: 0.6558
  Train Best Threshold 0.20 → Balanced Acc: 0.8270, Acc: 0.8571, Sensitivity: 0.9149, Specificity: 0.7391, PPV: 0.8776, NPV: 0.8095, F1: 0.8958
  Val Best Threshold 0.90 → Balanced Acc: 0.6993, Acc: 0.6571, Sensitivity: 0.5652, Specificity: 0.8333, PPV: 0.8667, NPV: 0.5000, F1: 0.6842
Epoch 8/40 - Train Loss: 0.3351, Train Acc: 0.8857, Train AUC: 0.9376 - Val Loss: 0.7276, Val Acc (0.5): 0.6000, Val AUC: 0.7464
  Train Best Threshold 0.45 → Balanced Acc: 0.8864, Acc: 0.9071, Sensitivity: 0.9468, Specificity: 0.8261, PPV: 0.9175, NPV: 0.8837, F1: 0.9319
  Val Best Threshold 0.25 → Balanced Acc: 0.7246, Acc: 0.7429, Sensitivity: 0.7826, Specificity: 0.6667, PPV: 0.8182, NPV: 0.6154, F1: 0.8000
Epoch 9/40 - Train Loss: 0.2691, Train Acc: 0.8857, Train AUC: 0.9568 - Val Loss: 1.1742, Val Acc (0.5): 0.6286, Val AUC: 0.6522
  Train Best Threshold 0.55 → Balanced Acc: 0.8925, Acc: 0.8929, Sensitivity: 0.8936, Specificity: 0.8913, PPV: 0.9438, NPV: 0.8039, F1: 0.9180
  Val Best Threshold 0.80 → Balanced Acc: 0.5996, Acc: 0.6571, Sensitivity: 0.7826, Specificity: 0.4167, PPV: 0.7200, NPV: 0.5000, F1: 0.7500
Epoch 10/40 - Train Loss: 0.2001, Train Acc: 0.9357, Train AUC: 0.9750 - Val Loss: 1.0757, Val Acc (0.5): 0.6571, Val AUC: 0.7681
  Train Best Threshold 0.30 → Balanced Acc: 0.9410, Acc: 0.9357, Sensitivity: 0.9255, Specificity: 0.9565, PPV: 0.9775, NPV: 0.8627, F1: 0.9508
  Val Best Threshold 0.95 → Balanced Acc: 0.7174, Acc: 0.6286, Sensitivity: 0.4348, Specificity: 1.0000, PPV: 1.0000, NPV: 0.4800, F1: 0.6061
Epoch 11/40 - Train Loss: 0.1845, Train Acc: 0.9357, Train AUC: 0.9838 - Val Loss: 1.1939, Val Acc (0.5): 0.6857, Val AUC: 0.7681
  Train Best Threshold 0.50 → Balanced Acc: 0.9299, Acc: 0.9357, Sensitivity: 0.9468, Specificity: 0.9130, PPV: 0.9570, NPV: 0.8936, F1: 0.9519
  Val Best Threshold 0.65 → Balanced Acc: 0.6630, Acc: 0.7143, Sensitivity: 0.8261, Specificity: 0.5000, PPV: 0.7600, NPV: 0.6000, F1: 0.7917
Epoch 12/40 - Train Loss: 0.1123, Train Acc: 0.9571, Train AUC: 0.9954 - Val Loss: 0.9253, Val Acc (0.5): 0.6286, Val AUC: 0.7500
  Train Best Threshold 0.60 → Balanced Acc: 0.9681, Acc: 0.9571, Sensitivity: 0.9362, Specificity: 1.0000, PPV: 1.0000, NPV: 0.8846, F1: 0.9670
  Val Best Threshold 0.30 → Balanced Acc: 0.7011, Acc: 0.6857, Sensitivity: 0.6522, Specificity: 0.7500, PPV: 0.8333, NPV: 0.5294, F1: 0.7317
Epoch 13/40 - Train Loss: 0.0889, Train Acc: 0.9786, Train AUC: 0.9981 - Val Loss: 1.5185, Val Acc (0.5): 0.6571, Val AUC: 0.6848
  Train Best Threshold 0.55 → Balanced Acc: 0.9840, Acc: 0.9786, Sensitivity: 0.9681, Specificity: 1.0000, PPV: 1.0000, NPV: 0.9388, F1: 0.9838
  Val Best Threshold 0.65 → Balanced Acc: 0.6612, Acc: 0.6857, Sensitivity: 0.7391, Specificity: 0.5833, PPV: 0.7727, NPV: 0.5385, F1: 0.7556
Early stopping at epoch 13
Loaded best model with validation AUC: 0.8297
Final Train Results (Best Model) at epoch 3 - Loss: 0.4712, Accuracy: 0.7786, AUC: 0.8737
Final Val Results (Best Model) at epoch 3 - Loss: 0.5292, Accuracy: 0.6571, AUC: 0.8297
Train Best Threshold: 0.45 | Balanced Acc: 0.8071 | Acc: 0.7857 | Precision: 0.9211 | Recall: 0.7447 | Sensitivity: 0.7447 | Specificity: 0.8696 | PPV: 0.9211 | NPV: 0.6250 | F1: 0.8235
Train Confusion Matrix at Best Threshold (rows=actual [0,1], cols=predicted [0,1]):
[[40  6]
 [24 70]]
Val Best Threshold: 0.60 | Balanced Acc: 0.7663 | Acc: 0.7714 | Precision: 0.8571 | Recall: 0.7826 | Sensitivity: 0.7826 | Specificity: 0.7500 | PPV: 0.8571 | NPV: 0.6429 | F1: 0.8182
Val Confusion Matrix at Best Threshold (rows=actual [0,1], cols=predicted [0,1]):
[[ 9  3]
 [ 5 18]]

======================================================================
Fold 4/5
======================================================================
Train: 140 patients
Val: 35 patients
Created A1 model (mean pooling) with backbone efficientnetv2_b0
Using device: cuda
Class weights: [1.0, 0.4893617033958435]
Epoch 1/40 - Train Loss: 0.7212, Train Acc: 0.5571, Train AUC: 0.5500 - Val Loss: 0.7663, Val Acc (0.5): 0.6286, Val AUC: 0.5471
  Train Best Threshold 0.55 → Balanced Acc: 0.5541, Acc: 0.5429, Sensitivity: 0.5213, Specificity: 0.5870, PPV: 0.7206, NPV: 0.3750, F1: 0.6049
  Val Best Threshold 0.70 → Balanced Acc: 0.5725, Acc: 0.5429, Sensitivity: 0.4783, Specificity: 0.6667, PPV: 0.7333, NPV: 0.4000, F1: 0.5789
  → New best validation AUC: 0.5471
  → Saved best model to weights/a1_mean_pooling_cv_efficientnetv2_b0_20260127_224522_fold4_best.pth
Epoch 2/40 - Train Loss: 0.6248, Train Acc: 0.5786, Train AUC: 0.7086 - Val Loss: 0.7892, Val Acc (0.5): 0.5429, Val AUC: 0.6413
  Train Best Threshold 0.40 → Balanced Acc: 0.6663, Acc: 0.6786, Sensitivity: 0.7021, Specificity: 0.6304, PPV: 0.7952, NPV: 0.5088, F1: 0.7458
  Val Best Threshold 0.40 → Balanced Acc: 0.6993, Acc: 0.6571, Sensitivity: 0.5652, Specificity: 0.8333, PPV: 0.8667, NPV: 0.5000, F1: 0.6842
  → New best validation AUC: 0.6413
  → Saved best model to weights/a1_mean_pooling_cv_efficientnetv2_b0_20260127_224522_fold4_best.pth
Epoch 3/40 - Train Loss: 0.5856, Train Acc: 0.6643, Train AUC: 0.7704 - Val Loss: 0.7372, Val Acc (0.5): 0.5429, Val AUC: 0.6630
  Train Best Threshold 0.35 → Balanced Acc: 0.7192, Acc: 0.7571, Sensitivity: 0.8298, Specificity: 0.6087, PPV: 0.8125, NPV: 0.6364, F1: 0.8211
  Val Best Threshold 0.25 → Balanced Acc: 0.6594, Acc: 0.6571, Sensitivity: 0.6522, Specificity: 0.6667, PPV: 0.7895, NPV: 0.5000, F1: 0.7143
  → New best validation AUC: 0.6630
  → Saved best model to weights/a1_mean_pooling_cv_efficientnetv2_b0_20260127_224522_fold4_best.pth
Epoch 4/40 - Train Loss: 0.4143, Train Acc: 0.8571, Train AUC: 0.9012 - Val Loss: 1.9861, Val Acc (0.5): 0.4000, Val AUC: 0.3043
  Train Best Threshold 0.50 → Balanced Acc: 0.8659, Acc: 0.8571, Sensitivity: 0.8404, Specificity: 0.8913, PPV: 0.9405, NPV: 0.7321, F1: 0.8876
  Val Best Threshold 0.45 → Balanced Acc: 0.5435, Acc: 0.4000, Sensitivity: 0.0870, Specificity: 1.0000, PPV: 1.0000, NPV: 0.3636, F1: 0.1600
Epoch 5/40 - Train Loss: 0.4450, Train Acc: 0.7929, Train AUC: 0.8804 - Val Loss: 1.0438, Val Acc (0.5): 0.5143, Val AUC: 0.5543
  Train Best Threshold 0.65 → Balanced Acc: 0.8127, Acc: 0.7857, Sensitivity: 0.7340, Specificity: 0.8913, PPV: 0.9324, NPV: 0.6212, F1: 0.8214
  Val Best Threshold 0.60 → Balanced Acc: 0.5924, Acc: 0.5429, Sensitivity: 0.4348, Specificity: 0.7500, PPV: 0.7692, NPV: 0.4091, F1: 0.5556
Epoch 6/40 - Train Loss: 0.2857, Train Acc: 0.8714, Train AUC: 0.9574 - Val Loss: 1.2882, Val Acc (0.5): 0.4000, Val AUC: 0.4275
  Train Best Threshold 0.60 → Balanced Acc: 0.8934, Acc: 0.8643, Sensitivity: 0.8085, Specificity: 0.9783, PPV: 0.9870, NPV: 0.7143, F1: 0.8889
  Val Best Threshold 0.05 → Balanced Acc: 0.5616, Acc: 0.6857, Sensitivity: 0.9565, Specificity: 0.1667, PPV: 0.6875, NPV: 0.6667, F1: 0.8000
Epoch 7/40 - Train Loss: 0.3305, Train Acc: 0.8357, Train AUC: 0.9248 - Val Loss: 3.0154, Val Acc (0.5): 0.4286, Val AUC: 0.3804
  Train Best Threshold 0.45 → Balanced Acc: 0.8434, Acc: 0.8643, Sensitivity: 0.9043, Specificity: 0.7826, PPV: 0.8947, NPV: 0.8000, F1: 0.8995
  Val Best Threshold 0.15 → Balanced Acc: 0.4982, Acc: 0.6286, Sensitivity: 0.9130, Specificity: 0.0833, PPV: 0.6562, NPV: 0.3333, F1: 0.7636
Epoch 8/40 - Train Loss: 0.4592, Train Acc: 0.8786, Train AUC: 0.8846 - Val Loss: 1.4937, Val Acc (0.5): 0.5429, Val AUC: 0.6268
  Train Best Threshold 0.50 → Balanced Acc: 0.8541, Acc: 0.8786, Sensitivity: 0.9255, Specificity: 0.7826, PPV: 0.8969, NPV: 0.8372, F1: 0.9110
  Val Best Threshold 0.90 → Balanced Acc: 0.6141, Acc: 0.5714, Sensitivity: 0.4783, Specificity: 0.7500, PPV: 0.7857, NPV: 0.4286, F1: 0.5946
Epoch 9/40 - Train Loss: 0.3010, Train Acc: 0.8500, Train AUC: 0.9588 - Val Loss: 1.6165, Val Acc (0.5): 0.6286, Val AUC: 0.4928
  Train Best Threshold 0.45 → Balanced Acc: 0.8932, Acc: 0.8714, Sensitivity: 0.8298, Specificity: 0.9565, PPV: 0.9750, NPV: 0.7333, F1: 0.8966
  Val Best Threshold 0.90 → Balanced Acc: 0.5308, Acc: 0.5143, Sensitivity: 0.4783, Specificity: 0.5833, PPV: 0.6875, NPV: 0.3684, F1: 0.5641
Epoch 10/40 - Train Loss: 0.2192, Train Acc: 0.9071, Train AUC: 0.9753 - Val Loss: 2.9628, Val Acc (0.5): 0.6857, Val AUC: 0.4928
  Train Best Threshold 0.55 → Balanced Acc: 0.9306, Acc: 0.9143, Sensitivity: 0.8830, Specificity: 0.9783, PPV: 0.9881, NPV: 0.8036, F1: 0.9326
  Val Best Threshold 0.40 → Balanced Acc: 0.5417, Acc: 0.6857, Sensitivity: 1.0000, Specificity: 0.0833, PPV: 0.6765, NPV: 1.0000, F1: 0.8070
Epoch 11/40 - Train Loss: 0.1780, Train Acc: 0.9500, Train AUC: 0.9822 - Val Loss: 2.9231, Val Acc (0.5): 0.6286, Val AUC: 0.5652
  Train Best Threshold 0.60 → Balanced Acc: 0.9514, Acc: 0.9571, Sensitivity: 0.9681, Specificity: 0.9348, PPV: 0.9681, NPV: 0.9348, F1: 0.9681
  Val Best Threshold 0.85 → Balanced Acc: 0.5399, Acc: 0.6571, Sensitivity: 0.9130, Specificity: 0.1667, PPV: 0.6774, NPV: 0.5000, F1: 0.7778
Epoch 12/40 - Train Loss: 0.1290, Train Acc: 0.9357, Train AUC: 0.9907 - Val Loss: 1.6665, Val Acc (0.5): 0.6000, Val AUC: 0.5942
  Train Best Threshold 0.45 → Balanced Acc: 0.9572, Acc: 0.9500, Sensitivity: 0.9362, Specificity: 0.9783, PPV: 0.9888, NPV: 0.8824, F1: 0.9617
  Val Best Threshold 0.85 → Balanced Acc: 0.6159, Acc: 0.6000, Sensitivity: 0.5652, Specificity: 0.6667, PPV: 0.7647, NPV: 0.4444, F1: 0.6500
Epoch 13/40 - Train Loss: 0.1348, Train Acc: 0.9786, Train AUC: 0.9905 - Val Loss: 2.7622, Val Acc (0.5): 0.6286, Val AUC: 0.5507
  Train Best Threshold 0.50 → Balanced Acc: 0.9674, Acc: 0.9786, Sensitivity: 1.0000, Specificity: 0.9348, PPV: 0.9691, NPV: 1.0000, F1: 0.9843
  Val Best Threshold 0.50 → Balanced Acc: 0.5978, Acc: 0.6286, Sensitivity: 0.6957, Specificity: 0.5000, PPV: 0.7273, NPV: 0.4615, F1: 0.7111
Early stopping at epoch 13
Loaded best model with validation AUC: 0.6630
Final Train Results (Best Model) at epoch 3 - Loss: 0.4825, Accuracy: 0.6929, AUC: 0.8714
Final Val Results (Best Model) at epoch 3 - Loss: 0.7372, Accuracy: 0.5429, AUC: 0.6630
Train Best Threshold: 0.30 | Balanced Acc: 0.8120 | Acc: 0.8071 | Precision: 0.9036 | Recall: 0.7979 | Sensitivity: 0.7979 | Specificity: 0.8261 | PPV: 0.9036 | NPV: 0.6667 | F1: 0.8475
Train Confusion Matrix at Best Threshold (rows=actual [0,1], cols=predicted [0,1]):
[[38  8]
 [19 75]]
Val Best Threshold: 0.25 | Balanced Acc: 0.6594 | Acc: 0.6571 | Precision: 0.7895 | Recall: 0.6522 | Sensitivity: 0.6522 | Specificity: 0.6667 | PPV: 0.7895 | NPV: 0.5000 | F1: 0.7143
Val Confusion Matrix at Best Threshold (rows=actual [0,1], cols=predicted [0,1]):
[[ 8  4]
 [ 8 15]]

======================================================================
Fold 5/5
======================================================================
Train: 140 patients
Val: 35 patients
Created A1 model (mean pooling) with backbone efficientnetv2_b0
Using device: cuda
Class weights: [1.0, 0.4893617033958435]
Epoch 1/40 - Train Loss: 0.6923, Train Acc: 0.5929, Train AUC: 0.6318 - Val Loss: 0.7750, Val Acc (0.5): 0.3714, Val AUC: 0.5725
  Train Best Threshold 0.55 → Balanced Acc: 0.6307, Acc: 0.5786, Sensitivity: 0.4787, Specificity: 0.7826, PPV: 0.8182, NPV: 0.4235, F1: 0.6040
  Val Best Threshold 0.45 → Balanced Acc: 0.5707, Acc: 0.5143, Sensitivity: 0.3913, Specificity: 0.7500, PPV: 0.7500, NPV: 0.3913, F1: 0.5143
  → New best validation AUC: 0.5725
  → Saved best model to weights/a1_mean_pooling_cv_efficientnetv2_b0_20260127_224522_fold5_best.pth
Epoch 2/40 - Train Loss: 0.5700, Train Acc: 0.6500, Train AUC: 0.7791 - Val Loss: 1.0398, Val Acc (0.5): 0.6000, Val AUC: 0.5326
  Train Best Threshold 0.45 → Balanced Acc: 0.7044, Acc: 0.7000, Sensitivity: 0.6915, Specificity: 0.7174, PPV: 0.8333, NPV: 0.5323, F1: 0.7558
  Val Best Threshold 0.95 → Balanced Acc: 0.5507, Acc: 0.5143, Sensitivity: 0.4348, Specificity: 0.6667, PPV: 0.7143, NPV: 0.3810, F1: 0.5405
Epoch 3/40 - Train Loss: 0.4824, Train Acc: 0.7286, Train AUC: 0.8340 - Val Loss: 1.2278, Val Acc (0.5): 0.5429, Val AUC: 0.5688
  Train Best Threshold 0.60 → Balanced Acc: 0.7322, Acc: 0.7000, Sensitivity: 0.6383, Specificity: 0.8261, PPV: 0.8824, NPV: 0.5278, F1: 0.7407
  Val Best Threshold 0.90 → Balanced Acc: 0.6141, Acc: 0.5714, Sensitivity: 0.4783, Specificity: 0.7500, PPV: 0.7857, NPV: 0.4286, F1: 0.5946
Epoch 4/40 - Train Loss: 0.4347, Train Acc: 0.7929, Train AUC: 0.8800 - Val Loss: 1.1497, Val Acc (0.5): 0.5714, Val AUC: 0.6667
  Train Best Threshold 0.45 → Balanced Acc: 0.8069, Acc: 0.7929, Sensitivity: 0.7660, Specificity: 0.8478, PPV: 0.9114, NPV: 0.6393, F1: 0.8324
  Val Best Threshold 0.90 → Balanced Acc: 0.6975, Acc: 0.6286, Sensitivity: 0.4783, Specificity: 0.9167, PPV: 0.9167, NPV: 0.4783, F1: 0.6286
  → New best validation AUC: 0.6667
  → Saved best model to weights/a1_mean_pooling_cv_efficientnetv2_b0_20260127_224522_fold5_best.pth
Epoch 5/40 - Train Loss: 0.3162, Train Acc: 0.8571, Train AUC: 0.9429 - Val Loss: 0.9784, Val Acc (0.5): 0.6857, Val AUC: 0.7283
  Train Best Threshold 0.60 → Balanced Acc: 0.8765, Acc: 0.8714, Sensitivity: 0.8617, Specificity: 0.8913, PPV: 0.9419, NPV: 0.7593, F1: 0.9000
  Val Best Threshold 0.60 → Balanced Acc: 0.7246, Acc: 0.7429, Sensitivity: 0.7826, Specificity: 0.6667, PPV: 0.8182, NPV: 0.6154, F1: 0.8000
  → New best validation AUC: 0.7283
  → Saved best model to weights/a1_mean_pooling_cv_efficientnetv2_b0_20260127_224522_fold5_best.pth
Epoch 6/40 - Train Loss: 0.2482, Train Acc: 0.8857, Train AUC: 0.9658 - Val Loss: 3.0840, Val Acc (0.5): 0.6286, Val AUC: 0.5942
  Train Best Threshold 0.35 → Balanced Acc: 0.9248, Acc: 0.9214, Sensitivity: 0.9149, Specificity: 0.9348, PPV: 0.9663, NPV: 0.8431, F1: 0.9399
  Val Best Threshold 0.70 → Balanced Acc: 0.5598, Acc: 0.6571, Sensitivity: 0.8696, Specificity: 0.2500, PPV: 0.6897, NPV: 0.5000, F1: 0.7692
Epoch 7/40 - Train Loss: 0.3507, Train Acc: 0.8357, Train AUC: 0.9241 - Val Loss: 1.3572, Val Acc (0.5): 0.5143, Val AUC: 0.5797
  Train Best Threshold 0.55 → Balanced Acc: 0.8608, Acc: 0.8429, Sensitivity: 0.8085, Specificity: 0.9130, PPV: 0.9500, NPV: 0.7000, F1: 0.8736
  Val Best Threshold 0.95 → Balanced Acc: 0.6123, Acc: 0.5429, Sensitivity: 0.3913, Specificity: 0.8333, PPV: 0.8182, NPV: 0.4167, F1: 0.5294
Epoch 8/40 - Train Loss: 0.5871, Train Acc: 0.7714, Train AUC: 0.8235 - Val Loss: 1.0457, Val Acc (0.5): 0.5714, Val AUC: 0.5181
  Train Best Threshold 0.65 → Balanced Acc: 0.7750, Acc: 0.7500, Sensitivity: 0.7021, Specificity: 0.8478, PPV: 0.9041, NPV: 0.5821, F1: 0.7904
  Val Best Threshold 0.95 → Balanced Acc: 0.5906, Acc: 0.5143, Sensitivity: 0.3478, Specificity: 0.8333, PPV: 0.8000, NPV: 0.4000, F1: 0.4848
Epoch 9/40 - Train Loss: 0.3147, Train Acc: 0.8786, Train AUC: 0.9461 - Val Loss: 1.9311, Val Acc (0.5): 0.5429, Val AUC: 0.7138
  Train Best Threshold 0.50 → Balanced Acc: 0.8929, Acc: 0.8786, Sensitivity: 0.8511, Specificity: 0.9348, PPV: 0.9639, NPV: 0.7544, F1: 0.9040
  Val Best Threshold 0.35 → Balanced Acc: 0.6322, Acc: 0.5429, Sensitivity: 0.3478, Specificity: 0.9167, PPV: 0.8889, NPV: 0.4231, F1: 0.5000
Epoch 10/40 - Train Loss: 0.2024, Train Acc: 0.9071, Train AUC: 0.9762 - Val Loss: 1.1169, Val Acc (0.5): 0.5143, Val AUC: 0.5870
  Train Best Threshold 0.60 → Balanced Acc: 0.9144, Acc: 0.9000, Sensitivity: 0.8723, Specificity: 0.9565, PPV: 0.9762, NPV: 0.7857, F1: 0.9213
  Val Best Threshold 0.75 → Balanced Acc: 0.5543, Acc: 0.5714, Sensitivity: 0.6087, Specificity: 0.5000, PPV: 0.7000, NPV: 0.4000, F1: 0.6512
Epoch 11/40 - Train Loss: 0.0805, Train Acc: 0.9643, Train AUC: 0.9981 - Val Loss: 1.3460, Val Acc (0.5): 0.6286, Val AUC: 0.6703
  Train Best Threshold 0.75 → Balanced Acc: 0.9787, Acc: 0.9714, Sensitivity: 0.9574, Specificity: 1.0000, PPV: 1.0000, NPV: 0.9200, F1: 0.9783
  Val Best Threshold 0.60 → Balanced Acc: 0.6196, Acc: 0.6571, Sensitivity: 0.7391, Specificity: 0.5000, PPV: 0.7391, NPV: 0.5000, F1: 0.7391
Epoch 12/40 - Train Loss: 0.1459, Train Acc: 0.9500, Train AUC: 0.9854 - Val Loss: 1.0538, Val Acc (0.5): 0.6286, Val AUC: 0.7101
  Train Best Threshold 0.30 → Balanced Acc: 0.9570, Acc: 0.9571, Sensitivity: 0.9574, Specificity: 0.9565, PPV: 0.9783, NPV: 0.9167, F1: 0.9677
  Val Best Threshold 0.25 → Balanced Acc: 0.7011, Acc: 0.6857, Sensitivity: 0.6522, Specificity: 0.7500, PPV: 0.8333, NPV: 0.5294, F1: 0.7317
Epoch 13/40 - Train Loss: 0.1964, Train Acc: 0.9143, Train AUC: 0.9757 - Val Loss: 2.1149, Val Acc (0.5): 0.5714, Val AUC: 0.5725
  Train Best Threshold 0.60 → Balanced Acc: 0.9413, Acc: 0.9286, Sensitivity: 0.9043, Specificity: 0.9783, PPV: 0.9884, NPV: 0.8333, F1: 0.9444
  Val Best Threshold 0.05 → Balanced Acc: 0.5779, Acc: 0.6286, Sensitivity: 0.7391, Specificity: 0.4167, PPV: 0.7083, NPV: 0.4545, F1: 0.7234
Epoch 14/40 - Train Loss: 0.2052, Train Acc: 0.9071, Train AUC: 0.9757 - Val Loss: 2.6923, Val Acc (0.5): 0.4571, Val AUC: 0.5580
  Train Best Threshold 0.60 → Balanced Acc: 0.9359, Acc: 0.9214, Sensitivity: 0.8936, Specificity: 0.9783, PPV: 0.9882, NPV: 0.8182, F1: 0.9385
  Val Best Threshold 0.25 → Balanced Acc: 0.6322, Acc: 0.5429, Sensitivity: 0.3478, Specificity: 0.9167, PPV: 0.8889, NPV: 0.4231, F1: 0.5000
Epoch 15/40 - Train Loss: 0.1652, Train Acc: 0.9357, Train AUC: 0.9850 - Val Loss: 1.9959, Val Acc (0.5): 0.5429, Val AUC: 0.6014
  Train Best Threshold 0.45 → Balanced Acc: 0.9517, Acc: 0.9500, Sensitivity: 0.9468, Specificity: 0.9565, PPV: 0.9780, NPV: 0.8980, F1: 0.9622
  Val Best Threshold 0.75 → Balanced Acc: 0.6359, Acc: 0.6000, Sensitivity: 0.5217, Specificity: 0.7500, PPV: 0.8000, NPV: 0.4500, F1: 0.6316
Early stopping at epoch 15
Loaded best model with validation AUC: 0.7283
Final Train Results (Best Model) at epoch 5 - Loss: 0.1229, Accuracy: 0.9500, AUC: 0.9933
Final Val Results (Best Model) at epoch 5 - Loss: 0.9784, Accuracy: 0.6857, AUC: 0.7283
Train Best Threshold: 0.60 | Balanced Acc: 0.9625 | Acc: 0.9571 | Precision: 0.9889 | Recall: 0.9468 | Sensitivity: 0.9468 | Specificity: 0.9783 | PPV: 0.9889 | NPV: 0.9000 | F1: 0.9674
Train Confusion Matrix at Best Threshold (rows=actual [0,1], cols=predicted [0,1]):
[[45  1]
 [ 5 89]]
Val Best Threshold: 0.60 | Balanced Acc: 0.7246 | Acc: 0.7429 | Precision: 0.8182 | Recall: 0.7826 | Sensitivity: 0.7826 | Specificity: 0.6667 | PPV: 0.8182 | NPV: 0.6154 | F1: 0.8000
Val Confusion Matrix at Best Threshold (rows=actual [0,1], cols=predicted [0,1]):
[[ 8  4]
 [ 5 18]]

======================================================================
Cross-Validation Results - A1 (Mean Pooling)
======================================================================
Model: A1 (Mean Pooling)
Backbone: efficientnetv2_b0
Val AUCs: ['0.7879', '0.7045', '0.8297', '0.6630', '0.7283']
Mean Val AUC: 0.7427 ± 0.0594
======================================================================
