Starting single train/val split training for A1 (Mean Pooling)
Configuration:
  clinical_csv: data/annotations/data1_175case_LB.csv
  image_root: data/nakagami_full_cropped
  patient_id_column: NO
  label_column: CL_F2
  image_pattern: Nakagami_image_*.png
  n_folds: 5
  batch_size: 16
  learning_rate: 0.001
  num_epochs: 40
  early_stopping_patience: 10
  early_stopping_min_delta: 0.001
  backbone: efficientnetv2_b0
  pretrained: True
  device: cuda
  num_workers: 4
  model_type: mean
  attention_hidden: 128
  seed: 42
  no_cv: True
  val_split: 0.2
  log_dir: runs/bmode
  use_advanced_aug: False
  use_lr_scheduler: False
  use_tta: False
Loading clinical data...
Loaded 175 patients from clinical data
Building patient records...
Building patient records from 175 patients...
Image root: data/nakagami_full_cropped
Image pattern: Nakagami_image_*.png
Successfully created 175 patient records
Created 175 patient records
Train/Val Split:
  Train: 140 patients (80.0%)
  Val:   35 patients (20.0%)
====================Training single model====================
Train: 140 patients
Val: 35 patients
Created A1 model (mean pooling) with backbone efficientnetv2_b0
Using device: cuda
Class weights: [1.0, 0.4893617033958435]
Epoch 1/40 - Train Loss: 0.7079, Train Acc: 0.4857, Train AUC: 0.5393 - Val Loss: 0.9836, Val Acc (0.5): 0.4286, Val AUC: 0.6848
  Train Best Threshold 0.70 → Balanced Acc: 0.5742, Acc: 0.4357, Sensitivity: 0.1702, Specificity: 0.9783, PPV: 0.9412, NPV: 0.3659, F1: 0.2883
  Val Best Threshold 0.20 → Balanced Acc: 0.6630, Acc: 0.7143, Sensitivity: 0.8261, Specificity: 0.5000, PPV: 0.7600, NPV: 0.6000, F1: 0.7917
  → New best validation AUC: 0.6848
  → Saved best model to weights/a1_mean_pooling_single_efficientnetv2_b0_20260127_224200_best.pth
Epoch 2/40 - Train Loss: 0.6609, Train Acc: 0.6286, Train AUC: 0.6691 - Val Loss: 0.7357, Val Acc (0.5): 0.6000, Val AUC: 0.6087
  Train Best Threshold 0.55 → Balanced Acc: 0.6401, Acc: 0.6286, Sensitivity: 0.6064, Specificity: 0.6739, PPV: 0.7917, NPV: 0.4559, F1: 0.6867
  Val Best Threshold 0.50 → Balanced Acc: 0.6558, Acc: 0.6000, Sensitivity: 0.4783, Specificity: 0.8333, PPV: 0.8462, NPV: 0.4545, F1: 0.6111
Epoch 3/40 - Train Loss: 0.5734, Train Acc: 0.6929, Train AUC: 0.7673 - Val Loss: 0.9235, Val Acc (0.5): 0.5429, Val AUC: 0.6522
  Train Best Threshold 0.55 → Balanced Acc: 0.7211, Acc: 0.7000, Sensitivity: 0.6596, Specificity: 0.7826, PPV: 0.8611, NPV: 0.5294, F1: 0.7470
  Val Best Threshold 0.60 → Balanced Acc: 0.6522, Acc: 0.5429, Sensitivity: 0.3043, Specificity: 1.0000, PPV: 1.0000, NPV: 0.4286, F1: 0.4667
Epoch 4/40 - Train Loss: 0.4839, Train Acc: 0.7643, Train AUC: 0.8589 - Val Loss: 0.6751, Val Acc (0.5): 0.6286, Val AUC: 0.7355
  Train Best Threshold 0.60 → Balanced Acc: 0.7974, Acc: 0.7429, Sensitivity: 0.6383, Specificity: 0.9565, PPV: 0.9677, NPV: 0.5641, F1: 0.7692
  Val Best Threshold 0.95 → Balanced Acc: 0.7391, Acc: 0.6571, Sensitivity: 0.4783, Specificity: 1.0000, PPV: 1.0000, NPV: 0.5000, F1: 0.6471
  → New best validation AUC: 0.7355
  → Saved best model to weights/a1_mean_pooling_single_efficientnetv2_b0_20260127_224200_best.pth
Epoch 5/40 - Train Loss: 0.3021, Train Acc: 0.8786, Train AUC: 0.9660 - Val Loss: 1.4511, Val Acc (0.5): 0.6571, Val AUC: 0.6341
  Train Best Threshold 0.45 → Balanced Acc: 0.9147, Acc: 0.8929, Sensitivity: 0.8511, Specificity: 0.9783, PPV: 0.9877, NPV: 0.7627, F1: 0.9143
  Val Best Threshold 0.85 → Balanced Acc: 0.6178, Acc: 0.6286, Sensitivity: 0.6522, Specificity: 0.5833, PPV: 0.7500, NPV: 0.4667, F1: 0.6977
Epoch 6/40 - Train Loss: 0.4428, Train Acc: 0.8286, Train AUC: 0.8913 - Val Loss: 4.8615, Val Acc (0.5): 0.4571, Val AUC: 0.6123
  Train Best Threshold 0.65 → Balanced Acc: 0.8226, Acc: 0.8214, Sensitivity: 0.8191, Specificity: 0.8261, PPV: 0.9059, NPV: 0.6909, F1: 0.8603
  Val Best Threshold 0.30 → Balanced Acc: 0.5888, Acc: 0.4857, Sensitivity: 0.2609, Specificity: 0.9167, PPV: 0.8571, NPV: 0.3929, F1: 0.4000
Epoch 7/40 - Train Loss: 0.3407, Train Acc: 0.8643, Train AUC: 0.9318 - Val Loss: 2.1572, Val Acc (0.5): 0.4857, Val AUC: 0.6232
  Train Best Threshold 0.45 → Balanced Acc: 0.8601, Acc: 0.8643, Sensitivity: 0.8723, Specificity: 0.8478, PPV: 0.9213, NPV: 0.7647, F1: 0.8962
  Val Best Threshold 0.05 → Balanced Acc: 0.6159, Acc: 0.6000, Sensitivity: 0.5652, Specificity: 0.6667, PPV: 0.7647, NPV: 0.4444, F1: 0.6500
Epoch 8/40 - Train Loss: 0.2871, Train Acc: 0.8857, Train AUC: 0.9524 - Val Loss: 0.9417, Val Acc (0.5): 0.6857, Val AUC: 0.8043
  Train Best Threshold 0.50 → Balanced Acc: 0.8871, Acc: 0.8857, Sensitivity: 0.8830, Specificity: 0.8913, PPV: 0.9432, NPV: 0.7885, F1: 0.9121
  Val Best Threshold 0.95 → Balanced Acc: 0.7663, Acc: 0.7714, Sensitivity: 0.7826, Specificity: 0.7500, PPV: 0.8571, NPV: 0.6429, F1: 0.8182
  → New best validation AUC: 0.8043
  → Saved best model to weights/a1_mean_pooling_single_efficientnetv2_b0_20260127_224200_best.pth
Epoch 9/40 - Train Loss: 0.2186, Train Acc: 0.9143, Train AUC: 0.9755 - Val Loss: 0.8590, Val Acc (0.5): 0.6571, Val AUC: 0.7935
  Train Best Threshold 0.45 → Balanced Acc: 0.9304, Acc: 0.9214, Sensitivity: 0.9043, Specificity: 0.9565, PPV: 0.9770, NPV: 0.8302, F1: 0.9392
  Val Best Threshold 0.15 → Balanced Acc: 0.7663, Acc: 0.7714, Sensitivity: 0.7826, Specificity: 0.7500, PPV: 0.8571, NPV: 0.6429, F1: 0.8182
Epoch 10/40 - Train Loss: 0.2004, Train Acc: 0.9143, Train AUC: 0.9764 - Val Loss: 2.8969, Val Acc (0.5): 0.5714, Val AUC: 0.6377
  Train Best Threshold 0.40 → Balanced Acc: 0.9246, Acc: 0.9286, Sensitivity: 0.9362, Specificity: 0.9130, PPV: 0.9565, NPV: 0.8750, F1: 0.9462
  Val Best Threshold 0.35 → Balanced Acc: 0.6739, Acc: 0.5714, Sensitivity: 0.3478, Specificity: 1.0000, PPV: 1.0000, NPV: 0.4444, F1: 0.5161
Epoch 11/40 - Train Loss: 0.1772, Train Acc: 0.9357, Train AUC: 0.9799 - Val Loss: 1.7882, Val Acc (0.5): 0.6571, Val AUC: 0.7065
  Train Best Threshold 0.50 → Balanced Acc: 0.9355, Acc: 0.9357, Sensitivity: 0.9362, Specificity: 0.9348, PPV: 0.9670, NPV: 0.8776, F1: 0.9514
  Val Best Threshold 0.95 → Balanced Acc: 0.7645, Acc: 0.7429, Sensitivity: 0.6957, Specificity: 0.8333, PPV: 0.8889, NPV: 0.5882, F1: 0.7805
Epoch 12/40 - Train Loss: 0.1548, Train Acc: 0.9643, Train AUC: 0.9850 - Val Loss: 0.7397, Val Acc (0.5): 0.7429, Val AUC: 0.8152
  Train Best Threshold 0.50 → Balanced Acc: 0.9679, Acc: 0.9643, Sensitivity: 0.9574, Specificity: 0.9783, PPV: 0.9890, NPV: 0.9184, F1: 0.9730
  Val Best Threshold 0.65 → Balanced Acc: 0.8098, Acc: 0.8286, Sensitivity: 0.8696, Specificity: 0.7500, PPV: 0.8696, NPV: 0.7500, F1: 0.8696
  → New best validation AUC: 0.8152
  → Saved best model to weights/a1_mean_pooling_single_efficientnetv2_b0_20260127_224200_best.pth
Epoch 13/40 - Train Loss: 0.1124, Train Acc: 0.9643, Train AUC: 0.9926 - Val Loss: 0.9598, Val Acc (0.5): 0.7143, Val AUC: 0.6812
  Train Best Threshold 0.30 → Balanced Acc: 0.9787, Acc: 0.9714, Sensitivity: 0.9574, Specificity: 1.0000, PPV: 1.0000, NPV: 0.9200, F1: 0.9783
  Val Best Threshold 0.90 → Balanced Acc: 0.6413, Acc: 0.6857, Sensitivity: 0.7826, Specificity: 0.5000, PPV: 0.7500, NPV: 0.5455, F1: 0.7660
Epoch 14/40 - Train Loss: 0.2067, Train Acc: 0.9357, Train AUC: 0.9769 - Val Loss: 0.9952, Val Acc (0.5): 0.7143, Val AUC: 0.7609
  Train Best Threshold 0.50 → Balanced Acc: 0.9244, Acc: 0.9357, Sensitivity: 0.9574, Specificity: 0.8913, PPV: 0.9474, NPV: 0.9111, F1: 0.9524
  Val Best Threshold 0.80 → Balanced Acc: 0.7500, Acc: 0.8286, Sensitivity: 1.0000, Specificity: 0.5000, PPV: 0.7931, NPV: 1.0000, F1: 0.8846
Epoch 15/40 - Train Loss: 0.1856, Train Acc: 0.9071, Train AUC: 0.9799 - Val Loss: 0.7950, Val Acc (0.5): 0.6857, Val AUC: 0.7065
  Train Best Threshold 0.75 → Balanced Acc: 0.9144, Acc: 0.9000, Sensitivity: 0.8723, Specificity: 0.9565, PPV: 0.9762, NPV: 0.7857, F1: 0.9213
  Val Best Threshold 0.80 → Balanced Acc: 0.7029, Acc: 0.7143, Sensitivity: 0.7391, Specificity: 0.6667, PPV: 0.8095, NPV: 0.5714, F1: 0.7727
Epoch 16/40 - Train Loss: 0.1019, Train Acc: 0.9714, Train AUC: 0.9958 - Val Loss: 0.6426, Val Acc (0.5): 0.7143, Val AUC: 0.8007
  Train Best Threshold 0.60 → Balanced Acc: 0.9734, Acc: 0.9643, Sensitivity: 0.9468, Specificity: 1.0000, PPV: 1.0000, NPV: 0.9020, F1: 0.9727
  Val Best Threshold 0.90 → Balanced Acc: 0.7228, Acc: 0.7143, Sensitivity: 0.6957, Specificity: 0.7500, PPV: 0.8421, NPV: 0.5625, F1: 0.7619
Epoch 17/40 - Train Loss: 0.0881, Train Acc: 0.9714, Train AUC: 0.9970 - Val Loss: 0.6293, Val Acc (0.5): 0.6571, Val AUC: 0.8116
  Train Best Threshold 0.30 → Balanced Acc: 0.9838, Acc: 0.9857, Sensitivity: 0.9894, Specificity: 0.9783, PPV: 0.9894, NPV: 0.9783, F1: 0.9894
  Val Best Threshold 0.85 → Balanced Acc: 0.7826, Acc: 0.7143, Sensitivity: 0.5652, Specificity: 1.0000, PPV: 1.0000, NPV: 0.5455, F1: 0.7222
Epoch 18/40 - Train Loss: 0.0498, Train Acc: 0.9857, Train AUC: 1.0000 - Val Loss: 1.1007, Val Acc (0.5): 0.6857, Val AUC: 0.7971
  Train Best Threshold 0.40 → Balanced Acc: 1.0000, Acc: 1.0000, Sensitivity: 1.0000, Specificity: 1.0000, PPV: 1.0000, NPV: 1.0000, F1: 1.0000
  Val Best Threshold 0.10 → Balanced Acc: 0.7663, Acc: 0.7714, Sensitivity: 0.7826, Specificity: 0.7500, PPV: 0.8571, NPV: 0.6429, F1: 0.8182
Epoch 19/40 - Train Loss: 0.2330, Train Acc: 0.9143, Train AUC: 0.9764 - Val Loss: 0.7760, Val Acc (0.5): 0.7714, Val AUC: 0.8297
  Train Best Threshold 0.20 → Balanced Acc: 0.9408, Acc: 0.9429, Sensitivity: 0.9468, Specificity: 0.9348, PPV: 0.9674, NPV: 0.8958, F1: 0.9570
  Val Best Threshold 0.95 → Balanced Acc: 0.7862, Acc: 0.7714, Sensitivity: 0.7391, Specificity: 0.8333, PPV: 0.8947, NPV: 0.6250, F1: 0.8095
  → New best validation AUC: 0.8297
  → Saved best model to weights/a1_mean_pooling_single_efficientnetv2_b0_20260127_224200_best.pth
Epoch 20/40 - Train Loss: 0.2011, Train Acc: 0.9143, Train AUC: 0.9785 - Val Loss: 1.7015, Val Acc (0.5): 0.5714, Val AUC: 0.7065
  Train Best Threshold 0.80 → Balanced Acc: 0.9089, Acc: 0.9000, Sensitivity: 0.8830, Specificity: 0.9348, PPV: 0.9651, NPV: 0.7963, F1: 0.9222
  Val Best Threshold 0.15 → Balanced Acc: 0.7011, Acc: 0.6857, Sensitivity: 0.6522, Specificity: 0.7500, PPV: 0.8333, NPV: 0.5294, F1: 0.7317
Epoch 21/40 - Train Loss: 0.1646, Train Acc: 0.9000, Train AUC: 0.9827 - Val Loss: 1.3943, Val Acc (0.5): 0.6571, Val AUC: 0.7319
  Train Best Threshold 0.15 → Balanced Acc: 0.9350, Acc: 0.9500, Sensitivity: 0.9787, Specificity: 0.8913, PPV: 0.9485, NPV: 0.9535, F1: 0.9634
  Val Best Threshold 0.85 → Balanced Acc: 0.6630, Acc: 0.7143, Sensitivity: 0.8261, Specificity: 0.5000, PPV: 0.7600, NPV: 0.6000, F1: 0.7917
Epoch 22/40 - Train Loss: 0.1249, Train Acc: 0.9643, Train AUC: 0.9905 - Val Loss: 1.1071, Val Acc (0.5): 0.6571, Val AUC: 0.7174
  Train Best Threshold 0.85 → Balanced Acc: 0.9625, Acc: 0.9571, Sensitivity: 0.9468, Specificity: 0.9783, PPV: 0.9889, NPV: 0.9000, F1: 0.9674
  Val Best Threshold 0.95 → Balanced Acc: 0.7228, Acc: 0.7143, Sensitivity: 0.6957, Specificity: 0.7500, PPV: 0.8421, NPV: 0.5625, F1: 0.7619
Epoch 23/40 - Train Loss: 0.1153, Train Acc: 0.9500, Train AUC: 0.9933 - Val Loss: 0.9378, Val Acc (0.5): 0.6000, Val AUC: 0.7609
  Train Best Threshold 0.55 → Balanced Acc: 0.9681, Acc: 0.9571, Sensitivity: 0.9362, Specificity: 1.0000, PPV: 1.0000, NPV: 0.8846, F1: 0.9670
  Val Best Threshold 0.95 → Balanced Acc: 0.7446, Acc: 0.7429, Sensitivity: 0.7391, Specificity: 0.7500, PPV: 0.8500, NPV: 0.6000, F1: 0.7907
Epoch 24/40 - Train Loss: 0.1432, Train Acc: 0.9357, Train AUC: 0.9880 - Val Loss: 0.8954, Val Acc (0.5): 0.6857, Val AUC: 0.7790
  Train Best Threshold 0.80 → Balanced Acc: 0.9574, Acc: 0.9429, Sensitivity: 0.9149, Specificity: 1.0000, PPV: 1.0000, NPV: 0.8519, F1: 0.9556
  Val Best Threshold 0.10 → Balanced Acc: 0.8098, Acc: 0.8286, Sensitivity: 0.8696, Specificity: 0.7500, PPV: 0.8696, NPV: 0.7500, F1: 0.8696
Epoch 25/40 - Train Loss: 0.0609, Train Acc: 0.9714, Train AUC: 0.9984 - Val Loss: 0.8909, Val Acc (0.5): 0.7143, Val AUC: 0.7717
  Train Best Threshold 0.55 → Balanced Acc: 0.9840, Acc: 0.9786, Sensitivity: 0.9681, Specificity: 1.0000, PPV: 1.0000, NPV: 0.9388, F1: 0.9838
  Val Best Threshold 0.95 → Balanced Acc: 0.7862, Acc: 0.7714, Sensitivity: 0.7391, Specificity: 0.8333, PPV: 0.8947, NPV: 0.6250, F1: 0.8095
Epoch 26/40 - Train Loss: 0.0601, Train Acc: 0.9786, Train AUC: 0.9977 - Val Loss: 0.8511, Val Acc (0.5): 0.7143, Val AUC: 0.8043
  Train Best Threshold 0.60 → Balanced Acc: 0.9894, Acc: 0.9857, Sensitivity: 0.9787, Specificity: 1.0000, PPV: 1.0000, NPV: 0.9583, F1: 0.9892
  Val Best Threshold 0.85 → Balanced Acc: 0.7663, Acc: 0.7714, Sensitivity: 0.7826, Specificity: 0.7500, PPV: 0.8571, NPV: 0.6429, F1: 0.8182
Epoch 27/40 - Train Loss: 0.0298, Train Acc: 0.9857, Train AUC: 0.9995 - Val Loss: 0.7478, Val Acc (0.5): 0.7143, Val AUC: 0.8080
  Train Best Threshold 0.50 → Balanced Acc: 0.9894, Acc: 0.9857, Sensitivity: 0.9787, Specificity: 1.0000, PPV: 1.0000, NPV: 0.9583, F1: 0.9892
  Val Best Threshold 0.90 → Balanced Acc: 0.7645, Acc: 0.7429, Sensitivity: 0.6957, Specificity: 0.8333, PPV: 0.8889, NPV: 0.5882, F1: 0.7805
Epoch 28/40 - Train Loss: 0.0529, Train Acc: 0.9643, Train AUC: 0.9988 - Val Loss: 1.0882, Val Acc (0.5): 0.7143, Val AUC: 0.7645
  Train Best Threshold 0.25 → Balanced Acc: 0.9838, Acc: 0.9857, Sensitivity: 0.9894, Specificity: 0.9783, PPV: 0.9894, NPV: 0.9783, F1: 0.9894
  Val Best Threshold 0.75 → Balanced Acc: 0.7246, Acc: 0.7429, Sensitivity: 0.7826, Specificity: 0.6667, PPV: 0.8182, NPV: 0.6154, F1: 0.8000
Epoch 29/40 - Train Loss: 0.0355, Train Acc: 0.9857, Train AUC: 0.9998 - Val Loss: 1.0585, Val Acc (0.5): 0.7429, Val AUC: 0.7428
  Train Best Threshold 0.55 → Balanced Acc: 0.9947, Acc: 0.9929, Sensitivity: 0.9894, Specificity: 1.0000, PPV: 1.0000, NPV: 0.9787, F1: 0.9947
  Val Best Threshold 0.75 → Balanced Acc: 0.7446, Acc: 0.7429, Sensitivity: 0.7391, Specificity: 0.7500, PPV: 0.8500, NPV: 0.6000, F1: 0.7907
Early stopping at epoch 29
Loaded best model with validation AUC: 0.8297
Final Train Results (Best Model) at epoch 19 - Loss: 0.0063, Accuracy: 1.0000, AUC: 1.0000
Final Val Results (Best Model) at epoch 19 - Loss: 0.7760, Accuracy: 0.7714, AUC: 0.8297
Train Best Threshold: 0.10 | Balanced Acc: 1.0000 | Acc: 1.0000 | Precision: 1.0000 | Recall: 1.0000 | Sensitivity: 1.0000 | Specificity: 1.0000 | PPV: 1.0000 | NPV: 1.0000 | F1: 1.0000
Train Confusion Matrix at Best Threshold (rows=actual [0,1], cols=predicted [0,1]):
[[46  0]
 [ 0 94]]
Val Best Threshold: 0.95 | Balanced Acc: 0.7862 | Acc: 0.7714 | Precision: 0.8947 | Recall: 0.7391 | Sensitivity: 0.7391 | Specificity: 0.8333 | PPV: 0.8947 | NPV: 0.6250 | F1: 0.8095
Val Confusion Matrix at Best Threshold (rows=actual [0,1], cols=predicted [0,1]):
[[10  2]
 [ 6 17]]
======================================================================

Training Results - A1 (Mean Pooling)
======================================================================
Model: A1 (Mean Pooling)
Backbone: efficientnetv2_b0
Val AUC: 0.8297
======================================================================
