Starting single train/val split training for A1 (Mean Pooling)
Configuration:
  clinical_csv: data/annotations/175_clinical_5_variables.csv
  image_root: data/nakagami_full
  patient_id_column: NO
  label_column: CL_F2
  image_pattern: Nakagami_image_*.png
  n_folds: 5
  batch_size: 16
  learning_rate: 0.0001
  num_epochs: 40
  early_stopping_patience: 10
  early_stopping_min_delta: 0.001
  backbone: efficientnetv2_b0
  pretrained: True
  device: cuda
  num_workers: 4
  model_type: mean
  attention_hidden: 128
  seed: 42
  no_cv: True
  val_split: 0.2
  log_dir: runs/bmode
Loading clinical data...
Loaded 175 patients from clinical data
Building patient records...
Building patient records from 175 patients...
Image root: data/nakagami_full
Image pattern: Nakagami_image_*.png
Successfully created 175 patient records
Created 175 patient records
Train/Val Split:
  Train: 140 patients (80.0%)
  Val:   35 patients (20.0%)
====================Training single model====================
Train: 140 patients
Val: 35 patients
Created A1 model (mean pooling) with backbone efficientnetv2_b0
Using device: cuda
Class weights: [1.0, 0.4893617033958435]
Epoch 1/40 - Train Loss: 0.7079, Train Acc: 0.3929, Train AUC: 0.4586 - Val Loss: 0.7021, Val Acc (0.5): 0.4857, Val AUC: 0.6123
  Train Best Threshold 0.45 → Balanced Acc: 0.5245, Acc: 0.6000, Sensitivity: 0.7447, Specificity: 0.3043, PPV: 0.6863, NPV: 0.3684, F1: 0.7143
  Val Best Threshold 0.50 → Balanced Acc: 0.5888, Acc: 0.4857, Sensitivity: 0.2609, Specificity: 0.9167, PPV: 0.8571, NPV: 0.3929, F1: 0.4000
  → New best validation AUC: 0.6123
Epoch 2/40 - Train Loss: 0.6899, Train Acc: 0.5214, Train AUC: 0.5442 - Val Loss: 0.6734, Val Acc (0.5): 0.5429, Val AUC: 0.6630
  Train Best Threshold 0.50 → Balanced Acc: 0.5548, Acc: 0.5214, Sensitivity: 0.4574, Specificity: 0.6522, PPV: 0.7288, NPV: 0.3704, F1: 0.5621
  Val Best Threshold 0.45 → Balanced Acc: 0.6250, Acc: 0.7429, Sensitivity: 1.0000, Specificity: 0.2500, PPV: 0.7188, NPV: 1.0000, F1: 0.8364
  → New best validation AUC: 0.6630
Epoch 3/40 - Train Loss: 0.6821, Train Acc: 0.5857, Train AUC: 0.5927 - Val Loss: 0.6702, Val Acc (0.5): 0.5714, Val AUC: 0.6812
  Train Best Threshold 0.50 → Balanced Acc: 0.5971, Acc: 0.5857, Sensitivity: 0.5638, Specificity: 0.6304, PPV: 0.7571, NPV: 0.4143, F1: 0.6463
  Val Best Threshold 0.50 → Balanced Acc: 0.5743, Acc: 0.5714, Sensitivity: 0.5652, Specificity: 0.5833, PPV: 0.7222, NPV: 0.4118, F1: 0.6341
  → New best validation AUC: 0.6812
Epoch 4/40 - Train Loss: 0.6547, Train Acc: 0.6214, Train AUC: 0.7019 - Val Loss: 0.6740, Val Acc (0.5): 0.6857, Val AUC: 0.7101
  Train Best Threshold 0.45 → Balanced Acc: 0.6311, Acc: 0.7357, Sensitivity: 0.9362, Specificity: 0.3261, PPV: 0.7395, NPV: 0.7143, F1: 0.8263
  Val Best Threshold 0.50 → Balanced Acc: 0.7409, Acc: 0.6857, Sensitivity: 0.5652, Specificity: 0.9167, PPV: 0.9286, NPV: 0.5238, F1: 0.7027
  → New best validation AUC: 0.7101
Epoch 5/40 - Train Loss: 0.6502, Train Acc: 0.6643, Train AUC: 0.7197 - Val Loss: 0.6925, Val Acc (0.5): 0.5429, Val AUC: 0.7174
  Train Best Threshold 0.50 → Balanced Acc: 0.6556, Acc: 0.6643, Sensitivity: 0.6809, Specificity: 0.6304, PPV: 0.7901, NPV: 0.4915, F1: 0.7314
  Val Best Threshold 0.45 → Balanced Acc: 0.6993, Acc: 0.6571, Sensitivity: 0.5652, Specificity: 0.8333, PPV: 0.8667, NPV: 0.5000, F1: 0.6842
  → New best validation AUC: 0.7174
Epoch 6/40 - Train Loss: 0.6488, Train Acc: 0.6357, Train AUC: 0.6760 - Val Loss: 0.8119, Val Acc (0.5): 0.4286, Val AUC: 0.6993
  Train Best Threshold 0.45 → Balanced Acc: 0.6210, Acc: 0.7071, Sensitivity: 0.8723, Specificity: 0.3696, PPV: 0.7387, NPV: 0.5862, F1: 0.8000
  Val Best Threshold 0.35 → Balanced Acc: 0.7210, Acc: 0.6857, Sensitivity: 0.6087, Specificity: 0.8333, PPV: 0.8750, NPV: 0.5263, F1: 0.7179
Epoch 7/40 - Train Loss: 0.6458, Train Acc: 0.5857, Train AUC: 0.6822 - Val Loss: 0.8430, Val Acc (0.5): 0.4571, Val AUC: 0.7319
  Train Best Threshold 0.55 → Balanced Acc: 0.6413, Acc: 0.5929, Sensitivity: 0.5000, Specificity: 0.7826, PPV: 0.8246, NPV: 0.4337, F1: 0.6225
  Val Best Threshold 0.35 → Balanced Acc: 0.7391, Acc: 0.6571, Sensitivity: 0.4783, Specificity: 1.0000, PPV: 1.0000, NPV: 0.5000, F1: 0.6471
  → New best validation AUC: 0.7319
Epoch 8/40 - Train Loss: 0.6149, Train Acc: 0.6714, Train AUC: 0.7493 - Val Loss: 0.8242, Val Acc (0.5): 0.5429, Val AUC: 0.7428
  Train Best Threshold 0.50 → Balanced Acc: 0.6887, Acc: 0.6714, Sensitivity: 0.6383, Specificity: 0.7391, PPV: 0.8333, NPV: 0.5000, F1: 0.7229
  Val Best Threshold 0.35 → Balanced Acc: 0.7409, Acc: 0.6857, Sensitivity: 0.5652, Specificity: 0.9167, PPV: 0.9286, NPV: 0.5238, F1: 0.7027
  → New best validation AUC: 0.7428
Epoch 9/40 - Train Loss: 0.5898, Train Acc: 0.6500, Train AUC: 0.7768 - Val Loss: 0.6948, Val Acc (0.5): 0.6000, Val AUC: 0.7645
  Train Best Threshold 0.45 → Balanced Acc: 0.6982, Acc: 0.7214, Sensitivity: 0.7660, Specificity: 0.6304, PPV: 0.8090, NPV: 0.5686, F1: 0.7869
  Val Best Threshold 0.45 → Balanced Acc: 0.7627, Acc: 0.7143, Sensitivity: 0.6087, Specificity: 0.9167, PPV: 0.9333, NPV: 0.5500, F1: 0.7368
  → New best validation AUC: 0.7645
Epoch 10/40 - Train Loss: 0.5723, Train Acc: 0.7071, Train AUC: 0.7778 - Val Loss: 0.6482, Val Acc (0.5): 0.6857, Val AUC: 0.7391
  Train Best Threshold 0.50 → Balanced Acc: 0.7153, Acc: 0.7071, Sensitivity: 0.6915, Specificity: 0.7391, PPV: 0.8442, NPV: 0.5397, F1: 0.7602
  Val Best Threshold 0.50 → Balanced Acc: 0.7409, Acc: 0.6857, Sensitivity: 0.5652, Specificity: 0.9167, PPV: 0.9286, NPV: 0.5238, F1: 0.7027
Epoch 11/40 - Train Loss: 0.5549, Train Acc: 0.7286, Train AUC: 0.7923 - Val Loss: 0.5931, Val Acc (0.5): 0.6000, Val AUC: 0.7645
  Train Best Threshold 0.50 → Balanced Acc: 0.7313, Acc: 0.7286, Sensitivity: 0.7234, Specificity: 0.7391, PPV: 0.8500, NPV: 0.5667, F1: 0.7816
  Val Best Threshold 0.65 → Balanced Acc: 0.7174, Acc: 0.6286, Sensitivity: 0.4348, Specificity: 1.0000, PPV: 1.0000, NPV: 0.4800, F1: 0.6061
Epoch 12/40 - Train Loss: 0.5072, Train Acc: 0.7500, Train AUC: 0.8497 - Val Loss: 0.6267, Val Acc (0.5): 0.6286, Val AUC: 0.7391
  Train Best Threshold 0.55 → Balanced Acc: 0.7590, Acc: 0.7286, Sensitivity: 0.6702, Specificity: 0.8478, PPV: 0.9000, NPV: 0.5571, F1: 0.7683
  Val Best Threshold 0.60 → Balanced Acc: 0.7409, Acc: 0.6857, Sensitivity: 0.5652, Specificity: 0.9167, PPV: 0.9286, NPV: 0.5238, F1: 0.7027
Epoch 13/40 - Train Loss: 0.4990, Train Acc: 0.7571, Train AUC: 0.8525 - Val Loss: 0.6270, Val Acc (0.5): 0.5429, Val AUC: 0.7029
  Train Best Threshold 0.45 → Balanced Acc: 0.7845, Acc: 0.8000, Sensitivity: 0.8298, Specificity: 0.7391, PPV: 0.8667, NPV: 0.6800, F1: 0.8478
  Val Best Threshold 0.75 → Balanced Acc: 0.6522, Acc: 0.5429, Sensitivity: 0.3043, Specificity: 1.0000, PPV: 1.0000, NPV: 0.4286, F1: 0.4667
Epoch 14/40 - Train Loss: 0.4981, Train Acc: 0.7357, Train AUC: 0.8381 - Val Loss: 0.5623, Val Acc (0.5): 0.6857, Val AUC: 0.7609
  Train Best Threshold 0.45 → Balanced Acc: 0.7687, Acc: 0.7714, Sensitivity: 0.7766, Specificity: 0.7609, PPV: 0.8690, NPV: 0.6250, F1: 0.8202
  Val Best Threshold 0.65 → Balanced Acc: 0.7862, Acc: 0.7714, Sensitivity: 0.7391, Specificity: 0.8333, PPV: 0.8947, NPV: 0.6250, F1: 0.8095
Epoch 15/40 - Train Loss: 0.4855, Train Acc: 0.7214, Train AUC: 0.8483 - Val Loss: 0.6029, Val Acc (0.5): 0.6571, Val AUC: 0.7717
  Train Best Threshold 0.65 → Balanced Acc: 0.7544, Acc: 0.7000, Sensitivity: 0.5957, Specificity: 0.9130, PPV: 0.9333, NPV: 0.5250, F1: 0.7273
  Val Best Threshold 0.55 → Balanced Acc: 0.7029, Acc: 0.7143, Sensitivity: 0.7391, Specificity: 0.6667, PPV: 0.8095, NPV: 0.5714, F1: 0.7727
  → New best validation AUC: 0.7717
Epoch 16/40 - Train Loss: 0.4164, Train Acc: 0.7929, Train AUC: 0.9098 - Val Loss: 0.7397, Val Acc (0.5): 0.6286, Val AUC: 0.6812
  Train Best Threshold 0.55 → Balanced Acc: 0.8448, Acc: 0.8214, Sensitivity: 0.7766, Specificity: 0.9130, PPV: 0.9481, NPV: 0.6667, F1: 0.8538
  Val Best Threshold 0.50 → Balanced Acc: 0.6775, Acc: 0.6286, Sensitivity: 0.5217, Specificity: 0.8333, PPV: 0.8571, NPV: 0.4762, F1: 0.6486
Epoch 17/40 - Train Loss: 0.4439, Train Acc: 0.7929, Train AUC: 0.8871 - Val Loss: 0.9054, Val Acc (0.5): 0.4857, Val AUC: 0.6667
  Train Best Threshold 0.55 → Balanced Acc: 0.8340, Acc: 0.8143, Sensitivity: 0.7766, Specificity: 0.8913, PPV: 0.9359, NPV: 0.6613, F1: 0.8488
  Val Best Threshold 0.60 → Balanced Acc: 0.6522, Acc: 0.5429, Sensitivity: 0.3043, Specificity: 1.0000, PPV: 1.0000, NPV: 0.4286, F1: 0.4667
Epoch 18/40 - Train Loss: 0.3670, Train Acc: 0.8071, Train AUC: 0.9283 - Val Loss: 0.7422, Val Acc (0.5): 0.6000, Val AUC: 0.7065
  Train Best Threshold 0.35 → Balanced Acc: 0.8592, Acc: 0.8929, Sensitivity: 0.9574, Specificity: 0.7609, PPV: 0.8911, NPV: 0.8974, F1: 0.9231
  Val Best Threshold 0.30 → Balanced Acc: 0.6649, Acc: 0.7429, Sensitivity: 0.9130, Specificity: 0.4167, PPV: 0.7500, NPV: 0.7143, F1: 0.8235
Epoch 19/40 - Train Loss: 0.4578, Train Acc: 0.8071, Train AUC: 0.8774 - Val Loss: 0.8190, Val Acc (0.5): 0.6857, Val AUC: 0.6449
  Train Best Threshold 0.35 → Balanced Acc: 0.8437, Acc: 0.8571, Sensitivity: 0.8830, Specificity: 0.8043, PPV: 0.9022, NPV: 0.7708, F1: 0.8925
  Val Best Threshold 0.45 → Balanced Acc: 0.6612, Acc: 0.6857, Sensitivity: 0.7391, Specificity: 0.5833, PPV: 0.7727, NPV: 0.5385, F1: 0.7556
Epoch 20/40 - Train Loss: 0.3591, Train Acc: 0.8714, Train AUC: 0.9292 - Val Loss: 0.8081, Val Acc (0.5): 0.6857, Val AUC: 0.7101
  Train Best Threshold 0.50 → Balanced Acc: 0.8543, Acc: 0.8714, Sensitivity: 0.9043, Specificity: 0.8043, PPV: 0.9043, NPV: 0.8043, F1: 0.9043
  Val Best Threshold 0.90 → Balanced Acc: 0.6178, Acc: 0.6286, Sensitivity: 0.6522, Specificity: 0.5833, PPV: 0.7500, NPV: 0.4667, F1: 0.6977
Epoch 21/40 - Train Loss: 0.3119, Train Acc: 0.8643, Train AUC: 0.9452 - Val Loss: 0.7886, Val Acc (0.5): 0.6857, Val AUC: 0.7826
  Train Best Threshold 0.55 → Balanced Acc: 0.8821, Acc: 0.8714, Sensitivity: 0.8511, Specificity: 0.9130, PPV: 0.9524, NPV: 0.7500, F1: 0.8989
  Val Best Threshold 0.90 → Balanced Acc: 0.7029, Acc: 0.7143, Sensitivity: 0.7391, Specificity: 0.6667, PPV: 0.8095, NPV: 0.5714, F1: 0.7727
  → New best validation AUC: 0.7826
Epoch 22/40 - Train Loss: 0.3170, Train Acc: 0.8929, Train AUC: 0.9461 - Val Loss: 0.6664, Val Acc (0.5): 0.6857, Val AUC: 0.6957
  Train Best Threshold 0.50 → Balanced Acc: 0.8925, Acc: 0.8929, Sensitivity: 0.8936, Specificity: 0.8913, PPV: 0.9438, NPV: 0.8039, F1: 0.9180
  Val Best Threshold 0.70 → Balanced Acc: 0.6630, Acc: 0.7143, Sensitivity: 0.8261, Specificity: 0.5000, PPV: 0.7600, NPV: 0.6000, F1: 0.7917
Epoch 23/40 - Train Loss: 0.2536, Train Acc: 0.9071, Train AUC: 0.9720 - Val Loss: 0.8375, Val Acc (0.5): 0.6571, Val AUC: 0.6630
  Train Best Threshold 0.55 → Balanced Acc: 0.9248, Acc: 0.9214, Sensitivity: 0.9149, Specificity: 0.9348, PPV: 0.9663, NPV: 0.8431, F1: 0.9399
  Val Best Threshold 0.85 → Balanced Acc: 0.6739, Acc: 0.5714, Sensitivity: 0.3478, Specificity: 1.0000, PPV: 1.0000, NPV: 0.4444, F1: 0.5161
Epoch 24/40 - Train Loss: 0.3554, Train Acc: 0.8214, Train AUC: 0.9191 - Val Loss: 0.7785, Val Acc (0.5): 0.7143, Val AUC: 0.6304
  Train Best Threshold 0.45 → Balanced Acc: 0.8328, Acc: 0.8500, Sensitivity: 0.8830, Specificity: 0.7826, PPV: 0.8925, NPV: 0.7660, F1: 0.8877
  Val Best Threshold 0.90 → Balanced Acc: 0.6522, Acc: 0.5429, Sensitivity: 0.3043, Specificity: 1.0000, PPV: 1.0000, NPV: 0.4286, F1: 0.4667
Epoch 25/40 - Train Loss: 0.2686, Train Acc: 0.9071, Train AUC: 0.9618 - Val Loss: 0.7537, Val Acc (0.5): 0.7143, Val AUC: 0.6522
  Train Best Threshold 0.50 → Balanced Acc: 0.9198, Acc: 0.9071, Sensitivity: 0.8830, Specificity: 0.9565, PPV: 0.9765, NPV: 0.8000, F1: 0.9274
  Val Best Threshold 0.30 → Balanced Acc: 0.6649, Acc: 0.7429, Sensitivity: 0.9130, Specificity: 0.4167, PPV: 0.7500, NPV: 0.7143, F1: 0.8235
Epoch 26/40 - Train Loss: 0.2903, Train Acc: 0.8714, Train AUC: 0.9482 - Val Loss: 0.8709, Val Acc (0.5): 0.6286, Val AUC: 0.6848
  Train Best Threshold 0.55 → Balanced Acc: 0.8823, Acc: 0.8643, Sensitivity: 0.8298, Specificity: 0.9348, PPV: 0.9630, NPV: 0.7288, F1: 0.8914
  Val Best Threshold 0.30 → Balanced Acc: 0.7047, Acc: 0.7429, Sensitivity: 0.8261, Specificity: 0.5833, PPV: 0.7917, NPV: 0.6364, F1: 0.8085
Epoch 27/40 - Train Loss: 0.2034, Train Acc: 0.9143, Train AUC: 0.9806 - Val Loss: 1.3489, Val Acc (0.5): 0.4286, Val AUC: 0.6304
  Train Best Threshold 0.45 → Balanced Acc: 0.9302, Acc: 0.9286, Sensitivity: 0.9255, Specificity: 0.9348, PPV: 0.9667, NPV: 0.8600, F1: 0.9457
  Val Best Threshold 0.10 → Balanced Acc: 0.6630, Acc: 0.7143, Sensitivity: 0.8261, Specificity: 0.5000, PPV: 0.7600, NPV: 0.6000, F1: 0.7917
Epoch 28/40 - Train Loss: 0.2011, Train Acc: 0.9429, Train AUC: 0.9736 - Val Loss: 1.6594, Val Acc (0.5): 0.4857, Val AUC: 0.6486
  Train Best Threshold 0.50 → Balanced Acc: 0.9297, Acc: 0.9429, Sensitivity: 0.9681, Specificity: 0.8913, PPV: 0.9479, NPV: 0.9318, F1: 0.9579
  Val Best Threshold 0.10 → Balanced Acc: 0.6612, Acc: 0.6857, Sensitivity: 0.7391, Specificity: 0.5833, PPV: 0.7727, NPV: 0.5385, F1: 0.7556
Epoch 29/40 - Train Loss: 0.1857, Train Acc: 0.9286, Train AUC: 0.9827 - Val Loss: 1.2726, Val Acc (0.5): 0.6000, Val AUC: 0.6848
  Train Best Threshold 0.45 → Balanced Acc: 0.9625, Acc: 0.9571, Sensitivity: 0.9468, Specificity: 0.9783, PPV: 0.9889, NPV: 0.9000, F1: 0.9674
  Val Best Threshold 0.55 → Balanced Acc: 0.6757, Acc: 0.6000, Sensitivity: 0.4348, Specificity: 0.9167, PPV: 0.9091, NPV: 0.4583, F1: 0.5882
Epoch 30/40 - Train Loss: 0.2306, Train Acc: 0.8929, Train AUC: 0.9679 - Val Loss: 0.9628, Val Acc (0.5): 0.6571, Val AUC: 0.5942
  Train Best Threshold 0.70 → Balanced Acc: 0.9038, Acc: 0.8857, Sensitivity: 0.8511, Specificity: 0.9565, PPV: 0.9756, NPV: 0.7586, F1: 0.9091
  Val Best Threshold 0.70 → Balanced Acc: 0.6196, Acc: 0.6571, Sensitivity: 0.7391, Specificity: 0.5000, PPV: 0.7391, NPV: 0.5000, F1: 0.7391
Epoch 31/40 - Train Loss: 0.1459, Train Acc: 0.9571, Train AUC: 0.9935 - Val Loss: 1.0251, Val Acc (0.5): 0.6571, Val AUC: 0.5797
  Train Best Threshold 0.45 → Balanced Acc: 0.9570, Acc: 0.9571, Sensitivity: 0.9574, Specificity: 0.9565, PPV: 0.9783, NPV: 0.9167, F1: 0.9677
  Val Best Threshold 0.70 → Balanced Acc: 0.6413, Acc: 0.6857, Sensitivity: 0.7826, Specificity: 0.5000, PPV: 0.7500, NPV: 0.5455, F1: 0.7660
Early stopping at epoch 31
Loaded best model with validation AUC: 0.7826
Final Train Results (Best Model) at epoch 21 - Loss: 0.2583, Accuracy: 0.9143, AUC: 0.9727
Final Val Results (Best Model) at epoch 21 - Loss: 0.7886, Accuracy: 0.6857, AUC: 0.7826
Train Best Threshold: 0.55 | Balanced Acc: 0.9246 | Acc: 0.9286 | Precision: 0.9565 | Recall: 0.9362 | Sensitivity: 0.9362 | Specificity: 0.9130 | PPV: 0.9565 | NPV: 0.8750 | F1: 0.9462
Train Confusion Matrix at Best Threshold (rows=actual [0,1], cols=predicted [0,1]):
[[42  4]
 [ 6 88]]
Val Best Threshold: 0.90 | Balanced Acc: 0.7029 | Acc: 0.7143 | Precision: 0.8095 | Recall: 0.7391 | Sensitivity: 0.7391 | Specificity: 0.6667 | PPV: 0.8095 | NPV: 0.5714 | F1: 0.7727
Val Confusion Matrix at Best Threshold (rows=actual [0,1], cols=predicted [0,1]):
[[ 8  4]
 [ 6 17]]
======================================================================

Training Results - A1 (Mean Pooling)
======================================================================
Model: A1 (Mean Pooling)
Backbone: efficientnetv2_b0
Val AUC: 0.7826
======================================================================
