Starting 5-fold cross-validation training for C1 (Mean Pooling)
Configuration:
  clinical_csv: data/annotations/175_clinical_5_variables.csv
  image_root: data/nakagami_full
  patient_id_column: NO
  label_column: CL_F2
  image_pattern: Nakagami_image_*.png
  n_folds: 5
  batch_size: 16
  learning_rate: 3e-05
  num_epochs: 60
  early_stopping_patience: 15
  early_stopping_min_delta: 0.001
  backbone: efficientnetv2_b2
  pretrained: True
  device: cuda
  num_workers: 4
  pooling: mean
  attention_hidden: 128
  clinical_dim: 256
  fusion_hidden: 128
  dropout: 0.5
  clinical_features: ['AST', 'ALT', 'PLT', 'APRI', 'FIB_4']
  seed: 42
  no_cv: False
  val_split: 0.2
  weight_decay: 0.0001
  label_smoothing: 0.1
  log_dir: runs/bmode_clinical
  scheduler: plateau
  scheduler_patience: 5
  scheduler_factor: 0.1
  scheduler_step_size: 10
  scheduler_gamma: 0.1
Loading clinical data...
Loaded 175 patients from clinical data
Building patient records...
Building patient records from 175 patients...
Image root: data/nakagami_full
Image pattern: Nakagami_image_*.png
Successfully created 175 patient records
Created 175 patient records

Fold 1 Training Cases (140): ['1', '100', '101', '102', '105', '106', '107', '108', '11', '111', '112', '113', '115', '118', '119', '122', '126', '132', '137', '142', '145', '146', '152', '153', '157', '158', '162', '164', '165', '166', '169', '173', '175', '177', '178', '18', '180', '181', '185', '186', '191', '197', '203', '204', '205', '206', '207', '210', '211', '215', '217', '218', '219', '220', '221', '223', '224', '226', '231', '232', '24', '241', '244', '245', '25', '250', '251', '255', '257', '259', '260', '262', '263', '268', '269', '27', '272', '273', '275', '278', '280', '281', '283', '284', '287', '289', '29', '298', '299', '301', '304', '306', '308', '31', '311', '312', '313', '319', '32', '320', '324', '329', '332', '38', '43', '45', '46', '48', '49', '5', '50', '51', '52', '57', '58', '6', '60', '62', '63', '64', '67', '68', '69', '7', '73', '77', '78', '81', '83', '85', '86', '88', '9', '90', '91', '92', '95', '96', '97', '98']
Fold 1 Validation Cases (35): ['104', '110', '114', '123', '129', '135', '144', '154', '163', '192', '253', '254', '258', '26', '264', '274', '276', '292', '300', '303', '307', '310', '331', '37', '4', '40', '53', '55', '65', '8', '80', '87', '89', '93', '99']
Fold 1 class distribution:
  Train: Class 0=47 (33.6%), Class 1=93 (66.4%)
  Val:   Class 0=11 (31.4%), Class 1=24 (68.6%)

======================================================================
Fold 1/5
======================================================================
Train: 140 patients
Val: 35 patients
Fitting clinical preprocessor on training data...
Built clinical feature dictionaries: train=140, val=35
Clinical input dimension: 5
Backbone feature dimension: 1408
Created mean pooling model with backbone efficientnetv2_b2
Using device: cuda
Class weights: [1.0, 0.5053763389587402]
Weight decay (L2 reg): 0.0001
Label smoothing: 0.1

Epoch 1/60 - Train Loss: 0.6973, Train Acc: 0.5714, Train AUC: 0.5525 - Val Loss: 0.6992, Val Acc (0.5): 0.6857, Val AUC: 0.7235
  Train Best Threshold 0.50 → Balanced Acc: 0.5301, Acc: 0.5714, Sensitivity: 0.6559, Specificity: 0.4043, PPV: 0.6854, NPV: 0.3725, F1: 0.6703
  Val Best Threshold 0.55 → Balanced Acc: 0.6042, Acc: 0.4571, Sensitivity: 0.2083, Specificity: 1.0000, PPV: 1.0000, NPV: 0.3667, F1: 0.3448
  → New best validation AUC: 0.7235
Epoch 2/60 - Train Loss: 0.6836, Train Acc: 0.6500, Train AUC: 0.6852 - Val Loss: 0.6964, Val Acc (0.5): 0.6571, Val AUC: 0.7424
  Train Best Threshold 0.50 → Balanced Acc: 0.6155, Acc: 0.6500, Sensitivity: 0.7204, Specificity: 0.5106, PPV: 0.7444, NPV: 0.4800, F1: 0.7322
  Val Best Threshold 0.55 → Balanced Acc: 0.5625, Acc: 0.4000, Sensitivity: 0.1250, Specificity: 1.0000, PPV: 1.0000, NPV: 0.3438, F1: 0.2222
  → New best validation AUC: 0.7424
Epoch 3/60 - Train Loss: 0.6793, Train Acc: 0.6929, Train AUC: 0.7152 - Val Loss: 0.6874, Val Acc (0.5): 0.6571, Val AUC: 0.7879
  Train Best Threshold 0.50 → Balanced Acc: 0.6951, Acc: 0.6929, Sensitivity: 0.6882, Specificity: 0.7021, PPV: 0.8205, NPV: 0.5323, F1: 0.7485
  Val Best Threshold 0.50 → Balanced Acc: 0.6269, Acc: 0.6571, Sensitivity: 0.7083, Specificity: 0.5455, PPV: 0.7727, NPV: 0.4615, F1: 0.7391
  → New best validation AUC: 0.7879
Epoch 4/60 - Train Loss: 0.6768, Train Acc: 0.6643, Train AUC: 0.7177 - Val Loss: 0.6860, Val Acc (0.5): 0.7429, Val AUC: 0.7803
  Train Best Threshold 0.50 → Balanced Acc: 0.6579, Acc: 0.6643, Sensitivity: 0.6774, Specificity: 0.6383, PPV: 0.7875, NPV: 0.5000, F1: 0.7283
  Val Best Threshold 0.50 → Balanced Acc: 0.7633, Acc: 0.7429, Sensitivity: 0.7083, Specificity: 0.8182, PPV: 0.8947, NPV: 0.5625, F1: 0.7907
Epoch 5/60 - Train Loss: 0.6698, Train Acc: 0.6643, Train AUC: 0.7259 - Val Loss: 0.6850, Val Acc (0.5): 0.6857, Val AUC: 0.7879
  Train Best Threshold 0.50 → Balanced Acc: 0.6631, Acc: 0.6643, Sensitivity: 0.6667, Specificity: 0.6596, PPV: 0.7949, NPV: 0.5000, F1: 0.7251
  Val Best Threshold 0.50 → Balanced Acc: 0.6970, Acc: 0.6857, Sensitivity: 0.6667, Specificity: 0.7273, PPV: 0.8421, NPV: 0.5000, F1: 0.7442
Epoch 6/60 - Train Loss: 0.6595, Train Acc: 0.6786, Train AUC: 0.7641 - Val Loss: 0.6838, Val Acc (0.5): 0.6857, Val AUC: 0.7879
  Train Best Threshold 0.50 → Balanced Acc: 0.6844, Acc: 0.6786, Sensitivity: 0.6667, Specificity: 0.7021, PPV: 0.8158, NPV: 0.5156, F1: 0.7337
  Val Best Threshold 0.50 → Balanced Acc: 0.6970, Acc: 0.6857, Sensitivity: 0.6667, Specificity: 0.7273, PPV: 0.8421, NPV: 0.5000, F1: 0.7442
Epoch 7/60 - Train Loss: 0.6506, Train Acc: 0.7429, Train AUC: 0.7998 - Val Loss: 0.6803, Val Acc (0.5): 0.6857, Val AUC: 0.7955
  Train Best Threshold 0.50 → Balanced Acc: 0.7486, Acc: 0.7429, Sensitivity: 0.7312, Specificity: 0.7660, PPV: 0.8608, NPV: 0.5902, F1: 0.7907
  Val Best Threshold 0.50 → Balanced Acc: 0.6970, Acc: 0.6857, Sensitivity: 0.6667, Specificity: 0.7273, PPV: 0.8421, NPV: 0.5000, F1: 0.7442
  → New best validation AUC: 0.7955
Epoch 8/60 - Train Loss: 0.6371, Train Acc: 0.7429, Train AUC: 0.8236 - Val Loss: 0.6784, Val Acc (0.5): 0.6857, Val AUC: 0.7955
  Train Best Threshold 0.50 → Balanced Acc: 0.7749, Acc: 0.7429, Sensitivity: 0.6774, Specificity: 0.8723, PPV: 0.9130, NPV: 0.5775, F1: 0.7778
  Val Best Threshold 0.50 → Balanced Acc: 0.6970, Acc: 0.6857, Sensitivity: 0.6667, Specificity: 0.7273, PPV: 0.8421, NPV: 0.5000, F1: 0.7442
Epoch 9/60 - Train Loss: 0.6216, Train Acc: 0.7286, Train AUC: 0.8604 - Val Loss: 0.6760, Val Acc (0.5): 0.6857, Val AUC: 0.8030
  Train Best Threshold 0.50 → Balanced Acc: 0.7589, Acc: 0.7286, Sensitivity: 0.6667, Specificity: 0.8511, PPV: 0.8986, NPV: 0.5634, F1: 0.7654
  Val Best Threshold 0.55 → Balanced Acc: 0.7216, Acc: 0.6857, Sensitivity: 0.6250, Specificity: 0.8182, PPV: 0.8824, NPV: 0.5000, F1: 0.7317
  → New best validation AUC: 0.8030
Epoch 10/60 - Train Loss: 0.6351, Train Acc: 0.6857, Train AUC: 0.7923 - Val Loss: 0.6778, Val Acc (0.5): 0.7143, Val AUC: 0.7992
  Train Best Threshold 0.50 → Balanced Acc: 0.7161, Acc: 0.6857, Sensitivity: 0.6237, Specificity: 0.8085, PPV: 0.8657, NPV: 0.5205, F1: 0.7250
  Val Best Threshold 0.55 → Balanced Acc: 0.7216, Acc: 0.6857, Sensitivity: 0.6250, Specificity: 0.8182, PPV: 0.8824, NPV: 0.5000, F1: 0.7317
Epoch 11/60 - Train Loss: 0.6337, Train Acc: 0.7214, Train AUC: 0.7923 - Val Loss: 0.6788, Val Acc (0.5): 0.7143, Val AUC: 0.7955
  Train Best Threshold 0.50 → Balanced Acc: 0.7430, Acc: 0.7214, Sensitivity: 0.6774, Specificity: 0.8085, PPV: 0.8750, NPV: 0.5588, F1: 0.7636
  Val Best Threshold 0.55 → Balanced Acc: 0.7216, Acc: 0.6857, Sensitivity: 0.6250, Specificity: 0.8182, PPV: 0.8824, NPV: 0.5000, F1: 0.7317
Epoch 12/60 - Train Loss: 0.6229, Train Acc: 0.7429, Train AUC: 0.8138 - Val Loss: 0.6797, Val Acc (0.5): 0.7143, Val AUC: 0.7955
  Train Best Threshold 0.50 → Balanced Acc: 0.7591, Acc: 0.7429, Sensitivity: 0.7097, Specificity: 0.8085, PPV: 0.8800, NPV: 0.5846, F1: 0.7857
  Val Best Threshold 0.55 → Balanced Acc: 0.7216, Acc: 0.6857, Sensitivity: 0.6250, Specificity: 0.8182, PPV: 0.8824, NPV: 0.5000, F1: 0.7317
Epoch 13/60 - Train Loss: 0.6120, Train Acc: 0.7357, Train AUC: 0.8337 - Val Loss: 0.6805, Val Acc (0.5): 0.6857, Val AUC: 0.7992
  Train Best Threshold 0.45 → Balanced Acc: 0.7650, Acc: 0.7857, Sensitivity: 0.8280, Specificity: 0.7021, PPV: 0.8462, NPV: 0.6735, F1: 0.8370
  Val Best Threshold 0.55 → Balanced Acc: 0.7216, Acc: 0.6857, Sensitivity: 0.6250, Specificity: 0.8182, PPV: 0.8824, NPV: 0.5000, F1: 0.7317
Epoch 14/60 - Train Loss: 0.6178, Train Acc: 0.7286, Train AUC: 0.8053 - Val Loss: 0.6778, Val Acc (0.5): 0.6857, Val AUC: 0.8106
  Train Best Threshold 0.50 → Balanced Acc: 0.7589, Acc: 0.7286, Sensitivity: 0.6667, Specificity: 0.8511, PPV: 0.8986, NPV: 0.5634, F1: 0.7654
  Val Best Threshold 0.55 → Balanced Acc: 0.7216, Acc: 0.6857, Sensitivity: 0.6250, Specificity: 0.8182, PPV: 0.8824, NPV: 0.5000, F1: 0.7317
  → New best validation AUC: 0.8106
Epoch 15/60 - Train Loss: 0.6247, Train Acc: 0.7071, Train AUC: 0.8110 - Val Loss: 0.6777, Val Acc (0.5): 0.6857, Val AUC: 0.8106
  Train Best Threshold 0.45 → Balanced Acc: 0.7433, Acc: 0.7429, Sensitivity: 0.7419, Specificity: 0.7447, PPV: 0.8519, NPV: 0.5932, F1: 0.7931
  Val Best Threshold 0.45 → Balanced Acc: 0.7348, Acc: 0.7714, Sensitivity: 0.8333, Specificity: 0.6364, PPV: 0.8333, NPV: 0.6364, F1: 0.8333
Epoch 16/60 - Train Loss: 0.6009, Train Acc: 0.7214, Train AUC: 0.8316 - Val Loss: 0.6797, Val Acc (0.5): 0.6857, Val AUC: 0.8144
  Train Best Threshold 0.45 → Balanced Acc: 0.7862, Acc: 0.7929, Sensitivity: 0.8065, Specificity: 0.7660, PPV: 0.8721, NPV: 0.6667, F1: 0.8380
  Val Best Threshold 0.55 → Balanced Acc: 0.7424, Acc: 0.7143, Sensitivity: 0.6667, Specificity: 0.8182, PPV: 0.8889, NPV: 0.5294, F1: 0.7619
  → New best validation AUC: 0.8144
Epoch 17/60 - Train Loss: 0.5871, Train Acc: 0.7429, Train AUC: 0.8385 - Val Loss: 0.6817, Val Acc (0.5): 0.6857, Val AUC: 0.8144
  Train Best Threshold 0.45 → Balanced Acc: 0.7753, Acc: 0.7714, Sensitivity: 0.7634, Specificity: 0.7872, PPV: 0.8765, NPV: 0.6271, F1: 0.8161
  Val Best Threshold 0.45 → Balanced Acc: 0.7348, Acc: 0.7714, Sensitivity: 0.8333, Specificity: 0.6364, PPV: 0.8333, NPV: 0.6364, F1: 0.8333
Epoch 18/60 - Train Loss: 0.5904, Train Acc: 0.7143, Train AUC: 0.8378 - Val Loss: 0.6790, Val Acc (0.5): 0.6857, Val AUC: 0.8144
  Train Best Threshold 0.40 → Balanced Acc: 0.7390, Acc: 0.8000, Sensitivity: 0.9247, Specificity: 0.5532, PPV: 0.8037, NPV: 0.7879, F1: 0.8600
  Val Best Threshold 0.60 → Balanced Acc: 0.7216, Acc: 0.6857, Sensitivity: 0.6250, Specificity: 0.8182, PPV: 0.8824, NPV: 0.5000, F1: 0.7317
Epoch 19/60 - Train Loss: 0.5884, Train Acc: 0.7286, Train AUC: 0.8431 - Val Loss: 0.6708, Val Acc (0.5): 0.6857, Val AUC: 0.8220
  Train Best Threshold 0.45 → Balanced Acc: 0.7593, Acc: 0.7571, Sensitivity: 0.7527, Specificity: 0.7660, PPV: 0.8642, NPV: 0.6102, F1: 0.8046
  Val Best Threshold 0.55 → Balanced Acc: 0.7216, Acc: 0.6857, Sensitivity: 0.6250, Specificity: 0.8182, PPV: 0.8824, NPV: 0.5000, F1: 0.7317
  → New best validation AUC: 0.8220
Epoch 20/60 - Train Loss: 0.5823, Train Acc: 0.7500, Train AUC: 0.8394 - Val Loss: 0.6732, Val Acc (0.5): 0.6857, Val AUC: 0.8220
  Train Best Threshold 0.45 → Balanced Acc: 0.8021, Acc: 0.8000, Sensitivity: 0.7957, Specificity: 0.8085, PPV: 0.8916, NPV: 0.6667, F1: 0.8409
  Val Best Threshold 0.65 → Balanced Acc: 0.7254, Acc: 0.6571, Sensitivity: 0.5417, Specificity: 0.9091, PPV: 0.9286, NPV: 0.4762, F1: 0.6842
Epoch 21/60 - Train Loss: 0.5715, Train Acc: 0.7643, Train AUC: 0.8421 - Val Loss: 0.6809, Val Acc (0.5): 0.6857, Val AUC: 0.8182
  Train Best Threshold 0.50 → Balanced Acc: 0.7910, Acc: 0.7643, Sensitivity: 0.7097, Specificity: 0.8723, PPV: 0.9167, NPV: 0.6029, F1: 0.8000
  Val Best Threshold 0.65 → Balanced Acc: 0.7254, Acc: 0.6571, Sensitivity: 0.5417, Specificity: 0.9091, PPV: 0.9286, NPV: 0.4762, F1: 0.6842
Epoch 22/60 - Train Loss: 0.5854, Train Acc: 0.7357, Train AUC: 0.8275 - Val Loss: 0.6820, Val Acc (0.5): 0.6857, Val AUC: 0.8106
  Train Best Threshold 0.45 → Balanced Acc: 0.7755, Acc: 0.7786, Sensitivity: 0.7849, Specificity: 0.7660, PPV: 0.8690, NPV: 0.6429, F1: 0.8249
  Val Best Threshold 0.65 → Balanced Acc: 0.7254, Acc: 0.6571, Sensitivity: 0.5417, Specificity: 0.9091, PPV: 0.9286, NPV: 0.4762, F1: 0.6842
Epoch 23/60 - Train Loss: 0.5680, Train Acc: 0.7500, Train AUC: 0.8424 - Val Loss: 0.6765, Val Acc (0.5): 0.6857, Val AUC: 0.8106
  Train Best Threshold 0.50 → Balanced Acc: 0.7803, Acc: 0.7500, Sensitivity: 0.6882, Specificity: 0.8723, PPV: 0.9143, NPV: 0.5857, F1: 0.7853
  Val Best Threshold 0.40 → Balanced Acc: 0.7102, Acc: 0.7714, Sensitivity: 0.8750, Specificity: 0.5455, PPV: 0.8077, NPV: 0.6667, F1: 0.8400
Epoch 24/60 - Train Loss: 0.5680, Train Acc: 0.7286, Train AUC: 0.8421 - Val Loss: 0.6786, Val Acc (0.5): 0.6857, Val AUC: 0.8144
  Train Best Threshold 0.40 → Balanced Acc: 0.7972, Acc: 0.8214, Sensitivity: 0.8710, Specificity: 0.7234, PPV: 0.8617, NPV: 0.7391, F1: 0.8663
  Val Best Threshold 0.70 → Balanced Acc: 0.7292, Acc: 0.6286, Sensitivity: 0.4583, Specificity: 1.0000, PPV: 1.0000, NPV: 0.4583, F1: 0.6286
Epoch 25/60 - Train Loss: 0.5511, Train Acc: 0.7571, Train AUC: 0.8668 - Val Loss: 0.6782, Val Acc (0.5): 0.6571, Val AUC: 0.8106
  Train Best Threshold 0.55 → Balanced Acc: 0.8015, Acc: 0.7643, Sensitivity: 0.6882, Specificity: 0.9149, PPV: 0.9412, NPV: 0.5972, F1: 0.7950
  Val Best Threshold 0.70 → Balanced Acc: 0.7500, Acc: 0.6571, Sensitivity: 0.5000, Specificity: 1.0000, PPV: 1.0000, NPV: 0.4783, F1: 0.6667
  LR updated from 3.00e-05 to 3.00e-06
Epoch 26/60 - Train Loss: 0.5531, Train Acc: 0.7571, Train AUC: 0.8586 - Val Loss: 0.6780, Val Acc (0.5): 0.6571, Val AUC: 0.8106
  Train Best Threshold 0.45 → Balanced Acc: 0.8020, Acc: 0.7929, Sensitivity: 0.7742, Specificity: 0.8298, PPV: 0.9000, NPV: 0.6500, F1: 0.8324
  Val Best Threshold 0.70 → Balanced Acc: 0.7500, Acc: 0.6571, Sensitivity: 0.5000, Specificity: 1.0000, PPV: 1.0000, NPV: 0.4783, F1: 0.6667
Epoch 27/60 - Train Loss: 0.5577, Train Acc: 0.7500, Train AUC: 0.8458 - Val Loss: 0.6804, Val Acc (0.5): 0.6571, Val AUC: 0.8144
  Train Best Threshold 0.40 → Balanced Acc: 0.8026, Acc: 0.8286, Sensitivity: 0.8817, Specificity: 0.7234, PPV: 0.8632, NPV: 0.7556, F1: 0.8723
  Val Best Threshold 0.70 → Balanced Acc: 0.7500, Acc: 0.6571, Sensitivity: 0.5000, Specificity: 1.0000, PPV: 1.0000, NPV: 0.4783, F1: 0.6667
Epoch 28/60 - Train Loss: 0.5449, Train Acc: 0.7571, Train AUC: 0.8760 - Val Loss: 0.6841, Val Acc (0.5): 0.6571, Val AUC: 0.8106
  Train Best Threshold 0.45 → Balanced Acc: 0.8182, Acc: 0.8214, Sensitivity: 0.8280, Specificity: 0.8085, PPV: 0.8953, NPV: 0.7037, F1: 0.8603
  Val Best Threshold 0.70 → Balanced Acc: 0.7500, Acc: 0.6571, Sensitivity: 0.5000, Specificity: 1.0000, PPV: 1.0000, NPV: 0.4783, F1: 0.6667
Epoch 29/60 - Train Loss: 0.5560, Train Acc: 0.7500, Train AUC: 0.8543 - Val Loss: 0.6810, Val Acc (0.5): 0.6571, Val AUC: 0.8106
  Train Best Threshold 0.50 → Balanced Acc: 0.7697, Acc: 0.7500, Sensitivity: 0.7097, Specificity: 0.8298, PPV: 0.8919, NPV: 0.5909, F1: 0.7904
  Val Best Threshold 0.70 → Balanced Acc: 0.7500, Acc: 0.6571, Sensitivity: 0.5000, Specificity: 1.0000, PPV: 1.0000, NPV: 0.4783, F1: 0.6667
Epoch 30/60 - Train Loss: 0.5425, Train Acc: 0.7643, Train AUC: 0.8675 - Val Loss: 0.6846, Val Acc (0.5): 0.6571, Val AUC: 0.8106
  Train Best Threshold 0.40 → Balanced Acc: 0.8077, Acc: 0.8214, Sensitivity: 0.8495, Specificity: 0.7660, PPV: 0.8778, NPV: 0.7200, F1: 0.8634
  Val Best Threshold 0.70 → Balanced Acc: 0.7500, Acc: 0.6571, Sensitivity: 0.5000, Specificity: 1.0000, PPV: 1.0000, NPV: 0.4783, F1: 0.6667
Epoch 31/60 - Train Loss: 0.5504, Train Acc: 0.7786, Train AUC: 0.8678 - Val Loss: 0.6874, Val Acc (0.5): 0.6571, Val AUC: 0.8068
  Train Best Threshold 0.45 → Balanced Acc: 0.8127, Acc: 0.8071, Sensitivity: 0.7957, Specificity: 0.8298, PPV: 0.9024, NPV: 0.6724, F1: 0.8457
  Val Best Threshold 0.65 → Balanced Acc: 0.7254, Acc: 0.6571, Sensitivity: 0.5417, Specificity: 0.9091, PPV: 0.9286, NPV: 0.4762, F1: 0.6842
  LR updated from 3.00e-06 to 3.00e-07
Epoch 32/60 - Train Loss: 0.5702, Train Acc: 0.7786, Train AUC: 0.8360 - Val Loss: 0.6887, Val Acc (0.5): 0.6571, Val AUC: 0.8144
  Train Best Threshold 0.45 → Balanced Acc: 0.8236, Acc: 0.8286, Sensitivity: 0.8387, Specificity: 0.8085, PPV: 0.8966, NPV: 0.7170, F1: 0.8667
  Val Best Threshold 0.65 → Balanced Acc: 0.7254, Acc: 0.6571, Sensitivity: 0.5417, Specificity: 0.9091, PPV: 0.9286, NPV: 0.4762, F1: 0.6842
Early stopping at epoch 32
Loaded best model with validation AUC: 0.8220
Final Train Results (Best Model) at epoch 19 - Loss: 0.5744, Accuracy: 0.7214, AUC: 0.8643
Final Val Results (Best Model) at epoch 19 - Loss: 0.6708, Accuracy: 0.6857, AUC: 0.8220
Train Best Threshold: 0.40 | Balanced Acc: 0.7865 | Acc: 0.8143 | Sensitivity: 0.8710 | Specificity: 0.7021 | PPV: 0.8526 | NPV: 0.7333 | F1: 0.8617
Train Confusion Matrix at Best Threshold (rows=actual [0,1], cols=predicted [0,1]):
[[33 14]
 [12 81]]
Val Best Threshold: 0.55 | Balanced Acc: 0.7216 | Acc: 0.6857 | Sensitivity: 0.6250 | Specificity: 0.8182 | PPV: 0.8824 | NPV: 0.5000 | F1: 0.7317
Val Confusion Matrix at Best Threshold (rows=actual [0,1], cols=predicted [0,1]):
[[ 9  2]
 [ 9 15]]

Fold 2 Training Cases (140): ['100', '102', '104', '106', '107', '11', '110', '111', '112', '114', '115', '118', '122', '123', '129', '132', '135', '137', '142', '144', '146', '153', '154', '157', '158', '162', '163', '164', '165', '166', '173', '177', '178', '18', '180', '185', '191', '192', '197', '204', '205', '207', '210', '211', '215', '217', '218', '219', '220', '221', '224', '226', '231', '232', '24', '241', '244', '251', '253', '254', '257', '258', '259', '26', '260', '262', '264', '268', '269', '272', '273', '274', '275', '276', '278', '280', '281', '283', '287', '289', '292', '298', '299', '300', '301', '303', '304', '306', '307', '308', '31', '310', '311', '312', '313', '319', '32', '320', '324', '329', '331', '332', '37', '38', '4', '40', '43', '45', '46', '48', '49', '5', '50', '51', '52', '53', '55', '58', '6', '63', '64', '65', '67', '68', '69', '77', '8', '80', '83', '85', '87', '88', '89', '9', '90', '92', '93', '95', '96', '99']
Fold 2 Validation Cases (35): ['1', '101', '105', '108', '113', '119', '126', '145', '152', '169', '175', '181', '186', '203', '206', '223', '245', '25', '250', '255', '263', '27', '284', '29', '57', '60', '62', '7', '73', '78', '81', '86', '91', '97', '98']
Fold 2 class distribution:
  Train: Class 0=47 (33.6%), Class 1=93 (66.4%)
  Val:   Class 0=11 (31.4%), Class 1=24 (68.6%)

======================================================================
Fold 2/5
======================================================================
Train: 140 patients
Val: 35 patients
Fitting clinical preprocessor on training data...
Built clinical feature dictionaries: train=140, val=35
Clinical input dimension: 5
Backbone feature dimension: 1408
Created mean pooling model with backbone efficientnetv2_b2
Using device: cuda
Class weights: [1.0, 0.5053763389587402]
Weight decay (L2 reg): 0.0001
Label smoothing: 0.1

Epoch 1/60 - Train Loss: 0.6924, Train Acc: 0.6286, Train AUC: 0.6374 - Val Loss: 0.6974, Val Acc (0.5): 0.6000, Val AUC: 0.7386
  Train Best Threshold 0.50 → Balanced Acc: 0.6257, Acc: 0.6286, Sensitivity: 0.6344, Specificity: 0.6170, PPV: 0.7662, NPV: 0.4603, F1: 0.6941
  Val Best Threshold 0.55 → Balanced Acc: 0.5833, Acc: 0.4286, Sensitivity: 0.1667, Specificity: 1.0000, PPV: 1.0000, NPV: 0.3548, F1: 0.2857
  → New best validation AUC: 0.7386
Epoch 2/60 - Train Loss: 0.6893, Train Acc: 0.6143, Train AUC: 0.6342 - Val Loss: 0.6895, Val Acc (0.5): 0.7143, Val AUC: 0.7197
  Train Best Threshold 0.50 → Balanced Acc: 0.5887, Acc: 0.6143, Sensitivity: 0.6667, Specificity: 0.5106, PPV: 0.7294, NPV: 0.4364, F1: 0.6966
  Val Best Threshold 0.50 → Balanced Acc: 0.7178, Acc: 0.7143, Sensitivity: 0.7083, Specificity: 0.7273, PPV: 0.8500, NPV: 0.5333, F1: 0.7727
Epoch 3/60 - Train Loss: 0.6790, Train Acc: 0.6500, Train AUC: 0.7236 - Val Loss: 0.6809, Val Acc (0.5): 0.6571, Val AUC: 0.6856
  Train Best Threshold 0.50 → Balanced Acc: 0.6471, Acc: 0.6500, Sensitivity: 0.6559, Specificity: 0.6383, PPV: 0.7821, NPV: 0.4839, F1: 0.7135
  Val Best Threshold 0.50 → Balanced Acc: 0.7008, Acc: 0.6571, Sensitivity: 0.5833, Specificity: 0.8182, PPV: 0.8750, NPV: 0.4737, F1: 0.7000
Epoch 4/60 - Train Loss: 0.6770, Train Acc: 0.6357, Train AUC: 0.7252 - Val Loss: 0.6753, Val Acc (0.5): 0.6857, Val AUC: 0.7197
  Train Best Threshold 0.55 → Balanced Acc: 0.6345, Acc: 0.5214, Sensitivity: 0.2903, Specificity: 0.9787, PPV: 0.9643, NPV: 0.4107, F1: 0.4463
  Val Best Threshold 0.50 → Balanced Acc: 0.7216, Acc: 0.6857, Sensitivity: 0.6250, Specificity: 0.8182, PPV: 0.8824, NPV: 0.5000, F1: 0.7317
Epoch 5/60 - Train Loss: 0.6705, Train Acc: 0.6714, Train AUC: 0.7380 - Val Loss: 0.6700, Val Acc (0.5): 0.6857, Val AUC: 0.7652
  Train Best Threshold 0.50 → Balanced Acc: 0.6738, Acc: 0.6714, Sensitivity: 0.6667, Specificity: 0.6809, PPV: 0.8052, NPV: 0.5079, F1: 0.7294
  Val Best Threshold 0.50 → Balanced Acc: 0.7216, Acc: 0.6857, Sensitivity: 0.6250, Specificity: 0.8182, PPV: 0.8824, NPV: 0.5000, F1: 0.7317
  → New best validation AUC: 0.7652
Epoch 6/60 - Train Loss: 0.6591, Train Acc: 0.7286, Train AUC: 0.7742 - Val Loss: 0.6685, Val Acc (0.5): 0.6857, Val AUC: 0.7652
  Train Best Threshold 0.50 → Balanced Acc: 0.7273, Acc: 0.7286, Sensitivity: 0.7312, Specificity: 0.7234, PPV: 0.8395, NPV: 0.5763, F1: 0.7816
  Val Best Threshold 0.55 → Balanced Acc: 0.7254, Acc: 0.6571, Sensitivity: 0.5417, Specificity: 0.9091, PPV: 0.9286, NPV: 0.4762, F1: 0.6842
Epoch 7/60 - Train Loss: 0.6632, Train Acc: 0.6857, Train AUC: 0.7344 - Val Loss: 0.6620, Val Acc (0.5): 0.6857, Val AUC: 0.7652
  Train Best Threshold 0.50 → Balanced Acc: 0.6950, Acc: 0.6857, Sensitivity: 0.6667, Specificity: 0.7234, PPV: 0.8267, NPV: 0.5231, F1: 0.7381
  Val Best Threshold 0.55 → Balanced Acc: 0.7254, Acc: 0.6571, Sensitivity: 0.5417, Specificity: 0.9091, PPV: 0.9286, NPV: 0.4762, F1: 0.6842
Epoch 8/60 - Train Loss: 0.6432, Train Acc: 0.7071, Train AUC: 0.7991 - Val Loss: 0.6572, Val Acc (0.5): 0.6857, Val AUC: 0.7689
  Train Best Threshold 0.50 → Balanced Acc: 0.7322, Acc: 0.7071, Sensitivity: 0.6559, Specificity: 0.8085, PPV: 0.8714, NPV: 0.5429, F1: 0.7485
  Val Best Threshold 0.50 → Balanced Acc: 0.7216, Acc: 0.6857, Sensitivity: 0.6250, Specificity: 0.8182, PPV: 0.8824, NPV: 0.5000, F1: 0.7317
  → New best validation AUC: 0.7689
Epoch 9/60 - Train Loss: 0.6361, Train Acc: 0.7500, Train AUC: 0.8023 - Val Loss: 0.6530, Val Acc (0.5): 0.6857, Val AUC: 0.7765
  Train Best Threshold 0.50 → Balanced Acc: 0.7697, Acc: 0.7500, Sensitivity: 0.7097, Specificity: 0.8298, PPV: 0.8919, NPV: 0.5909, F1: 0.7904
  Val Best Threshold 0.50 → Balanced Acc: 0.7216, Acc: 0.6857, Sensitivity: 0.6250, Specificity: 0.8182, PPV: 0.8824, NPV: 0.5000, F1: 0.7317
  → New best validation AUC: 0.7765
Epoch 10/60 - Train Loss: 0.6330, Train Acc: 0.7357, Train AUC: 0.8051 - Val Loss: 0.6523, Val Acc (0.5): 0.6857, Val AUC: 0.7803
  Train Best Threshold 0.50 → Balanced Acc: 0.7590, Acc: 0.7357, Sensitivity: 0.6882, Specificity: 0.8298, PPV: 0.8889, NPV: 0.5735, F1: 0.7758
  Val Best Threshold 0.50 → Balanced Acc: 0.7216, Acc: 0.6857, Sensitivity: 0.6250, Specificity: 0.8182, PPV: 0.8824, NPV: 0.5000, F1: 0.7317
  → New best validation AUC: 0.7803
Epoch 11/60 - Train Loss: 0.6223, Train Acc: 0.7500, Train AUC: 0.8275 - Val Loss: 0.6491, Val Acc (0.5): 0.7143, Val AUC: 0.7917
  Train Best Threshold 0.50 → Balanced Acc: 0.7697, Acc: 0.7500, Sensitivity: 0.7097, Specificity: 0.8298, PPV: 0.8919, NPV: 0.5909, F1: 0.7904
  Val Best Threshold 0.50 → Balanced Acc: 0.7424, Acc: 0.7143, Sensitivity: 0.6667, Specificity: 0.8182, PPV: 0.8889, NPV: 0.5294, F1: 0.7619
  → New best validation AUC: 0.7917
Epoch 12/60 - Train Loss: 0.6301, Train Acc: 0.7286, Train AUC: 0.7925 - Val Loss: 0.6481, Val Acc (0.5): 0.7143, Val AUC: 0.7765
  Train Best Threshold 0.50 → Balanced Acc: 0.7378, Acc: 0.7286, Sensitivity: 0.7097, Specificity: 0.7660, PPV: 0.8571, NPV: 0.5714, F1: 0.7765
  Val Best Threshold 0.50 → Balanced Acc: 0.7424, Acc: 0.7143, Sensitivity: 0.6667, Specificity: 0.8182, PPV: 0.8889, NPV: 0.5294, F1: 0.7619
Epoch 13/60 - Train Loss: 0.6188, Train Acc: 0.7214, Train AUC: 0.8087 - Val Loss: 0.6482, Val Acc (0.5): 0.7143, Val AUC: 0.7652
  Train Best Threshold 0.45 → Balanced Acc: 0.7330, Acc: 0.7571, Sensitivity: 0.8065, Specificity: 0.6596, PPV: 0.8242, NPV: 0.6327, F1: 0.8152
  Val Best Threshold 0.50 → Balanced Acc: 0.7424, Acc: 0.7143, Sensitivity: 0.6667, Specificity: 0.8182, PPV: 0.8889, NPV: 0.5294, F1: 0.7619
Epoch 14/60 - Train Loss: 0.6169, Train Acc: 0.7143, Train AUC: 0.8229 - Val Loss: 0.6464, Val Acc (0.5): 0.7143, Val AUC: 0.7614
  Train Best Threshold 0.45 → Balanced Acc: 0.7704, Acc: 0.7929, Sensitivity: 0.8387, Specificity: 0.7021, PPV: 0.8478, NPV: 0.6875, F1: 0.8432
  Val Best Threshold 0.50 → Balanced Acc: 0.7424, Acc: 0.7143, Sensitivity: 0.6667, Specificity: 0.8182, PPV: 0.8889, NPV: 0.5294, F1: 0.7619
Epoch 15/60 - Train Loss: 0.6077, Train Acc: 0.7429, Train AUC: 0.8115 - Val Loss: 0.6450, Val Acc (0.5): 0.7143, Val AUC: 0.7689
  Train Best Threshold 0.50 → Balanced Acc: 0.7591, Acc: 0.7429, Sensitivity: 0.7097, Specificity: 0.8085, PPV: 0.8800, NPV: 0.5846, F1: 0.7857
  Val Best Threshold 0.50 → Balanced Acc: 0.7424, Acc: 0.7143, Sensitivity: 0.6667, Specificity: 0.8182, PPV: 0.8889, NPV: 0.5294, F1: 0.7619
Epoch 16/60 - Train Loss: 0.5977, Train Acc: 0.7286, Train AUC: 0.8501 - Val Loss: 0.6458, Val Acc (0.5): 0.7143, Val AUC: 0.7576
  Train Best Threshold 0.45 → Balanced Acc: 0.7915, Acc: 0.7929, Sensitivity: 0.7957, Specificity: 0.7872, PPV: 0.8810, NPV: 0.6607, F1: 0.8362
  Val Best Threshold 0.50 → Balanced Acc: 0.7424, Acc: 0.7143, Sensitivity: 0.6667, Specificity: 0.8182, PPV: 0.8889, NPV: 0.5294, F1: 0.7619
Epoch 17/60 - Train Loss: 0.5852, Train Acc: 0.7429, Train AUC: 0.8357 - Val Loss: 0.6491, Val Acc (0.5): 0.7143, Val AUC: 0.7500
  Train Best Threshold 0.45 → Balanced Acc: 0.7702, Acc: 0.7786, Sensitivity: 0.7957, Specificity: 0.7447, PPV: 0.8605, NPV: 0.6481, F1: 0.8268
  Val Best Threshold 0.60 → Balanced Acc: 0.7462, Acc: 0.6857, Sensitivity: 0.5833, Specificity: 0.9091, PPV: 0.9333, NPV: 0.5000, F1: 0.7179
  LR updated from 3.00e-05 to 3.00e-06
Epoch 18/60 - Train Loss: 0.5882, Train Acc: 0.7071, Train AUC: 0.8248 - Val Loss: 0.6490, Val Acc (0.5): 0.7143, Val AUC: 0.7500
  Train Best Threshold 0.55 → Balanced Acc: 0.7639, Acc: 0.7143, Sensitivity: 0.6129, Specificity: 0.9149, PPV: 0.9344, NPV: 0.5443, F1: 0.7403
  Val Best Threshold 0.60 → Balanced Acc: 0.7462, Acc: 0.6857, Sensitivity: 0.5833, Specificity: 0.9091, PPV: 0.9333, NPV: 0.5000, F1: 0.7179
Epoch 19/60 - Train Loss: 0.5849, Train Acc: 0.7143, Train AUC: 0.8467 - Val Loss: 0.6486, Val Acc (0.5): 0.7143, Val AUC: 0.7538
  Train Best Threshold 0.40 → Balanced Acc: 0.7813, Acc: 0.8143, Sensitivity: 0.8817, Specificity: 0.6809, PPV: 0.8454, NPV: 0.7442, F1: 0.8632
  Val Best Threshold 0.60 → Balanced Acc: 0.7462, Acc: 0.6857, Sensitivity: 0.5833, Specificity: 0.9091, PPV: 0.9333, NPV: 0.5000, F1: 0.7179
Epoch 20/60 - Train Loss: 0.5884, Train Acc: 0.7214, Train AUC: 0.8371 - Val Loss: 0.6511, Val Acc (0.5): 0.7143, Val AUC: 0.7500
  Train Best Threshold 0.45 → Balanced Acc: 0.7807, Acc: 0.7786, Sensitivity: 0.7742, Specificity: 0.7872, PPV: 0.8780, NPV: 0.6379, F1: 0.8229
  Val Best Threshold 0.60 → Balanced Acc: 0.7462, Acc: 0.6857, Sensitivity: 0.5833, Specificity: 0.9091, PPV: 0.9333, NPV: 0.5000, F1: 0.7179
Epoch 21/60 - Train Loss: 0.5863, Train Acc: 0.7000, Train AUC: 0.8460 - Val Loss: 0.6524, Val Acc (0.5): 0.7143, Val AUC: 0.7500
  Train Best Threshold 0.45 → Balanced Acc: 0.7968, Acc: 0.8000, Sensitivity: 0.8065, Specificity: 0.7872, PPV: 0.8824, NPV: 0.6727, F1: 0.8427
  Val Best Threshold 0.60 → Balanced Acc: 0.7462, Acc: 0.6857, Sensitivity: 0.5833, Specificity: 0.9091, PPV: 0.9333, NPV: 0.5000, F1: 0.7179
Epoch 22/60 - Train Loss: 0.5927, Train Acc: 0.7071, Train AUC: 0.8254 - Val Loss: 0.6532, Val Acc (0.5): 0.7143, Val AUC: 0.7500
  Train Best Threshold 0.40 → Balanced Acc: 0.7865, Acc: 0.8143, Sensitivity: 0.8710, Specificity: 0.7021, PPV: 0.8526, NPV: 0.7333, F1: 0.8617
  Val Best Threshold 0.60 → Balanced Acc: 0.7462, Acc: 0.6857, Sensitivity: 0.5833, Specificity: 0.9091, PPV: 0.9333, NPV: 0.5000, F1: 0.7179
Epoch 23/60 - Train Loss: 0.6024, Train Acc: 0.6929, Train AUC: 0.8142 - Val Loss: 0.6529, Val Acc (0.5): 0.7143, Val AUC: 0.7500
  Train Best Threshold 0.55 → Balanced Acc: 0.7211, Acc: 0.6714, Sensitivity: 0.5699, Specificity: 0.8723, PPV: 0.8983, NPV: 0.5062, F1: 0.6974
  Val Best Threshold 0.50 → Balanced Acc: 0.7424, Acc: 0.7143, Sensitivity: 0.6667, Specificity: 0.8182, PPV: 0.8889, NPV: 0.5294, F1: 0.7619
  LR updated from 3.00e-06 to 3.00e-07
Epoch 24/60 - Train Loss: 0.5842, Train Acc: 0.7643, Train AUC: 0.8417 - Val Loss: 0.6532, Val Acc (0.5): 0.7143, Val AUC: 0.7500
  Train Best Threshold 0.50 → Balanced Acc: 0.7857, Acc: 0.7643, Sensitivity: 0.7204, Specificity: 0.8511, PPV: 0.9054, NPV: 0.6061, F1: 0.8024
  Val Best Threshold 0.50 → Balanced Acc: 0.7424, Acc: 0.7143, Sensitivity: 0.6667, Specificity: 0.8182, PPV: 0.8889, NPV: 0.5294, F1: 0.7619
Early stopping at epoch 24
Loaded best model with validation AUC: 0.7917
Final Train Results (Best Model) at epoch 11 - Loss: 0.6253, Accuracy: 0.7429, AUC: 0.8154
Final Val Results (Best Model) at epoch 11 - Loss: 0.6491, Accuracy: 0.7143, AUC: 0.7917
Train Best Threshold: 0.50 | Balanced Acc: 0.7696 | Acc: 0.7429 | Sensitivity: 0.6882 | Specificity: 0.8511 | PPV: 0.9014 | NPV: 0.5797 | F1: 0.7805
Train Confusion Matrix at Best Threshold (rows=actual [0,1], cols=predicted [0,1]):
[[40  7]
 [29 64]]
Val Best Threshold: 0.50 | Balanced Acc: 0.7424 | Acc: 0.7143 | Sensitivity: 0.6667 | Specificity: 0.8182 | PPV: 0.8889 | NPV: 0.5294 | F1: 0.7619
Val Confusion Matrix at Best Threshold (rows=actual [0,1], cols=predicted [0,1]):
[[ 9  2]
 [ 8 16]]

Fold 3 Training Cases (140): ['1', '101', '104', '105', '107', '108', '11', '110', '111', '112', '113', '114', '115', '119', '122', '123', '126', '129', '132', '135', '144', '145', '146', '152', '153', '154', '157', '158', '162', '163', '166', '169', '175', '177', '18', '180', '181', '185', '186', '191', '192', '203', '206', '207', '210', '211', '215', '217', '218', '220', '223', '224', '231', '232', '24', '244', '245', '25', '250', '251', '253', '254', '255', '257', '258', '259', '26', '263', '264', '268', '269', '27', '272', '274', '276', '278', '280', '283', '284', '287', '289', '29', '292', '298', '299', '300', '301', '303', '306', '307', '308', '31', '310', '312', '313', '319', '32', '320', '329', '331', '37', '38', '4', '40', '43', '46', '48', '49', '5', '51', '52', '53', '55', '57', '60', '62', '65', '67', '69', '7', '73', '77', '78', '8', '80', '81', '83', '86', '87', '88', '89', '9', '90', '91', '92', '93', '95', '97', '98', '99']
Fold 3 Validation Cases (35): ['100', '102', '106', '118', '137', '142', '164', '165', '173', '178', '197', '204', '205', '219', '221', '226', '241', '260', '262', '273', '275', '281', '304', '311', '324', '332', '45', '50', '58', '6', '63', '64', '68', '85', '96']
Fold 3 class distribution:
  Train: Class 0=46 (32.9%), Class 1=94 (67.1%)
  Val:   Class 0=12 (34.3%), Class 1=23 (65.7%)

======================================================================
Fold 3/5
======================================================================
Train: 140 patients
Val: 35 patients
Fitting clinical preprocessor on training data...
Built clinical feature dictionaries: train=140, val=35
Clinical input dimension: 5
Backbone feature dimension: 1408
Created mean pooling model with backbone efficientnetv2_b2
Using device: cuda
Class weights: [1.0, 0.4893617033958435]
Weight decay (L2 reg): 0.0001
Label smoothing: 0.1

Epoch 1/60 - Train Loss: 0.6899, Train Acc: 0.5929, Train AUC: 0.6651 - Val Loss: 0.7028, Val Acc (0.5): 0.7143, Val AUC: 0.7065
  Train Best Threshold 0.50 → Balanced Acc: 0.6080, Acc: 0.5929, Sensitivity: 0.5638, Specificity: 0.6522, PPV: 0.7681, NPV: 0.4225, F1: 0.6503
  Val Best Threshold 0.50 → Balanced Acc: 0.6033, Acc: 0.7143, Sensitivity: 0.9565, Specificity: 0.2500, PPV: 0.7097, NPV: 0.7500, F1: 0.8148
  → New best validation AUC: 0.7065
Epoch 2/60 - Train Loss: 0.6835, Train Acc: 0.6071, Train AUC: 0.6802 - Val Loss: 0.6826, Val Acc (0.5): 0.7143, Val AUC: 0.7935
  Train Best Threshold 0.50 → Balanced Acc: 0.6020, Acc: 0.6071, Sensitivity: 0.6170, Specificity: 0.5870, PPV: 0.7532, NPV: 0.4286, F1: 0.6784
  Val Best Threshold 0.50 → Balanced Acc: 0.7228, Acc: 0.7143, Sensitivity: 0.6957, Specificity: 0.7500, PPV: 0.8421, NPV: 0.5625, F1: 0.7619
  → New best validation AUC: 0.7935
Epoch 3/60 - Train Loss: 0.6823, Train Acc: 0.6714, Train AUC: 0.6998 - Val Loss: 0.6718, Val Acc (0.5): 0.6857, Val AUC: 0.8442
  Train Best Threshold 0.50 → Balanced Acc: 0.6776, Acc: 0.6714, Sensitivity: 0.6596, Specificity: 0.6957, PPV: 0.8158, NPV: 0.5000, F1: 0.7294
  Val Best Threshold 0.50 → Balanced Acc: 0.7210, Acc: 0.6857, Sensitivity: 0.6087, Specificity: 0.8333, PPV: 0.8750, NPV: 0.5263, F1: 0.7179
  → New best validation AUC: 0.8442
Epoch 4/60 - Train Loss: 0.6718, Train Acc: 0.6857, Train AUC: 0.7454 - Val Loss: 0.6665, Val Acc (0.5): 0.6857, Val AUC: 0.8551
  Train Best Threshold 0.50 → Balanced Acc: 0.6827, Acc: 0.6857, Sensitivity: 0.6915, Specificity: 0.6739, PPV: 0.8125, NPV: 0.5167, F1: 0.7471
  Val Best Threshold 0.50 → Balanced Acc: 0.7210, Acc: 0.6857, Sensitivity: 0.6087, Specificity: 0.8333, PPV: 0.8750, NPV: 0.5263, F1: 0.7179
  → New best validation AUC: 0.8551
Epoch 5/60 - Train Loss: 0.6720, Train Acc: 0.6643, Train AUC: 0.7234 - Val Loss: 0.6606, Val Acc (0.5): 0.6857, Val AUC: 0.8478
  Train Best Threshold 0.50 → Balanced Acc: 0.6834, Acc: 0.6643, Sensitivity: 0.6277, Specificity: 0.7391, PPV: 0.8310, NPV: 0.4928, F1: 0.7152
  Val Best Threshold 0.50 → Balanced Acc: 0.7409, Acc: 0.6857, Sensitivity: 0.5652, Specificity: 0.9167, PPV: 0.9286, NPV: 0.5238, F1: 0.7027
Epoch 6/60 - Train Loss: 0.6654, Train Acc: 0.6571, Train AUC: 0.7468 - Val Loss: 0.6594, Val Acc (0.5): 0.6571, Val AUC: 0.8297
  Train Best Threshold 0.50 → Balanced Acc: 0.6892, Acc: 0.6571, Sensitivity: 0.5957, Specificity: 0.7826, PPV: 0.8485, NPV: 0.4865, F1: 0.7000
  Val Best Threshold 0.50 → Balanced Acc: 0.6993, Acc: 0.6571, Sensitivity: 0.5652, Specificity: 0.8333, PPV: 0.8667, NPV: 0.5000, F1: 0.6842
Epoch 7/60 - Train Loss: 0.6510, Train Acc: 0.7143, Train AUC: 0.7912 - Val Loss: 0.6546, Val Acc (0.5): 0.6857, Val AUC: 0.8406
  Train Best Threshold 0.50 → Balanced Acc: 0.7484, Acc: 0.7143, Sensitivity: 0.6489, Specificity: 0.8478, PPV: 0.8971, NPV: 0.5417, F1: 0.7531
  Val Best Threshold 0.50 → Balanced Acc: 0.7210, Acc: 0.6857, Sensitivity: 0.6087, Specificity: 0.8333, PPV: 0.8750, NPV: 0.5263, F1: 0.7179
Epoch 8/60 - Train Loss: 0.6476, Train Acc: 0.6857, Train AUC: 0.7787 - Val Loss: 0.6525, Val Acc (0.5): 0.6857, Val AUC: 0.8225
  Train Best Threshold 0.50 → Balanced Acc: 0.7216, Acc: 0.6857, Sensitivity: 0.6170, Specificity: 0.8261, PPV: 0.8788, NPV: 0.5135, F1: 0.7250
  Val Best Threshold 0.50 → Balanced Acc: 0.7210, Acc: 0.6857, Sensitivity: 0.6087, Specificity: 0.8333, PPV: 0.8750, NPV: 0.5263, F1: 0.7179
Epoch 9/60 - Train Loss: 0.6409, Train Acc: 0.6786, Train AUC: 0.7946 - Val Loss: 0.6440, Val Acc (0.5): 0.6857, Val AUC: 0.8406
  Train Best Threshold 0.45 → Balanced Acc: 0.7028, Acc: 0.7500, Sensitivity: 0.8404, Specificity: 0.5652, PPV: 0.7980, NPV: 0.6341, F1: 0.8187
  Val Best Threshold 0.45 → Balanced Acc: 0.7283, Acc: 0.8000, Sensitivity: 0.9565, Specificity: 0.5000, PPV: 0.7857, NPV: 0.8571, F1: 0.8627
Epoch 10/60 - Train Loss: 0.6311, Train Acc: 0.7000, Train AUC: 0.8062 - Val Loss: 0.6399, Val Acc (0.5): 0.7143, Val AUC: 0.8514
  Train Best Threshold 0.45 → Balanced Acc: 0.7412, Acc: 0.7643, Sensitivity: 0.8085, Specificity: 0.6739, PPV: 0.8352, NPV: 0.6327, F1: 0.8216
  Val Best Threshold 0.50 → Balanced Acc: 0.7428, Acc: 0.7143, Sensitivity: 0.6522, Specificity: 0.8333, PPV: 0.8824, NPV: 0.5556, F1: 0.7500
  LR updated from 3.00e-05 to 3.00e-06
Epoch 11/60 - Train Loss: 0.6286, Train Acc: 0.7286, Train AUC: 0.8194 - Val Loss: 0.6378, Val Acc (0.5): 0.6857, Val AUC: 0.8514
  Train Best Threshold 0.45 → Balanced Acc: 0.7791, Acc: 0.7929, Sensitivity: 0.8191, Specificity: 0.7391, PPV: 0.8652, NPV: 0.6667, F1: 0.8415
  Val Best Threshold 0.45 → Balanced Acc: 0.7283, Acc: 0.8000, Sensitivity: 0.9565, Specificity: 0.5000, PPV: 0.7857, NPV: 0.8571, F1: 0.8627
Epoch 12/60 - Train Loss: 0.6337, Train Acc: 0.7000, Train AUC: 0.7990 - Val Loss: 0.6385, Val Acc (0.5): 0.7143, Val AUC: 0.8514
  Train Best Threshold 0.45 → Balanced Acc: 0.7576, Acc: 0.7714, Sensitivity: 0.7979, Specificity: 0.7174, PPV: 0.8523, NPV: 0.6346, F1: 0.8242
  Val Best Threshold 0.50 → Balanced Acc: 0.7428, Acc: 0.7143, Sensitivity: 0.6522, Specificity: 0.8333, PPV: 0.8824, NPV: 0.5556, F1: 0.7500
Epoch 13/60 - Train Loss: 0.6288, Train Acc: 0.7143, Train AUC: 0.8094 - Val Loss: 0.6397, Val Acc (0.5): 0.6571, Val AUC: 0.8406
  Train Best Threshold 0.50 → Balanced Acc: 0.7428, Acc: 0.7143, Sensitivity: 0.6596, Specificity: 0.8261, PPV: 0.8857, NPV: 0.5429, F1: 0.7561
  Val Best Threshold 0.45 → Balanced Acc: 0.7283, Acc: 0.8000, Sensitivity: 0.9565, Specificity: 0.5000, PPV: 0.7857, NPV: 0.8571, F1: 0.8627
Epoch 14/60 - Train Loss: 0.6183, Train Acc: 0.7286, Train AUC: 0.8298 - Val Loss: 0.6390, Val Acc (0.5): 0.6857, Val AUC: 0.8406
  Train Best Threshold 0.50 → Balanced Acc: 0.7757, Acc: 0.7286, Sensitivity: 0.6383, Specificity: 0.9130, PPV: 0.9375, NPV: 0.5526, F1: 0.7595
  Val Best Threshold 0.45 → Balanced Acc: 0.7283, Acc: 0.8000, Sensitivity: 0.9565, Specificity: 0.5000, PPV: 0.7857, NPV: 0.8571, F1: 0.8627
Epoch 15/60 - Train Loss: 0.6376, Train Acc: 0.7143, Train AUC: 0.7553 - Val Loss: 0.6367, Val Acc (0.5): 0.6857, Val AUC: 0.8478
  Train Best Threshold 0.50 → Balanced Acc: 0.7539, Acc: 0.7143, Sensitivity: 0.6383, Specificity: 0.8696, PPV: 0.9091, NPV: 0.5405, F1: 0.7500
  Val Best Threshold 0.45 → Balanced Acc: 0.7699, Acc: 0.8286, Sensitivity: 0.9565, Specificity: 0.5833, PPV: 0.8148, NPV: 0.8750, F1: 0.8800
Epoch 16/60 - Train Loss: 0.6338, Train Acc: 0.7143, Train AUC: 0.7909 - Val Loss: 0.6374, Val Acc (0.5): 0.6571, Val AUC: 0.8478
  Train Best Threshold 0.50 → Balanced Acc: 0.7373, Acc: 0.7143, Sensitivity: 0.6702, Specificity: 0.8043, PPV: 0.8750, NPV: 0.5441, F1: 0.7590
  Val Best Threshold 0.45 → Balanced Acc: 0.7283, Acc: 0.8000, Sensitivity: 0.9565, Specificity: 0.5000, PPV: 0.7857, NPV: 0.8571, F1: 0.8627
  LR updated from 3.00e-06 to 3.00e-07
Epoch 17/60 - Train Loss: 0.6296, Train Acc: 0.7071, Train AUC: 0.8127 - Val Loss: 0.6392, Val Acc (0.5): 0.6571, Val AUC: 0.8261
  Train Best Threshold 0.50 → Balanced Acc: 0.7264, Acc: 0.7071, Sensitivity: 0.6702, Specificity: 0.7826, PPV: 0.8630, NPV: 0.5373, F1: 0.7545
  Val Best Threshold 0.45 → Balanced Acc: 0.7283, Acc: 0.8000, Sensitivity: 0.9565, Specificity: 0.5000, PPV: 0.7857, NPV: 0.8571, F1: 0.8627
Early stopping at epoch 17
Loaded best model with validation AUC: 0.8551
Final Train Results (Best Model) at epoch 4 - Loss: 0.6678, Accuracy: 0.6929, AUC: 0.7872
Final Val Results (Best Model) at epoch 4 - Loss: 0.6665, Accuracy: 0.6857, AUC: 0.8551
Train Best Threshold: 0.50 | Balanced Acc: 0.7213 | Acc: 0.6929 | Sensitivity: 0.6383 | Specificity: 0.8043 | PPV: 0.8696 | NPV: 0.5211 | F1: 0.7362
Train Confusion Matrix at Best Threshold (rows=actual [0,1], cols=predicted [0,1]):
[[37  9]
 [34 60]]
Val Best Threshold: 0.50 | Balanced Acc: 0.7210 | Acc: 0.6857 | Sensitivity: 0.6087 | Specificity: 0.8333 | PPV: 0.8750 | NPV: 0.5263 | F1: 0.7179
Val Confusion Matrix at Best Threshold (rows=actual [0,1], cols=predicted [0,1]):
[[10  2]
 [ 9 14]]

Fold 4 Training Cases (140): ['1', '100', '101', '102', '104', '105', '106', '108', '110', '112', '113', '114', '115', '118', '119', '122', '123', '126', '129', '132', '135', '137', '142', '144', '145', '152', '153', '154', '158', '162', '163', '164', '165', '169', '173', '175', '178', '180', '181', '186', '192', '197', '203', '204', '205', '206', '207', '210', '211', '215', '219', '221', '223', '224', '226', '231', '24', '241', '244', '245', '25', '250', '251', '253', '254', '255', '257', '258', '26', '260', '262', '263', '264', '27', '273', '274', '275', '276', '278', '280', '281', '284', '287', '29', '292', '300', '301', '303', '304', '307', '308', '31', '310', '311', '32', '324', '329', '331', '332', '37', '38', '4', '40', '43', '45', '46', '49', '5', '50', '52', '53', '55', '57', '58', '6', '60', '62', '63', '64', '65', '67', '68', '7', '73', '78', '8', '80', '81', '83', '85', '86', '87', '88', '89', '91', '93', '96', '97', '98', '99']
Fold 4 Validation Cases (35): ['107', '11', '111', '146', '157', '166', '177', '18', '185', '191', '217', '218', '220', '232', '259', '268', '269', '272', '283', '289', '298', '299', '306', '312', '313', '319', '320', '48', '51', '69', '77', '9', '90', '92', '95']
Fold 4 class distribution:
  Train: Class 0=46 (32.9%), Class 1=94 (67.1%)
  Val:   Class 0=12 (34.3%), Class 1=23 (65.7%)

======================================================================
Fold 4/5
======================================================================
Train: 140 patients
Val: 35 patients
Fitting clinical preprocessor on training data...
Built clinical feature dictionaries: train=140, val=35
Clinical input dimension: 5
Backbone feature dimension: 1408
Created mean pooling model with backbone efficientnetv2_b2
Using device: cuda
Class weights: [1.0, 0.4893617033958435]
Weight decay (L2 reg): 0.0001
Label smoothing: 0.1

Epoch 1/60 - Train Loss: 0.6921, Train Acc: 0.5857, Train AUC: 0.6223 - Val Loss: 0.6897, Val Acc (0.5): 0.8000, Val AUC: 0.8514
  Train Best Threshold 0.50 → Balanced Acc: 0.5860, Acc: 0.5857, Sensitivity: 0.5851, Specificity: 0.5870, PPV: 0.7432, NPV: 0.4091, F1: 0.6548
  Val Best Threshold 0.50 → Balanced Acc: 0.7283, Acc: 0.8000, Sensitivity: 0.9565, Specificity: 0.5000, PPV: 0.7857, NPV: 0.8571, F1: 0.8627
  → New best validation AUC: 0.8514
Epoch 2/60 - Train Loss: 0.6940, Train Acc: 0.6071, Train AUC: 0.6182 - Val Loss: 0.6810, Val Acc (0.5): 0.7143, Val AUC: 0.8188
  Train Best Threshold 0.50 → Balanced Acc: 0.5742, Acc: 0.6071, Sensitivity: 0.6702, Specificity: 0.4783, PPV: 0.7241, NPV: 0.4151, F1: 0.6961
  Val Best Threshold 0.50 → Balanced Acc: 0.7627, Acc: 0.7143, Sensitivity: 0.6087, Specificity: 0.9167, PPV: 0.9333, NPV: 0.5500, F1: 0.7368
Epoch 3/60 - Train Loss: 0.6763, Train Acc: 0.6929, Train AUC: 0.7419 - Val Loss: 0.6750, Val Acc (0.5): 0.5714, Val AUC: 0.7862
  Train Best Threshold 0.50 → Balanced Acc: 0.7047, Acc: 0.6929, Sensitivity: 0.6702, Specificity: 0.7391, PPV: 0.8400, NPV: 0.5231, F1: 0.7456
  Val Best Threshold 0.50 → Balanced Acc: 0.6540, Acc: 0.5714, Sensitivity: 0.3913, Specificity: 0.9167, PPV: 0.9000, NPV: 0.4400, F1: 0.5455
Epoch 4/60 - Train Loss: 0.6744, Train Acc: 0.6857, Train AUC: 0.7306 - Val Loss: 0.6696, Val Acc (0.5): 0.5429, Val AUC: 0.7645
  Train Best Threshold 0.50 → Balanced Acc: 0.6827, Acc: 0.6857, Sensitivity: 0.6915, Specificity: 0.6739, PPV: 0.8125, NPV: 0.5167, F1: 0.7471
  Val Best Threshold 0.45 → Balanced Acc: 0.7283, Acc: 0.8000, Sensitivity: 0.9565, Specificity: 0.5000, PPV: 0.7857, NPV: 0.8571, F1: 0.8627
Epoch 5/60 - Train Loss: 0.6649, Train Acc: 0.7357, Train AUC: 0.7907 - Val Loss: 0.6641, Val Acc (0.5): 0.5714, Val AUC: 0.7572
  Train Best Threshold 0.50 → Balanced Acc: 0.7421, Acc: 0.7357, Sensitivity: 0.7234, Specificity: 0.7609, PPV: 0.8608, NPV: 0.5738, F1: 0.7861
  Val Best Threshold 0.50 → Balanced Acc: 0.6540, Acc: 0.5714, Sensitivity: 0.3913, Specificity: 0.9167, PPV: 0.9000, NPV: 0.4400, F1: 0.5455
Epoch 6/60 - Train Loss: 0.6588, Train Acc: 0.7000, Train AUC: 0.7648 - Val Loss: 0.6596, Val Acc (0.5): 0.6000, Val AUC: 0.7536
  Train Best Threshold 0.50 → Balanced Acc: 0.7100, Acc: 0.7000, Sensitivity: 0.6809, Specificity: 0.7391, PPV: 0.8421, NPV: 0.5312, F1: 0.7529
  Val Best Threshold 0.50 → Balanced Acc: 0.6757, Acc: 0.6000, Sensitivity: 0.4348, Specificity: 0.9167, PPV: 0.9091, NPV: 0.4583, F1: 0.5882
Epoch 7/60 - Train Loss: 0.6493, Train Acc: 0.7500, Train AUC: 0.8108 - Val Loss: 0.6542, Val Acc (0.5): 0.6286, Val AUC: 0.7899
  Train Best Threshold 0.50 → Balanced Acc: 0.7583, Acc: 0.7500, Sensitivity: 0.7340, Specificity: 0.7826, PPV: 0.8734, NPV: 0.5902, F1: 0.7977
  Val Best Threshold 0.50 → Balanced Acc: 0.6975, Acc: 0.6286, Sensitivity: 0.4783, Specificity: 0.9167, PPV: 0.9167, NPV: 0.4783, F1: 0.6286
  LR updated from 3.00e-05 to 3.00e-06
Epoch 8/60 - Train Loss: 0.6489, Train Acc: 0.7143, Train AUC: 0.7872 - Val Loss: 0.6540, Val Acc (0.5): 0.6286, Val AUC: 0.7717
  Train Best Threshold 0.50 → Balanced Acc: 0.7262, Acc: 0.7143, Sensitivity: 0.6915, Specificity: 0.7609, PPV: 0.8553, NPV: 0.5469, F1: 0.7647
  Val Best Threshold 0.50 → Balanced Acc: 0.6975, Acc: 0.6286, Sensitivity: 0.4783, Specificity: 0.9167, PPV: 0.9167, NPV: 0.4783, F1: 0.6286
Epoch 9/60 - Train Loss: 0.6495, Train Acc: 0.7357, Train AUC: 0.7889 - Val Loss: 0.6535, Val Acc (0.5): 0.6286, Val AUC: 0.7826
  Train Best Threshold 0.50 → Balanced Acc: 0.7532, Acc: 0.7357, Sensitivity: 0.7021, Specificity: 0.8043, PPV: 0.8800, NPV: 0.5692, F1: 0.7811
  Val Best Threshold 0.50 → Balanced Acc: 0.6975, Acc: 0.6286, Sensitivity: 0.4783, Specificity: 0.9167, PPV: 0.9167, NPV: 0.4783, F1: 0.6286
Epoch 10/60 - Train Loss: 0.6463, Train Acc: 0.7214, Train AUC: 0.7840 - Val Loss: 0.6539, Val Acc (0.5): 0.6286, Val AUC: 0.7790
  Train Best Threshold 0.50 → Balanced Acc: 0.7370, Acc: 0.7214, Sensitivity: 0.6915, Specificity: 0.7826, PPV: 0.8667, NPV: 0.5538, F1: 0.7692
  Val Best Threshold 0.50 → Balanced Acc: 0.6975, Acc: 0.6286, Sensitivity: 0.4783, Specificity: 0.9167, PPV: 0.9167, NPV: 0.4783, F1: 0.6286
Epoch 11/60 - Train Loss: 0.6406, Train Acc: 0.7214, Train AUC: 0.8145 - Val Loss: 0.6536, Val Acc (0.5): 0.6286, Val AUC: 0.7681
  Train Best Threshold 0.50 → Balanced Acc: 0.7204, Acc: 0.7214, Sensitivity: 0.7234, Specificity: 0.7174, PPV: 0.8395, NPV: 0.5593, F1: 0.7771
  Val Best Threshold 0.50 → Balanced Acc: 0.6975, Acc: 0.6286, Sensitivity: 0.4783, Specificity: 0.9167, PPV: 0.9167, NPV: 0.4783, F1: 0.6286
Epoch 12/60 - Train Loss: 0.6476, Train Acc: 0.7214, Train AUC: 0.7692 - Val Loss: 0.6518, Val Acc (0.5): 0.6286, Val AUC: 0.7717
  Train Best Threshold 0.50 → Balanced Acc: 0.7426, Acc: 0.7214, Sensitivity: 0.6809, Specificity: 0.8043, PPV: 0.8767, NPV: 0.5522, F1: 0.7665
  Val Best Threshold 0.45 → Balanced Acc: 0.7228, Acc: 0.7143, Sensitivity: 0.6957, Specificity: 0.7500, PPV: 0.8421, NPV: 0.5625, F1: 0.7619
Epoch 13/60 - Train Loss: 0.6347, Train Acc: 0.7571, Train AUC: 0.8370 - Val Loss: 0.6524, Val Acc (0.5): 0.6286, Val AUC: 0.7754
  Train Best Threshold 0.50 → Balanced Acc: 0.7636, Acc: 0.7571, Sensitivity: 0.7447, Specificity: 0.7826, PPV: 0.8750, NPV: 0.6000, F1: 0.8046
  Val Best Threshold 0.45 → Balanced Acc: 0.7228, Acc: 0.7143, Sensitivity: 0.6957, Specificity: 0.7500, PPV: 0.8421, NPV: 0.5625, F1: 0.7619
  LR updated from 3.00e-06 to 3.00e-07
Epoch 14/60 - Train Loss: 0.6499, Train Acc: 0.7143, Train AUC: 0.7724 - Val Loss: 0.6518, Val Acc (0.5): 0.6286, Val AUC: 0.7790
  Train Best Threshold 0.50 → Balanced Acc: 0.7206, Acc: 0.7143, Sensitivity: 0.7021, Specificity: 0.7391, PPV: 0.8462, NPV: 0.5484, F1: 0.7674
  Val Best Threshold 0.45 → Balanced Acc: 0.7228, Acc: 0.7143, Sensitivity: 0.6957, Specificity: 0.7500, PPV: 0.8421, NPV: 0.5625, F1: 0.7619
Early stopping at epoch 14
Loaded best model with validation AUC: 0.8514
Final Train Results (Best Model) at epoch 1 - Loss: 0.6906, Accuracy: 0.6786, AUC: 0.7382
Final Val Results (Best Model) at epoch 1 - Loss: 0.6897, Accuracy: 0.8000, AUC: 0.8514
Train Best Threshold: 0.50 | Balanced Acc: 0.5886 | Acc: 0.6786 | Sensitivity: 0.8511 | Specificity: 0.3261 | PPV: 0.7207 | NPV: 0.5172 | F1: 0.7805
Train Confusion Matrix at Best Threshold (rows=actual [0,1], cols=predicted [0,1]):
[[15 31]
 [14 80]]
Val Best Threshold: 0.50 | Balanced Acc: 0.7283 | Acc: 0.8000 | Sensitivity: 0.9565 | Specificity: 0.5000 | PPV: 0.7857 | NPV: 0.8571 | F1: 0.8627
Val Confusion Matrix at Best Threshold (rows=actual [0,1], cols=predicted [0,1]):
[[ 6  6]
 [ 1 22]]

Fold 5 Training Cases (140): ['1', '100', '101', '102', '104', '105', '106', '107', '108', '11', '110', '111', '113', '114', '118', '119', '123', '126', '129', '135', '137', '142', '144', '145', '146', '152', '154', '157', '163', '164', '165', '166', '169', '173', '175', '177', '178', '18', '181', '185', '186', '191', '192', '197', '203', '204', '205', '206', '217', '218', '219', '220', '221', '223', '226', '232', '241', '245', '25', '250', '253', '254', '255', '258', '259', '26', '260', '262', '263', '264', '268', '269', '27', '272', '273', '274', '275', '276', '281', '283', '284', '289', '29', '292', '298', '299', '300', '303', '304', '306', '307', '310', '311', '312', '313', '319', '320', '324', '331', '332', '37', '4', '40', '45', '48', '50', '51', '53', '55', '57', '58', '6', '60', '62', '63', '64', '65', '68', '69', '7', '73', '77', '78', '8', '80', '81', '85', '86', '87', '89', '9', '90', '91', '92', '93', '95', '96', '97', '98', '99']
Fold 5 Validation Cases (35): ['112', '115', '122', '132', '153', '158', '162', '180', '207', '210', '211', '215', '224', '231', '24', '244', '251', '257', '278', '280', '287', '301', '308', '31', '32', '329', '38', '43', '46', '49', '5', '52', '67', '83', '88']
Fold 5 class distribution:
  Train: Class 0=46 (32.9%), Class 1=94 (67.1%)
  Val:   Class 0=12 (34.3%), Class 1=23 (65.7%)

======================================================================
Fold 5/5
======================================================================
Train: 140 patients
Val: 35 patients
Fitting clinical preprocessor on training data...
Built clinical feature dictionaries: train=140, val=35
Clinical input dimension: 5
Backbone feature dimension: 1408
Created mean pooling model with backbone efficientnetv2_b2
Using device: cuda
Class weights: [1.0, 0.4893617033958435]
Weight decay (L2 reg): 0.0001
Label smoothing: 0.1

Epoch 1/60 - Train Loss: 0.6902, Train Acc: 0.6214, Train AUC: 0.6723 - Val Loss: 0.6960, Val Acc (0.5): 0.7143, Val AUC: 0.6848
  Train Best Threshold 0.50 → Balanced Acc: 0.6515, Acc: 0.6214, Sensitivity: 0.5638, Specificity: 0.7391, PPV: 0.8154, NPV: 0.4533, F1: 0.6667
  Val Best Threshold 0.50 → Balanced Acc: 0.6033, Acc: 0.7143, Sensitivity: 0.9565, Specificity: 0.2500, PPV: 0.7097, NPV: 0.7500, F1: 0.8148
  → New best validation AUC: 0.6848
Epoch 2/60 - Train Loss: 0.6885, Train Acc: 0.6429, Train AUC: 0.6781 - Val Loss: 0.6904, Val Acc (0.5): 0.7143, Val AUC: 0.7246
  Train Best Threshold 0.50 → Balanced Acc: 0.6341, Acc: 0.6429, Sensitivity: 0.6596, Specificity: 0.6087, PPV: 0.7750, NPV: 0.4667, F1: 0.7126
  Val Best Threshold 0.50 → Balanced Acc: 0.7029, Acc: 0.7143, Sensitivity: 0.7391, Specificity: 0.6667, PPV: 0.8095, NPV: 0.5714, F1: 0.7727
  → New best validation AUC: 0.7246
Epoch 3/60 - Train Loss: 0.6791, Train Acc: 0.6857, Train AUC: 0.7488 - Val Loss: 0.6828, Val Acc (0.5): 0.6857, Val AUC: 0.7572
  Train Best Threshold 0.50 → Balanced Acc: 0.6938, Acc: 0.6857, Sensitivity: 0.6702, Specificity: 0.7174, PPV: 0.8289, NPV: 0.5156, F1: 0.7412
  Val Best Threshold 0.50 → Balanced Acc: 0.6812, Acc: 0.6857, Sensitivity: 0.6957, Specificity: 0.6667, PPV: 0.8000, NPV: 0.5333, F1: 0.7442
  → New best validation AUC: 0.7572
Epoch 4/60 - Train Loss: 0.6823, Train Acc: 0.6357, Train AUC: 0.6776 - Val Loss: 0.6720, Val Acc (0.5): 0.7714, Val AUC: 0.7754
  Train Best Threshold 0.50 → Balanced Acc: 0.6399, Acc: 0.6357, Sensitivity: 0.6277, Specificity: 0.6522, PPV: 0.7867, NPV: 0.4615, F1: 0.6982
  Val Best Threshold 0.50 → Balanced Acc: 0.7464, Acc: 0.7714, Sensitivity: 0.8261, Specificity: 0.6667, PPV: 0.8261, NPV: 0.6667, F1: 0.8261
  → New best validation AUC: 0.7754
Epoch 5/60 - Train Loss: 0.6722, Train Acc: 0.6429, Train AUC: 0.7259 - Val Loss: 0.6634, Val Acc (0.5): 0.8000, Val AUC: 0.8007
  Train Best Threshold 0.55 → Balanced Acc: 0.6533, Acc: 0.5643, Sensitivity: 0.3936, Specificity: 0.9130, PPV: 0.9024, NPV: 0.4242, F1: 0.5481
  Val Best Threshold 0.50 → Balanced Acc: 0.7880, Acc: 0.8000, Sensitivity: 0.8261, Specificity: 0.7500, PPV: 0.8636, NPV: 0.6923, F1: 0.8444
  → New best validation AUC: 0.8007
Epoch 6/60 - Train Loss: 0.6590, Train Acc: 0.6500, Train AUC: 0.7639 - Val Loss: 0.6580, Val Acc (0.5): 0.8000, Val AUC: 0.8080
  Train Best Threshold 0.55 → Balanced Acc: 0.6693, Acc: 0.5857, Sensitivity: 0.4255, Specificity: 0.9130, PPV: 0.9091, NPV: 0.4375, F1: 0.5797
  Val Best Threshold 0.50 → Balanced Acc: 0.7880, Acc: 0.8000, Sensitivity: 0.8261, Specificity: 0.7500, PPV: 0.8636, NPV: 0.6923, F1: 0.8444
  → New best validation AUC: 0.8080
Epoch 7/60 - Train Loss: 0.6605, Train Acc: 0.7071, Train AUC: 0.7613 - Val Loss: 0.6484, Val Acc (0.5): 0.8000, Val AUC: 0.8152
  Train Best Threshold 0.50 → Balanced Acc: 0.7264, Acc: 0.7071, Sensitivity: 0.6702, Specificity: 0.7826, PPV: 0.8630, NPV: 0.5373, F1: 0.7545
  Val Best Threshold 0.50 → Balanced Acc: 0.7880, Acc: 0.8000, Sensitivity: 0.8261, Specificity: 0.7500, PPV: 0.8636, NPV: 0.6923, F1: 0.8444
  → New best validation AUC: 0.8152
Epoch 8/60 - Train Loss: 0.6465, Train Acc: 0.7214, Train AUC: 0.7805 - Val Loss: 0.6401, Val Acc (0.5): 0.8000, Val AUC: 0.8188
  Train Best Threshold 0.50 → Balanced Acc: 0.7481, Acc: 0.7214, Sensitivity: 0.6702, Specificity: 0.8261, PPV: 0.8873, NPV: 0.5507, F1: 0.7636
  Val Best Threshold 0.50 → Balanced Acc: 0.7880, Acc: 0.8000, Sensitivity: 0.8261, Specificity: 0.7500, PPV: 0.8636, NPV: 0.6923, F1: 0.8444
  → New best validation AUC: 0.8188
Epoch 9/60 - Train Loss: 0.6321, Train Acc: 0.7357, Train AUC: 0.8309 - Val Loss: 0.6319, Val Acc (0.5): 0.8000, Val AUC: 0.8188
  Train Best Threshold 0.50 → Balanced Acc: 0.7643, Acc: 0.7357, Sensitivity: 0.6809, Specificity: 0.8478, PPV: 0.9014, NPV: 0.5652, F1: 0.7758
  Val Best Threshold 0.50 → Balanced Acc: 0.7880, Acc: 0.8000, Sensitivity: 0.8261, Specificity: 0.7500, PPV: 0.8636, NPV: 0.6923, F1: 0.8444
Epoch 10/60 - Train Loss: 0.6405, Train Acc: 0.6714, Train AUC: 0.7768 - Val Loss: 0.6250, Val Acc (0.5): 0.8000, Val AUC: 0.8261
  Train Best Threshold 0.50 → Balanced Acc: 0.6998, Acc: 0.6714, Sensitivity: 0.6170, Specificity: 0.7826, PPV: 0.8529, NPV: 0.5000, F1: 0.7160
  Val Best Threshold 0.50 → Balanced Acc: 0.7880, Acc: 0.8000, Sensitivity: 0.8261, Specificity: 0.7500, PPV: 0.8636, NPV: 0.6923, F1: 0.8444
  → New best validation AUC: 0.8261
Epoch 11/60 - Train Loss: 0.6276, Train Acc: 0.7214, Train AUC: 0.8152 - Val Loss: 0.6189, Val Acc (0.5): 0.8000, Val AUC: 0.8225
  Train Best Threshold 0.50 → Balanced Acc: 0.7481, Acc: 0.7214, Sensitivity: 0.6702, Specificity: 0.8261, PPV: 0.8873, NPV: 0.5507, F1: 0.7636
  Val Best Threshold 0.50 → Balanced Acc: 0.7880, Acc: 0.8000, Sensitivity: 0.8261, Specificity: 0.7500, PPV: 0.8636, NPV: 0.6923, F1: 0.8444
Epoch 12/60 - Train Loss: 0.6215, Train Acc: 0.7000, Train AUC: 0.8134 - Val Loss: 0.6130, Val Acc (0.5): 0.7714, Val AUC: 0.8297
  Train Best Threshold 0.50 → Balanced Acc: 0.7322, Acc: 0.7000, Sensitivity: 0.6383, Specificity: 0.8261, PPV: 0.8824, NPV: 0.5278, F1: 0.7407
  Val Best Threshold 0.50 → Balanced Acc: 0.7663, Acc: 0.7714, Sensitivity: 0.7826, Specificity: 0.7500, PPV: 0.8571, NPV: 0.6429, F1: 0.8182
  → New best validation AUC: 0.8297
Epoch 13/60 - Train Loss: 0.6189, Train Acc: 0.7214, Train AUC: 0.8217 - Val Loss: 0.6070, Val Acc (0.5): 0.8286, Val AUC: 0.8297
  Train Best Threshold 0.50 → Balanced Acc: 0.7537, Acc: 0.7214, Sensitivity: 0.6596, Specificity: 0.8478, PPV: 0.8986, NPV: 0.5493, F1: 0.7607
  Val Best Threshold 0.50 → Balanced Acc: 0.8098, Acc: 0.8286, Sensitivity: 0.8696, Specificity: 0.7500, PPV: 0.8696, NPV: 0.7500, F1: 0.8696
Epoch 14/60 - Train Loss: 0.6112, Train Acc: 0.7000, Train AUC: 0.8148 - Val Loss: 0.6029, Val Acc (0.5): 0.8571, Val AUC: 0.8297
  Train Best Threshold 0.50 → Balanced Acc: 0.7377, Acc: 0.7000, Sensitivity: 0.6277, Specificity: 0.8478, PPV: 0.8939, NPV: 0.5270, F1: 0.7375
  Val Best Threshold 0.50 → Balanced Acc: 0.8315, Acc: 0.8571, Sensitivity: 0.9130, Specificity: 0.7500, PPV: 0.8750, NPV: 0.8182, F1: 0.8936
Epoch 15/60 - Train Loss: 0.6243, Train Acc: 0.7000, Train AUC: 0.7893 - Val Loss: 0.5992, Val Acc (0.5): 0.8000, Val AUC: 0.8116
  Train Best Threshold 0.50 → Balanced Acc: 0.7433, Acc: 0.7000, Sensitivity: 0.6170, Specificity: 0.8696, PPV: 0.9062, NPV: 0.5263, F1: 0.7342
  Val Best Threshold 0.50 → Balanced Acc: 0.7482, Acc: 0.8000, Sensitivity: 0.9130, Specificity: 0.5833, PPV: 0.8077, NPV: 0.7778, F1: 0.8571
Epoch 16/60 - Train Loss: 0.5999, Train Acc: 0.7143, Train AUC: 0.8240 - Val Loss: 0.5976, Val Acc (0.5): 0.7429, Val AUC: 0.8152
  Train Best Threshold 0.40 → Balanced Acc: 0.7623, Acc: 0.8000, Sensitivity: 0.8723, Specificity: 0.6522, PPV: 0.8367, NPV: 0.7143, F1: 0.8542
  Val Best Threshold 0.55 → Balanced Acc: 0.7663, Acc: 0.7714, Sensitivity: 0.7826, Specificity: 0.7500, PPV: 0.8571, NPV: 0.6429, F1: 0.8182
Epoch 17/60 - Train Loss: 0.5925, Train Acc: 0.7143, Train AUC: 0.8189 - Val Loss: 0.5956, Val Acc (0.5): 0.7429, Val AUC: 0.8043
  Train Best Threshold 0.45 → Balanced Acc: 0.7690, Acc: 0.7643, Sensitivity: 0.7553, Specificity: 0.7826, PPV: 0.8765, NPV: 0.6102, F1: 0.8114
  Val Best Threshold 0.55 → Balanced Acc: 0.7663, Acc: 0.7714, Sensitivity: 0.7826, Specificity: 0.7500, PPV: 0.8571, NPV: 0.6429, F1: 0.8182
Epoch 18/60 - Train Loss: 0.6033, Train Acc: 0.7000, Train AUC: 0.8101 - Val Loss: 0.5931, Val Acc (0.5): 0.7429, Val AUC: 0.7899
  Train Best Threshold 0.45 → Balanced Acc: 0.7634, Acc: 0.7643, Sensitivity: 0.7660, Specificity: 0.7609, PPV: 0.8675, NPV: 0.6140, F1: 0.8136
  Val Best Threshold 0.55 → Balanced Acc: 0.7880, Acc: 0.8000, Sensitivity: 0.8261, Specificity: 0.7500, PPV: 0.8636, NPV: 0.6923, F1: 0.8444
  LR updated from 3.00e-05 to 3.00e-06
Epoch 19/60 - Train Loss: 0.5695, Train Acc: 0.7571, Train AUC: 0.8626 - Val Loss: 0.5927, Val Acc (0.5): 0.7429, Val AUC: 0.7826
  Train Best Threshold 0.45 → Balanced Acc: 0.8013, Acc: 0.7929, Sensitivity: 0.7766, Specificity: 0.8261, PPV: 0.9012, NPV: 0.6441, F1: 0.8343
  Val Best Threshold 0.55 → Balanced Acc: 0.7663, Acc: 0.7714, Sensitivity: 0.7826, Specificity: 0.7500, PPV: 0.8571, NPV: 0.6429, F1: 0.8182
Epoch 20/60 - Train Loss: 0.5898, Train Acc: 0.7143, Train AUC: 0.8245 - Val Loss: 0.5926, Val Acc (0.5): 0.7429, Val AUC: 0.7862
  Train Best Threshold 0.45 → Balanced Acc: 0.7523, Acc: 0.7643, Sensitivity: 0.7872, Specificity: 0.7174, PPV: 0.8506, NPV: 0.6226, F1: 0.8177
  Val Best Threshold 0.55 → Balanced Acc: 0.7880, Acc: 0.8000, Sensitivity: 0.8261, Specificity: 0.7500, PPV: 0.8636, NPV: 0.6923, F1: 0.8444
Epoch 21/60 - Train Loss: 0.5895, Train Acc: 0.7214, Train AUC: 0.8219 - Val Loss: 0.5932, Val Acc (0.5): 0.7429, Val AUC: 0.7862
  Train Best Threshold 0.50 → Balanced Acc: 0.7481, Acc: 0.7214, Sensitivity: 0.6702, Specificity: 0.8261, PPV: 0.8873, NPV: 0.5507, F1: 0.7636
  Val Best Threshold 0.55 → Balanced Acc: 0.7880, Acc: 0.8000, Sensitivity: 0.8261, Specificity: 0.7500, PPV: 0.8636, NPV: 0.6923, F1: 0.8444
Epoch 22/60 - Train Loss: 0.5834, Train Acc: 0.7357, Train AUC: 0.8525 - Val Loss: 0.5924, Val Acc (0.5): 0.7429, Val AUC: 0.7899
  Train Best Threshold 0.45 → Balanced Acc: 0.8064, Acc: 0.8071, Sensitivity: 0.8085, Specificity: 0.8043, PPV: 0.8941, NPV: 0.6727, F1: 0.8492
  Val Best Threshold 0.55 → Balanced Acc: 0.7880, Acc: 0.8000, Sensitivity: 0.8261, Specificity: 0.7500, PPV: 0.8636, NPV: 0.6923, F1: 0.8444
Epoch 23/60 - Train Loss: 0.5826, Train Acc: 0.7071, Train AUC: 0.8492 - Val Loss: 0.5929, Val Acc (0.5): 0.7429, Val AUC: 0.7862
  Train Best Threshold 0.40 → Balanced Acc: 0.7838, Acc: 0.8214, Sensitivity: 0.8936, Specificity: 0.6739, PPV: 0.8485, NPV: 0.7561, F1: 0.8705
  Val Best Threshold 0.55 → Balanced Acc: 0.7880, Acc: 0.8000, Sensitivity: 0.8261, Specificity: 0.7500, PPV: 0.8636, NPV: 0.6923, F1: 0.8444
Epoch 24/60 - Train Loss: 0.5807, Train Acc: 0.7071, Train AUC: 0.8430 - Val Loss: 0.5921, Val Acc (0.5): 0.7143, Val AUC: 0.7862
  Train Best Threshold 0.45 → Balanced Acc: 0.7900, Acc: 0.8000, Sensitivity: 0.8191, Specificity: 0.7609, PPV: 0.8750, NPV: 0.6731, F1: 0.8462
  Val Best Threshold 0.55 → Balanced Acc: 0.7880, Acc: 0.8000, Sensitivity: 0.8261, Specificity: 0.7500, PPV: 0.8636, NPV: 0.6923, F1: 0.8444
  LR updated from 3.00e-06 to 3.00e-07
Epoch 25/60 - Train Loss: 0.5865, Train Acc: 0.7357, Train AUC: 0.8296 - Val Loss: 0.5931, Val Acc (0.5): 0.7143, Val AUC: 0.7826
  Train Best Threshold 0.45 → Balanced Acc: 0.7958, Acc: 0.7929, Sensitivity: 0.7872, Specificity: 0.8043, PPV: 0.8916, NPV: 0.6491, F1: 0.8362
  Val Best Threshold 0.55 → Balanced Acc: 0.7880, Acc: 0.8000, Sensitivity: 0.8261, Specificity: 0.7500, PPV: 0.8636, NPV: 0.6923, F1: 0.8444
Early stopping at epoch 25
Loaded best model with validation AUC: 0.8297
Final Train Results (Best Model) at epoch 12 - Loss: 0.6139, Accuracy: 0.7143, AUC: 0.8353
Final Val Results (Best Model) at epoch 12 - Loss: 0.6130, Accuracy: 0.7714, AUC: 0.8297
Train Best Threshold: 0.50 | Balanced Acc: 0.7539 | Acc: 0.7143 | Sensitivity: 0.6383 | Specificity: 0.8696 | PPV: 0.9091 | NPV: 0.5405 | F1: 0.7500
Train Confusion Matrix at Best Threshold (rows=actual [0,1], cols=predicted [0,1]):
[[40  6]
 [34 60]]
Val Best Threshold: 0.50 | Balanced Acc: 0.7663 | Acc: 0.7714 | Sensitivity: 0.7826 | Specificity: 0.7500 | PPV: 0.8571 | NPV: 0.6429 | F1: 0.8182
Val Confusion Matrix at Best Threshold (rows=actual [0,1], cols=predicted [0,1]):
[[ 9  3]
 [ 5 18]]

======================================================================
Cross-Validation Results - C1 (Mean Pooling)
======================================================================
Model: C1 (Mean Pooling)
Backbone: efficientnetv2_b2
Pooling: mean
Val AUCs: ['0.8220', '0.7917', '0.8551', '0.8514', '0.8297']
Mean Val AUC: 0.8300 ± 0.0229
======================================================================
