Starting single train/val split training for A1 (Mean Pooling)
Configuration:
  clinical_csv: data/annotations/data1_175case_LB.csv
  image_root: data/QUS_manually_Nakagami_cropped
  patient_id_column: NO
  label_column: CL_F2
  image_pattern: Nakagami_ROI_*.png
  n_folds: 5
  batch_size: 16
  learning_rate: 0.001
  num_epochs: 40
  early_stopping_patience: 10
  early_stopping_min_delta: 0.001
  backbone: efficientnetv2_b0
  pretrained: True
  device: cuda
  num_workers: 4
  model_type: mean
  attention_hidden: 128
  seed: 42
  no_cv: True
  val_split: 0.2
  log_dir: runs/bmode
  use_advanced_aug: False
  use_lr_scheduler: False
  use_tta: False
Loading clinical data...
Loaded 175 patients from clinical data
Building patient records...
Building patient records from 175 patients...
Image root: data/QUS_manually_Nakagami_cropped
Image pattern: Nakagami_ROI_*.png
Successfully created 175 patient records
Created 175 patient records
Train/Val Split:
  Train: 140 patients (80.0%)
  Val:   35 patients (20.0%)
====================Training single model====================
Train: 140 patients
Val: 35 patients
Created A1 model (mean pooling) with backbone efficientnetv2_b0
Using device: cuda
Class weights: [1.0, 0.4893617033958435]
Epoch 1/40 - Train Loss: 0.7248, Train Acc: 0.5357, Train AUC: 0.5500 - Val Loss: 0.6766, Val Acc (0.5): 0.6000, Val AUC: 0.4783
  Train Best Threshold 0.50 → Balanced Acc: 0.5710, Acc: 0.5357, Sensitivity: 0.4681, Specificity: 0.6739, PPV: 0.7458, NPV: 0.3827, F1: 0.5752
  Val Best Threshold 0.55 → Balanced Acc: 0.5399, Acc: 0.6571, Sensitivity: 0.9130, Specificity: 0.1667, PPV: 0.6774, NPV: 0.5000, F1: 0.7778
  → New best validation AUC: 0.4783
  → Saved best model to weights/a1_mean_pooling_single_efficientnetv2_b0_20260127_210309_best.pth
Epoch 2/40 - Train Loss: 0.6754, Train Acc: 0.6429, Train AUC: 0.6247 - Val Loss: 0.7633, Val Acc (0.5): 0.5429, Val AUC: 0.4928
  Train Best Threshold 0.50 → Balanced Acc: 0.6230, Acc: 0.6429, Sensitivity: 0.6809, Specificity: 0.5652, PPV: 0.7619, NPV: 0.4643, F1: 0.7191
  Val Best Threshold 0.65 → Balanced Acc: 0.5725, Acc: 0.5429, Sensitivity: 0.4783, Specificity: 0.6667, PPV: 0.7333, NPV: 0.4000, F1: 0.5789
  → New best validation AUC: 0.4928
  → Saved best model to weights/a1_mean_pooling_single_efficientnetv2_b0_20260127_210309_best.pth
Epoch 3/40 - Train Loss: 0.6664, Train Acc: 0.6286, Train AUC: 0.6702 - Val Loss: 0.7603, Val Acc (0.5): 0.5429, Val AUC: 0.5471
  Train Best Threshold 0.40 → Balanced Acc: 0.6607, Acc: 0.6786, Sensitivity: 0.7128, Specificity: 0.6087, PPV: 0.7882, NPV: 0.5091, F1: 0.7486
  Val Best Threshold 0.85 → Balanced Acc: 0.5870, Acc: 0.4571, Sensitivity: 0.1739, Specificity: 1.0000, PPV: 1.0000, NPV: 0.3871, F1: 0.2963
  → New best validation AUC: 0.5471
  → Saved best model to weights/a1_mean_pooling_single_efficientnetv2_b0_20260127_210309_best.pth
Epoch 4/40 - Train Loss: 0.5605, Train Acc: 0.7500, Train AUC: 0.8087 - Val Loss: 1.2746, Val Acc (0.5): 0.5429, Val AUC: 0.5109
  Train Best Threshold 0.55 → Balanced Acc: 0.7803, Acc: 0.7571, Sensitivity: 0.7128, Specificity: 0.8478, PPV: 0.9054, NPV: 0.5909, F1: 0.7976
  Val Best Threshold 0.60 → Balanced Acc: 0.5543, Acc: 0.5714, Sensitivity: 0.6087, Specificity: 0.5000, PPV: 0.7000, NPV: 0.4000, F1: 0.6512
Epoch 5/40 - Train Loss: 0.5068, Train Acc: 0.7286, Train AUC: 0.8372 - Val Loss: 2.0694, Val Acc (0.5): 0.4571, Val AUC: 0.4239
  Train Best Threshold 0.40 → Balanced Acc: 0.7625, Acc: 0.7929, Sensitivity: 0.8511, Specificity: 0.6739, PPV: 0.8421, NPV: 0.6889, F1: 0.8466
  Val Best Threshold 0.50 → Balanced Acc: 0.5072, Acc: 0.4571, Sensitivity: 0.3478, Specificity: 0.6667, PPV: 0.6667, NPV: 0.3478, F1: 0.4571
Epoch 6/40 - Train Loss: 0.4691, Train Acc: 0.7857, Train AUC: 0.8596 - Val Loss: 1.3587, Val Acc (0.5): 0.3429, Val AUC: 0.3659
  Train Best Threshold 0.50 → Balanced Acc: 0.7683, Acc: 0.7857, Sensitivity: 0.8191, Specificity: 0.7174, PPV: 0.8556, NPV: 0.6600, F1: 0.8370
  Val Best Threshold 0.10 → Balanced Acc: 0.4982, Acc: 0.6286, Sensitivity: 0.9130, Specificity: 0.0833, PPV: 0.6562, NPV: 0.3333, F1: 0.7636
Epoch 7/40 - Train Loss: 0.3909, Train Acc: 0.8429, Train AUC: 0.9117 - Val Loss: 1.3740, Val Acc (0.5): 0.4286, Val AUC: 0.4239
  Train Best Threshold 0.55 → Balanced Acc: 0.8390, Acc: 0.8286, Sensitivity: 0.8085, Specificity: 0.8696, PPV: 0.9268, NPV: 0.6897, F1: 0.8636
  Val Best Threshold 0.10 → Balanced Acc: 0.5399, Acc: 0.6571, Sensitivity: 0.9130, Specificity: 0.1667, PPV: 0.6774, NPV: 0.5000, F1: 0.7778
Epoch 8/40 - Train Loss: 0.2595, Train Acc: 0.8929, Train AUC: 0.9669 - Val Loss: 2.0297, Val Acc (0.5): 0.5143, Val AUC: 0.4457
  Train Best Threshold 0.45 → Balanced Acc: 0.9357, Acc: 0.9286, Sensitivity: 0.9149, Specificity: 0.9565, PPV: 0.9773, NPV: 0.8462, F1: 0.9451
  Val Best Threshold 0.20 → Balanced Acc: 0.5399, Acc: 0.6571, Sensitivity: 0.9130, Specificity: 0.1667, PPV: 0.6774, NPV: 0.5000, F1: 0.7778
Epoch 9/40 - Train Loss: 0.3344, Train Acc: 0.8571, Train AUC: 0.9376 - Val Loss: 2.9797, Val Acc (0.5): 0.4571, Val AUC: 0.5000
  Train Best Threshold 0.50 → Balanced Acc: 0.8603, Acc: 0.8571, Sensitivity: 0.8511, Specificity: 0.8696, PPV: 0.9302, NPV: 0.7407, F1: 0.8889
  Val Best Threshold 0.05 → Balanced Acc: 0.5562, Acc: 0.6000, Sensitivity: 0.6957, Specificity: 0.4167, PPV: 0.6957, NPV: 0.4167, F1: 0.6957
Epoch 10/40 - Train Loss: 0.3347, Train Acc: 0.8786, Train AUC: 0.9410 - Val Loss: 2.1774, Val Acc (0.5): 0.4857, Val AUC: 0.4239
  Train Best Threshold 0.55 → Balanced Acc: 0.8763, Acc: 0.8786, Sensitivity: 0.8830, Specificity: 0.8696, PPV: 0.9326, NPV: 0.7843, F1: 0.9071
  Val Best Threshold 0.05 → Balanced Acc: 0.4982, Acc: 0.6286, Sensitivity: 0.9130, Specificity: 0.0833, PPV: 0.6562, NPV: 0.3333, F1: 0.7636
Epoch 11/40 - Train Loss: 0.2332, Train Acc: 0.9286, Train AUC: 0.9699 - Val Loss: 1.2397, Val Acc (0.5): 0.6286, Val AUC: 0.5580
  Train Best Threshold 0.50 → Balanced Acc: 0.9246, Acc: 0.9286, Sensitivity: 0.9362, Specificity: 0.9130, PPV: 0.9565, NPV: 0.8750, F1: 0.9462
  Val Best Threshold 0.90 → Balanced Acc: 0.6178, Acc: 0.6286, Sensitivity: 0.6522, Specificity: 0.5833, PPV: 0.7500, NPV: 0.4667, F1: 0.6977
  → New best validation AUC: 0.5580
  → Saved best model to weights/a1_mean_pooling_single_efficientnetv2_b0_20260127_210309_best.pth
Epoch 12/40 - Train Loss: 0.3507, Train Acc: 0.8714, Train AUC: 0.9221 - Val Loss: 1.5627, Val Acc (0.5): 0.4857, Val AUC: 0.5254
  Train Best Threshold 0.40 → Balanced Acc: 0.8975, Acc: 0.9071, Sensitivity: 0.9255, Specificity: 0.8696, PPV: 0.9355, NPV: 0.8511, F1: 0.9305
  Val Best Threshold 0.55 → Balanced Acc: 0.5906, Acc: 0.5143, Sensitivity: 0.3478, Specificity: 0.8333, PPV: 0.8000, NPV: 0.4000, F1: 0.4848
Epoch 13/40 - Train Loss: 0.2141, Train Acc: 0.8857, Train AUC: 0.9806 - Val Loss: 2.3420, Val Acc (0.5): 0.4571, Val AUC: 0.4819
  Train Best Threshold 0.35 → Balanced Acc: 0.9248, Acc: 0.9214, Sensitivity: 0.9149, Specificity: 0.9348, PPV: 0.9663, NPV: 0.8431, F1: 0.9399
  Val Best Threshold 0.90 → Balanced Acc: 0.5870, Acc: 0.4571, Sensitivity: 0.1739, Specificity: 1.0000, PPV: 1.0000, NPV: 0.3871, F1: 0.2963
Epoch 14/40 - Train Loss: 0.2647, Train Acc: 0.9071, Train AUC: 0.9611 - Val Loss: 2.6141, Val Acc (0.5): 0.5143, Val AUC: 0.4420
  Train Best Threshold 0.35 → Balanced Acc: 0.9188, Acc: 0.9357, Sensitivity: 0.9681, Specificity: 0.8696, PPV: 0.9381, NPV: 0.9302, F1: 0.9529
  Val Best Threshold 0.40 → Balanced Acc: 0.6141, Acc: 0.5714, Sensitivity: 0.4783, Specificity: 0.7500, PPV: 0.7857, NPV: 0.4286, F1: 0.5946
Epoch 15/40 - Train Loss: 0.2065, Train Acc: 0.8857, Train AUC: 0.9764 - Val Loss: 2.1927, Val Acc (0.5): 0.4286, Val AUC: 0.4638
  Train Best Threshold 0.25 → Balanced Acc: 0.9244, Acc: 0.9357, Sensitivity: 0.9574, Specificity: 0.8913, PPV: 0.9474, NPV: 0.9111, F1: 0.9524
  Val Best Threshold 0.95 → Balanced Acc: 0.5924, Acc: 0.5429, Sensitivity: 0.4348, Specificity: 0.7500, PPV: 0.7692, NPV: 0.4091, F1: 0.5556
Epoch 16/40 - Train Loss: 0.1690, Train Acc: 0.9429, Train AUC: 0.9815 - Val Loss: 2.3420, Val Acc (0.5): 0.5143, Val AUC: 0.5217
  Train Best Threshold 0.45 → Balanced Acc: 0.9352, Acc: 0.9429, Sensitivity: 0.9574, Specificity: 0.9130, PPV: 0.9574, NPV: 0.9130, F1: 0.9574
  Val Best Threshold 0.90 → Balanced Acc: 0.6105, Acc: 0.5143, Sensitivity: 0.3043, Specificity: 0.9167, PPV: 0.8750, NPV: 0.4074, F1: 0.4516
Epoch 17/40 - Train Loss: 0.2868, Train Acc: 0.8929, Train AUC: 0.9577 - Val Loss: 1.5851, Val Acc (0.5): 0.6286, Val AUC: 0.6123
  Train Best Threshold 0.65 → Balanced Acc: 0.9033, Acc: 0.9000, Sensitivity: 0.8936, Specificity: 0.9130, PPV: 0.9545, NPV: 0.8077, F1: 0.9231
  Val Best Threshold 0.45 → Balanced Acc: 0.6377, Acc: 0.6286, Sensitivity: 0.6087, Specificity: 0.6667, PPV: 0.7778, NPV: 0.4706, F1: 0.6829
  → New best validation AUC: 0.6123
  → Saved best model to weights/a1_mean_pooling_single_efficientnetv2_b0_20260127_210309_best.pth
Epoch 18/40 - Train Loss: 0.1633, Train Acc: 0.9286, Train AUC: 0.9847 - Val Loss: 2.3831, Val Acc (0.5): 0.6000, Val AUC: 0.3116
  Train Best Threshold 0.65 → Balanced Acc: 0.9521, Acc: 0.9357, Sensitivity: 0.9043, Specificity: 1.0000, PPV: 1.0000, NPV: 0.8364, F1: 0.9497
  Val Best Threshold 0.45 → Balanced Acc: 0.5163, Acc: 0.6000, Sensitivity: 0.7826, Specificity: 0.2500, PPV: 0.6667, NPV: 0.3750, F1: 0.7200
Epoch 19/40 - Train Loss: 0.2428, Train Acc: 0.9143, Train AUC: 0.9621 - Val Loss: 2.3732, Val Acc (0.5): 0.5714, Val AUC: 0.5761
  Train Best Threshold 0.50 → Balanced Acc: 0.9140, Acc: 0.9143, Sensitivity: 0.9149, Specificity: 0.9130, PPV: 0.9556, NPV: 0.8400, F1: 0.9348
  Val Best Threshold 0.60 → Balanced Acc: 0.6141, Acc: 0.5714, Sensitivity: 0.4783, Specificity: 0.7500, PPV: 0.7857, NPV: 0.4286, F1: 0.5946
Epoch 20/40 - Train Loss: 0.1126, Train Acc: 0.9786, Train AUC: 0.9949 - Val Loss: 2.6971, Val Acc (0.5): 0.4857, Val AUC: 0.5145
  Train Best Threshold 0.50 → Balanced Acc: 0.9785, Acc: 0.9786, Sensitivity: 0.9787, Specificity: 0.9783, PPV: 0.9892, NPV: 0.9574, F1: 0.9840
  Val Best Threshold 0.20 → Balanced Acc: 0.4928, Acc: 0.5429, Sensitivity: 0.6522, Specificity: 0.3333, PPV: 0.6522, NPV: 0.3333, F1: 0.6522
Epoch 21/40 - Train Loss: 0.1655, Train Acc: 0.9571, Train AUC: 0.9854 - Val Loss: 3.1601, Val Acc (0.5): 0.6000, Val AUC: 0.5362
  Train Best Threshold 0.55 → Balanced Acc: 0.9623, Acc: 0.9643, Sensitivity: 0.9681, Specificity: 0.9565, PPV: 0.9785, NPV: 0.9362, F1: 0.9733
  Val Best Threshold 0.40 → Balanced Acc: 0.6377, Acc: 0.6286, Sensitivity: 0.6087, Specificity: 0.6667, PPV: 0.7778, NPV: 0.4706, F1: 0.6829
Epoch 22/40 - Train Loss: 0.1637, Train Acc: 0.9500, Train AUC: 0.9847 - Val Loss: 3.1104, Val Acc (0.5): 0.4286, Val AUC: 0.5109
  Train Best Threshold 0.65 → Balanced Acc: 0.9406, Acc: 0.9500, Sensitivity: 0.9681, Specificity: 0.9130, PPV: 0.9579, NPV: 0.9333, F1: 0.9630
  Val Best Threshold 0.05 → Balanced Acc: 0.5761, Acc: 0.6000, Sensitivity: 0.6522, Specificity: 0.5000, PPV: 0.7143, NPV: 0.4286, F1: 0.6818
Epoch 23/40 - Train Loss: 0.0738, Train Acc: 0.9929, Train AUC: 0.9993 - Val Loss: 2.5113, Val Acc (0.5): 0.3714, Val AUC: 0.4783
  Train Best Threshold 0.50 → Balanced Acc: 0.9891, Acc: 0.9929, Sensitivity: 1.0000, Specificity: 0.9783, PPV: 0.9895, NPV: 1.0000, F1: 0.9947
  Val Best Threshold 0.10 → Balanced Acc: 0.5507, Acc: 0.5143, Sensitivity: 0.4348, Specificity: 0.6667, PPV: 0.7143, NPV: 0.3810, F1: 0.5405
Epoch 24/40 - Train Loss: 0.0939, Train Acc: 0.9500, Train AUC: 0.9968 - Val Loss: 1.3595, Val Acc (0.5): 0.5429, Val AUC: 0.5543
  Train Best Threshold 0.15 → Balanced Acc: 0.9674, Acc: 0.9786, Sensitivity: 1.0000, Specificity: 0.9348, PPV: 0.9691, NPV: 1.0000, F1: 0.9843
  Val Best Threshold 0.65 → Balanced Acc: 0.5725, Acc: 0.5429, Sensitivity: 0.4783, Specificity: 0.6667, PPV: 0.7333, NPV: 0.4000, F1: 0.5789
Epoch 25/40 - Train Loss: 0.0880, Train Acc: 0.9714, Train AUC: 0.9961 - Val Loss: 1.7123, Val Acc (0.5): 0.6286, Val AUC: 0.6341
  Train Best Threshold 0.70 → Balanced Acc: 0.9679, Acc: 0.9643, Sensitivity: 0.9574, Specificity: 0.9783, PPV: 0.9890, NPV: 0.9184, F1: 0.9730
  Val Best Threshold 0.95 → Balanced Acc: 0.6812, Acc: 0.6857, Sensitivity: 0.6957, Specificity: 0.6667, PPV: 0.8000, NPV: 0.5333, F1: 0.7442
  → New best validation AUC: 0.6341
  → Saved best model to weights/a1_mean_pooling_single_efficientnetv2_b0_20260127_210309_best.pth
Epoch 26/40 - Train Loss: 0.1125, Train Acc: 0.9714, Train AUC: 0.9898 - Val Loss: 1.8200, Val Acc (0.5): 0.5429, Val AUC: 0.4746
  Train Best Threshold 0.60 → Balanced Acc: 0.9785, Acc: 0.9786, Sensitivity: 0.9787, Specificity: 0.9783, PPV: 0.9892, NPV: 0.9574, F1: 0.9840
  Val Best Threshold 0.05 → Balanced Acc: 0.5580, Acc: 0.6286, Sensitivity: 0.7826, Specificity: 0.3333, PPV: 0.6923, NPV: 0.4444, F1: 0.7347
Epoch 27/40 - Train Loss: 0.0891, Train Acc: 0.9571, Train AUC: 0.9956 - Val Loss: 2.2308, Val Acc (0.5): 0.4286, Val AUC: 0.6196
  Train Best Threshold 0.30 → Balanced Acc: 0.9785, Acc: 0.9786, Sensitivity: 0.9787, Specificity: 0.9783, PPV: 0.9892, NPV: 0.9574, F1: 0.9840
  Val Best Threshold 0.05 → Balanced Acc: 0.6395, Acc: 0.6571, Sensitivity: 0.6957, Specificity: 0.5833, PPV: 0.7619, NPV: 0.5000, F1: 0.7273
Epoch 28/40 - Train Loss: 0.1202, Train Acc: 0.9643, Train AUC: 0.9891 - Val Loss: 2.8127, Val Acc (0.5): 0.4857, Val AUC: 0.5435
  Train Best Threshold 0.20 → Balanced Acc: 0.9729, Acc: 0.9786, Sensitivity: 0.9894, Specificity: 0.9565, PPV: 0.9789, NPV: 0.9778, F1: 0.9841
  Val Best Threshold 0.05 → Balanced Acc: 0.6014, Acc: 0.6857, Sensitivity: 0.8696, Specificity: 0.3333, PPV: 0.7143, NPV: 0.5714, F1: 0.7843
Epoch 29/40 - Train Loss: 0.0793, Train Acc: 0.9643, Train AUC: 0.9965 - Val Loss: 1.7918, Val Acc (0.5): 0.5429, Val AUC: 0.5580
  Train Best Threshold 0.50 → Balanced Acc: 0.9734, Acc: 0.9643, Sensitivity: 0.9468, Specificity: 1.0000, PPV: 1.0000, NPV: 0.9020, F1: 0.9727
  Val Best Threshold 0.90 → Balanced Acc: 0.5562, Acc: 0.6000, Sensitivity: 0.6957, Specificity: 0.4167, PPV: 0.6957, NPV: 0.4167, F1: 0.6957
Epoch 30/40 - Train Loss: 0.2407, Train Acc: 0.9000, Train AUC: 0.9743 - Val Loss: 2.0000, Val Acc (0.5): 0.5143, Val AUC: 0.4964
  Train Best Threshold 0.70 → Balanced Acc: 0.9408, Acc: 0.9429, Sensitivity: 0.9468, Specificity: 0.9348, PPV: 0.9674, NPV: 0.8958, F1: 0.9570
  Val Best Threshold 0.80 → Balanced Acc: 0.5344, Acc: 0.5714, Sensitivity: 0.6522, Specificity: 0.4167, PPV: 0.6818, NPV: 0.3846, F1: 0.6667
Epoch 31/40 - Train Loss: 0.1236, Train Acc: 0.9357, Train AUC: 0.9912 - Val Loss: 2.8745, Val Acc (0.5): 0.5714, Val AUC: 0.3913
  Train Best Threshold 0.30 → Balanced Acc: 0.9517, Acc: 0.9500, Sensitivity: 0.9468, Specificity: 0.9565, PPV: 0.9780, NPV: 0.8980, F1: 0.9622
  Val Best Threshold 0.35 → Balanced Acc: 0.5181, Acc: 0.6286, Sensitivity: 0.8696, Specificity: 0.1667, PPV: 0.6667, NPV: 0.4000, F1: 0.7547
Epoch 32/40 - Train Loss: 0.1861, Train Acc: 0.9286, Train AUC: 0.9783 - Val Loss: 2.2855, Val Acc (0.5): 0.6286, Val AUC: 0.5942
  Train Best Threshold 0.25 → Balanced Acc: 0.9350, Acc: 0.9500, Sensitivity: 0.9787, Specificity: 0.8913, PPV: 0.9485, NPV: 0.9535, F1: 0.9634
  Val Best Threshold 0.60 → Balanced Acc: 0.6377, Acc: 0.6286, Sensitivity: 0.6087, Specificity: 0.6667, PPV: 0.7778, NPV: 0.4706, F1: 0.6829
Epoch 33/40 - Train Loss: 0.1043, Train Acc: 0.9571, Train AUC: 0.9947 - Val Loss: 2.0269, Val Acc (0.5): 0.6286, Val AUC: 0.5906
  Train Best Threshold 0.55 → Balanced Acc: 0.9681, Acc: 0.9571, Sensitivity: 0.9362, Specificity: 1.0000, PPV: 1.0000, NPV: 0.8846, F1: 0.9670
  Val Best Threshold 0.65 → Balanced Acc: 0.6612, Acc: 0.6857, Sensitivity: 0.7391, Specificity: 0.5833, PPV: 0.7727, NPV: 0.5385, F1: 0.7556
Epoch 34/40 - Train Loss: 0.1433, Train Acc: 0.9429, Train AUC: 0.9889 - Val Loss: 1.8602, Val Acc (0.5): 0.5714, Val AUC: 0.5254
  Train Best Threshold 0.75 → Balanced Acc: 0.9468, Acc: 0.9286, Sensitivity: 0.8936, Specificity: 1.0000, PPV: 1.0000, NPV: 0.8214, F1: 0.9438
  Val Best Threshold 0.50 → Balanced Acc: 0.5942, Acc: 0.5714, Sensitivity: 0.5217, Specificity: 0.6667, PPV: 0.7500, NPV: 0.4211, F1: 0.6154
Epoch 35/40 - Train Loss: 0.0907, Train Acc: 0.9786, Train AUC: 0.9956 - Val Loss: 1.6045, Val Acc (0.5): 0.5429, Val AUC: 0.5543
  Train Best Threshold 0.50 → Balanced Acc: 0.9729, Acc: 0.9786, Sensitivity: 0.9894, Specificity: 0.9565, PPV: 0.9789, NPV: 0.9778, F1: 0.9841
  Val Best Threshold 0.80 → Balanced Acc: 0.5942, Acc: 0.5714, Sensitivity: 0.5217, Specificity: 0.6667, PPV: 0.7500, NPV: 0.4211, F1: 0.6154
Early stopping at epoch 35
Loaded best model with validation AUC: 0.6341
Final Train Results (Best Model) at epoch 25 - Loss: 0.1628, Accuracy: 0.9643, AUC: 0.9912
Final Val Results (Best Model) at epoch 25 - Loss: 1.7123, Accuracy: 0.6286, AUC: 0.6341
Train Best Threshold: 0.80 | Balanced Acc: 0.9570 | Acc: 0.9571 | Precision: 0.9783 | Recall: 0.9574 | Sensitivity: 0.9574 | Specificity: 0.9565 | PPV: 0.9783 | NPV: 0.9167 | F1: 0.9677
Train Confusion Matrix at Best Threshold (rows=actual [0,1], cols=predicted [0,1]):
[[44  2]
 [ 4 90]]
Val Best Threshold: 0.95 | Balanced Acc: 0.6812 | Acc: 0.6857 | Precision: 0.8000 | Recall: 0.6957 | Sensitivity: 0.6957 | Specificity: 0.6667 | PPV: 0.8000 | NPV: 0.5333 | F1: 0.7442
Val Confusion Matrix at Best Threshold (rows=actual [0,1], cols=predicted [0,1]):
[[ 8  4]
 [ 7 16]]
======================================================================

Training Results - A1 (Mean Pooling)
======================================================================
Model: A1 (Mean Pooling)
Backbone: efficientnetv2_b0
Val AUC: 0.6341
======================================================================
