Starting single train/val split training for C1 (Mean Pooling)
Configuration:
  clinical_csv: data/annotations/175_clinical_5_variables.csv
  image_root: data/nakagami_full
  patient_id_column: NO
  label_column: CL_F2
  image_pattern: Nakagami_image_*.png
  n_folds: 5
  batch_size: 16
  learning_rate: 1e-06
  num_epochs: 60
  early_stopping_patience: 15
  early_stopping_min_delta: 0.001
  backbone: efficientnetv2_b2
  pretrained: True
  device: cuda
  num_workers: 4
  pooling: mean
  attention_hidden: 128
  clinical_dim: 512
  fusion_hidden: 128
  dropout: 0.5
  clinical_features: ['AST', 'ALT', 'PLT', 'APRI', 'FIB_4']
  seed: 42
  no_cv: True
  val_split: 0.2
  weight_decay: 0.0001
  label_smoothing: 0.1
  log_dir: runs/bmode_clinical
  scheduler: none
  scheduler_patience: 5
  scheduler_factor: 0.1
  scheduler_step_size: 10
  scheduler_gamma: 0.1
Loading clinical data...
Loaded 175 patients from clinical data
Building patient records...
Building patient records from 175 patients...
Image root: data/nakagami_full
Image pattern: Nakagami_image_*.png
Successfully created 175 patient records
Created 175 patient records
Train/Val Split:
  Train: 140 patients (80.0%)
  Val:   35 patients (20.0%)
====================Training single model====================
Train: 140 patients
Val: 35 patients
Fitting clinical preprocessor on training data...
Built clinical feature dictionaries: train=140, val=35
Clinical input dimension: 5
Backbone feature dimension: 1408
Created mean pooling model with backbone efficientnetv2_b2
Using device: cuda
Class weights: [1.0, 0.4893617033958435]
Weight decay (L2 reg): 0.0001
Label smoothing: 0.1

Epoch 1/60 - Train Loss: 0.7132, Train Acc: 0.3357, Train AUC: 0.4130 - Val Loss: 0.7500, Val Acc (0.5): 0.3429, Val AUC: 0.5471
  Train Best Threshold 0.40 → Balanced Acc: 0.5065, Acc: 0.6429, Sensitivity: 0.9043, Specificity: 0.1087, PPV: 0.6746, NPV: 0.3571, F1: 0.7727
  Val Best Threshold 0.05 → Balanced Acc: 0.5000, Acc: 0.6571, Sensitivity: 1.0000, Specificity: 0.0000, PPV: 0.6571, NPV: 0.0000, F1: 0.7931
  → New best validation AUC: 0.5471
Epoch 2/60 - Train Loss: 0.7060, Train Acc: 0.3500, Train AUC: 0.5192 - Val Loss: 0.7416, Val Acc (0.5): 0.3429, Val AUC: 0.5870
  Train Best Threshold 0.45 → Balanced Acc: 0.5333, Acc: 0.5000, Sensitivity: 0.4362, Specificity: 0.6304, PPV: 0.7069, NPV: 0.3537, F1: 0.5395
  Val Best Threshold 0.45 → Balanced Acc: 0.6087, Acc: 0.4857, Sensitivity: 0.2174, Specificity: 1.0000, PPV: 1.0000, NPV: 0.4000, F1: 0.3571
  → New best validation AUC: 0.5870
Epoch 3/60 - Train Loss: 0.7043, Train Acc: 0.3357, Train AUC: 0.5377 - Val Loss: 0.7358, Val Acc (0.5): 0.3429, Val AUC: 0.6159
  Train Best Threshold 0.40 → Balanced Acc: 0.5065, Acc: 0.6429, Sensitivity: 0.9043, Specificity: 0.1087, PPV: 0.6746, NPV: 0.3571, F1: 0.7727
  Val Best Threshold 0.45 → Balanced Acc: 0.5707, Acc: 0.5143, Sensitivity: 0.3913, Specificity: 0.7500, PPV: 0.7500, NPV: 0.3913, F1: 0.5143
  → New best validation AUC: 0.6159
Epoch 4/60 - Train Loss: 0.7087, Train Acc: 0.3357, Train AUC: 0.5190 - Val Loss: 0.7354, Val Acc (0.5): 0.3429, Val AUC: 0.6051
  Train Best Threshold 0.45 → Balanced Acc: 0.5062, Acc: 0.4786, Sensitivity: 0.4255, Specificity: 0.5870, PPV: 0.6780, NPV: 0.3333, F1: 0.5229
  Val Best Threshold 0.45 → Balanced Acc: 0.5906, Acc: 0.5143, Sensitivity: 0.3478, Specificity: 0.8333, PPV: 0.8000, NPV: 0.4000, F1: 0.4848
Epoch 5/60 - Train Loss: 0.7066, Train Acc: 0.3357, Train AUC: 0.5125 - Val Loss: 0.7354, Val Acc (0.5): 0.3429, Val AUC: 0.6304
  Train Best Threshold 0.45 → Balanced Acc: 0.5770, Acc: 0.5214, Sensitivity: 0.4149, Specificity: 0.7391, PPV: 0.7647, NPV: 0.3820, F1: 0.5379
  Val Best Threshold 0.45 → Balanced Acc: 0.5489, Acc: 0.4857, Sensitivity: 0.3478, Specificity: 0.7500, PPV: 0.7273, NPV: 0.3750, F1: 0.4706
  → New best validation AUC: 0.6304
Epoch 6/60 - Train Loss: 0.7047, Train Acc: 0.3286, Train AUC: 0.5927 - Val Loss: 0.7360, Val Acc (0.5): 0.3429, Val AUC: 0.6232
  Train Best Threshold 0.45 → Balanced Acc: 0.5816, Acc: 0.5500, Sensitivity: 0.4894, Specificity: 0.6739, PPV: 0.7541, NPV: 0.3924, F1: 0.5935
  Val Best Threshold 0.45 → Balanced Acc: 0.5688, Acc: 0.4857, Sensitivity: 0.3043, Specificity: 0.8333, PPV: 0.7778, NPV: 0.3846, F1: 0.4375
Epoch 7/60 - Train Loss: 0.7047, Train Acc: 0.3357, Train AUC: 0.5489 - Val Loss: 0.7361, Val Acc (0.5): 0.3429, Val AUC: 0.6268
  Train Best Threshold 0.45 → Balanced Acc: 0.5176, Acc: 0.4714, Sensitivity: 0.3830, Specificity: 0.6522, PPV: 0.6923, NPV: 0.3409, F1: 0.4932
  Val Best Threshold 0.45 → Balanced Acc: 0.5906, Acc: 0.5143, Sensitivity: 0.3478, Specificity: 0.8333, PPV: 0.8000, NPV: 0.4000, F1: 0.4848
Epoch 8/60 - Train Loss: 0.7024, Train Acc: 0.3500, Train AUC: 0.5460 - Val Loss: 0.7349, Val Acc (0.5): 0.3429, Val AUC: 0.6377
  Train Best Threshold 0.50 → Balanced Acc: 0.5160, Acc: 0.3500, Sensitivity: 0.0319, Specificity: 1.0000, PPV: 1.0000, NPV: 0.3358, F1: 0.0619
  Val Best Threshold 0.45 → Balanced Acc: 0.5906, Acc: 0.5143, Sensitivity: 0.3478, Specificity: 0.8333, PPV: 0.8000, NPV: 0.4000, F1: 0.4848
  → New best validation AUC: 0.6377
Epoch 9/60 - Train Loss: 0.7014, Train Acc: 0.3500, Train AUC: 0.5444 - Val Loss: 0.7343, Val Acc (0.5): 0.3429, Val AUC: 0.6558
  Train Best Threshold 0.40 → Balanced Acc: 0.5167, Acc: 0.6714, Sensitivity: 0.9681, Specificity: 0.0652, PPV: 0.6791, NPV: 0.5000, F1: 0.7982
  Val Best Threshold 0.45 → Balanced Acc: 0.5489, Acc: 0.4857, Sensitivity: 0.3478, Specificity: 0.7500, PPV: 0.7273, NPV: 0.3750, F1: 0.4706
  → New best validation AUC: 0.6558
Epoch 10/60 - Train Loss: 0.7006, Train Acc: 0.3429, Train AUC: 0.6223 - Val Loss: 0.7332, Val Acc (0.5): 0.3429, Val AUC: 0.6522
  Train Best Threshold 0.45 → Balanced Acc: 0.5768, Acc: 0.5286, Sensitivity: 0.4362, Specificity: 0.7174, PPV: 0.7593, NPV: 0.3837, F1: 0.5541
  Val Best Threshold 0.45 → Balanced Acc: 0.5489, Acc: 0.4857, Sensitivity: 0.3478, Specificity: 0.7500, PPV: 0.7273, NPV: 0.3750, F1: 0.4706
Epoch 11/60 - Train Loss: 0.7093, Train Acc: 0.3429, Train AUC: 0.5074 - Val Loss: 0.7307, Val Acc (0.5): 0.3429, Val AUC: 0.6920
  Train Best Threshold 0.50 → Balanced Acc: 0.5106, Acc: 0.3429, Sensitivity: 0.0213, Specificity: 1.0000, PPV: 1.0000, NPV: 0.3333, F1: 0.0417
  Val Best Threshold 0.45 → Balanced Acc: 0.5924, Acc: 0.5429, Sensitivity: 0.4348, Specificity: 0.7500, PPV: 0.7692, NPV: 0.4091, F1: 0.5556
  → New best validation AUC: 0.6920
Epoch 12/60 - Train Loss: 0.7074, Train Acc: 0.3286, Train AUC: 0.4877 - Val Loss: 0.7325, Val Acc (0.5): 0.3429, Val AUC: 0.6920
  Train Best Threshold 0.05 → Balanced Acc: 0.5000, Acc: 0.6714, Sensitivity: 1.0000, Specificity: 0.0000, PPV: 0.6714, NPV: 0.0000, F1: 0.8034
  Val Best Threshold 0.45 → Balanced Acc: 0.6341, Acc: 0.5714, Sensitivity: 0.4348, Specificity: 0.8333, PPV: 0.8333, NPV: 0.4348, F1: 0.5714
Epoch 13/60 - Train Loss: 0.7028, Train Acc: 0.3357, Train AUC: 0.5830 - Val Loss: 0.7298, Val Acc (0.5): 0.3429, Val AUC: 0.7355
  Train Best Threshold 0.45 → Balanced Acc: 0.5539, Acc: 0.5500, Sensitivity: 0.5426, Specificity: 0.5652, PPV: 0.7183, NPV: 0.3768, F1: 0.6182
  Val Best Threshold 0.45 → Balanced Acc: 0.6359, Acc: 0.6000, Sensitivity: 0.5217, Specificity: 0.7500, PPV: 0.8000, NPV: 0.4500, F1: 0.6316
  → New best validation AUC: 0.7355
Epoch 14/60 - Train Loss: 0.7013, Train Acc: 0.3643, Train AUC: 0.5902 - Val Loss: 0.7289, Val Acc (0.5): 0.3429, Val AUC: 0.7500
  Train Best Threshold 0.45 → Balanced Acc: 0.5599, Acc: 0.5357, Sensitivity: 0.4894, Specificity: 0.6304, PPV: 0.7302, NPV: 0.3766, F1: 0.5860
  Val Best Threshold 0.45 → Balanced Acc: 0.6775, Acc: 0.6286, Sensitivity: 0.5217, Specificity: 0.8333, PPV: 0.8571, NPV: 0.4762, F1: 0.6486
  → New best validation AUC: 0.7500
Epoch 15/60 - Train Loss: 0.7020, Train Acc: 0.3429, Train AUC: 0.5601 - Val Loss: 0.7290, Val Acc (0.5): 0.3429, Val AUC: 0.7536
  Train Best Threshold 0.45 → Balanced Acc: 0.5217, Acc: 0.5143, Sensitivity: 0.5000, Specificity: 0.5435, PPV: 0.6912, NPV: 0.3472, F1: 0.5802
  Val Best Threshold 0.45 → Balanced Acc: 0.6775, Acc: 0.6286, Sensitivity: 0.5217, Specificity: 0.8333, PPV: 0.8571, NPV: 0.4762, F1: 0.6486
  → New best validation AUC: 0.7536
Epoch 16/60 - Train Loss: 0.7007, Train Acc: 0.3357, Train AUC: 0.5664 - Val Loss: 0.7291, Val Acc (0.5): 0.3429, Val AUC: 0.7609
  Train Best Threshold 0.45 → Balanced Acc: 0.5652, Acc: 0.5429, Sensitivity: 0.5000, Specificity: 0.6304, PPV: 0.7344, NPV: 0.3816, F1: 0.5949
  Val Best Threshold 0.45 → Balanced Acc: 0.6775, Acc: 0.6286, Sensitivity: 0.5217, Specificity: 0.8333, PPV: 0.8571, NPV: 0.4762, F1: 0.6486
  → New best validation AUC: 0.7609
Epoch 17/60 - Train Loss: 0.7000, Train Acc: 0.3500, Train AUC: 0.5872 - Val Loss: 0.7265, Val Acc (0.5): 0.3429, Val AUC: 0.7935
  Train Best Threshold 0.45 → Balanced Acc: 0.5333, Acc: 0.5000, Sensitivity: 0.4362, Specificity: 0.6304, PPV: 0.7069, NPV: 0.3537, F1: 0.5395
  Val Best Threshold 0.45 → Balanced Acc: 0.7409, Acc: 0.6857, Sensitivity: 0.5652, Specificity: 0.9167, PPV: 0.9286, NPV: 0.5238, F1: 0.7027
  → New best validation AUC: 0.7935
Epoch 18/60 - Train Loss: 0.6957, Train Acc: 0.3500, Train AUC: 0.6267 - Val Loss: 0.7283, Val Acc (0.5): 0.3429, Val AUC: 0.7681
  Train Best Threshold 0.45 → Balanced Acc: 0.5969, Acc: 0.5929, Sensitivity: 0.5851, Specificity: 0.6087, PPV: 0.7534, NPV: 0.4179, F1: 0.6587
  Val Best Threshold 0.45 → Balanced Acc: 0.7192, Acc: 0.6571, Sensitivity: 0.5217, Specificity: 0.9167, PPV: 0.9231, NPV: 0.5000, F1: 0.6667
Epoch 19/60 - Train Loss: 0.6976, Train Acc: 0.3643, Train AUC: 0.5946 - Val Loss: 0.7271, Val Acc (0.5): 0.3429, Val AUC: 0.7899
  Train Best Threshold 0.45 → Balanced Acc: 0.5543, Acc: 0.5357, Sensitivity: 0.5000, Specificity: 0.6087, PPV: 0.7231, NPV: 0.3733, F1: 0.5912
  Val Best Threshold 0.45 → Balanced Acc: 0.6975, Acc: 0.6286, Sensitivity: 0.4783, Specificity: 0.9167, PPV: 0.9167, NPV: 0.4783, F1: 0.6286
Epoch 20/60 - Train Loss: 0.7043, Train Acc: 0.3429, Train AUC: 0.5951 - Val Loss: 0.7232, Val Acc (0.5): 0.3429, Val AUC: 0.8297
  Train Best Threshold 0.45 → Balanced Acc: 0.5870, Acc: 0.5571, Sensitivity: 0.5000, Specificity: 0.6739, PPV: 0.7581, NPV: 0.3974, F1: 0.6026
  Val Best Threshold 0.45 → Balanced Acc: 0.7428, Acc: 0.7143, Sensitivity: 0.6522, Specificity: 0.8333, PPV: 0.8824, NPV: 0.5556, F1: 0.7500
  → New best validation AUC: 0.8297
Epoch 21/60 - Train Loss: 0.7042, Train Acc: 0.3429, Train AUC: 0.5301 - Val Loss: 0.7249, Val Acc (0.5): 0.3429, Val AUC: 0.8152
  Train Best Threshold 0.45 → Balanced Acc: 0.5539, Acc: 0.5500, Sensitivity: 0.5426, Specificity: 0.5652, PPV: 0.7183, NPV: 0.3768, F1: 0.6182
  Val Best Threshold 0.45 → Balanced Acc: 0.7826, Acc: 0.7143, Sensitivity: 0.5652, Specificity: 1.0000, PPV: 1.0000, NPV: 0.5455, F1: 0.7222
Epoch 22/60 - Train Loss: 0.7014, Train Acc: 0.3429, Train AUC: 0.5382 - Val Loss: 0.7252, Val Acc (0.5): 0.3429, Val AUC: 0.8043
  Train Best Threshold 0.45 → Balanced Acc: 0.5486, Acc: 0.5429, Sensitivity: 0.5319, Specificity: 0.5652, PPV: 0.7143, NPV: 0.3714, F1: 0.6098
  Val Best Threshold 0.45 → Balanced Acc: 0.7192, Acc: 0.6571, Sensitivity: 0.5217, Specificity: 0.9167, PPV: 0.9231, NPV: 0.5000, F1: 0.6667
Epoch 23/60 - Train Loss: 0.7056, Train Acc: 0.3571, Train AUC: 0.6006 - Val Loss: 0.7256, Val Acc (0.5): 0.3429, Val AUC: 0.8188
  Train Best Threshold 0.45 → Balanced Acc: 0.5976, Acc: 0.5714, Sensitivity: 0.5213, Specificity: 0.6739, PPV: 0.7656, NPV: 0.4079, F1: 0.6203
  Val Best Threshold 0.45 → Balanced Acc: 0.7192, Acc: 0.6571, Sensitivity: 0.5217, Specificity: 0.9167, PPV: 0.9231, NPV: 0.5000, F1: 0.6667
Epoch 24/60 - Train Loss: 0.7014, Train Acc: 0.3714, Train AUC: 0.5860 - Val Loss: 0.7245, Val Acc (0.5): 0.3429, Val AUC: 0.8261
  Train Best Threshold 0.45 → Balanced Acc: 0.5807, Acc: 0.5786, Sensitivity: 0.5745, Specificity: 0.5870, PPV: 0.7397, NPV: 0.4030, F1: 0.6467
  Val Best Threshold 0.45 → Balanced Acc: 0.7826, Acc: 0.7143, Sensitivity: 0.5652, Specificity: 1.0000, PPV: 1.0000, NPV: 0.5455, F1: 0.7222
Epoch 25/60 - Train Loss: 0.7115, Train Acc: 0.3357, Train AUC: 0.4961 - Val Loss: 0.7225, Val Acc (0.5): 0.3429, Val AUC: 0.8442
  Train Best Threshold 0.05 → Balanced Acc: 0.5000, Acc: 0.6714, Sensitivity: 1.0000, Specificity: 0.0000, PPV: 0.6714, NPV: 0.0000, F1: 0.8034
  Val Best Threshold 0.45 → Balanced Acc: 0.7627, Acc: 0.7143, Sensitivity: 0.6087, Specificity: 0.9167, PPV: 0.9333, NPV: 0.5500, F1: 0.7368
  → New best validation AUC: 0.8442
Epoch 26/60 - Train Loss: 0.6982, Train Acc: 0.3500, Train AUC: 0.5844 - Val Loss: 0.7217, Val Acc (0.5): 0.3429, Val AUC: 0.8514
  Train Best Threshold 0.45 → Balanced Acc: 0.5594, Acc: 0.5500, Sensitivity: 0.5319, Specificity: 0.5870, PPV: 0.7246, NPV: 0.3803, F1: 0.6135
  Val Best Threshold 0.45 → Balanced Acc: 0.7627, Acc: 0.7143, Sensitivity: 0.6087, Specificity: 0.9167, PPV: 0.9333, NPV: 0.5500, F1: 0.7368
  → New best validation AUC: 0.8514
Epoch 27/60 - Train Loss: 0.6984, Train Acc: 0.3214, Train AUC: 0.6471 - Val Loss: 0.7197, Val Acc (0.5): 0.3429, Val AUC: 0.8587
  Train Best Threshold 0.45 → Balanced Acc: 0.5870, Acc: 0.5571, Sensitivity: 0.5000, Specificity: 0.6739, PPV: 0.7581, NPV: 0.3974, F1: 0.6026
  Val Best Threshold 0.45 → Balanced Acc: 0.7844, Acc: 0.7429, Sensitivity: 0.6522, Specificity: 0.9167, PPV: 0.9375, NPV: 0.5789, F1: 0.7692
  → New best validation AUC: 0.8587
Epoch 28/60 - Train Loss: 0.6968, Train Acc: 0.3643, Train AUC: 0.6240 - Val Loss: 0.7196, Val Acc (0.5): 0.3429, Val AUC: 0.8514
  Train Best Threshold 0.45 → Balanced Acc: 0.6184, Acc: 0.6143, Sensitivity: 0.6064, Specificity: 0.6304, PPV: 0.7703, NPV: 0.4394, F1: 0.6786
  Val Best Threshold 0.45 → Balanced Acc: 0.7627, Acc: 0.7143, Sensitivity: 0.6087, Specificity: 0.9167, PPV: 0.9333, NPV: 0.5500, F1: 0.7368
Epoch 29/60 - Train Loss: 0.6935, Train Acc: 0.3714, Train AUC: 0.6473 - Val Loss: 0.7194, Val Acc (0.5): 0.3429, Val AUC: 0.8406
  Train Best Threshold 0.45 → Balanced Acc: 0.5698, Acc: 0.5714, Sensitivity: 0.5745, Specificity: 0.5652, PPV: 0.7297, NPV: 0.3939, F1: 0.6429
  Val Best Threshold 0.45 → Balanced Acc: 0.7428, Acc: 0.7143, Sensitivity: 0.6522, Specificity: 0.8333, PPV: 0.8824, NPV: 0.5556, F1: 0.7500
Epoch 30/60 - Train Loss: 0.6954, Train Acc: 0.3857, Train AUC: 0.5994 - Val Loss: 0.7171, Val Acc (0.5): 0.3429, Val AUC: 0.8732
  Train Best Threshold 0.45 → Balanced Acc: 0.5375, Acc: 0.5429, Sensitivity: 0.5532, Specificity: 0.5217, PPV: 0.7027, NPV: 0.3636, F1: 0.6190
  Val Best Threshold 0.45 → Balanced Acc: 0.7862, Acc: 0.7714, Sensitivity: 0.7391, Specificity: 0.8333, PPV: 0.8947, NPV: 0.6250, F1: 0.8095
  → New best validation AUC: 0.8732
Epoch 31/60 - Train Loss: 0.7018, Train Acc: 0.3786, Train AUC: 0.5890 - Val Loss: 0.7180, Val Acc (0.5): 0.3429, Val AUC: 0.8804
  Train Best Threshold 0.45 → Balanced Acc: 0.6025, Acc: 0.5929, Sensitivity: 0.5745, Specificity: 0.6304, PPV: 0.7606, NPV: 0.4203, F1: 0.6545
  Val Best Threshold 0.45 → Balanced Acc: 0.8478, Acc: 0.8000, Sensitivity: 0.6957, Specificity: 1.0000, PPV: 1.0000, NPV: 0.6316, F1: 0.8205
  → New best validation AUC: 0.8804
Epoch 32/60 - Train Loss: 0.6943, Train Acc: 0.3643, Train AUC: 0.6427 - Val Loss: 0.7160, Val Acc (0.5): 0.3429, Val AUC: 0.8804
  Train Best Threshold 0.45 → Balanced Acc: 0.6184, Acc: 0.6143, Sensitivity: 0.6064, Specificity: 0.6304, PPV: 0.7703, NPV: 0.4394, F1: 0.6786
  Val Best Threshold 0.45 → Balanced Acc: 0.8478, Acc: 0.8000, Sensitivity: 0.6957, Specificity: 1.0000, PPV: 1.0000, NPV: 0.6316, F1: 0.8205
Epoch 33/60 - Train Loss: 0.6962, Train Acc: 0.3714, Train AUC: 0.6549 - Val Loss: 0.7161, Val Acc (0.5): 0.3429, Val AUC: 0.8841
  Train Best Threshold 0.45 → Balanced Acc: 0.5641, Acc: 0.5786, Sensitivity: 0.6064, Specificity: 0.5217, PPV: 0.7215, NPV: 0.3934, F1: 0.6590
  Val Best Threshold 0.45 → Balanced Acc: 0.8696, Acc: 0.8286, Sensitivity: 0.7391, Specificity: 1.0000, PPV: 1.0000, NPV: 0.6667, F1: 0.8500
  → New best validation AUC: 0.8841
Epoch 34/60 - Train Loss: 0.6889, Train Acc: 0.3500, Train AUC: 0.7058 - Val Loss: 0.7155, Val Acc (0.5): 0.3429, Val AUC: 0.8841
  Train Best Threshold 0.45 → Balanced Acc: 0.6290, Acc: 0.6286, Sensitivity: 0.6277, Specificity: 0.6304, PPV: 0.7763, NPV: 0.4531, F1: 0.6941
  Val Best Threshold 0.45 → Balanced Acc: 0.8696, Acc: 0.8286, Sensitivity: 0.7391, Specificity: 1.0000, PPV: 1.0000, NPV: 0.6667, F1: 0.8500
Epoch 35/60 - Train Loss: 0.6937, Train Acc: 0.3786, Train AUC: 0.6933 - Val Loss: 0.7158, Val Acc (0.5): 0.3429, Val AUC: 0.8732
  Train Best Threshold 0.45 → Balanced Acc: 0.6836, Acc: 0.6571, Sensitivity: 0.6064, Specificity: 0.7609, PPV: 0.8382, NPV: 0.4861, F1: 0.7037
  Val Best Threshold 0.45 → Balanced Acc: 0.8696, Acc: 0.8286, Sensitivity: 0.7391, Specificity: 1.0000, PPV: 1.0000, NPV: 0.6667, F1: 0.8500
Epoch 36/60 - Train Loss: 0.6934, Train Acc: 0.3643, Train AUC: 0.6522 - Val Loss: 0.7147, Val Acc (0.5): 0.3429, Val AUC: 0.8804
  Train Best Threshold 0.45 → Balanced Acc: 0.5696, Acc: 0.5786, Sensitivity: 0.5957, Specificity: 0.5435, PPV: 0.7273, NPV: 0.3968, F1: 0.6550
  Val Best Threshold 0.45 → Balanced Acc: 0.8696, Acc: 0.8286, Sensitivity: 0.7391, Specificity: 1.0000, PPV: 1.0000, NPV: 0.6667, F1: 0.8500
Epoch 37/60 - Train Loss: 0.6992, Train Acc: 0.3714, Train AUC: 0.5786 - Val Loss: 0.7146, Val Acc (0.5): 0.3429, Val AUC: 0.8913
  Train Best Threshold 0.45 → Balanced Acc: 0.5698, Acc: 0.5714, Sensitivity: 0.5745, Specificity: 0.5652, PPV: 0.7297, NPV: 0.3939, F1: 0.6429
  Val Best Threshold 0.45 → Balanced Acc: 0.8279, Acc: 0.8000, Sensitivity: 0.7391, Specificity: 0.9167, PPV: 0.9444, NPV: 0.6471, F1: 0.8293
  → New best validation AUC: 0.8913
Epoch 38/60 - Train Loss: 0.6937, Train Acc: 0.4000, Train AUC: 0.6721 - Val Loss: 0.7155, Val Acc (0.5): 0.3429, Val AUC: 0.8913
  Train Best Threshold 0.45 → Balanced Acc: 0.6237, Acc: 0.6214, Sensitivity: 0.6170, Specificity: 0.6304, PPV: 0.7733, NPV: 0.4462, F1: 0.6864
  Val Best Threshold 0.45 → Balanced Acc: 0.8279, Acc: 0.8000, Sensitivity: 0.7391, Specificity: 0.9167, PPV: 0.9444, NPV: 0.6471, F1: 0.8293
Epoch 39/60 - Train Loss: 0.6932, Train Acc: 0.3857, Train AUC: 0.6284 - Val Loss: 0.7118, Val Acc (0.5): 0.3429, Val AUC: 0.8877
  Train Best Threshold 0.45 → Balanced Acc: 0.5747, Acc: 0.5929, Sensitivity: 0.6277, Specificity: 0.5217, PPV: 0.7284, NPV: 0.4068, F1: 0.6743
  Val Best Threshold 0.45 → Balanced Acc: 0.8279, Acc: 0.8000, Sensitivity: 0.7391, Specificity: 0.9167, PPV: 0.9444, NPV: 0.6471, F1: 0.8293
Epoch 40/60 - Train Loss: 0.6921, Train Acc: 0.4214, Train AUC: 0.6878 - Val Loss: 0.7130, Val Acc (0.5): 0.3429, Val AUC: 0.8986
  Train Best Threshold 0.45 → Balanced Acc: 0.6834, Acc: 0.6643, Sensitivity: 0.6277, Specificity: 0.7391, PPV: 0.8310, NPV: 0.4928, F1: 0.7152
  Val Best Threshold 0.45 → Balanced Acc: 0.8696, Acc: 0.8286, Sensitivity: 0.7391, Specificity: 1.0000, PPV: 1.0000, NPV: 0.6667, F1: 0.8500
  → New best validation AUC: 0.8986
Epoch 41/60 - Train Loss: 0.6892, Train Acc: 0.3929, Train AUC: 0.7091 - Val Loss: 0.7099, Val Acc (0.5): 0.3429, Val AUC: 0.8949
  Train Best Threshold 0.45 → Balanced Acc: 0.6297, Acc: 0.6071, Sensitivity: 0.5638, Specificity: 0.6957, PPV: 0.7910, NPV: 0.4384, F1: 0.6584
  Val Best Threshold 0.45 → Balanced Acc: 0.8496, Acc: 0.8286, Sensitivity: 0.7826, Specificity: 0.9167, PPV: 0.9474, NPV: 0.6875, F1: 0.8571
Epoch 42/60 - Train Loss: 0.6931, Train Acc: 0.3643, Train AUC: 0.6665 - Val Loss: 0.7093, Val Acc (0.5): 0.3429, Val AUC: 0.8913
  Train Best Threshold 0.45 → Balanced Acc: 0.6725, Acc: 0.6571, Sensitivity: 0.6277, Specificity: 0.7174, PPV: 0.8194, NPV: 0.4853, F1: 0.7108
  Val Best Threshold 0.45 → Balanced Acc: 0.8080, Acc: 0.8000, Sensitivity: 0.7826, Specificity: 0.8333, PPV: 0.9000, NPV: 0.6667, F1: 0.8372
Epoch 43/60 - Train Loss: 0.6859, Train Acc: 0.4214, Train AUC: 0.7109 - Val Loss: 0.7084, Val Acc (0.5): 0.3429, Val AUC: 0.8949
  Train Best Threshold 0.45 → Balanced Acc: 0.6556, Acc: 0.6643, Sensitivity: 0.6809, Specificity: 0.6304, PPV: 0.7901, NPV: 0.4915, F1: 0.7314
  Val Best Threshold 0.45 → Balanced Acc: 0.8297, Acc: 0.8286, Sensitivity: 0.8261, Specificity: 0.8333, PPV: 0.9048, NPV: 0.7143, F1: 0.8636
Epoch 44/60 - Train Loss: 0.6816, Train Acc: 0.4214, Train AUC: 0.7209 - Val Loss: 0.7077, Val Acc (0.5): 0.3429, Val AUC: 0.8949
  Train Best Threshold 0.45 → Balanced Acc: 0.6612, Acc: 0.6643, Sensitivity: 0.6702, Specificity: 0.6522, PPV: 0.7975, NPV: 0.4918, F1: 0.7283
  Val Best Threshold 0.45 → Balanced Acc: 0.8714, Acc: 0.8571, Sensitivity: 0.8261, Specificity: 0.9167, PPV: 0.9500, NPV: 0.7333, F1: 0.8837
Epoch 45/60 - Train Loss: 0.6859, Train Acc: 0.3857, Train AUC: 0.7183 - Val Loss: 0.7090, Val Acc (0.5): 0.3429, Val AUC: 0.9239
  Train Best Threshold 0.45 → Balanced Acc: 0.6721, Acc: 0.6714, Sensitivity: 0.6702, Specificity: 0.6739, PPV: 0.8077, NPV: 0.5000, F1: 0.7326
  Val Best Threshold 0.45 → Balanced Acc: 0.8496, Acc: 0.8286, Sensitivity: 0.7826, Specificity: 0.9167, PPV: 0.9474, NPV: 0.6875, F1: 0.8571
  → New best validation AUC: 0.9239
Epoch 46/60 - Train Loss: 0.6916, Train Acc: 0.4071, Train AUC: 0.6378 - Val Loss: 0.7090, Val Acc (0.5): 0.3429, Val AUC: 0.9130
  Train Best Threshold 0.45 → Balanced Acc: 0.5809, Acc: 0.5714, Sensitivity: 0.5532, Specificity: 0.6087, PPV: 0.7429, NPV: 0.4000, F1: 0.6341
  Val Best Threshold 0.45 → Balanced Acc: 0.8279, Acc: 0.8000, Sensitivity: 0.7391, Specificity: 0.9167, PPV: 0.9444, NPV: 0.6471, F1: 0.8293
Epoch 47/60 - Train Loss: 0.6908, Train Acc: 0.4071, Train AUC: 0.6575 - Val Loss: 0.7088, Val Acc (0.5): 0.3429, Val AUC: 0.9167
  Train Best Threshold 0.45 → Balanced Acc: 0.6025, Acc: 0.5929, Sensitivity: 0.5745, Specificity: 0.6304, PPV: 0.7606, NPV: 0.4203, F1: 0.6545
  Val Best Threshold 0.45 → Balanced Acc: 0.8279, Acc: 0.8000, Sensitivity: 0.7391, Specificity: 0.9167, PPV: 0.9444, NPV: 0.6471, F1: 0.8293
Epoch 48/60 - Train Loss: 0.6914, Train Acc: 0.4143, Train AUC: 0.6586 - Val Loss: 0.7081, Val Acc (0.5): 0.3429, Val AUC: 0.9094
  Train Best Threshold 0.45 → Balanced Acc: 0.6122, Acc: 0.6357, Sensitivity: 0.6809, Specificity: 0.5435, PPV: 0.7529, NPV: 0.4545, F1: 0.7151
  Val Best Threshold 0.45 → Balanced Acc: 0.8062, Acc: 0.7714, Sensitivity: 0.6957, Specificity: 0.9167, PPV: 0.9412, NPV: 0.6111, F1: 0.8000
Epoch 49/60 - Train Loss: 0.6844, Train Acc: 0.4214, Train AUC: 0.7185 - Val Loss: 0.7060, Val Acc (0.5): 0.3429, Val AUC: 0.9022
  Train Best Threshold 0.45 → Balanced Acc: 0.6506, Acc: 0.6500, Sensitivity: 0.6489, Specificity: 0.6522, PPV: 0.7922, NPV: 0.4762, F1: 0.7135
  Val Best Threshold 0.45 → Balanced Acc: 0.8714, Acc: 0.8571, Sensitivity: 0.8261, Specificity: 0.9167, PPV: 0.9500, NPV: 0.7333, F1: 0.8837
Epoch 50/60 - Train Loss: 0.6927, Train Acc: 0.3929, Train AUC: 0.6510 - Val Loss: 0.7064, Val Acc (0.5): 0.3429, Val AUC: 0.9130
  Train Best Threshold 0.45 → Balanced Acc: 0.5909, Acc: 0.6071, Sensitivity: 0.6383, Specificity: 0.5435, PPV: 0.7407, NPV: 0.4237, F1: 0.6857
  Val Best Threshold 0.45 → Balanced Acc: 0.8279, Acc: 0.8000, Sensitivity: 0.7391, Specificity: 0.9167, PPV: 0.9444, NPV: 0.6471, F1: 0.8293
Epoch 51/60 - Train Loss: 0.6913, Train Acc: 0.3571, Train AUC: 0.6714 - Val Loss: 0.7061, Val Acc (0.5): 0.3429, Val AUC: 0.9094
  Train Best Threshold 0.45 → Balanced Acc: 0.6235, Acc: 0.6286, Sensitivity: 0.6383, Specificity: 0.6087, PPV: 0.7692, NPV: 0.4516, F1: 0.6977
  Val Best Threshold 0.45 → Balanced Acc: 0.8496, Acc: 0.8286, Sensitivity: 0.7826, Specificity: 0.9167, PPV: 0.9474, NPV: 0.6875, F1: 0.8571
Epoch 52/60 - Train Loss: 0.6793, Train Acc: 0.3786, Train AUC: 0.7893 - Val Loss: 0.7055, Val Acc (0.5): 0.3429, Val AUC: 0.9058
  Train Best Threshold 0.45 → Balanced Acc: 0.7257, Acc: 0.7286, Sensitivity: 0.7340, Specificity: 0.7174, PPV: 0.8415, NPV: 0.5690, F1: 0.7841
  Val Best Threshold 0.45 → Balanced Acc: 0.8714, Acc: 0.8571, Sensitivity: 0.8261, Specificity: 0.9167, PPV: 0.9500, NPV: 0.7333, F1: 0.8837
Epoch 53/60 - Train Loss: 0.6868, Train Acc: 0.3857, Train AUC: 0.7151 - Val Loss: 0.7047, Val Acc (0.5): 0.3429, Val AUC: 0.9130
  Train Best Threshold 0.45 → Balanced Acc: 0.6876, Acc: 0.7071, Sensitivity: 0.7447, Specificity: 0.6304, PPV: 0.8046, NPV: 0.5472, F1: 0.7735
  Val Best Threshold 0.45 → Balanced Acc: 0.8279, Acc: 0.8000, Sensitivity: 0.7391, Specificity: 0.9167, PPV: 0.9444, NPV: 0.6471, F1: 0.8293
Epoch 54/60 - Train Loss: 0.6901, Train Acc: 0.4429, Train AUC: 0.6813 - Val Loss: 0.7046, Val Acc (0.5): 0.3429, Val AUC: 0.9130
  Train Best Threshold 0.45 → Balanced Acc: 0.5967, Acc: 0.6000, Sensitivity: 0.6064, Specificity: 0.5870, PPV: 0.7500, NPV: 0.4219, F1: 0.6706
  Val Best Threshold 0.45 → Balanced Acc: 0.8279, Acc: 0.8000, Sensitivity: 0.7391, Specificity: 0.9167, PPV: 0.9444, NPV: 0.6471, F1: 0.8293
Epoch 55/60 - Train Loss: 0.6777, Train Acc: 0.4500, Train AUC: 0.7858 - Val Loss: 0.7043, Val Acc (0.5): 0.3714, Val AUC: 0.9094
  Train Best Threshold 0.45 → Balanced Acc: 0.6989, Acc: 0.7000, Sensitivity: 0.7021, Specificity: 0.6957, PPV: 0.8250, NPV: 0.5333, F1: 0.7586
  Val Best Threshold 0.45 → Balanced Acc: 0.8496, Acc: 0.8286, Sensitivity: 0.7826, Specificity: 0.9167, PPV: 0.9474, NPV: 0.6875, F1: 0.8571
Epoch 56/60 - Train Loss: 0.6929, Train Acc: 0.4643, Train AUC: 0.6769 - Val Loss: 0.7031, Val Acc (0.5): 0.3714, Val AUC: 0.9022
  Train Best Threshold 0.45 → Balanced Acc: 0.6395, Acc: 0.6500, Sensitivity: 0.6702, Specificity: 0.6087, PPV: 0.7778, NPV: 0.4746, F1: 0.7200
  Val Best Threshold 0.45 → Balanced Acc: 0.8496, Acc: 0.8286, Sensitivity: 0.7826, Specificity: 0.9167, PPV: 0.9474, NPV: 0.6875, F1: 0.8571
Epoch 57/60 - Train Loss: 0.6874, Train Acc: 0.4143, Train AUC: 0.7003 - Val Loss: 0.7034, Val Acc (0.5): 0.4000, Val AUC: 0.8986
  Train Best Threshold 0.45 → Balanced Acc: 0.6339, Acc: 0.6500, Sensitivity: 0.6809, Specificity: 0.5870, PPV: 0.7711, NPV: 0.4737, F1: 0.7232
  Val Best Threshold 0.45 → Balanced Acc: 0.8496, Acc: 0.8286, Sensitivity: 0.7826, Specificity: 0.9167, PPV: 0.9474, NPV: 0.6875, F1: 0.8571
Epoch 58/60 - Train Loss: 0.6840, Train Acc: 0.4429, Train AUC: 0.6998 - Val Loss: 0.7048, Val Acc (0.5): 0.4286, Val AUC: 0.9130
  Train Best Threshold 0.45 → Balanced Acc: 0.6284, Acc: 0.6500, Sensitivity: 0.6915, Specificity: 0.5652, PPV: 0.7647, NPV: 0.4727, F1: 0.7263
  Val Best Threshold 0.45 → Balanced Acc: 0.8062, Acc: 0.7714, Sensitivity: 0.6957, Specificity: 0.9167, PPV: 0.9412, NPV: 0.6111, F1: 0.8000
Epoch 59/60 - Train Loss: 0.6902, Train Acc: 0.4571, Train AUC: 0.6607 - Val Loss: 0.7032, Val Acc (0.5): 0.4000, Val AUC: 0.9094
  Train Best Threshold 0.45 → Balanced Acc: 0.6022, Acc: 0.6000, Sensitivity: 0.5957, Specificity: 0.6087, PPV: 0.7568, NPV: 0.4242, F1: 0.6667
  Val Best Threshold 0.45 → Balanced Acc: 0.8279, Acc: 0.8000, Sensitivity: 0.7391, Specificity: 0.9167, PPV: 0.9444, NPV: 0.6471, F1: 0.8293
Epoch 60/60 - Train Loss: 0.6882, Train Acc: 0.4286, Train AUC: 0.6968 - Val Loss: 0.7003, Val Acc (0.5): 0.4571, Val AUC: 0.9094
  Train Best Threshold 0.45 → Balanced Acc: 0.6820, Acc: 0.7071, Sensitivity: 0.7553, Specificity: 0.6087, PPV: 0.7978, NPV: 0.5490, F1: 0.7760
  Val Best Threshold 0.45 → Balanced Acc: 0.8714, Acc: 0.8571, Sensitivity: 0.8261, Specificity: 0.9167, PPV: 0.9500, NPV: 0.7333, F1: 0.8837
Early stopping at epoch 60
Loaded best model with validation AUC: 0.9239
Final Train Results (Best Model) at epoch 45 - Loss: 0.6868, Accuracy: 0.3571, AUC: 0.7817
Final Val Results (Best Model) at epoch 45 - Loss: 0.7090, Accuracy: 0.3429, AUC: 0.9239
Train Best Threshold: 0.45 | Balanced Acc: 0.7586 | Acc: 0.7429 | Sensitivity: 0.7128 | Specificity: 0.8043 | PPV: 0.8816 | NPV: 0.5781 | F1: 0.7882
Train Confusion Matrix at Best Threshold (rows=actual [0,1], cols=predicted [0,1]):
[[37  9]
 [27 67]]
Val Best Threshold: 0.45 | Balanced Acc: 0.8496 | Acc: 0.8286 | Sensitivity: 0.7826 | Specificity: 0.9167 | PPV: 0.9474 | NPV: 0.6875 | F1: 0.8571
Val Confusion Matrix at Best Threshold (rows=actual [0,1], cols=predicted [0,1]):
[[11  1]
 [ 5 18]]
======================================================================

Training Results - C1 (Mean Pooling)
======================================================================
Model: C1 (Mean Pooling)
Backbone: efficientnetv2_b2
Pooling: mean
Val AUC: 0.9239
======================================================================
