Starting single train/val split training for C1 (Mean Pooling)
Configuration:
  clinical_csv: data/annotations/175_clinical_5_variables.csv
  image_root: data/nakagami_full
  patient_id_column: NO
  label_column: CL_F2
  image_pattern: Nakagami_image_*.png
  n_folds: 5
  batch_size: 16
  learning_rate: 1e-05
  num_epochs: 50
  early_stopping_patience: 10
  early_stopping_min_delta: 0.001
  backbone: efficientnetv2_b0
  pretrained: True
  device: cuda
  num_workers: 4
  pooling: mean
  attention_hidden: 128
  clinical_dim: 32
  fusion_hidden: 128
  dropout: 0.5
  clinical_features: ['AST', 'ALT', 'PLT', 'APRI', 'FIB_4']
  seed: 42
  no_cv: True
  val_split: 0.2
  weight_decay: 0.0001
  label_smoothing: 0.1
  log_dir: runs/bmode_clinical
Loading clinical data...
Loaded 175 patients from clinical data
Building patient records...
Building patient records from 175 patients...
Image root: data/nakagami_full
Image pattern: Nakagami_image_*.png
Successfully created 175 patient records
Created 175 patient records
Train/Val Split:
  Train: 140 patients (80.0%)
  Val:   35 patients (20.0%)
====================Training single model====================
Train: 140 patients
Val: 35 patients
Fitting clinical preprocessor on training data...
Built clinical feature dictionaries: train=140, val=35
Clinical input dimension: 5
Backbone feature dimension: 1280
Created mean pooling model with backbone efficientnetv2_b0
Using device: cuda
Class weights: [1.0, 0.4893617033958435]
Weight decay (L2 reg): 0.0001
Label smoothing: 0.1

Epoch 1/50 - Train Loss: 0.7030, Train Acc: 0.6357, Train AUC: 0.5067 - Val Loss: 0.7067, Val Acc (0.5): 0.6571, Val AUC: 0.1630
  Train Best Threshold 0.55 → Balanced Acc: 0.5204, Acc: 0.3857, Sensitivity: 0.1277, Specificity: 0.9130, PPV: 0.7500, NPV: 0.3387, F1: 0.2182
  Val Best Threshold 0.05 → Balanced Acc: 0.5000, Acc: 0.6571, Sensitivity: 1.0000, Specificity: 0.0000, PPV: 0.6571, NPV: 0.0000, F1: 0.7931
  → New best validation AUC: 0.1630
Epoch 2/50 - Train Loss: 0.7134, Train Acc: 0.5071, Train AUC: 0.3934 - Val Loss: 0.7093, Val Acc (0.5): 0.6571, Val AUC: 0.2283
  Train Best Threshold 0.05 → Balanced Acc: 0.5000, Acc: 0.6714, Sensitivity: 1.0000, Specificity: 0.0000, PPV: 0.6714, NPV: 0.0000, F1: 0.8034
  Val Best Threshold 0.05 → Balanced Acc: 0.5000, Acc: 0.6571, Sensitivity: 1.0000, Specificity: 0.0000, PPV: 0.6571, NPV: 0.0000, F1: 0.7931
  → New best validation AUC: 0.2283
Epoch 3/50 - Train Loss: 0.7038, Train Acc: 0.6000, Train AUC: 0.5088 - Val Loss: 0.7094, Val Acc (0.5): 0.6571, Val AUC: 0.2572
  Train Best Threshold 0.50 → Balanced Acc: 0.5301, Acc: 0.6000, Sensitivity: 0.7340, Specificity: 0.3261, PPV: 0.6900, NPV: 0.3750, F1: 0.7113
  Val Best Threshold 0.05 → Balanced Acc: 0.5000, Acc: 0.6571, Sensitivity: 1.0000, Specificity: 0.0000, PPV: 0.6571, NPV: 0.0000, F1: 0.7931
  → New best validation AUC: 0.2572
Epoch 4/50 - Train Loss: 0.7052, Train Acc: 0.5357, Train AUC: 0.4919 - Val Loss: 0.7080, Val Acc (0.5): 0.6286, Val AUC: 0.3406
  Train Best Threshold 0.55 → Balanced Acc: 0.5150, Acc: 0.3786, Sensitivity: 0.1170, Specificity: 0.9130, PPV: 0.7333, NPV: 0.3360, F1: 0.2018
  Val Best Threshold 0.05 → Balanced Acc: 0.5000, Acc: 0.6571, Sensitivity: 1.0000, Specificity: 0.0000, PPV: 0.6571, NPV: 0.0000, F1: 0.7931
  → New best validation AUC: 0.3406
Epoch 5/50 - Train Loss: 0.6995, Train Acc: 0.5929, Train AUC: 0.5775 - Val Loss: 0.7077, Val Acc (0.5): 0.6000, Val AUC: 0.3659
  Train Best Threshold 0.55 → Balanced Acc: 0.5476, Acc: 0.4000, Sensitivity: 0.1170, Specificity: 0.9783, PPV: 0.9167, NPV: 0.3516, F1: 0.2075
  Val Best Threshold 0.05 → Balanced Acc: 0.5000, Acc: 0.6571, Sensitivity: 1.0000, Specificity: 0.0000, PPV: 0.6571, NPV: 0.0000, F1: 0.7931
  → New best validation AUC: 0.3659
Epoch 6/50 - Train Loss: 0.6969, Train Acc: 0.6286, Train AUC: 0.5988 - Val Loss: 0.7072, Val Acc (0.5): 0.6000, Val AUC: 0.4130
  Train Best Threshold 0.50 → Balanced Acc: 0.5624, Acc: 0.6286, Sensitivity: 0.7553, Specificity: 0.3696, PPV: 0.7100, NPV: 0.4250, F1: 0.7320
  Val Best Threshold 0.05 → Balanced Acc: 0.5000, Acc: 0.6571, Sensitivity: 1.0000, Specificity: 0.0000, PPV: 0.6571, NPV: 0.0000, F1: 0.7931
  → New best validation AUC: 0.4130
Epoch 7/50 - Train Loss: 0.7007, Train Acc: 0.5786, Train AUC: 0.5391 - Val Loss: 0.7069, Val Acc (0.5): 0.6000, Val AUC: 0.4094
  Train Best Threshold 0.55 → Balanced Acc: 0.5208, Acc: 0.3714, Sensitivity: 0.0851, Specificity: 0.9565, PPV: 0.8000, NPV: 0.3385, F1: 0.1538
  Val Best Threshold 0.05 → Balanced Acc: 0.5000, Acc: 0.6571, Sensitivity: 1.0000, Specificity: 0.0000, PPV: 0.6571, NPV: 0.0000, F1: 0.7931
Epoch 8/50 - Train Loss: 0.6987, Train Acc: 0.6000, Train AUC: 0.5819 - Val Loss: 0.7075, Val Acc (0.5): 0.5714, Val AUC: 0.4493
  Train Best Threshold 0.50 → Balanced Acc: 0.5412, Acc: 0.6000, Sensitivity: 0.7128, Specificity: 0.3696, PPV: 0.6979, NPV: 0.3864, F1: 0.7053
  Val Best Threshold 0.05 → Balanced Acc: 0.5000, Acc: 0.6571, Sensitivity: 1.0000, Specificity: 0.0000, PPV: 0.6571, NPV: 0.0000, F1: 0.7931
  → New best validation AUC: 0.4493
Epoch 9/50 - Train Loss: 0.7000, Train Acc: 0.6143, Train AUC: 0.5733 - Val Loss: 0.7072, Val Acc (0.5): 0.5714, Val AUC: 0.5181
  Train Best Threshold 0.50 → Balanced Acc: 0.5574, Acc: 0.6143, Sensitivity: 0.7234, Specificity: 0.3913, PPV: 0.7083, NPV: 0.4091, F1: 0.7158
  Val Best Threshold 0.05 → Balanced Acc: 0.5000, Acc: 0.6571, Sensitivity: 1.0000, Specificity: 0.0000, PPV: 0.6571, NPV: 0.0000, F1: 0.7931
  → New best validation AUC: 0.5181
Epoch 10/50 - Train Loss: 0.7045, Train Acc: 0.5714, Train AUC: 0.4907 - Val Loss: 0.7065, Val Acc (0.5): 0.5714, Val AUC: 0.5326
  Train Best Threshold 0.50 → Balanced Acc: 0.5310, Acc: 0.5714, Sensitivity: 0.6489, Specificity: 0.4130, PPV: 0.6932, NPV: 0.3654, F1: 0.6703
  Val Best Threshold 0.05 → Balanced Acc: 0.5000, Acc: 0.6571, Sensitivity: 1.0000, Specificity: 0.0000, PPV: 0.6571, NPV: 0.0000, F1: 0.7931
  → New best validation AUC: 0.5326
Epoch 11/50 - Train Loss: 0.7018, Train Acc: 0.5714, Train AUC: 0.5502 - Val Loss: 0.7055, Val Acc (0.5): 0.6571, Val AUC: 0.5761
  Train Best Threshold 0.50 → Balanced Acc: 0.5476, Acc: 0.5714, Sensitivity: 0.6170, Specificity: 0.4783, PPV: 0.7073, NPV: 0.3793, F1: 0.6591
  Val Best Threshold 0.50 → Balanced Acc: 0.5598, Acc: 0.6571, Sensitivity: 0.8696, Specificity: 0.2500, PPV: 0.6897, NPV: 0.5000, F1: 0.7692
  → New best validation AUC: 0.5761
Epoch 12/50 - Train Loss: 0.6911, Train Acc: 0.6571, Train AUC: 0.6651 - Val Loss: 0.7045, Val Acc (0.5): 0.6571, Val AUC: 0.5942
  Train Best Threshold 0.50 → Balanced Acc: 0.6226, Acc: 0.6571, Sensitivity: 0.7234, Specificity: 0.5217, PPV: 0.7556, NPV: 0.4800, F1: 0.7391
  Val Best Threshold 0.50 → Balanced Acc: 0.5598, Acc: 0.6571, Sensitivity: 0.8696, Specificity: 0.2500, PPV: 0.6897, NPV: 0.5000, F1: 0.7692
  → New best validation AUC: 0.5942
Epoch 13/50 - Train Loss: 0.7013, Train Acc: 0.5214, Train AUC: 0.5377 - Val Loss: 0.7047, Val Acc (0.5): 0.6286, Val AUC: 0.6123
  Train Best Threshold 0.55 → Balanced Acc: 0.5266, Acc: 0.3643, Sensitivity: 0.0532, Specificity: 1.0000, PPV: 1.0000, NPV: 0.3407, F1: 0.1010
  Val Best Threshold 0.50 → Balanced Acc: 0.5380, Acc: 0.6286, Sensitivity: 0.8261, Specificity: 0.2500, PPV: 0.6786, NPV: 0.4286, F1: 0.7451
  → New best validation AUC: 0.6123
Epoch 14/50 - Train Loss: 0.6982, Train Acc: 0.5929, Train AUC: 0.5629 - Val Loss: 0.7038, Val Acc (0.5): 0.6571, Val AUC: 0.6558
  Train Best Threshold 0.50 → Balanced Acc: 0.5469, Acc: 0.5929, Sensitivity: 0.6809, Specificity: 0.4130, PPV: 0.7033, NPV: 0.3878, F1: 0.6919
  Val Best Threshold 0.50 → Balanced Acc: 0.5797, Acc: 0.6571, Sensitivity: 0.8261, Specificity: 0.3333, PPV: 0.7037, NPV: 0.5000, F1: 0.7600
  → New best validation AUC: 0.6558
Epoch 15/50 - Train Loss: 0.6923, Train Acc: 0.6429, Train AUC: 0.6591 - Val Loss: 0.7011, Val Acc (0.5): 0.6571, Val AUC: 0.7065
  Train Best Threshold 0.50 → Balanced Acc: 0.6119, Acc: 0.6429, Sensitivity: 0.7021, Specificity: 0.5217, PPV: 0.7500, NPV: 0.4615, F1: 0.7253
  Val Best Threshold 0.50 → Balanced Acc: 0.5598, Acc: 0.6571, Sensitivity: 0.8696, Specificity: 0.2500, PPV: 0.6897, NPV: 0.5000, F1: 0.7692
  → New best validation AUC: 0.7065
Epoch 16/50 - Train Loss: 0.6972, Train Acc: 0.5643, Train AUC: 0.5923 - Val Loss: 0.7012, Val Acc (0.5): 0.6571, Val AUC: 0.7138
  Train Best Threshold 0.50 → Balanced Acc: 0.5423, Acc: 0.5643, Sensitivity: 0.6064, Specificity: 0.4783, PPV: 0.7037, NPV: 0.3729, F1: 0.6514
  Val Best Threshold 0.50 → Balanced Acc: 0.5598, Acc: 0.6571, Sensitivity: 0.8696, Specificity: 0.2500, PPV: 0.6897, NPV: 0.5000, F1: 0.7692
  → New best validation AUC: 0.7138
Epoch 17/50 - Train Loss: 0.6918, Train Acc: 0.6214, Train AUC: 0.6358 - Val Loss: 0.7002, Val Acc (0.5): 0.6857, Val AUC: 0.7464
  Train Best Threshold 0.50 → Balanced Acc: 0.5960, Acc: 0.6214, Sensitivity: 0.6702, Specificity: 0.5217, PPV: 0.7412, NPV: 0.4364, F1: 0.7039
  Val Best Threshold 0.50 → Balanced Acc: 0.5815, Acc: 0.6857, Sensitivity: 0.9130, Specificity: 0.2500, PPV: 0.7000, NPV: 0.6000, F1: 0.7925
  → New best validation AUC: 0.7464
Epoch 18/50 - Train Loss: 0.6976, Train Acc: 0.5714, Train AUC: 0.5798 - Val Loss: 0.6999, Val Acc (0.5): 0.6857, Val AUC: 0.7500
  Train Best Threshold 0.50 → Balanced Acc: 0.5365, Acc: 0.5714, Sensitivity: 0.6383, Specificity: 0.4348, PPV: 0.6977, NPV: 0.3704, F1: 0.6667
  Val Best Threshold 0.50 → Balanced Acc: 0.6014, Acc: 0.6857, Sensitivity: 0.8696, Specificity: 0.3333, PPV: 0.7143, NPV: 0.5714, F1: 0.7843
  → New best validation AUC: 0.7500
Epoch 19/50 - Train Loss: 0.6943, Train Acc: 0.6071, Train AUC: 0.6163 - Val Loss: 0.6984, Val Acc (0.5): 0.6857, Val AUC: 0.7464
  Train Best Threshold 0.50 → Balanced Acc: 0.5964, Acc: 0.6071, Sensitivity: 0.6277, Specificity: 0.5652, PPV: 0.7468, NPV: 0.4262, F1: 0.6821
  Val Best Threshold 0.50 → Balanced Acc: 0.5815, Acc: 0.6857, Sensitivity: 0.9130, Specificity: 0.2500, PPV: 0.7000, NPV: 0.6000, F1: 0.7925
Epoch 20/50 - Train Loss: 0.6972, Train Acc: 0.5286, Train AUC: 0.6011 - Val Loss: 0.6994, Val Acc (0.5): 0.6857, Val AUC: 0.7645
  Train Best Threshold 0.50 → Balanced Acc: 0.5268, Acc: 0.5286, Sensitivity: 0.5319, Specificity: 0.5217, PPV: 0.6944, NPV: 0.3529, F1: 0.6024
  Val Best Threshold 0.50 → Balanced Acc: 0.6014, Acc: 0.6857, Sensitivity: 0.8696, Specificity: 0.3333, PPV: 0.7143, NPV: 0.5714, F1: 0.7843
  → New best validation AUC: 0.7645
Epoch 21/50 - Train Loss: 0.6903, Train Acc: 0.6143, Train AUC: 0.6672 - Val Loss: 0.6989, Val Acc (0.5): 0.7143, Val AUC: 0.7754
  Train Best Threshold 0.50 → Balanced Acc: 0.6073, Acc: 0.6143, Sensitivity: 0.6277, Specificity: 0.5870, PPV: 0.7564, NPV: 0.4355, F1: 0.6860
  Val Best Threshold 0.50 → Balanced Acc: 0.6431, Acc: 0.7143, Sensitivity: 0.8696, Specificity: 0.4167, PPV: 0.7407, NPV: 0.6250, F1: 0.8000
  → New best validation AUC: 0.7754
Epoch 22/50 - Train Loss: 0.6945, Train Acc: 0.5786, Train AUC: 0.6293 - Val Loss: 0.6992, Val Acc (0.5): 0.7429, Val AUC: 0.7826
  Train Best Threshold 0.50 → Balanced Acc: 0.5974, Acc: 0.5786, Sensitivity: 0.5426, Specificity: 0.6522, PPV: 0.7612, NPV: 0.4110, F1: 0.6335
  Val Best Threshold 0.50 → Balanced Acc: 0.7246, Acc: 0.7429, Sensitivity: 0.7826, Specificity: 0.6667, PPV: 0.8182, NPV: 0.6154, F1: 0.8000
  → New best validation AUC: 0.7826
Epoch 23/50 - Train Loss: 0.6895, Train Acc: 0.5857, Train AUC: 0.6494 - Val Loss: 0.6982, Val Acc (0.5): 0.7714, Val AUC: 0.8225
  Train Best Threshold 0.50 → Balanced Acc: 0.5971, Acc: 0.5857, Sensitivity: 0.5638, Specificity: 0.6304, PPV: 0.7571, NPV: 0.4143, F1: 0.6463
  Val Best Threshold 0.50 → Balanced Acc: 0.7663, Acc: 0.7714, Sensitivity: 0.7826, Specificity: 0.7500, PPV: 0.8571, NPV: 0.6429, F1: 0.8182
  → New best validation AUC: 0.8225
Epoch 24/50 - Train Loss: 0.6879, Train Acc: 0.6071, Train AUC: 0.6850 - Val Loss: 0.6978, Val Acc (0.5): 0.7429, Val AUC: 0.8007
  Train Best Threshold 0.50 → Balanced Acc: 0.6353, Acc: 0.6071, Sensitivity: 0.5532, Specificity: 0.7174, PPV: 0.8000, NPV: 0.4400, F1: 0.6541
  Val Best Threshold 0.50 → Balanced Acc: 0.7446, Acc: 0.7429, Sensitivity: 0.7391, Specificity: 0.7500, PPV: 0.8500, NPV: 0.6000, F1: 0.7907
Epoch 25/50 - Train Loss: 0.6998, Train Acc: 0.5714, Train AUC: 0.5872 - Val Loss: 0.6966, Val Acc (0.5): 0.7429, Val AUC: 0.8152
  Train Best Threshold 0.50 → Balanced Acc: 0.5754, Acc: 0.5714, Sensitivity: 0.5638, Specificity: 0.5870, PPV: 0.7361, NPV: 0.3971, F1: 0.6386
  Val Best Threshold 0.50 → Balanced Acc: 0.7047, Acc: 0.7429, Sensitivity: 0.8261, Specificity: 0.5833, PPV: 0.7917, NPV: 0.6364, F1: 0.8085
Epoch 26/50 - Train Loss: 0.6982, Train Acc: 0.6214, Train AUC: 0.5932 - Val Loss: 0.6955, Val Acc (0.5): 0.7143, Val AUC: 0.7971
  Train Best Threshold 0.50 → Balanced Acc: 0.6182, Acc: 0.6214, Sensitivity: 0.6277, Specificity: 0.6087, PPV: 0.7662, NPV: 0.4444, F1: 0.6901
  Val Best Threshold 0.50 → Balanced Acc: 0.6630, Acc: 0.7143, Sensitivity: 0.8261, Specificity: 0.5000, PPV: 0.7600, NPV: 0.6000, F1: 0.7917
Epoch 27/50 - Train Loss: 0.6946, Train Acc: 0.6214, Train AUC: 0.6186 - Val Loss: 0.6948, Val Acc (0.5): 0.7143, Val AUC: 0.8007
  Train Best Threshold 0.50 → Balanced Acc: 0.5960, Acc: 0.6214, Sensitivity: 0.6702, Specificity: 0.5217, PPV: 0.7412, NPV: 0.4364, F1: 0.7039
  Val Best Threshold 0.50 → Balanced Acc: 0.6630, Acc: 0.7143, Sensitivity: 0.8261, Specificity: 0.5000, PPV: 0.7600, NPV: 0.6000, F1: 0.7917
Epoch 28/50 - Train Loss: 0.6865, Train Acc: 0.6429, Train AUC: 0.6873 - Val Loss: 0.6940, Val Acc (0.5): 0.7429, Val AUC: 0.8043
  Train Best Threshold 0.50 → Balanced Acc: 0.6508, Acc: 0.6429, Sensitivity: 0.6277, Specificity: 0.6739, PPV: 0.7973, NPV: 0.4697, F1: 0.7024
  Val Best Threshold 0.50 → Balanced Acc: 0.6848, Acc: 0.7429, Sensitivity: 0.8696, Specificity: 0.5000, PPV: 0.7692, NPV: 0.6667, F1: 0.8163
Epoch 29/50 - Train Loss: 0.6863, Train Acc: 0.6357, Train AUC: 0.6739 - Val Loss: 0.6947, Val Acc (0.5): 0.6857, Val AUC: 0.8043
  Train Best Threshold 0.50 → Balanced Acc: 0.6344, Acc: 0.6357, Sensitivity: 0.6383, Specificity: 0.6304, PPV: 0.7792, NPV: 0.4603, F1: 0.7018
  Val Best Threshold 0.50 → Balanced Acc: 0.6612, Acc: 0.6857, Sensitivity: 0.7391, Specificity: 0.5833, PPV: 0.7727, NPV: 0.5385, F1: 0.7556
Epoch 30/50 - Train Loss: 0.6936, Train Acc: 0.5929, Train AUC: 0.6221 - Val Loss: 0.6951, Val Acc (0.5): 0.7714, Val AUC: 0.8333
  Train Best Threshold 0.50 → Balanced Acc: 0.5858, Acc: 0.5929, Sensitivity: 0.6064, Specificity: 0.5652, PPV: 0.7403, NPV: 0.4127, F1: 0.6667
  Val Best Threshold 0.50 → Balanced Acc: 0.7862, Acc: 0.7714, Sensitivity: 0.7391, Specificity: 0.8333, PPV: 0.8947, NPV: 0.6250, F1: 0.8095
  → New best validation AUC: 0.8333
Epoch 31/50 - Train Loss: 0.6852, Train Acc: 0.6429, Train AUC: 0.7153 - Val Loss: 0.6940, Val Acc (0.5): 0.7714, Val AUC: 0.8261
  Train Best Threshold 0.50 → Balanced Acc: 0.6730, Acc: 0.6429, Sensitivity: 0.5851, Specificity: 0.7609, PPV: 0.8333, NPV: 0.4730, F1: 0.6875
  Val Best Threshold 0.50 → Balanced Acc: 0.7862, Acc: 0.7714, Sensitivity: 0.7391, Specificity: 0.8333, PPV: 0.8947, NPV: 0.6250, F1: 0.8095
Epoch 32/50 - Train Loss: 0.6863, Train Acc: 0.6357, Train AUC: 0.7153 - Val Loss: 0.6935, Val Acc (0.5): 0.7714, Val AUC: 0.8333
  Train Best Threshold 0.50 → Balanced Acc: 0.6621, Acc: 0.6357, Sensitivity: 0.5851, Specificity: 0.7391, PPV: 0.8209, NPV: 0.4658, F1: 0.6832
  Val Best Threshold 0.50 → Balanced Acc: 0.7862, Acc: 0.7714, Sensitivity: 0.7391, Specificity: 0.8333, PPV: 0.8947, NPV: 0.6250, F1: 0.8095
Epoch 33/50 - Train Loss: 0.6839, Train Acc: 0.6214, Train AUC: 0.7068 - Val Loss: 0.6928, Val Acc (0.5): 0.7429, Val AUC: 0.8370
  Train Best Threshold 0.50 → Balanced Acc: 0.6570, Acc: 0.6214, Sensitivity: 0.5532, Specificity: 0.7609, PPV: 0.8254, NPV: 0.4545, F1: 0.6624
  Val Best Threshold 0.50 → Balanced Acc: 0.7645, Acc: 0.7429, Sensitivity: 0.6957, Specificity: 0.8333, PPV: 0.8889, NPV: 0.5882, F1: 0.7805
  → New best validation AUC: 0.8370
Epoch 34/50 - Train Loss: 0.6896, Train Acc: 0.6214, Train AUC: 0.6547 - Val Loss: 0.6934, Val Acc (0.5): 0.6857, Val AUC: 0.8261
  Train Best Threshold 0.50 → Balanced Acc: 0.6404, Acc: 0.6214, Sensitivity: 0.5851, Specificity: 0.6957, PPV: 0.7971, NPV: 0.4507, F1: 0.6748
  Val Best Threshold 0.50 → Balanced Acc: 0.7210, Acc: 0.6857, Sensitivity: 0.6087, Specificity: 0.8333, PPV: 0.8750, NPV: 0.5263, F1: 0.7179
Epoch 35/50 - Train Loss: 0.6820, Train Acc: 0.6500, Train AUC: 0.7468 - Val Loss: 0.6930, Val Acc (0.5): 0.6857, Val AUC: 0.8478
  Train Best Threshold 0.50 → Balanced Acc: 0.6617, Acc: 0.6500, Sensitivity: 0.6277, Specificity: 0.6957, PPV: 0.8082, NPV: 0.4776, F1: 0.7066
  Val Best Threshold 0.50 → Balanced Acc: 0.7210, Acc: 0.6857, Sensitivity: 0.6087, Specificity: 0.8333, PPV: 0.8750, NPV: 0.5263, F1: 0.7179
  → New best validation AUC: 0.8478
Epoch 36/50 - Train Loss: 0.6940, Train Acc: 0.5786, Train AUC: 0.6043 - Val Loss: 0.6907, Val Acc (0.5): 0.7714, Val AUC: 0.8478
  Train Best Threshold 0.50 → Balanced Acc: 0.6196, Acc: 0.5786, Sensitivity: 0.5000, Specificity: 0.7391, PPV: 0.7966, NPV: 0.4198, F1: 0.6144
  Val Best Threshold 0.50 → Balanced Acc: 0.7862, Acc: 0.7714, Sensitivity: 0.7391, Specificity: 0.8333, PPV: 0.8947, NPV: 0.6250, F1: 0.8095
Epoch 37/50 - Train Loss: 0.6898, Train Acc: 0.5857, Train AUC: 0.6568 - Val Loss: 0.6898, Val Acc (0.5): 0.7429, Val AUC: 0.8297
  Train Best Threshold 0.50 → Balanced Acc: 0.6193, Acc: 0.5857, Sensitivity: 0.5213, Specificity: 0.7174, PPV: 0.7903, NPV: 0.4231, F1: 0.6282
  Val Best Threshold 0.50 → Balanced Acc: 0.7446, Acc: 0.7429, Sensitivity: 0.7391, Specificity: 0.7500, PPV: 0.8500, NPV: 0.6000, F1: 0.7907
Epoch 38/50 - Train Loss: 0.6846, Train Acc: 0.6357, Train AUC: 0.6852 - Val Loss: 0.6889, Val Acc (0.5): 0.7714, Val AUC: 0.8333
  Train Best Threshold 0.50 → Balanced Acc: 0.6621, Acc: 0.6357, Sensitivity: 0.5851, Specificity: 0.7391, PPV: 0.8209, NPV: 0.4658, F1: 0.6832
  Val Best Threshold 0.50 → Balanced Acc: 0.7663, Acc: 0.7714, Sensitivity: 0.7826, Specificity: 0.7500, PPV: 0.8571, NPV: 0.6429, F1: 0.8182
Epoch 39/50 - Train Loss: 0.6886, Train Acc: 0.6071, Train AUC: 0.6360 - Val Loss: 0.6882, Val Acc (0.5): 0.7429, Val AUC: 0.8333
  Train Best Threshold 0.50 → Balanced Acc: 0.6131, Acc: 0.6071, Sensitivity: 0.5957, Specificity: 0.6304, PPV: 0.7671, NPV: 0.4328, F1: 0.6707
  Val Best Threshold 0.50 → Balanced Acc: 0.7446, Acc: 0.7429, Sensitivity: 0.7391, Specificity: 0.7500, PPV: 0.8500, NPV: 0.6000, F1: 0.7907
Epoch 40/50 - Train Loss: 0.6839, Train Acc: 0.6214, Train AUC: 0.7058 - Val Loss: 0.6863, Val Acc (0.5): 0.7714, Val AUC: 0.8406
  Train Best Threshold 0.50 → Balanced Acc: 0.6237, Acc: 0.6214, Sensitivity: 0.6170, Specificity: 0.6304, PPV: 0.7733, NPV: 0.4462, F1: 0.6864
  Val Best Threshold 0.50 → Balanced Acc: 0.7663, Acc: 0.7714, Sensitivity: 0.7826, Specificity: 0.7500, PPV: 0.8571, NPV: 0.6429, F1: 0.8182
Epoch 41/50 - Train Loss: 0.6857, Train Acc: 0.6214, Train AUC: 0.6753 - Val Loss: 0.6859, Val Acc (0.5): 0.7714, Val AUC: 0.8333
  Train Best Threshold 0.50 → Balanced Acc: 0.6348, Acc: 0.6214, Sensitivity: 0.5957, Specificity: 0.6739, PPV: 0.7887, NPV: 0.4493, F1: 0.6788
  Val Best Threshold 0.50 → Balanced Acc: 0.7663, Acc: 0.7714, Sensitivity: 0.7826, Specificity: 0.7500, PPV: 0.8571, NPV: 0.6429, F1: 0.8182
Epoch 42/50 - Train Loss: 0.6855, Train Acc: 0.5714, Train AUC: 0.6760 - Val Loss: 0.6867, Val Acc (0.5): 0.7429, Val AUC: 0.8514
  Train Best Threshold 0.50 → Balanced Acc: 0.5976, Acc: 0.5714, Sensitivity: 0.5213, Specificity: 0.6739, PPV: 0.7656, NPV: 0.4079, F1: 0.6203
  Val Best Threshold 0.50 → Balanced Acc: 0.7645, Acc: 0.7429, Sensitivity: 0.6957, Specificity: 0.8333, PPV: 0.8889, NPV: 0.5882, F1: 0.7805
  → New best validation AUC: 0.8514
Epoch 43/50 - Train Loss: 0.6759, Train Acc: 0.6429, Train AUC: 0.7382 - Val Loss: 0.6869, Val Acc (0.5): 0.7429, Val AUC: 0.8514
  Train Best Threshold 0.50 → Balanced Acc: 0.6785, Acc: 0.6429, Sensitivity: 0.5745, Specificity: 0.7826, PPV: 0.8438, NPV: 0.4737, F1: 0.6835
  Val Best Threshold 0.50 → Balanced Acc: 0.7645, Acc: 0.7429, Sensitivity: 0.6957, Specificity: 0.8333, PPV: 0.8889, NPV: 0.5882, F1: 0.7805
Epoch 44/50 - Train Loss: 0.6800, Train Acc: 0.6357, Train AUC: 0.7167 - Val Loss: 0.6857, Val Acc (0.5): 0.7143, Val AUC: 0.8442
  Train Best Threshold 0.50 → Balanced Acc: 0.6732, Acc: 0.6357, Sensitivity: 0.5638, Specificity: 0.7826, PPV: 0.8413, NPV: 0.4675, F1: 0.6752
  Val Best Threshold 0.50 → Balanced Acc: 0.7228, Acc: 0.7143, Sensitivity: 0.6957, Specificity: 0.7500, PPV: 0.8421, NPV: 0.5625, F1: 0.7619
Epoch 45/50 - Train Loss: 0.6880, Train Acc: 0.6000, Train AUC: 0.6545 - Val Loss: 0.6840, Val Acc (0.5): 0.7429, Val AUC: 0.8370
  Train Best Threshold 0.50 → Balanced Acc: 0.6244, Acc: 0.6000, Sensitivity: 0.5532, Specificity: 0.6957, PPV: 0.7879, NPV: 0.4324, F1: 0.6500
  Val Best Threshold 0.50 → Balanced Acc: 0.7446, Acc: 0.7429, Sensitivity: 0.7391, Specificity: 0.7500, PPV: 0.8500, NPV: 0.6000, F1: 0.7907
Epoch 46/50 - Train Loss: 0.6810, Train Acc: 0.6214, Train AUC: 0.7123 - Val Loss: 0.6840, Val Acc (0.5): 0.7429, Val AUC: 0.8587
  Train Best Threshold 0.50 → Balanced Acc: 0.6681, Acc: 0.6214, Sensitivity: 0.5319, Specificity: 0.8043, PPV: 0.8475, NPV: 0.4568, F1: 0.6536
  Val Best Threshold 0.50 → Balanced Acc: 0.7645, Acc: 0.7429, Sensitivity: 0.6957, Specificity: 0.8333, PPV: 0.8889, NPV: 0.5882, F1: 0.7805
  → New best validation AUC: 0.8587
Epoch 47/50 - Train Loss: 0.6728, Train Acc: 0.6357, Train AUC: 0.7364 - Val Loss: 0.6850, Val Acc (0.5): 0.7143, Val AUC: 0.8514
  Train Best Threshold 0.50 → Balanced Acc: 0.6677, Acc: 0.6357, Sensitivity: 0.5745, Specificity: 0.7609, PPV: 0.8308, NPV: 0.4667, F1: 0.6792
  Val Best Threshold 0.50 → Balanced Acc: 0.7428, Acc: 0.7143, Sensitivity: 0.6522, Specificity: 0.8333, PPV: 0.8824, NPV: 0.5556, F1: 0.7500
Epoch 48/50 - Train Loss: 0.6716, Train Acc: 0.6786, Train AUC: 0.7761 - Val Loss: 0.6830, Val Acc (0.5): 0.7143, Val AUC: 0.8551
  Train Best Threshold 0.50 → Balanced Acc: 0.7107, Acc: 0.6786, Sensitivity: 0.6170, Specificity: 0.8043, PPV: 0.8657, NPV: 0.5068, F1: 0.7205
  Val Best Threshold 0.50 → Balanced Acc: 0.7428, Acc: 0.7143, Sensitivity: 0.6522, Specificity: 0.8333, PPV: 0.8824, NPV: 0.5556, F1: 0.7500
Epoch 49/50 - Train Loss: 0.6742, Train Acc: 0.6429, Train AUC: 0.7447 - Val Loss: 0.6826, Val Acc (0.5): 0.7143, Val AUC: 0.8551
  Train Best Threshold 0.50 → Balanced Acc: 0.6841, Acc: 0.6429, Sensitivity: 0.5638, Specificity: 0.8043, PPV: 0.8548, NPV: 0.4744, F1: 0.6795
  Val Best Threshold 0.50 → Balanced Acc: 0.7428, Acc: 0.7143, Sensitivity: 0.6522, Specificity: 0.8333, PPV: 0.8824, NPV: 0.5556, F1: 0.7500
Epoch 50/50 - Train Loss: 0.6737, Train Acc: 0.6357, Train AUC: 0.7535 - Val Loss: 0.6808, Val Acc (0.5): 0.7143, Val AUC: 0.8551
  Train Best Threshold 0.50 → Balanced Acc: 0.6788, Acc: 0.6357, Sensitivity: 0.5532, Specificity: 0.8043, PPV: 0.8525, NPV: 0.4684, F1: 0.6710
  Val Best Threshold 0.50 → Balanced Acc: 0.7228, Acc: 0.7143, Sensitivity: 0.6957, Specificity: 0.7500, PPV: 0.8421, NPV: 0.5625, F1: 0.7619
Loaded best model with validation AUC: 0.8587
Final Train Results (Best Model) at epoch 46 - Loss: 0.6731, Accuracy: 0.6500, AUC: 0.7916
Final Val Results (Best Model) at epoch 46 - Loss: 0.6840, Accuracy: 0.7429, AUC: 0.8587
Train Best Threshold: 0.50 | Balanced Acc: 0.6839 | Acc: 0.6500 | Sensitivity: 0.5851 | Specificity: 0.7826 | PPV: 0.8462 | NPV: 0.4800 | F1: 0.6918
Train Confusion Matrix at Best Threshold (rows=actual [0,1], cols=predicted [0,1]):
[[36 10]
 [39 55]]
Val Best Threshold: 0.50 | Balanced Acc: 0.7645 | Acc: 0.7429 | Sensitivity: 0.6957 | Specificity: 0.8333 | PPV: 0.8889 | NPV: 0.5882 | F1: 0.7805
Val Confusion Matrix at Best Threshold (rows=actual [0,1], cols=predicted [0,1]):
[[10  2]
 [ 7 16]]
======================================================================

Training Results - C1 (Mean Pooling)
======================================================================
Model: C1 (Mean Pooling)
Backbone: efficientnetv2_b0
Pooling: mean
Val AUC: 0.8587
======================================================================
