Config: {'clinical_csv': PosixPath('data/annotations/175_clinical_5_variables.csv'), 'patient_id_column': 'NO', 'label_column': 'CL_F2', 'n_folds': 5, 'batch_size': 16, 'learning_rate': 0.001, 'num_epochs': 50, 'early_stopping_patience': 20, 'early_stopping_min_delta': 0.001, 'device': 'cuda', 'hidden_dim': 128, 'dropout': 0.3, 'clinical_features': ['AST', 'ALT', 'PLT', 'APRI', 'FIB_4'], 'seed': 42, 'no_cv': False, 'val_split': 0.2, 'weight_decay': 0.0001, 'log_dir': PosixPath('runs/clinical_only')}
Loaded clinical data: 175 patients

============================== Fold 1 ==============================
Clinical input dimension: 5
Class weights: [1.         0.50537634]
Epoch 001 | Train: Loss=0.6708, Acc=0.4929, AUC=0.6854 | Val: Loss=0.6427, Acc=0.6000, AUC=0.7841
  Train Best Threshold 0.35 → Balanced Acc: 0.6315, Acc: 0.6643, Sensitivity: 0.7312, Specificity: 0.5319, PPV: 0.7556, NPV: 0.5000, F1: 0.7432
  Val Best Threshold 0.35 → Balanced Acc: 0.7311, Acc: 0.8000, Sensitivity: 0.9167, Specificity: 0.5455, PPV: 0.8148, NPV: 0.7500, F1: 0.8627
  → New best validation AUC: 0.7841
Epoch 002 | Train: Loss=0.5794, Acc=0.7143, AUC=0.8000 | Val: Loss=0.6542, Acc=0.6857, AUC=0.7917
  Train Best Threshold 0.50 → Balanced Acc: 0.7692, Acc: 0.7143, Sensitivity: 0.6022, Specificity: 0.9362, PPV: 0.9492, NPV: 0.5432, F1: 0.7368
  Val Best Threshold 0.65 → Balanced Acc: 0.7500, Acc: 0.6571, Sensitivity: 0.5000, Specificity: 1.0000, PPV: 1.0000, NPV: 0.4783, F1: 0.6667
  → New best validation AUC: 0.7917
Epoch 003 | Train: Loss=0.5591, Acc=0.7071, AUC=0.7952 | Val: Loss=0.6863, Acc=0.7143, AUC=0.7879
  Train Best Threshold 0.50 → Balanced Acc: 0.7533, Acc: 0.7071, Sensitivity: 0.6129, Specificity: 0.8936, PPV: 0.9194, NPV: 0.5385, F1: 0.7355
  Val Best Threshold 0.45 → Balanced Acc: 0.7595, Acc: 0.7714, Sensitivity: 0.7917, Specificity: 0.7273, PPV: 0.8636, NPV: 0.6154, F1: 0.8261
Epoch 004 | Train: Loss=0.5625, Acc=0.7000, AUC=0.7836 | Val: Loss=0.7220, Acc=0.7143, AUC=0.7841
  Train Best Threshold 0.60 → Balanced Acc: 0.7533, Acc: 0.7071, Sensitivity: 0.6129, Specificity: 0.8936, PPV: 0.9194, NPV: 0.5385, F1: 0.7355
  Val Best Threshold 0.45 → Balanced Acc: 0.7595, Acc: 0.7714, Sensitivity: 0.7917, Specificity: 0.7273, PPV: 0.8636, NPV: 0.6154, F1: 0.8261
Epoch 005 | Train: Loss=0.5187, Acc=0.7357, AUC=0.8090 | Val: Loss=0.7447, Acc=0.7714, AUC=0.7879
  Train Best Threshold 0.45 → Balanced Acc: 0.7698, Acc: 0.7571, Sensitivity: 0.7312, Specificity: 0.8085, PPV: 0.8831, NPV: 0.6032, F1: 0.8000
  Val Best Threshold 0.50 → Balanced Acc: 0.7595, Acc: 0.7714, Sensitivity: 0.7917, Specificity: 0.7273, PPV: 0.8636, NPV: 0.6154, F1: 0.8261
Epoch 006 | Train: Loss=0.5653, Acc=0.7000, AUC=0.7758 | Val: Loss=0.7673, Acc=0.7714, AUC=0.7879
  Train Best Threshold 0.40 → Balanced Acc: 0.7432, Acc: 0.7357, Sensitivity: 0.7204, Specificity: 0.7660, PPV: 0.8590, NPV: 0.5806, F1: 0.7836
  Val Best Threshold 0.50 → Balanced Acc: 0.7595, Acc: 0.7714, Sensitivity: 0.7917, Specificity: 0.7273, PPV: 0.8636, NPV: 0.6154, F1: 0.8261
Epoch 007 | Train: Loss=0.5102, Acc=0.7286, AUC=0.8154 | Val: Loss=0.7727, Acc=0.7714, AUC=0.7917
  Train Best Threshold 0.45 → Balanced Acc: 0.7697, Acc: 0.7500, Sensitivity: 0.7097, Specificity: 0.8298, PPV: 0.8919, NPV: 0.5909, F1: 0.7904
  Val Best Threshold 0.50 → Balanced Acc: 0.7595, Acc: 0.7714, Sensitivity: 0.7917, Specificity: 0.7273, PPV: 0.8636, NPV: 0.6154, F1: 0.8261
Epoch 008 | Train: Loss=0.5167, Acc=0.7143, AUC=0.8087 | Val: Loss=0.7777, Acc=0.7429, AUC=0.7803
  Train Best Threshold 0.45 → Balanced Acc: 0.7645, Acc: 0.7500, Sensitivity: 0.7204, Specificity: 0.8085, PPV: 0.8816, NPV: 0.5938, F1: 0.7929
  Val Best Threshold 0.55 → Balanced Acc: 0.7386, Acc: 0.7429, Sensitivity: 0.7500, Specificity: 0.7273, PPV: 0.8571, NPV: 0.5714, F1: 0.8000
Epoch 009 | Train: Loss=0.5370, Acc=0.7071, AUC=0.7955 | Val: Loss=0.7862, Acc=0.7143, AUC=0.7689
  Train Best Threshold 0.75 → Balanced Acc: 0.7529, Acc: 0.6857, Sensitivity: 0.5484, Specificity: 0.9574, PPV: 0.9623, NPV: 0.5172, F1: 0.6986
  Val Best Threshold 0.55 → Balanced Acc: 0.7386, Acc: 0.7429, Sensitivity: 0.7500, Specificity: 0.7273, PPV: 0.8571, NPV: 0.5714, F1: 0.8000
Epoch 010 | Train: Loss=0.5222, Acc=0.7286, AUC=0.8005 | Val: Loss=0.7849, Acc=0.7143, AUC=0.7689
  Train Best Threshold 0.35 → Balanced Acc: 0.7702, Acc: 0.7786, Sensitivity: 0.7957, Specificity: 0.7447, PPV: 0.8605, NPV: 0.6481, F1: 0.8268
  Val Best Threshold 0.55 → Balanced Acc: 0.7386, Acc: 0.7429, Sensitivity: 0.7500, Specificity: 0.7273, PPV: 0.8571, NPV: 0.5714, F1: 0.8000
Epoch 011 | Train: Loss=0.5274, Acc=0.7214, AUC=0.7952 | Val: Loss=0.7841, Acc=0.7143, AUC=0.7652
  Train Best Threshold 0.40 → Balanced Acc: 0.7591, Acc: 0.7429, Sensitivity: 0.7097, Specificity: 0.8085, PPV: 0.8800, NPV: 0.5846, F1: 0.7857
  Val Best Threshold 0.55 → Balanced Acc: 0.7386, Acc: 0.7429, Sensitivity: 0.7500, Specificity: 0.7273, PPV: 0.8571, NPV: 0.5714, F1: 0.8000
Epoch 012 | Train: Loss=0.5005, Acc=0.7500, AUC=0.8222 | Val: Loss=0.7993, Acc=0.7143, AUC=0.7538
  Train Best Threshold 0.55 → Balanced Acc: 0.7803, Acc: 0.7500, Sensitivity: 0.6882, Specificity: 0.8723, PPV: 0.9143, NPV: 0.5857, F1: 0.7853
  Val Best Threshold 0.55 → Balanced Acc: 0.7386, Acc: 0.7429, Sensitivity: 0.7500, Specificity: 0.7273, PPV: 0.8571, NPV: 0.5714, F1: 0.8000
Epoch 013 | Train: Loss=0.5111, Acc=0.7286, AUC=0.8234 | Val: Loss=0.8082, Acc=0.7429, AUC=0.7462
  Train Best Threshold 0.40 → Balanced Acc: 0.7594, Acc: 0.7643, Sensitivity: 0.7742, Specificity: 0.7447, PPV: 0.8571, NPV: 0.6250, F1: 0.8136
  Val Best Threshold 0.45 → Balanced Acc: 0.7557, Acc: 0.8000, Sensitivity: 0.8750, Specificity: 0.6364, PPV: 0.8400, NPV: 0.7000, F1: 0.8571
Epoch 014 | Train: Loss=0.5133, Acc=0.7357, AUC=0.8138 | Val: Loss=0.8044, Acc=0.7143, AUC=0.7500
  Train Best Threshold 0.40 → Balanced Acc: 0.7701, Acc: 0.7714, Sensitivity: 0.7742, Specificity: 0.7660, PPV: 0.8675, NPV: 0.6316, F1: 0.8182
  Val Best Threshold 0.40 → Balanced Acc: 0.7557, Acc: 0.8000, Sensitivity: 0.8750, Specificity: 0.6364, PPV: 0.8400, NPV: 0.7000, F1: 0.8571
Epoch 015 | Train: Loss=0.4858, Acc=0.7214, AUC=0.8531 | Val: Loss=0.8052, Acc=0.7429, AUC=0.7500
  Train Best Threshold 0.65 → Balanced Acc: 0.7853, Acc: 0.7357, Sensitivity: 0.6344, Specificity: 0.9362, PPV: 0.9516, NPV: 0.5641, F1: 0.7613
  Val Best Threshold 0.40 → Balanced Acc: 0.7557, Acc: 0.8000, Sensitivity: 0.8750, Specificity: 0.6364, PPV: 0.8400, NPV: 0.7000, F1: 0.8571
Epoch 016 | Train: Loss=0.5210, Acc=0.7357, AUC=0.8138 | Val: Loss=0.8104, Acc=0.7429, AUC=0.7462
  Train Best Threshold 0.55 → Balanced Acc: 0.7641, Acc: 0.7286, Sensitivity: 0.6559, Specificity: 0.8723, PPV: 0.9104, NPV: 0.5616, F1: 0.7625
  Val Best Threshold 0.40 → Balanced Acc: 0.7557, Acc: 0.8000, Sensitivity: 0.8750, Specificity: 0.6364, PPV: 0.8400, NPV: 0.7000, F1: 0.8571
Epoch 017 | Train: Loss=0.4985, Acc=0.7357, AUC=0.8309 | Val: Loss=0.8118, Acc=0.7429, AUC=0.7348
  Train Best Threshold 0.45 → Balanced Acc: 0.7645, Acc: 0.7500, Sensitivity: 0.7204, Specificity: 0.8085, PPV: 0.8816, NPV: 0.5938, F1: 0.7929
  Val Best Threshold 0.40 → Balanced Acc: 0.7557, Acc: 0.8000, Sensitivity: 0.8750, Specificity: 0.6364, PPV: 0.8400, NPV: 0.7000, F1: 0.8571
Epoch 018 | Train: Loss=0.5153, Acc=0.7357, AUC=0.8179 | Val: Loss=0.8154, Acc=0.7429, AUC=0.7424
  Train Best Threshold 0.65 → Balanced Acc: 0.7745, Acc: 0.7214, Sensitivity: 0.6129, Specificity: 0.9362, PPV: 0.9500, NPV: 0.5500, F1: 0.7451
  Val Best Threshold 0.40 → Balanced Acc: 0.7557, Acc: 0.8000, Sensitivity: 0.8750, Specificity: 0.6364, PPV: 0.8400, NPV: 0.7000, F1: 0.8571
Epoch 019 | Train: Loss=0.5220, Acc=0.7500, AUC=0.8220 | Val: Loss=0.8202, Acc=0.7429, AUC=0.7424
  Train Best Threshold 0.40 → Balanced Acc: 0.7648, Acc: 0.7714, Sensitivity: 0.7849, Specificity: 0.7447, PPV: 0.8588, NPV: 0.6364, F1: 0.8202
  Val Best Threshold 0.40 → Balanced Acc: 0.7557, Acc: 0.8000, Sensitivity: 0.8750, Specificity: 0.6364, PPV: 0.8400, NPV: 0.7000, F1: 0.8571
Epoch 020 | Train: Loss=0.5134, Acc=0.7357, AUC=0.8211 | Val: Loss=0.8131, Acc=0.7429, AUC=0.7462
  Train Best Threshold 0.45 → Balanced Acc: 0.7804, Acc: 0.7571, Sensitivity: 0.7097, Specificity: 0.8511, PPV: 0.9041, NPV: 0.5970, F1: 0.7952
  Val Best Threshold 0.60 → Balanced Acc: 0.7595, Acc: 0.7714, Sensitivity: 0.7917, Specificity: 0.7273, PPV: 0.8636, NPV: 0.6154, F1: 0.8261
Epoch 021 | Train: Loss=0.5146, Acc=0.7500, AUC=0.8101 | Val: Loss=0.8164, Acc=0.7429, AUC=0.7462
  Train Best Threshold 0.50 → Balanced Acc: 0.7645, Acc: 0.7500, Sensitivity: 0.7204, Specificity: 0.8085, PPV: 0.8816, NPV: 0.5938, F1: 0.7929
  Val Best Threshold 0.60 → Balanced Acc: 0.7595, Acc: 0.7714, Sensitivity: 0.7917, Specificity: 0.7273, PPV: 0.8636, NPV: 0.6154, F1: 0.8261
Epoch 022 | Train: Loss=0.4973, Acc=0.7429, AUC=0.8410 | Val: Loss=0.8259, Acc=0.7429, AUC=0.7462
  Train Best Threshold 0.40 → Balanced Acc: 0.7648, Acc: 0.7714, Sensitivity: 0.7849, Specificity: 0.7447, PPV: 0.8588, NPV: 0.6364, F1: 0.8202
  Val Best Threshold 0.40 → Balanced Acc: 0.7557, Acc: 0.8000, Sensitivity: 0.8750, Specificity: 0.6364, PPV: 0.8400, NPV: 0.7000, F1: 0.8571
Early stopping at epoch 22
Loaded best model with validation AUC: 0.7917
Final Train Results (Best Model) at epoch 2 - Loss: 0.5679, Accuracy: 0.6929, AUC: 0.8151
Final Val Results (Best Model) at epoch 2 - Loss: 0.6542, Accuracy: 0.6857, AUC: 0.7917
Train Best Threshold: 0.40 | Balanced Acc: 0.7591 | Acc: 0.7429 | Precision: 0.8800 | Recall: 0.7097 | Sensitivity: 0.7097 | Specificity: 0.8085 | PPV: 0.8800 | NPV: 0.5846 | F1: 0.7857
Train Confusion Matrix at Best Threshold (rows=actual [0,1], cols=predicted [0,1]):
[[38  9]
 [27 66]]
Val Best Threshold: 0.65 | Balanced Acc: 0.7500 | Acc: 0.6571 | Precision: 1.0000 | Recall: 0.5000 | Sensitivity: 0.5000 | Specificity: 1.0000 | PPV: 1.0000 | NPV: 0.4783 | F1: 0.6667
Val Confusion Matrix at Best Threshold (rows=actual [0,1], cols=predicted [0,1]):
[[11  0]
 [12 12]]
Fold 1 Best Val AUC: 0.7917

============================== Fold 2 ==============================
Clinical input dimension: 5
Class weights: [1.         0.50537634]
Epoch 001 | Train: Loss=0.7009, Acc=0.6571, AUC=0.6294 | Val: Loss=0.7088, Acc=0.7429, AUC=0.7689
  Train Best Threshold 0.65 → Balanced Acc: 0.5927, Acc: 0.5357, Sensitivity: 0.4194, Specificity: 0.7660, PPV: 0.7800, NPV: 0.4000, F1: 0.5455
  Val Best Threshold 0.55 → Balanced Acc: 0.7424, Acc: 0.7143, Sensitivity: 0.6667, Specificity: 0.8182, PPV: 0.8889, NPV: 0.5294, F1: 0.7619
  → New best validation AUC: 0.7689
Epoch 002 | Train: Loss=0.6096, Acc=0.6500, AUC=0.7358 | Val: Loss=0.6684, Acc=0.7143, AUC=0.8030
  Train Best Threshold 0.60 → Balanced Acc: 0.7104, Acc: 0.6571, Sensitivity: 0.5484, Specificity: 0.8723, PPV: 0.8947, NPV: 0.4940, F1: 0.6800
  Val Best Threshold 0.45 → Balanced Acc: 0.8049, Acc: 0.8000, Sensitivity: 0.7917, Specificity: 0.8182, PPV: 0.9048, NPV: 0.6429, F1: 0.8444
  → New best validation AUC: 0.8030
Epoch 003 | Train: Loss=0.5881, Acc=0.7143, AUC=0.7573 | Val: Loss=0.6569, Acc=0.6857, AUC=0.8068
  Train Best Threshold 0.50 → Balanced Acc: 0.7481, Acc: 0.7143, Sensitivity: 0.6452, Specificity: 0.8511, PPV: 0.8955, NPV: 0.5479, F1: 0.7500
  Val Best Threshold 0.35 → Balanced Acc: 0.8220, Acc: 0.8571, Sensitivity: 0.9167, Specificity: 0.7273, PPV: 0.8800, NPV: 0.8000, F1: 0.8980
  → New best validation AUC: 0.8068
Epoch 004 | Train: Loss=0.5674, Acc=0.6714, AUC=0.7609 | Val: Loss=0.6592, Acc=0.6857, AUC=0.8106
  Train Best Threshold 0.55 → Balanced Acc: 0.7211, Acc: 0.6714, Sensitivity: 0.5699, Specificity: 0.8723, PPV: 0.8983, NPV: 0.5062, F1: 0.6974
  Val Best Threshold 0.35 → Balanced Acc: 0.8049, Acc: 0.8000, Sensitivity: 0.7917, Specificity: 0.8182, PPV: 0.9048, NPV: 0.6429, F1: 0.8444
  → New best validation AUC: 0.8106
Epoch 005 | Train: Loss=0.5782, Acc=0.7071, AUC=0.7426 | Val: Loss=0.6727, Acc=0.6857, AUC=0.7727
  Train Best Threshold 0.55 → Balanced Acc: 0.7479, Acc: 0.7000, Sensitivity: 0.6022, Specificity: 0.8936, PPV: 0.9180, NPV: 0.5316, F1: 0.7273
  Val Best Threshold 0.35 → Balanced Acc: 0.8049, Acc: 0.8000, Sensitivity: 0.7917, Specificity: 0.8182, PPV: 0.9048, NPV: 0.6429, F1: 0.8444
Epoch 006 | Train: Loss=0.5502, Acc=0.7071, AUC=0.8115 | Val: Loss=0.6866, Acc=0.6857, AUC=0.7652
  Train Best Threshold 0.40 → Balanced Acc: 0.7379, Acc: 0.7357, Sensitivity: 0.7312, Specificity: 0.7447, PPV: 0.8500, NPV: 0.5833, F1: 0.7861
  Val Best Threshold 0.35 → Balanced Acc: 0.8049, Acc: 0.8000, Sensitivity: 0.7917, Specificity: 0.8182, PPV: 0.9048, NPV: 0.6429, F1: 0.8444
Epoch 007 | Train: Loss=0.5392, Acc=0.7214, AUC=0.8051 | Val: Loss=0.6985, Acc=0.6857, AUC=0.7614
  Train Best Threshold 0.45 → Balanced Acc: 0.7590, Acc: 0.7357, Sensitivity: 0.6882, Specificity: 0.8298, PPV: 0.8889, NPV: 0.5735, F1: 0.7758
  Val Best Threshold 0.40 → Balanced Acc: 0.7841, Acc: 0.7714, Sensitivity: 0.7500, Specificity: 0.8182, PPV: 0.9000, NPV: 0.6000, F1: 0.8182
Epoch 008 | Train: Loss=0.5341, Acc=0.7000, AUC=0.7955 | Val: Loss=0.7075, Acc=0.6857, AUC=0.7576
  Train Best Threshold 0.60 → Balanced Acc: 0.7425, Acc: 0.6929, Sensitivity: 0.5914, Specificity: 0.8936, PPV: 0.9167, NPV: 0.5250, F1: 0.7190
  Val Best Threshold 0.40 → Balanced Acc: 0.7841, Acc: 0.7714, Sensitivity: 0.7500, Specificity: 0.8182, PPV: 0.9000, NPV: 0.6000, F1: 0.8182
Epoch 009 | Train: Loss=0.5419, Acc=0.7000, AUC=0.7959 | Val: Loss=0.7132, Acc=0.6857, AUC=0.7538
  Train Best Threshold 0.40 → Balanced Acc: 0.7432, Acc: 0.7357, Sensitivity: 0.7204, Specificity: 0.7660, PPV: 0.8590, NPV: 0.5806, F1: 0.7836
  Val Best Threshold 0.40 → Balanced Acc: 0.7633, Acc: 0.7429, Sensitivity: 0.7083, Specificity: 0.8182, PPV: 0.8947, NPV: 0.5625, F1: 0.7907
Epoch 010 | Train: Loss=0.5354, Acc=0.7071, AUC=0.8037 | Val: Loss=0.7303, Acc=0.6857, AUC=0.7386
  Train Best Threshold 0.45 → Balanced Acc: 0.7430, Acc: 0.7214, Sensitivity: 0.6774, Specificity: 0.8085, PPV: 0.8750, NPV: 0.5588, F1: 0.7636
  Val Best Threshold 0.40 → Balanced Acc: 0.7841, Acc: 0.7714, Sensitivity: 0.7500, Specificity: 0.8182, PPV: 0.9000, NPV: 0.6000, F1: 0.8182
Epoch 011 | Train: Loss=0.5230, Acc=0.7214, AUC=0.8282 | Val: Loss=0.7393, Acc=0.6857, AUC=0.7311
  Train Best Threshold 0.45 → Balanced Acc: 0.7645, Acc: 0.7500, Sensitivity: 0.7204, Specificity: 0.8085, PPV: 0.8816, NPV: 0.5938, F1: 0.7929
  Val Best Threshold 0.40 → Balanced Acc: 0.7386, Acc: 0.7429, Sensitivity: 0.7500, Specificity: 0.7273, PPV: 0.8571, NPV: 0.5714, F1: 0.8000
Epoch 012 | Train: Loss=0.5235, Acc=0.7214, AUC=0.8163 | Val: Loss=0.7366, Acc=0.6857, AUC=0.7235
  Train Best Threshold 0.50 → Balanced Acc: 0.7482, Acc: 0.7214, Sensitivity: 0.6667, Specificity: 0.8298, PPV: 0.8857, NPV: 0.5571, F1: 0.7607
  Val Best Threshold 0.45 → Balanced Acc: 0.7216, Acc: 0.6857, Sensitivity: 0.6250, Specificity: 0.8182, PPV: 0.8824, NPV: 0.5000, F1: 0.7317
Epoch 013 | Train: Loss=0.5297, Acc=0.7500, AUC=0.8248 | Val: Loss=0.7426, Acc=0.6857, AUC=0.7121
  Train Best Threshold 0.40 → Balanced Acc: 0.7807, Acc: 0.7786, Sensitivity: 0.7742, Specificity: 0.7872, PPV: 0.8780, NPV: 0.6379, F1: 0.8229
  Val Best Threshold 0.45 → Balanced Acc: 0.7216, Acc: 0.6857, Sensitivity: 0.6250, Specificity: 0.8182, PPV: 0.8824, NPV: 0.5000, F1: 0.7317
Epoch 014 | Train: Loss=0.5330, Acc=0.7071, AUC=0.8179 | Val: Loss=0.7475, Acc=0.6857, AUC=0.7083
  Train Best Threshold 0.55 → Balanced Acc: 0.7374, Acc: 0.7000, Sensitivity: 0.6237, Specificity: 0.8511, PPV: 0.8923, NPV: 0.5333, F1: 0.7342
  Val Best Threshold 0.45 → Balanced Acc: 0.7216, Acc: 0.6857, Sensitivity: 0.6250, Specificity: 0.8182, PPV: 0.8824, NPV: 0.5000, F1: 0.7317
Epoch 015 | Train: Loss=0.5236, Acc=0.7143, AUC=0.8248 | Val: Loss=0.7545, Acc=0.6857, AUC=0.6970
  Train Best Threshold 0.40 → Balanced Acc: 0.7593, Acc: 0.7571, Sensitivity: 0.7527, Specificity: 0.7660, PPV: 0.8642, NPV: 0.6102, F1: 0.8046
  Val Best Threshold 0.45 → Balanced Acc: 0.7216, Acc: 0.6857, Sensitivity: 0.6250, Specificity: 0.8182, PPV: 0.8824, NPV: 0.5000, F1: 0.7317
Epoch 016 | Train: Loss=0.5152, Acc=0.7286, AUC=0.8376 | Val: Loss=0.7640, Acc=0.6857, AUC=0.6932
  Train Best Threshold 0.35 → Balanced Acc: 0.7597, Acc: 0.7786, Sensitivity: 0.8172, Specificity: 0.7021, PPV: 0.8444, NPV: 0.6600, F1: 0.8306
  Val Best Threshold 0.50 → Balanced Acc: 0.7216, Acc: 0.6857, Sensitivity: 0.6250, Specificity: 0.8182, PPV: 0.8824, NPV: 0.5000, F1: 0.7317
Epoch 017 | Train: Loss=0.5193, Acc=0.7071, AUC=0.8291 | Val: Loss=0.7695, Acc=0.6857, AUC=0.6856
  Train Best Threshold 0.55 → Balanced Acc: 0.7588, Acc: 0.7214, Sensitivity: 0.6452, Specificity: 0.8723, PPV: 0.9091, NPV: 0.5541, F1: 0.7547
  Val Best Threshold 0.50 → Balanced Acc: 0.7216, Acc: 0.6857, Sensitivity: 0.6250, Specificity: 0.8182, PPV: 0.8824, NPV: 0.5000, F1: 0.7317
Epoch 018 | Train: Loss=0.5178, Acc=0.7286, AUC=0.8147 | Val: Loss=0.7588, Acc=0.6857, AUC=0.6932
  Train Best Threshold 0.40 → Balanced Acc: 0.7753, Acc: 0.7714, Sensitivity: 0.7634, Specificity: 0.7872, PPV: 0.8765, NPV: 0.6271, F1: 0.8161
  Val Best Threshold 0.45 → Balanced Acc: 0.7216, Acc: 0.6857, Sensitivity: 0.6250, Specificity: 0.8182, PPV: 0.8824, NPV: 0.5000, F1: 0.7317
Epoch 019 | Train: Loss=0.5235, Acc=0.7214, AUC=0.8332 | Val: Loss=0.7679, Acc=0.6857, AUC=0.6894
  Train Best Threshold 0.40 → Balanced Acc: 0.7808, Acc: 0.7857, Sensitivity: 0.7957, Specificity: 0.7660, PPV: 0.8706, NPV: 0.6545, F1: 0.8315
  Val Best Threshold 0.50 → Balanced Acc: 0.7216, Acc: 0.6857, Sensitivity: 0.6250, Specificity: 0.8182, PPV: 0.8824, NPV: 0.5000, F1: 0.7317
Epoch 020 | Train: Loss=0.5128, Acc=0.7214, AUC=0.8289 | Val: Loss=0.7648, Acc=0.6857, AUC=0.6856
  Train Best Threshold 0.45 → Balanced Acc: 0.7752, Acc: 0.7643, Sensitivity: 0.7419, Specificity: 0.8085, PPV: 0.8846, NPV: 0.6129, F1: 0.8070
  Val Best Threshold 0.50 → Balanced Acc: 0.7216, Acc: 0.6857, Sensitivity: 0.6250, Specificity: 0.8182, PPV: 0.8824, NPV: 0.5000, F1: 0.7317
Epoch 021 | Train: Loss=0.5167, Acc=0.7286, AUC=0.8266 | Val: Loss=0.7814, Acc=0.6857, AUC=0.6818
  Train Best Threshold 0.50 → Balanced Acc: 0.7589, Acc: 0.7286, Sensitivity: 0.6667, Specificity: 0.8511, PPV: 0.8986, NPV: 0.5634, F1: 0.7654
  Val Best Threshold 0.50 → Balanced Acc: 0.7216, Acc: 0.6857, Sensitivity: 0.6250, Specificity: 0.8182, PPV: 0.8824, NPV: 0.5000, F1: 0.7317
Epoch 022 | Train: Loss=0.5109, Acc=0.7214, AUC=0.8312 | Val: Loss=0.7870, Acc=0.6857, AUC=0.6780
  Train Best Threshold 0.35 → Balanced Acc: 0.7545, Acc: 0.7857, Sensitivity: 0.8495, Specificity: 0.6596, PPV: 0.8316, NPV: 0.6889, F1: 0.8404
  Val Best Threshold 0.50 → Balanced Acc: 0.7216, Acc: 0.6857, Sensitivity: 0.6250, Specificity: 0.8182, PPV: 0.8824, NPV: 0.5000, F1: 0.7317
Epoch 023 | Train: Loss=0.5184, Acc=0.7429, AUC=0.8202 | Val: Loss=0.7892, Acc=0.6857, AUC=0.6742
  Train Best Threshold 0.45 → Balanced Acc: 0.7647, Acc: 0.7643, Sensitivity: 0.7634, Specificity: 0.7660, PPV: 0.8659, NPV: 0.6207, F1: 0.8114
  Val Best Threshold 0.50 → Balanced Acc: 0.7216, Acc: 0.6857, Sensitivity: 0.6250, Specificity: 0.8182, PPV: 0.8824, NPV: 0.5000, F1: 0.7317
Epoch 024 | Train: Loss=0.4732, Acc=0.7500, AUC=0.8648 | Val: Loss=0.7909, Acc=0.6857, AUC=0.6742
  Train Best Threshold 0.45 → Balanced Acc: 0.7966, Acc: 0.7857, Sensitivity: 0.7634, Specificity: 0.8298, PPV: 0.8987, NPV: 0.6393, F1: 0.8256
  Val Best Threshold 0.50 → Balanced Acc: 0.7216, Acc: 0.6857, Sensitivity: 0.6250, Specificity: 0.8182, PPV: 0.8824, NPV: 0.5000, F1: 0.7317
Early stopping at epoch 24
Loaded best model with validation AUC: 0.8106
Final Train Results (Best Model) at epoch 4 - Loss: 0.5548, Accuracy: 0.7000, AUC: 0.8046
Final Val Results (Best Model) at epoch 4 - Loss: 0.6592, Accuracy: 0.6857, AUC: 0.8106
Train Best Threshold: 0.45 | Balanced Acc: 0.7376 | Acc: 0.7143 | Precision: 0.8732 | Recall: 0.6667 | Sensitivity: 0.6667 | Specificity: 0.8085 | PPV: 0.8732 | NPV: 0.5507 | F1: 0.7561
Train Confusion Matrix at Best Threshold (rows=actual [0,1], cols=predicted [0,1]):
[[38  9]
 [31 62]]
Val Best Threshold: 0.35 | Balanced Acc: 0.8049 | Acc: 0.8000 | Precision: 0.9048 | Recall: 0.7917 | Sensitivity: 0.7917 | Specificity: 0.8182 | PPV: 0.9048 | NPV: 0.6429 | F1: 0.8444
Val Confusion Matrix at Best Threshold (rows=actual [0,1], cols=predicted [0,1]):
[[ 9  2]
 [ 5 19]]
Fold 2 Best Val AUC: 0.8106

============================== Fold 3 ==============================
Clinical input dimension: 5
Class weights: [1.        0.4893617]
Epoch 001 | Train: Loss=0.6496, Acc=0.5143, AUC=0.7331 | Val: Loss=0.6027, Acc=0.5714, AUC=0.8370
  Train Best Threshold 0.45 → Balanced Acc: 0.6998, Acc: 0.6714, Sensitivity: 0.6170, Specificity: 0.7826, PPV: 0.8529, NPV: 0.5000, F1: 0.7160
  Val Best Threshold 0.35 → Balanced Acc: 0.7699, Acc: 0.8286, Sensitivity: 0.9565, Specificity: 0.5833, PPV: 0.8148, NPV: 0.8750, F1: 0.8800
  → New best validation AUC: 0.8370
Epoch 002 | Train: Loss=0.6221, Acc=0.6143, AUC=0.7403 | Val: Loss=0.5709, Acc=0.6000, AUC=0.8514
  Train Best Threshold 0.45 → Balanced Acc: 0.7160, Acc: 0.6857, Sensitivity: 0.6277, Specificity: 0.8043, PPV: 0.8676, NPV: 0.5139, F1: 0.7284
  Val Best Threshold 0.35 → Balanced Acc: 0.7446, Acc: 0.7429, Sensitivity: 0.7391, Specificity: 0.7500, PPV: 0.8500, NPV: 0.6000, F1: 0.7907
  → New best validation AUC: 0.8514
Epoch 003 | Train: Loss=0.6068, Acc=0.6857, AUC=0.7276 | Val: Loss=0.5557, Acc=0.6000, AUC=0.8478
  Train Best Threshold 0.45 → Balanced Acc: 0.7209, Acc: 0.7071, Sensitivity: 0.6809, Specificity: 0.7609, PPV: 0.8533, NPV: 0.5385, F1: 0.7574
  Val Best Threshold 0.30 → Balanced Acc: 0.7699, Acc: 0.8286, Sensitivity: 0.9565, Specificity: 0.5833, PPV: 0.8148, NPV: 0.8750, F1: 0.8800
Epoch 004 | Train: Loss=0.5701, Acc=0.7286, AUC=0.7671 | Val: Loss=0.5467, Acc=0.6000, AUC=0.8514
  Train Best Threshold 0.45 → Balanced Acc: 0.7586, Acc: 0.7429, Sensitivity: 0.7128, Specificity: 0.8043, PPV: 0.8816, NPV: 0.5781, F1: 0.7882
  Val Best Threshold 0.30 → Balanced Acc: 0.8116, Acc: 0.8571, Sensitivity: 0.9565, Specificity: 0.6667, PPV: 0.8462, NPV: 0.8889, F1: 0.8980
Epoch 005 | Train: Loss=0.5471, Acc=0.7071, AUC=0.8025 | Val: Loss=0.5423, Acc=0.6286, AUC=0.8514
  Train Best Threshold 0.40 → Balanced Acc: 0.7634, Acc: 0.7643, Sensitivity: 0.7660, Specificity: 0.7609, PPV: 0.8675, NPV: 0.6140, F1: 0.8136
  Val Best Threshold 0.30 → Balanced Acc: 0.7917, Acc: 0.8571, Sensitivity: 1.0000, Specificity: 0.5833, PPV: 0.8214, NPV: 1.0000, F1: 0.9020
Epoch 006 | Train: Loss=0.5598, Acc=0.7429, AUC=0.7731 | Val: Loss=0.5391, Acc=0.6286, AUC=0.8478
  Train Best Threshold 0.50 → Balanced Acc: 0.7586, Acc: 0.7429, Sensitivity: 0.7128, Specificity: 0.8043, PPV: 0.8816, NPV: 0.5781, F1: 0.7882
  Val Best Threshold 0.30 → Balanced Acc: 0.7899, Acc: 0.8286, Sensitivity: 0.9130, Specificity: 0.6667, PPV: 0.8400, NPV: 0.8000, F1: 0.8750
Epoch 007 | Train: Loss=0.5485, Acc=0.7214, AUC=0.7898 | Val: Loss=0.5367, Acc=0.6286, AUC=0.8442
  Train Best Threshold 0.45 → Balanced Acc: 0.7586, Acc: 0.7429, Sensitivity: 0.7128, Specificity: 0.8043, PPV: 0.8816, NPV: 0.5781, F1: 0.7882
  Val Best Threshold 0.30 → Balanced Acc: 0.7246, Acc: 0.7429, Sensitivity: 0.7826, Specificity: 0.6667, PPV: 0.8182, NPV: 0.6154, F1: 0.8000
Epoch 008 | Train: Loss=0.5568, Acc=0.7357, AUC=0.7902 | Val: Loss=0.5359, Acc=0.6286, AUC=0.8297
  Train Best Threshold 0.50 → Balanced Acc: 0.7532, Acc: 0.7357, Sensitivity: 0.7021, Specificity: 0.8043, PPV: 0.8800, NPV: 0.5692, F1: 0.7811
  Val Best Threshold 0.30 → Balanced Acc: 0.7681, Acc: 0.8000, Sensitivity: 0.8696, Specificity: 0.6667, PPV: 0.8333, NPV: 0.7273, F1: 0.8511
Epoch 009 | Train: Loss=0.5505, Acc=0.7286, AUC=0.7893 | Val: Loss=0.5347, Acc=0.6286, AUC=0.8333
  Train Best Threshold 0.50 → Balanced Acc: 0.7479, Acc: 0.7286, Sensitivity: 0.6915, Specificity: 0.8043, PPV: 0.8784, NPV: 0.5606, F1: 0.7738
  Val Best Threshold 0.30 → Balanced Acc: 0.7246, Acc: 0.7429, Sensitivity: 0.7826, Specificity: 0.6667, PPV: 0.8182, NPV: 0.6154, F1: 0.8000
Epoch 010 | Train: Loss=0.5548, Acc=0.7429, AUC=0.7891 | Val: Loss=0.5359, Acc=0.6286, AUC=0.8370
  Train Best Threshold 0.40 → Balanced Acc: 0.7685, Acc: 0.7786, Sensitivity: 0.7979, Specificity: 0.7391, PPV: 0.8621, NPV: 0.6415, F1: 0.8287
  Val Best Threshold 0.25 → Balanced Acc: 0.7500, Acc: 0.8286, Sensitivity: 1.0000, Specificity: 0.5000, PPV: 0.7931, NPV: 1.0000, F1: 0.8846
Epoch 011 | Train: Loss=0.5345, Acc=0.7357, AUC=0.8074 | Val: Loss=0.5366, Acc=0.6286, AUC=0.8261
  Train Best Threshold 0.50 → Balanced Acc: 0.7532, Acc: 0.7357, Sensitivity: 0.7021, Specificity: 0.8043, PPV: 0.8800, NPV: 0.5692, F1: 0.7811
  Val Best Threshold 0.25 → Balanced Acc: 0.7699, Acc: 0.8286, Sensitivity: 0.9565, Specificity: 0.5833, PPV: 0.8148, NPV: 0.8750, F1: 0.8800
Epoch 012 | Train: Loss=0.5570, Acc=0.7071, AUC=0.7858 | Val: Loss=0.5356, Acc=0.6286, AUC=0.8152
  Train Best Threshold 0.45 → Balanced Acc: 0.7424, Acc: 0.7286, Sensitivity: 0.7021, Specificity: 0.7826, PPV: 0.8684, NPV: 0.5625, F1: 0.7765
  Val Best Threshold 0.30 → Balanced Acc: 0.7246, Acc: 0.7429, Sensitivity: 0.7826, Specificity: 0.6667, PPV: 0.8182, NPV: 0.6154, F1: 0.8000
Epoch 013 | Train: Loss=0.5411, Acc=0.7143, AUC=0.8097 | Val: Loss=0.5348, Acc=0.6286, AUC=0.8116
  Train Best Threshold 0.35 → Balanced Acc: 0.7574, Acc: 0.7786, Sensitivity: 0.8191, Specificity: 0.6957, PPV: 0.8462, NPV: 0.6531, F1: 0.8324
  Val Best Threshold 0.30 → Balanced Acc: 0.7681, Acc: 0.8000, Sensitivity: 0.8696, Specificity: 0.6667, PPV: 0.8333, NPV: 0.7273, F1: 0.8511
Epoch 014 | Train: Loss=0.5403, Acc=0.7429, AUC=0.8069 | Val: Loss=0.5346, Acc=0.6286, AUC=0.8152
  Train Best Threshold 0.50 → Balanced Acc: 0.7586, Acc: 0.7429, Sensitivity: 0.7128, Specificity: 0.8043, PPV: 0.8816, NPV: 0.5781, F1: 0.7882
  Val Best Threshold 0.30 → Balanced Acc: 0.7681, Acc: 0.8000, Sensitivity: 0.8696, Specificity: 0.6667, PPV: 0.8333, NPV: 0.7273, F1: 0.8511
Epoch 015 | Train: Loss=0.5362, Acc=0.7214, AUC=0.8030 | Val: Loss=0.5344, Acc=0.6286, AUC=0.8116
  Train Best Threshold 0.45 → Balanced Acc: 0.7581, Acc: 0.7571, Sensitivity: 0.7553, Specificity: 0.7609, PPV: 0.8659, NPV: 0.6034, F1: 0.8068
  Val Best Threshold 0.30 → Balanced Acc: 0.7681, Acc: 0.8000, Sensitivity: 0.8696, Specificity: 0.6667, PPV: 0.8333, NPV: 0.7273, F1: 0.8511
Epoch 016 | Train: Loss=0.5458, Acc=0.7286, AUC=0.7990 | Val: Loss=0.5343, Acc=0.6286, AUC=0.8116
  Train Best Threshold 0.65 → Balanced Acc: 0.7488, Acc: 0.7000, Sensitivity: 0.6064, Specificity: 0.8913, PPV: 0.9194, NPV: 0.5256, F1: 0.7308
  Val Best Threshold 0.30 → Balanced Acc: 0.7246, Acc: 0.7429, Sensitivity: 0.7826, Specificity: 0.6667, PPV: 0.8182, NPV: 0.6154, F1: 0.8000
Epoch 017 | Train: Loss=0.5382, Acc=0.7143, AUC=0.8136 | Val: Loss=0.5332, Acc=0.6286, AUC=0.8188
  Train Best Threshold 0.35 → Balanced Acc: 0.7519, Acc: 0.7786, Sensitivity: 0.8298, Specificity: 0.6739, PPV: 0.8387, NPV: 0.6596, F1: 0.8342
  Val Best Threshold 0.30 → Balanced Acc: 0.7246, Acc: 0.7429, Sensitivity: 0.7826, Specificity: 0.6667, PPV: 0.8182, NPV: 0.6154, F1: 0.8000
Epoch 018 | Train: Loss=0.5429, Acc=0.7071, AUC=0.7921 | Val: Loss=0.5307, Acc=0.6286, AUC=0.8225
  Train Best Threshold 0.45 → Balanced Acc: 0.7477, Acc: 0.7357, Sensitivity: 0.7128, Specificity: 0.7826, PPV: 0.8701, NPV: 0.5714, F1: 0.7836
  Val Best Threshold 0.30 → Balanced Acc: 0.7464, Acc: 0.7714, Sensitivity: 0.8261, Specificity: 0.6667, PPV: 0.8261, NPV: 0.6667, F1: 0.8261
Epoch 019 | Train: Loss=0.5274, Acc=0.7357, AUC=0.8148 | Val: Loss=0.5294, Acc=0.6286, AUC=0.8225
  Train Best Threshold 0.45 → Balanced Acc: 0.7796, Acc: 0.7786, Sensitivity: 0.7766, Specificity: 0.7826, PPV: 0.8795, NPV: 0.6316, F1: 0.8249
  Val Best Threshold 0.30 → Balanced Acc: 0.7681, Acc: 0.8000, Sensitivity: 0.8696, Specificity: 0.6667, PPV: 0.8333, NPV: 0.7273, F1: 0.8511
Epoch 020 | Train: Loss=0.5389, Acc=0.7357, AUC=0.7946 | Val: Loss=0.5299, Acc=0.6286, AUC=0.8225
  Train Best Threshold 0.45 → Balanced Acc: 0.7634, Acc: 0.7643, Sensitivity: 0.7660, Specificity: 0.7609, PPV: 0.8675, NPV: 0.6140, F1: 0.8136
  Val Best Threshold 0.30 → Balanced Acc: 0.7464, Acc: 0.7714, Sensitivity: 0.8261, Specificity: 0.6667, PPV: 0.8261, NPV: 0.6667, F1: 0.8261
Epoch 021 | Train: Loss=0.5427, Acc=0.7214, AUC=0.8101 | Val: Loss=0.5307, Acc=0.6286, AUC=0.8297
  Train Best Threshold 0.40 → Balanced Acc: 0.7687, Acc: 0.7714, Sensitivity: 0.7766, Specificity: 0.7609, PPV: 0.8690, NPV: 0.6250, F1: 0.8202
  Val Best Threshold 0.25 → Balanced Acc: 0.7699, Acc: 0.8286, Sensitivity: 0.9565, Specificity: 0.5833, PPV: 0.8148, NPV: 0.8750, F1: 0.8800
Epoch 022 | Train: Loss=0.5151, Acc=0.7286, AUC=0.8224 | Val: Loss=0.5275, Acc=0.6286, AUC=0.8297
  Train Best Threshold 0.45 → Balanced Acc: 0.7692, Acc: 0.7571, Sensitivity: 0.7340, Specificity: 0.8043, PPV: 0.8846, NPV: 0.5968, F1: 0.8023
  Val Best Threshold 0.30 → Balanced Acc: 0.7899, Acc: 0.8286, Sensitivity: 0.9130, Specificity: 0.6667, PPV: 0.8400, NPV: 0.8000, F1: 0.8750
Early stopping at epoch 22
Loaded best model with validation AUC: 0.8514
Final Train Results (Best Model) at epoch 2 - Loss: 0.5880, Accuracy: 0.6929, AUC: 0.7835
Final Val Results (Best Model) at epoch 2 - Loss: 0.5709, Accuracy: 0.6000, AUC: 0.8514
Train Best Threshold: 0.40 | Balanced Acc: 0.7477 | Acc: 0.7357 | Precision: 0.8701 | Recall: 0.7128 | Sensitivity: 0.7128 | Specificity: 0.7826 | PPV: 0.8701 | NPV: 0.5714 | F1: 0.7836
Train Confusion Matrix at Best Threshold (rows=actual [0,1], cols=predicted [0,1]):
[[36 10]
 [27 67]]
Val Best Threshold: 0.35 | Balanced Acc: 0.7446 | Acc: 0.7429 | Precision: 0.8500 | Recall: 0.7391 | Sensitivity: 0.7391 | Specificity: 0.7500 | PPV: 0.8500 | NPV: 0.6000 | F1: 0.7907
Val Confusion Matrix at Best Threshold (rows=actual [0,1], cols=predicted [0,1]):
[[ 9  3]
 [ 6 17]]
Fold 3 Best Val AUC: 0.8514

============================== Fold 4 ==============================
Clinical input dimension: 5
Class weights: [1.        0.4893617]
Epoch 001 | Train: Loss=0.6998, Acc=0.3929, AUC=0.5298 | Val: Loss=0.7035, Acc=0.5143, AUC=0.5145
  Train Best Threshold 0.45 → Balanced Acc: 0.5328, Acc: 0.5143, Sensitivity: 0.4787, Specificity: 0.5870, PPV: 0.7031, NPV: 0.3553, F1: 0.5696
  Val Best Threshold 0.45 → Balanced Acc: 0.6159, Acc: 0.6000, Sensitivity: 0.5652, Specificity: 0.6667, PPV: 0.7647, NPV: 0.4444, F1: 0.6500
  → New best validation AUC: 0.5145
Epoch 002 | Train: Loss=0.6244, Acc=0.5929, AUC=0.7593 | Val: Loss=0.6783, Acc=0.5714, AUC=0.6304
  Train Best Threshold 0.45 → Balanced Acc: 0.6885, Acc: 0.6786, Sensitivity: 0.6596, Specificity: 0.7174, PPV: 0.8267, NPV: 0.5077, F1: 0.7337
  Val Best Threshold 0.55 → Balanced Acc: 0.6975, Acc: 0.6286, Sensitivity: 0.4783, Specificity: 0.9167, PPV: 0.9167, NPV: 0.4783, F1: 0.6286
  → New best validation AUC: 0.6304
Epoch 003 | Train: Loss=0.5637, Acc=0.7286, AUC=0.8178 | Val: Loss=0.6701, Acc=0.6000, AUC=0.6413
  Train Best Threshold 0.50 → Balanced Acc: 0.7424, Acc: 0.7286, Sensitivity: 0.7021, Specificity: 0.7826, PPV: 0.8684, NPV: 0.5625, F1: 0.7765
  Val Best Threshold 0.65 → Balanced Acc: 0.7174, Acc: 0.6286, Sensitivity: 0.4348, Specificity: 1.0000, PPV: 1.0000, NPV: 0.4800, F1: 0.6061
  → New best validation AUC: 0.6413
Epoch 004 | Train: Loss=0.5419, Acc=0.7357, AUC=0.8078 | Val: Loss=0.6592, Acc=0.6000, AUC=0.6558
  Train Best Threshold 0.65 → Balanced Acc: 0.7650, Acc: 0.7143, Sensitivity: 0.6170, Specificity: 0.9130, PPV: 0.9355, NPV: 0.5385, F1: 0.7436
  Val Best Threshold 0.70 → Balanced Acc: 0.7174, Acc: 0.6286, Sensitivity: 0.4348, Specificity: 1.0000, PPV: 1.0000, NPV: 0.4800, F1: 0.6061
  → New best validation AUC: 0.6558
Epoch 005 | Train: Loss=0.5409, Acc=0.7357, AUC=0.8115 | Val: Loss=0.6501, Acc=0.6286, AUC=0.6812
  Train Best Threshold 0.40 → Balanced Acc: 0.7519, Acc: 0.7786, Sensitivity: 0.8298, Specificity: 0.6739, PPV: 0.8387, NPV: 0.6596, F1: 0.8342
  Val Best Threshold 0.75 → Balanced Acc: 0.7174, Acc: 0.6286, Sensitivity: 0.4348, Specificity: 1.0000, PPV: 1.0000, NPV: 0.4800, F1: 0.6061
  → New best validation AUC: 0.6812
Epoch 006 | Train: Loss=0.5258, Acc=0.7286, AUC=0.8161 | Val: Loss=0.6519, Acc=0.6286, AUC=0.6884
  Train Best Threshold 0.40 → Balanced Acc: 0.7630, Acc: 0.7786, Sensitivity: 0.8085, Specificity: 0.7174, PPV: 0.8539, NPV: 0.6471, F1: 0.8306
  Val Best Threshold 0.75 → Balanced Acc: 0.7174, Acc: 0.6286, Sensitivity: 0.4348, Specificity: 1.0000, PPV: 1.0000, NPV: 0.4800, F1: 0.6061
  → New best validation AUC: 0.6884
Epoch 007 | Train: Loss=0.5295, Acc=0.7571, AUC=0.7946 | Val: Loss=0.6494, Acc=0.6286, AUC=0.6884
  Train Best Threshold 0.60 → Balanced Acc: 0.7535, Acc: 0.7286, Sensitivity: 0.6809, Specificity: 0.8261, PPV: 0.8889, NPV: 0.5588, F1: 0.7711
  Val Best Threshold 0.65 → Balanced Acc: 0.6975, Acc: 0.6286, Sensitivity: 0.4783, Specificity: 0.9167, PPV: 0.9167, NPV: 0.4783, F1: 0.6286
Epoch 008 | Train: Loss=0.5347, Acc=0.7286, AUC=0.8053 | Val: Loss=0.6460, Acc=0.6286, AUC=0.6993
  Train Best Threshold 0.35 → Balanced Acc: 0.7627, Acc: 0.7857, Sensitivity: 0.8298, Specificity: 0.6957, PPV: 0.8478, NPV: 0.6667, F1: 0.8387
  Val Best Threshold 0.65 → Balanced Acc: 0.6975, Acc: 0.6286, Sensitivity: 0.4783, Specificity: 0.9167, PPV: 0.9167, NPV: 0.4783, F1: 0.6286
  → New best validation AUC: 0.6993
Epoch 009 | Train: Loss=0.5032, Acc=0.7143, AUC=0.8467 | Val: Loss=0.6415, Acc=0.6286, AUC=0.6993
  Train Best Threshold 0.25 → Balanced Acc: 0.8048, Acc: 0.8571, Sensitivity: 0.9574, Specificity: 0.6522, PPV: 0.8491, NPV: 0.8824, F1: 0.9000
  Val Best Threshold 0.60 → Balanced Acc: 0.6975, Acc: 0.6286, Sensitivity: 0.4783, Specificity: 0.9167, PPV: 0.9167, NPV: 0.4783, F1: 0.6286
Epoch 010 | Train: Loss=0.5380, Acc=0.7357, AUC=0.8164 | Val: Loss=0.6394, Acc=0.6286, AUC=0.6993
  Train Best Threshold 0.45 → Balanced Acc: 0.7634, Acc: 0.7643, Sensitivity: 0.7660, Specificity: 0.7609, PPV: 0.8675, NPV: 0.6140, F1: 0.8136
  Val Best Threshold 0.60 → Balanced Acc: 0.6975, Acc: 0.6286, Sensitivity: 0.4783, Specificity: 0.9167, PPV: 0.9167, NPV: 0.4783, F1: 0.6286
Epoch 011 | Train: Loss=0.5146, Acc=0.7286, AUC=0.8268 | Val: Loss=0.6406, Acc=0.6286, AUC=0.6993
  Train Best Threshold 0.35 → Balanced Acc: 0.7680, Acc: 0.7929, Sensitivity: 0.8404, Specificity: 0.6957, PPV: 0.8495, NPV: 0.6809, F1: 0.8449
  Val Best Threshold 0.60 → Balanced Acc: 0.6975, Acc: 0.6286, Sensitivity: 0.4783, Specificity: 0.9167, PPV: 0.9167, NPV: 0.4783, F1: 0.6286
Epoch 012 | Train: Loss=0.5339, Acc=0.7214, AUC=0.8138 | Val: Loss=0.6427, Acc=0.6286, AUC=0.6993
  Train Best Threshold 0.60 → Balanced Acc: 0.7431, Acc: 0.7071, Sensitivity: 0.6383, Specificity: 0.8478, PPV: 0.8955, NPV: 0.5342, F1: 0.7453
  Val Best Threshold 0.60 → Balanced Acc: 0.6975, Acc: 0.6286, Sensitivity: 0.4783, Specificity: 0.9167, PPV: 0.9167, NPV: 0.4783, F1: 0.6286
Epoch 013 | Train: Loss=0.5419, Acc=0.7714, AUC=0.8173 | Val: Loss=0.6442, Acc=0.6286, AUC=0.6993
  Train Best Threshold 0.50 → Balanced Acc: 0.7743, Acc: 0.7714, Sensitivity: 0.7660, Specificity: 0.7826, PPV: 0.8780, NPV: 0.6207, F1: 0.8182
  Val Best Threshold 0.65 → Balanced Acc: 0.6975, Acc: 0.6286, Sensitivity: 0.4783, Specificity: 0.9167, PPV: 0.9167, NPV: 0.4783, F1: 0.6286
Epoch 014 | Train: Loss=0.5261, Acc=0.7429, AUC=0.8078 | Val: Loss=0.6419, Acc=0.6286, AUC=0.6993
  Train Best Threshold 0.45 → Balanced Acc: 0.7852, Acc: 0.7786, Sensitivity: 0.7660, Specificity: 0.8043, PPV: 0.8889, NPV: 0.6271, F1: 0.8229
  Val Best Threshold 0.60 → Balanced Acc: 0.6975, Acc: 0.6286, Sensitivity: 0.4783, Specificity: 0.9167, PPV: 0.9167, NPV: 0.4783, F1: 0.6286
Epoch 015 | Train: Loss=0.5340, Acc=0.7429, AUC=0.8069 | Val: Loss=0.6433, Acc=0.6286, AUC=0.6993
  Train Best Threshold 0.35 → Balanced Acc: 0.7840, Acc: 0.8143, Sensitivity: 0.8723, Specificity: 0.6957, PPV: 0.8542, NPV: 0.7273, F1: 0.8632
  Val Best Threshold 0.65 → Balanced Acc: 0.6975, Acc: 0.6286, Sensitivity: 0.4783, Specificity: 0.9167, PPV: 0.9167, NPV: 0.4783, F1: 0.6286
Epoch 016 | Train: Loss=0.5428, Acc=0.7500, AUC=0.8099 | Val: Loss=0.6384, Acc=0.6286, AUC=0.6957
  Train Best Threshold 0.35 → Balanced Acc: 0.7569, Acc: 0.7929, Sensitivity: 0.8617, Specificity: 0.6522, PPV: 0.8351, NPV: 0.6977, F1: 0.8482
  Val Best Threshold 0.65 → Balanced Acc: 0.6975, Acc: 0.6286, Sensitivity: 0.4783, Specificity: 0.9167, PPV: 0.9167, NPV: 0.4783, F1: 0.6286
Epoch 017 | Train: Loss=0.5160, Acc=0.7714, AUC=0.8194 | Val: Loss=0.6416, Acc=0.6286, AUC=0.6957
  Train Best Threshold 0.55 → Balanced Acc: 0.7856, Acc: 0.7643, Sensitivity: 0.7234, Specificity: 0.8478, PPV: 0.9067, NPV: 0.6000, F1: 0.8047
  Val Best Threshold 0.65 → Balanced Acc: 0.6975, Acc: 0.6286, Sensitivity: 0.4783, Specificity: 0.9167, PPV: 0.9167, NPV: 0.4783, F1: 0.6286
Epoch 018 | Train: Loss=0.5032, Acc=0.7714, AUC=0.8289 | Val: Loss=0.6416, Acc=0.6286, AUC=0.6993
  Train Best Threshold 0.45 → Balanced Acc: 0.7796, Acc: 0.7786, Sensitivity: 0.7766, Specificity: 0.7826, PPV: 0.8795, NPV: 0.6316, F1: 0.8249
  Val Best Threshold 0.60 → Balanced Acc: 0.7192, Acc: 0.6571, Sensitivity: 0.5217, Specificity: 0.9167, PPV: 0.9231, NPV: 0.5000, F1: 0.6667
Epoch 019 | Train: Loss=0.5023, Acc=0.7429, AUC=0.8425 | Val: Loss=0.6380, Acc=0.6286, AUC=0.7138
  Train Best Threshold 0.30 → Balanced Acc: 0.7842, Acc: 0.8071, Sensitivity: 0.8511, Specificity: 0.7174, PPV: 0.8602, NPV: 0.7021, F1: 0.8556
  Val Best Threshold 0.65 → Balanced Acc: 0.6975, Acc: 0.6286, Sensitivity: 0.4783, Specificity: 0.9167, PPV: 0.9167, NPV: 0.4783, F1: 0.6286
  → New best validation AUC: 0.7138
Epoch 020 | Train: Loss=0.5119, Acc=0.7571, AUC=0.8254 | Val: Loss=0.6374, Acc=0.6286, AUC=0.7283
  Train Best Threshold 0.40 → Balanced Acc: 0.7953, Acc: 0.8071, Sensitivity: 0.8298, Specificity: 0.7609, PPV: 0.8764, NPV: 0.6863, F1: 0.8525
  Val Best Threshold 0.60 → Balanced Acc: 0.7192, Acc: 0.6571, Sensitivity: 0.5217, Specificity: 0.9167, PPV: 0.9231, NPV: 0.5000, F1: 0.6667
  → New best validation AUC: 0.7283
Epoch 021 | Train: Loss=0.5125, Acc=0.7643, AUC=0.8261 | Val: Loss=0.6368, Acc=0.6286, AUC=0.7319
  Train Best Threshold 0.50 → Balanced Acc: 0.7745, Acc: 0.7643, Sensitivity: 0.7447, Specificity: 0.8043, PPV: 0.8861, NPV: 0.6066, F1: 0.8092
  Val Best Threshold 0.65 → Balanced Acc: 0.6975, Acc: 0.6286, Sensitivity: 0.4783, Specificity: 0.9167, PPV: 0.9167, NPV: 0.4783, F1: 0.6286
  → New best validation AUC: 0.7319
Epoch 022 | Train: Loss=0.5260, Acc=0.7571, AUC=0.8171 | Val: Loss=0.6409, Acc=0.6286, AUC=0.7101
  Train Best Threshold 0.35 → Balanced Acc: 0.7895, Acc: 0.8143, Sensitivity: 0.8617, Specificity: 0.7174, PPV: 0.8617, NPV: 0.7174, F1: 0.8617
  Val Best Threshold 0.65 → Balanced Acc: 0.6975, Acc: 0.6286, Sensitivity: 0.4783, Specificity: 0.9167, PPV: 0.9167, NPV: 0.4783, F1: 0.6286
Epoch 023 | Train: Loss=0.5163, Acc=0.7571, AUC=0.8240 | Val: Loss=0.6401, Acc=0.6286, AUC=0.7101
  Train Best Threshold 0.40 → Balanced Acc: 0.7898, Acc: 0.8071, Sensitivity: 0.8404, Specificity: 0.7391, PPV: 0.8681, NPV: 0.6939, F1: 0.8541
  Val Best Threshold 0.65 → Balanced Acc: 0.6975, Acc: 0.6286, Sensitivity: 0.4783, Specificity: 0.9167, PPV: 0.9167, NPV: 0.4783, F1: 0.6286
Epoch 024 | Train: Loss=0.5188, Acc=0.7571, AUC=0.8101 | Val: Loss=0.6377, Acc=0.6286, AUC=0.7138
  Train Best Threshold 0.45 → Balanced Acc: 0.7796, Acc: 0.7786, Sensitivity: 0.7766, Specificity: 0.7826, PPV: 0.8795, NPV: 0.6316, F1: 0.8249
  Val Best Threshold 0.65 → Balanced Acc: 0.6975, Acc: 0.6286, Sensitivity: 0.4783, Specificity: 0.9167, PPV: 0.9167, NPV: 0.4783, F1: 0.6286
Epoch 025 | Train: Loss=0.5076, Acc=0.7643, AUC=0.8247 | Val: Loss=0.6405, Acc=0.6286, AUC=0.7101
  Train Best Threshold 0.40 → Balanced Acc: 0.7791, Acc: 0.7929, Sensitivity: 0.8191, Specificity: 0.7391, PPV: 0.8652, NPV: 0.6667, F1: 0.8415
  Val Best Threshold 0.65 → Balanced Acc: 0.6975, Acc: 0.6286, Sensitivity: 0.4783, Specificity: 0.9167, PPV: 0.9167, NPV: 0.4783, F1: 0.6286
Epoch 026 | Train: Loss=0.5206, Acc=0.7643, AUC=0.8252 | Val: Loss=0.6411, Acc=0.6286, AUC=0.7101
  Train Best Threshold 0.60 → Balanced Acc: 0.7805, Acc: 0.7500, Sensitivity: 0.6915, Specificity: 0.8696, PPV: 0.9155, NPV: 0.5797, F1: 0.7879
  Val Best Threshold 0.65 → Balanced Acc: 0.6975, Acc: 0.6286, Sensitivity: 0.4783, Specificity: 0.9167, PPV: 0.9167, NPV: 0.4783, F1: 0.6286
Epoch 027 | Train: Loss=0.5124, Acc=0.7357, AUC=0.8282 | Val: Loss=0.6396, Acc=0.6286, AUC=0.7138
  Train Best Threshold 0.45 → Balanced Acc: 0.7741, Acc: 0.7786, Sensitivity: 0.7872, Specificity: 0.7609, PPV: 0.8706, NPV: 0.6364, F1: 0.8268
  Val Best Threshold 0.65 → Balanced Acc: 0.7192, Acc: 0.6571, Sensitivity: 0.5217, Specificity: 0.9167, PPV: 0.9231, NPV: 0.5000, F1: 0.6667
Epoch 028 | Train: Loss=0.5135, Acc=0.7643, AUC=0.8228 | Val: Loss=0.6440, Acc=0.6286, AUC=0.7065
  Train Best Threshold 0.50 → Balanced Acc: 0.7745, Acc: 0.7643, Sensitivity: 0.7447, Specificity: 0.8043, PPV: 0.8861, NPV: 0.6066, F1: 0.8092
  Val Best Threshold 0.65 → Balanced Acc: 0.7192, Acc: 0.6571, Sensitivity: 0.5217, Specificity: 0.9167, PPV: 0.9231, NPV: 0.5000, F1: 0.6667
Epoch 029 | Train: Loss=0.5103, Acc=0.7571, AUC=0.8291 | Val: Loss=0.6335, Acc=0.6286, AUC=0.7283
  Train Best Threshold 0.45 → Balanced Acc: 0.7796, Acc: 0.7786, Sensitivity: 0.7766, Specificity: 0.7826, PPV: 0.8795, NPV: 0.6316, F1: 0.8249
  Val Best Threshold 0.65 → Balanced Acc: 0.7192, Acc: 0.6571, Sensitivity: 0.5217, Specificity: 0.9167, PPV: 0.9231, NPV: 0.5000, F1: 0.6667
Epoch 030 | Train: Loss=0.5211, Acc=0.7500, AUC=0.8300 | Val: Loss=0.6307, Acc=0.6286, AUC=0.7391
  Train Best Threshold 0.40 → Balanced Acc: 0.7687, Acc: 0.7714, Sensitivity: 0.7766, Specificity: 0.7609, PPV: 0.8690, NPV: 0.6250, F1: 0.8202
  Val Best Threshold 0.80 → Balanced Acc: 0.6957, Acc: 0.6000, Sensitivity: 0.3913, Specificity: 1.0000, PPV: 1.0000, NPV: 0.4615, F1: 0.5625
  → New best validation AUC: 0.7391
Epoch 031 | Train: Loss=0.5225, Acc=0.7357, AUC=0.8242 | Val: Loss=0.6328, Acc=0.6286, AUC=0.7283
  Train Best Threshold 0.35 → Balanced Acc: 0.7895, Acc: 0.8143, Sensitivity: 0.8617, Specificity: 0.7174, PPV: 0.8617, NPV: 0.7174, F1: 0.8617
  Val Best Threshold 0.65 → Balanced Acc: 0.6975, Acc: 0.6286, Sensitivity: 0.4783, Specificity: 0.9167, PPV: 0.9167, NPV: 0.4783, F1: 0.6286
Epoch 032 | Train: Loss=0.4915, Acc=0.7857, AUC=0.8386 | Val: Loss=0.6330, Acc=0.6286, AUC=0.7283
  Train Best Threshold 0.40 → Balanced Acc: 0.7956, Acc: 0.8000, Sensitivity: 0.8085, Specificity: 0.7826, PPV: 0.8837, NPV: 0.6667, F1: 0.8444
  Val Best Threshold 0.65 → Balanced Acc: 0.7192, Acc: 0.6571, Sensitivity: 0.5217, Specificity: 0.9167, PPV: 0.9231, NPV: 0.5000, F1: 0.6667
Epoch 033 | Train: Loss=0.5171, Acc=0.7643, AUC=0.8152 | Val: Loss=0.6358, Acc=0.6286, AUC=0.7283
  Train Best Threshold 0.55 → Balanced Acc: 0.7694, Acc: 0.7500, Sensitivity: 0.7128, Specificity: 0.8261, PPV: 0.8933, NPV: 0.5846, F1: 0.7929
  Val Best Threshold 0.65 → Balanced Acc: 0.7192, Acc: 0.6571, Sensitivity: 0.5217, Specificity: 0.9167, PPV: 0.9231, NPV: 0.5000, F1: 0.6667
Epoch 034 | Train: Loss=0.5147, Acc=0.7643, AUC=0.8087 | Val: Loss=0.6426, Acc=0.6286, AUC=0.7138
  Train Best Threshold 0.35 → Balanced Acc: 0.7842, Acc: 0.8071, Sensitivity: 0.8511, Specificity: 0.7174, PPV: 0.8602, NPV: 0.7021, F1: 0.8556
  Val Best Threshold 0.65 → Balanced Acc: 0.7192, Acc: 0.6571, Sensitivity: 0.5217, Specificity: 0.9167, PPV: 0.9231, NPV: 0.5000, F1: 0.6667
Epoch 035 | Train: Loss=0.5095, Acc=0.7714, AUC=0.8215 | Val: Loss=0.6408, Acc=0.6286, AUC=0.7138
  Train Best Threshold 0.35 → Balanced Acc: 0.7951, Acc: 0.8143, Sensitivity: 0.8511, Specificity: 0.7391, PPV: 0.8696, NPV: 0.7083, F1: 0.8602
  Val Best Threshold 0.65 → Balanced Acc: 0.7192, Acc: 0.6571, Sensitivity: 0.5217, Specificity: 0.9167, PPV: 0.9231, NPV: 0.5000, F1: 0.6667
Epoch 036 | Train: Loss=0.5141, Acc=0.7571, AUC=0.8231 | Val: Loss=0.6363, Acc=0.6286, AUC=0.7283
  Train Best Threshold 0.35 → Balanced Acc: 0.7789, Acc: 0.8000, Sensitivity: 0.8404, Specificity: 0.7174, PPV: 0.8587, NPV: 0.6875, F1: 0.8495
  Val Best Threshold 0.65 → Balanced Acc: 0.7192, Acc: 0.6571, Sensitivity: 0.5217, Specificity: 0.9167, PPV: 0.9231, NPV: 0.5000, F1: 0.6667
Epoch 037 | Train: Loss=0.5084, Acc=0.7643, AUC=0.8286 | Val: Loss=0.6352, Acc=0.6286, AUC=0.7283
  Train Best Threshold 0.45 → Balanced Acc: 0.7849, Acc: 0.7857, Sensitivity: 0.7872, Specificity: 0.7826, PPV: 0.8810, NPV: 0.6429, F1: 0.8315
  Val Best Threshold 0.65 → Balanced Acc: 0.7192, Acc: 0.6571, Sensitivity: 0.5217, Specificity: 0.9167, PPV: 0.9231, NPV: 0.5000, F1: 0.6667
Epoch 038 | Train: Loss=0.4949, Acc=0.7643, AUC=0.8346 | Val: Loss=0.6350, Acc=0.6286, AUC=0.7319
  Train Best Threshold 0.50 → Balanced Acc: 0.7690, Acc: 0.7643, Sensitivity: 0.7553, Specificity: 0.7826, PPV: 0.8765, NPV: 0.6102, F1: 0.8114
  Val Best Threshold 0.75 → Balanced Acc: 0.6957, Acc: 0.6000, Sensitivity: 0.3913, Specificity: 1.0000, PPV: 1.0000, NPV: 0.4615, F1: 0.5625
Epoch 039 | Train: Loss=0.5144, Acc=0.7929, AUC=0.8182 | Val: Loss=0.6331, Acc=0.6286, AUC=0.7391
  Train Best Threshold 0.50 → Balanced Acc: 0.7958, Acc: 0.7929, Sensitivity: 0.7872, Specificity: 0.8043, PPV: 0.8916, NPV: 0.6491, F1: 0.8362
  Val Best Threshold 0.75 → Balanced Acc: 0.6957, Acc: 0.6000, Sensitivity: 0.3913, Specificity: 1.0000, PPV: 1.0000, NPV: 0.4615, F1: 0.5625
Epoch 040 | Train: Loss=0.4868, Acc=0.7500, AUC=0.8400 | Val: Loss=0.6304, Acc=0.6286, AUC=0.7391
  Train Best Threshold 0.40 → Balanced Acc: 0.7845, Acc: 0.8000, Sensitivity: 0.8298, Specificity: 0.7391, PPV: 0.8667, NPV: 0.6800, F1: 0.8478
  Val Best Threshold 0.65 → Balanced Acc: 0.7192, Acc: 0.6571, Sensitivity: 0.5217, Specificity: 0.9167, PPV: 0.9231, NPV: 0.5000, F1: 0.6667
Epoch 041 | Train: Loss=0.5159, Acc=0.7571, AUC=0.8222 | Val: Loss=0.6327, Acc=0.6286, AUC=0.7355
  Train Best Threshold 0.35 → Balanced Acc: 0.7951, Acc: 0.8143, Sensitivity: 0.8511, Specificity: 0.7391, PPV: 0.8696, NPV: 0.7083, F1: 0.8602
  Val Best Threshold 0.65 → Balanced Acc: 0.7192, Acc: 0.6571, Sensitivity: 0.5217, Specificity: 0.9167, PPV: 0.9231, NPV: 0.5000, F1: 0.6667
Epoch 042 | Train: Loss=0.5019, Acc=0.7714, AUC=0.8235 | Val: Loss=0.6386, Acc=0.6286, AUC=0.7246
  Train Best Threshold 0.50 → Balanced Acc: 0.7854, Acc: 0.7714, Sensitivity: 0.7447, Specificity: 0.8261, PPV: 0.8974, NPV: 0.6129, F1: 0.8140
  Val Best Threshold 0.65 → Balanced Acc: 0.7192, Acc: 0.6571, Sensitivity: 0.5217, Specificity: 0.9167, PPV: 0.9231, NPV: 0.5000, F1: 0.6667
Epoch 043 | Train: Loss=0.4832, Acc=0.7857, AUC=0.8476 | Val: Loss=0.6348, Acc=0.6286, AUC=0.7319
  Train Best Threshold 0.45 → Balanced Acc: 0.7956, Acc: 0.8000, Sensitivity: 0.8085, Specificity: 0.7826, PPV: 0.8837, NPV: 0.6667, F1: 0.8444
  Val Best Threshold 0.75 → Balanced Acc: 0.6957, Acc: 0.6000, Sensitivity: 0.3913, Specificity: 1.0000, PPV: 1.0000, NPV: 0.4615, F1: 0.5625
Epoch 044 | Train: Loss=0.5044, Acc=0.7786, AUC=0.8314 | Val: Loss=0.6339, Acc=0.6286, AUC=0.7464
  Train Best Threshold 0.50 → Balanced Acc: 0.7852, Acc: 0.7786, Sensitivity: 0.7660, Specificity: 0.8043, PPV: 0.8889, NPV: 0.6271, F1: 0.8229
  Val Best Threshold 0.70 → Balanced Acc: 0.6975, Acc: 0.6286, Sensitivity: 0.4783, Specificity: 0.9167, PPV: 0.9167, NPV: 0.4783, F1: 0.6286
  → New best validation AUC: 0.7464
Epoch 045 | Train: Loss=0.5043, Acc=0.7714, AUC=0.8439 | Val: Loss=0.6360, Acc=0.6286, AUC=0.7319
  Train Best Threshold 0.35 → Balanced Acc: 0.8006, Acc: 0.8143, Sensitivity: 0.8404, Specificity: 0.7609, PPV: 0.8778, NPV: 0.7000, F1: 0.8587
  Val Best Threshold 0.75 → Balanced Acc: 0.6957, Acc: 0.6000, Sensitivity: 0.3913, Specificity: 1.0000, PPV: 1.0000, NPV: 0.4615, F1: 0.5625
Epoch 046 | Train: Loss=0.5111, Acc=0.7714, AUC=0.8247 | Val: Loss=0.6343, Acc=0.6286, AUC=0.7391
  Train Best Threshold 0.40 → Balanced Acc: 0.7847, Acc: 0.7929, Sensitivity: 0.8085, Specificity: 0.7609, PPV: 0.8736, NPV: 0.6604, F1: 0.8398
  Val Best Threshold 0.75 → Balanced Acc: 0.6957, Acc: 0.6000, Sensitivity: 0.3913, Specificity: 1.0000, PPV: 1.0000, NPV: 0.4615, F1: 0.5625
Epoch 047 | Train: Loss=0.5098, Acc=0.7786, AUC=0.8279 | Val: Loss=0.6393, Acc=0.6286, AUC=0.7319
  Train Best Threshold 0.40 → Balanced Acc: 0.7953, Acc: 0.8071, Sensitivity: 0.8298, Specificity: 0.7609, PPV: 0.8764, NPV: 0.6863, F1: 0.8525
  Val Best Threshold 0.75 → Balanced Acc: 0.6957, Acc: 0.6000, Sensitivity: 0.3913, Specificity: 1.0000, PPV: 1.0000, NPV: 0.4615, F1: 0.5625
Epoch 048 | Train: Loss=0.4909, Acc=0.7643, AUC=0.8407 | Val: Loss=0.6328, Acc=0.6286, AUC=0.7500
  Train Best Threshold 0.45 → Balanced Acc: 0.7902, Acc: 0.7929, Sensitivity: 0.7979, Specificity: 0.7826, PPV: 0.8824, NPV: 0.6545, F1: 0.8380
  Val Best Threshold 0.75 → Balanced Acc: 0.6957, Acc: 0.6000, Sensitivity: 0.3913, Specificity: 1.0000, PPV: 1.0000, NPV: 0.4615, F1: 0.5625
  → New best validation AUC: 0.7500
Epoch 049 | Train: Loss=0.5019, Acc=0.7571, AUC=0.8397 | Val: Loss=0.6325, Acc=0.6286, AUC=0.7500
  Train Best Threshold 0.45 → Balanced Acc: 0.7741, Acc: 0.7786, Sensitivity: 0.7872, Specificity: 0.7609, PPV: 0.8706, NPV: 0.6364, F1: 0.8268
  Val Best Threshold 0.70 → Balanced Acc: 0.6975, Acc: 0.6286, Sensitivity: 0.4783, Specificity: 0.9167, PPV: 0.9167, NPV: 0.4783, F1: 0.6286
Epoch 050 | Train: Loss=0.4877, Acc=0.7786, AUC=0.8298 | Val: Loss=0.6326, Acc=0.6286, AUC=0.7464
  Train Best Threshold 0.40 → Balanced Acc: 0.7951, Acc: 0.8143, Sensitivity: 0.8511, Specificity: 0.7391, PPV: 0.8696, NPV: 0.7083, F1: 0.8602
  Val Best Threshold 0.75 → Balanced Acc: 0.6957, Acc: 0.6000, Sensitivity: 0.3913, Specificity: 1.0000, PPV: 1.0000, NPV: 0.4615, F1: 0.5625
Loaded best model with validation AUC: 0.7500
Final Train Results (Best Model) at epoch 48 - Loss: 0.4838, Accuracy: 0.7786, AUC: 0.8377
Final Val Results (Best Model) at epoch 48 - Loss: 0.6328, Accuracy: 0.6286, AUC: 0.7500
Train Best Threshold: 0.45 | Balanced Acc: 0.7902 | Acc: 0.7929 | Precision: 0.8824 | Recall: 0.7979 | Sensitivity: 0.7979 | Specificity: 0.7826 | PPV: 0.8824 | NPV: 0.6545 | F1: 0.8380
Train Confusion Matrix at Best Threshold (rows=actual [0,1], cols=predicted [0,1]):
[[36 10]
 [19 75]]
Val Best Threshold: 0.75 | Balanced Acc: 0.6957 | Acc: 0.6000 | Precision: 1.0000 | Recall: 0.3913 | Sensitivity: 0.3913 | Specificity: 1.0000 | PPV: 1.0000 | NPV: 0.4615 | F1: 0.5625
Val Confusion Matrix at Best Threshold (rows=actual [0,1], cols=predicted [0,1]):
[[12  0]
 [14  9]]
Fold 4 Best Val AUC: 0.7500

============================== Fold 5 ==============================
Clinical input dimension: 5
Class weights: [1.        0.4893617]
Epoch 001 | Train: Loss=0.6705, Acc=0.5429, AUC=0.6341 | Val: Loss=0.5511, Acc=0.7714, AUC=0.8696
  Train Best Threshold 0.55 → Balanced Acc: 0.6485, Acc: 0.5429, Sensitivity: 0.3404, Specificity: 0.9565, PPV: 0.9412, NPV: 0.4151, F1: 0.5000
  Val Best Threshold 0.45 → Balanced Acc: 0.8496, Acc: 0.8286, Sensitivity: 0.7826, Specificity: 0.9167, PPV: 0.9474, NPV: 0.6875, F1: 0.8571
  → New best validation AUC: 0.8696
Epoch 002 | Train: Loss=0.6033, Acc=0.6929, AUC=0.7572 | Val: Loss=0.4810, Acc=0.8000, AUC=0.8478
  Train Best Threshold 0.50 → Balanced Acc: 0.7324, Acc: 0.6929, Sensitivity: 0.6170, Specificity: 0.8478, PPV: 0.8923, NPV: 0.5200, F1: 0.7296
  Val Best Threshold 0.50 → Balanced Acc: 0.8279, Acc: 0.8000, Sensitivity: 0.7391, Specificity: 0.9167, PPV: 0.9444, NPV: 0.6471, F1: 0.8293
Epoch 003 | Train: Loss=0.5476, Acc=0.7286, AUC=0.8173 | Val: Loss=0.4447, Acc=0.8000, AUC=0.8514
  Train Best Threshold 0.50 → Balanced Acc: 0.7590, Acc: 0.7286, Sensitivity: 0.6702, Specificity: 0.8478, PPV: 0.9000, NPV: 0.5571, F1: 0.7683
  Val Best Threshold 0.50 → Balanced Acc: 0.8279, Acc: 0.8000, Sensitivity: 0.7391, Specificity: 0.9167, PPV: 0.9444, NPV: 0.6471, F1: 0.8293
Epoch 004 | Train: Loss=0.5879, Acc=0.7000, AUC=0.7678 | Val: Loss=0.4275, Acc=0.7714, AUC=0.8478
  Train Best Threshold 0.50 → Balanced Acc: 0.7266, Acc: 0.7000, Sensitivity: 0.6489, Specificity: 0.8043, PPV: 0.8714, NPV: 0.5286, F1: 0.7439
  Val Best Threshold 0.55 → Balanced Acc: 0.8279, Acc: 0.8000, Sensitivity: 0.7391, Specificity: 0.9167, PPV: 0.9444, NPV: 0.6471, F1: 0.8293
Epoch 005 | Train: Loss=0.5775, Acc=0.7143, AUC=0.7500 | Val: Loss=0.4213, Acc=0.7714, AUC=0.8442
  Train Best Threshold 0.55 → Balanced Acc: 0.7320, Acc: 0.7071, Sensitivity: 0.6596, Specificity: 0.8043, PPV: 0.8732, NPV: 0.5362, F1: 0.7515
  Val Best Threshold 0.60 → Balanced Acc: 0.8279, Acc: 0.8000, Sensitivity: 0.7391, Specificity: 0.9167, PPV: 0.9444, NPV: 0.6471, F1: 0.8293
Epoch 006 | Train: Loss=0.5454, Acc=0.7071, AUC=0.8076 | Val: Loss=0.4210, Acc=0.7714, AUC=0.8442
  Train Best Threshold 0.45 → Balanced Acc: 0.7368, Acc: 0.7286, Sensitivity: 0.7128, Specificity: 0.7609, PPV: 0.8590, NPV: 0.5645, F1: 0.7791
  Val Best Threshold 0.60 → Balanced Acc: 0.8279, Acc: 0.8000, Sensitivity: 0.7391, Specificity: 0.9167, PPV: 0.9444, NPV: 0.6471, F1: 0.8293
Epoch 007 | Train: Loss=0.5618, Acc=0.6786, AUC=0.7849 | Val: Loss=0.4180, Acc=0.7714, AUC=0.8297
  Train Best Threshold 0.60 → Balanced Acc: 0.7273, Acc: 0.6786, Sensitivity: 0.5851, Specificity: 0.8696, PPV: 0.9016, NPV: 0.5063, F1: 0.7097
  Val Best Threshold 0.60 → Balanced Acc: 0.8279, Acc: 0.8000, Sensitivity: 0.7391, Specificity: 0.9167, PPV: 0.9444, NPV: 0.6471, F1: 0.8293
Epoch 008 | Train: Loss=0.5583, Acc=0.6857, AUC=0.7791 | Val: Loss=0.4204, Acc=0.7714, AUC=0.8370
  Train Best Threshold 0.45 → Balanced Acc: 0.7262, Acc: 0.7143, Sensitivity: 0.6915, Specificity: 0.7609, PPV: 0.8553, NPV: 0.5469, F1: 0.7647
  Val Best Threshold 0.60 → Balanced Acc: 0.8279, Acc: 0.8000, Sensitivity: 0.7391, Specificity: 0.9167, PPV: 0.9444, NPV: 0.6471, F1: 0.8293
Epoch 009 | Train: Loss=0.5417, Acc=0.7071, AUC=0.7916 | Val: Loss=0.4207, Acc=0.7714, AUC=0.8370
  Train Best Threshold 0.45 → Balanced Acc: 0.7692, Acc: 0.7571, Sensitivity: 0.7340, Specificity: 0.8043, PPV: 0.8846, NPV: 0.5968, F1: 0.8023
  Val Best Threshold 0.60 → Balanced Acc: 0.8279, Acc: 0.8000, Sensitivity: 0.7391, Specificity: 0.9167, PPV: 0.9444, NPV: 0.6471, F1: 0.8293
Epoch 010 | Train: Loss=0.5675, Acc=0.6786, AUC=0.7710 | Val: Loss=0.4212, Acc=0.7714, AUC=0.8333
  Train Best Threshold 0.45 → Balanced Acc: 0.7315, Acc: 0.7214, Sensitivity: 0.7021, Specificity: 0.7609, PPV: 0.8571, NPV: 0.5556, F1: 0.7719
  Val Best Threshold 0.60 → Balanced Acc: 0.8279, Acc: 0.8000, Sensitivity: 0.7391, Specificity: 0.9167, PPV: 0.9444, NPV: 0.6471, F1: 0.8293
Epoch 011 | Train: Loss=0.5460, Acc=0.7143, AUC=0.8004 | Val: Loss=0.4225, Acc=0.7714, AUC=0.8333
  Train Best Threshold 0.55 → Balanced Acc: 0.7377, Acc: 0.7000, Sensitivity: 0.6277, Specificity: 0.8478, PPV: 0.8939, NPV: 0.5270, F1: 0.7375
  Val Best Threshold 0.60 → Balanced Acc: 0.8279, Acc: 0.8000, Sensitivity: 0.7391, Specificity: 0.9167, PPV: 0.9444, NPV: 0.6471, F1: 0.8293
Epoch 012 | Train: Loss=0.5304, Acc=0.7071, AUC=0.8141 | Val: Loss=0.4212, Acc=0.7714, AUC=0.8333
  Train Best Threshold 0.50 → Balanced Acc: 0.7431, Acc: 0.7071, Sensitivity: 0.6383, Specificity: 0.8478, PPV: 0.8955, NPV: 0.5342, F1: 0.7453
  Val Best Threshold 0.60 → Balanced Acc: 0.8496, Acc: 0.8286, Sensitivity: 0.7826, Specificity: 0.9167, PPV: 0.9474, NPV: 0.6875, F1: 0.8571
Epoch 013 | Train: Loss=0.5596, Acc=0.7071, AUC=0.7773 | Val: Loss=0.4232, Acc=0.7714, AUC=0.8370
  Train Best Threshold 0.55 → Balanced Acc: 0.7322, Acc: 0.7000, Sensitivity: 0.6383, Specificity: 0.8261, PPV: 0.8824, NPV: 0.5278, F1: 0.7407
  Val Best Threshold 0.55 → Balanced Acc: 0.8080, Acc: 0.8000, Sensitivity: 0.7826, Specificity: 0.8333, PPV: 0.9000, NPV: 0.6667, F1: 0.8372
Epoch 014 | Train: Loss=0.5528, Acc=0.7071, AUC=0.7870 | Val: Loss=0.4228, Acc=0.7714, AUC=0.8370
  Train Best Threshold 0.45 → Balanced Acc: 0.7479, Acc: 0.7286, Sensitivity: 0.6915, Specificity: 0.8043, PPV: 0.8784, NPV: 0.5606, F1: 0.7738
  Val Best Threshold 0.60 → Balanced Acc: 0.8279, Acc: 0.8000, Sensitivity: 0.7391, Specificity: 0.9167, PPV: 0.9444, NPV: 0.6471, F1: 0.8293
Epoch 015 | Train: Loss=0.5217, Acc=0.7214, AUC=0.8175 | Val: Loss=0.4227, Acc=0.7714, AUC=0.8333
  Train Best Threshold 0.50 → Balanced Acc: 0.7593, Acc: 0.7214, Sensitivity: 0.6489, Specificity: 0.8696, PPV: 0.9104, NPV: 0.5479, F1: 0.7578
  Val Best Threshold 0.60 → Balanced Acc: 0.8279, Acc: 0.8000, Sensitivity: 0.7391, Specificity: 0.9167, PPV: 0.9444, NPV: 0.6471, F1: 0.8293
Epoch 016 | Train: Loss=0.5379, Acc=0.7357, AUC=0.8106 | Val: Loss=0.4225, Acc=0.7714, AUC=0.8370
  Train Best Threshold 0.50 → Balanced Acc: 0.7588, Acc: 0.7357, Sensitivity: 0.6915, Specificity: 0.8261, PPV: 0.8904, NPV: 0.5672, F1: 0.7784
  Val Best Threshold 0.60 → Balanced Acc: 0.8279, Acc: 0.8000, Sensitivity: 0.7391, Specificity: 0.9167, PPV: 0.9444, NPV: 0.6471, F1: 0.8293
Epoch 017 | Train: Loss=0.5406, Acc=0.7286, AUC=0.8002 | Val: Loss=0.4213, Acc=0.7714, AUC=0.8370
  Train Best Threshold 0.45 → Balanced Acc: 0.7583, Acc: 0.7500, Sensitivity: 0.7340, Specificity: 0.7826, PPV: 0.8734, NPV: 0.5902, F1: 0.7977
  Val Best Threshold 0.60 → Balanced Acc: 0.8279, Acc: 0.8000, Sensitivity: 0.7391, Specificity: 0.9167, PPV: 0.9444, NPV: 0.6471, F1: 0.8293
Epoch 018 | Train: Loss=0.5252, Acc=0.7214, AUC=0.8157 | Val: Loss=0.4246, Acc=0.7714, AUC=0.8297
  Train Best Threshold 0.35 → Balanced Acc: 0.7574, Acc: 0.7786, Sensitivity: 0.8191, Specificity: 0.6957, PPV: 0.8462, NPV: 0.6531, F1: 0.8324
  Val Best Threshold 0.55 → Balanced Acc: 0.8080, Acc: 0.8000, Sensitivity: 0.7826, Specificity: 0.8333, PPV: 0.9000, NPV: 0.6667, F1: 0.8372
Epoch 019 | Train: Loss=0.5380, Acc=0.6857, AUC=0.7937 | Val: Loss=0.4251, Acc=0.7714, AUC=0.8333
  Train Best Threshold 0.45 → Balanced Acc: 0.7259, Acc: 0.7214, Sensitivity: 0.7128, Specificity: 0.7391, PPV: 0.8481, NPV: 0.5574, F1: 0.7746
  Val Best Threshold 0.55 → Balanced Acc: 0.8080, Acc: 0.8000, Sensitivity: 0.7826, Specificity: 0.8333, PPV: 0.9000, NPV: 0.6667, F1: 0.8372
Epoch 020 | Train: Loss=0.5642, Acc=0.7071, AUC=0.7724 | Val: Loss=0.4236, Acc=0.7714, AUC=0.8297
  Train Best Threshold 0.45 → Balanced Acc: 0.7424, Acc: 0.7286, Sensitivity: 0.7021, Specificity: 0.7826, PPV: 0.8684, NPV: 0.5625, F1: 0.7765
  Val Best Threshold 0.55 → Balanced Acc: 0.8080, Acc: 0.8000, Sensitivity: 0.7826, Specificity: 0.8333, PPV: 0.9000, NPV: 0.6667, F1: 0.8372
Epoch 021 | Train: Loss=0.5483, Acc=0.7214, AUC=0.7889 | Val: Loss=0.4247, Acc=0.7714, AUC=0.8297
  Train Best Threshold 0.45 → Balanced Acc: 0.7588, Acc: 0.7357, Sensitivity: 0.6915, Specificity: 0.8261, PPV: 0.8904, NPV: 0.5672, F1: 0.7784
  Val Best Threshold 0.55 → Balanced Acc: 0.8080, Acc: 0.8000, Sensitivity: 0.7826, Specificity: 0.8333, PPV: 0.9000, NPV: 0.6667, F1: 0.8372
Early stopping at epoch 21
Loaded best model with validation AUC: 0.8696
Final Train Results (Best Model) at epoch 1 - Loss: 0.6183, Accuracy: 0.6571, AUC: 0.7865
Final Val Results (Best Model) at epoch 1 - Loss: 0.5511, Accuracy: 0.7714, AUC: 0.8696
Train Best Threshold: 0.45 | Balanced Acc: 0.7481 | Acc: 0.7214 | Precision: 0.8873 | Recall: 0.6702 | Sensitivity: 0.6702 | Specificity: 0.8261 | PPV: 0.8873 | NPV: 0.5507 | F1: 0.7636
Train Confusion Matrix at Best Threshold (rows=actual [0,1], cols=predicted [0,1]):
[[38  8]
 [31 63]]
Val Best Threshold: 0.45 | Balanced Acc: 0.8496 | Acc: 0.8286 | Precision: 0.9474 | Recall: 0.7826 | Sensitivity: 0.7826 | Specificity: 0.9167 | PPV: 0.9474 | NPV: 0.6875 | F1: 0.8571
Val Confusion Matrix at Best Threshold (rows=actual [0,1], cols=predicted [0,1]):
[[11  1]
 [ 5 18]]
Fold 5 Best Val AUC: 0.8696

Mean AUC: 0.8147 +/- 0.0426
