Starting single train/val split training for C1 (Mean Pooling)
Configuration:
  clinical_csv: data/annotations/175_clinical_5_variables.csv
  image_root: data/nakagami_full
  patient_id_column: NO
  label_column: CL_F2
  image_pattern: Nakagami_image_*.png
  n_folds: 5
  batch_size: 16
  learning_rate: 1e-05
  num_epochs: 40
  early_stopping_patience: 10
  early_stopping_min_delta: 0.001
  backbone: efficientnetv2_b0
  pretrained: True
  device: cuda
  num_workers: 4
  pooling: mean
  attention_hidden: 128
  clinical_dim: 32
  fusion_hidden: 128
  dropout: 0.4
  clinical_features: ['AST', 'ALT', 'PLT', 'APRI', 'FIB_4']
  seed: 42
  no_cv: True
  val_split: 0.2
  weight_decay: 0.0001
  label_smoothing: 0.1
  log_dir: runs/bmode_clinical
Loading clinical data...
Loaded 175 patients from clinical data
Building patient records...
Building patient records from 175 patients...
Image root: data/nakagami_full
Image pattern: Nakagami_image_*.png
Successfully created 175 patient records
Created 175 patient records
Train/Val Split:
  Train: 140 patients (80.0%)
  Val:   35 patients (20.0%)
====================Training single model====================
Train: 140 patients
Val: 35 patients
Fitting clinical preprocessor on training data...
Built clinical feature dictionaries: train=140, val=35
Clinical input dimension: 5
Backbone feature dimension: 1280
Created mean pooling model with backbone efficientnetv2_b0
Using device: cuda
Class weights: [1.0, 0.4893617033958435]
Weight decay (L2 reg): 0.0001
Label smoothing: 0.1

Epoch 1/40 - Train Loss: 0.7070, Train Acc: 0.6429, Train AUC: 0.4725 - Val Loss: 0.7065, Val Acc (0.5): 0.6571, Val AUC: 0.1739
  Train Best Threshold 0.50 → Balanced Acc: 0.5231, Acc: 0.6429, Sensitivity: 0.8723, Specificity: 0.1739, PPV: 0.6833, NPV: 0.4000, F1: 0.7664
  Val Best Threshold 0.05 → Balanced Acc: 0.5000, Acc: 0.6571, Sensitivity: 1.0000, Specificity: 0.0000, PPV: 0.6571, NPV: 0.0000, F1: 0.7931
  → New best validation AUC: 0.1739
Epoch 2/40 - Train Loss: 0.7083, Train Acc: 0.5643, Train AUC: 0.4482 - Val Loss: 0.7077, Val Acc (0.5): 0.6286, Val AUC: 0.2536
  Train Best Threshold 0.55 → Balanced Acc: 0.5317, Acc: 0.3786, Sensitivity: 0.0851, Specificity: 0.9783, PPV: 0.8889, NPV: 0.3435, F1: 0.1553
  Val Best Threshold 0.05 → Balanced Acc: 0.5000, Acc: 0.6571, Sensitivity: 1.0000, Specificity: 0.0000, PPV: 0.6571, NPV: 0.0000, F1: 0.7931
  → New best validation AUC: 0.2536
Epoch 3/40 - Train Loss: 0.7059, Train Acc: 0.5929, Train AUC: 0.4838 - Val Loss: 0.7059, Val Acc (0.5): 0.6571, Val AUC: 0.3478
  Train Best Threshold 0.05 → Balanced Acc: 0.5000, Acc: 0.6714, Sensitivity: 1.0000, Specificity: 0.0000, PPV: 0.6714, NPV: 0.0000, F1: 0.8034
  Val Best Threshold 0.05 → Balanced Acc: 0.5000, Acc: 0.6571, Sensitivity: 1.0000, Specificity: 0.0000, PPV: 0.6571, NPV: 0.0000, F1: 0.7931
  → New best validation AUC: 0.3478
Epoch 4/40 - Train Loss: 0.7002, Train Acc: 0.5929, Train AUC: 0.5569 - Val Loss: 0.7065, Val Acc (0.5): 0.6286, Val AUC: 0.4565
  Train Best Threshold 0.55 → Balanced Acc: 0.5213, Acc: 0.3571, Sensitivity: 0.0426, Specificity: 1.0000, PPV: 1.0000, NPV: 0.3382, F1: 0.0816
  Val Best Threshold 0.05 → Balanced Acc: 0.5000, Acc: 0.6571, Sensitivity: 1.0000, Specificity: 0.0000, PPV: 0.6571, NPV: 0.0000, F1: 0.7931
  → New best validation AUC: 0.4565
Epoch 5/40 - Train Loss: 0.7018, Train Acc: 0.6357, Train AUC: 0.5423 - Val Loss: 0.7067, Val Acc (0.5): 0.5714, Val AUC: 0.5217
  Train Best Threshold 0.50 → Balanced Acc: 0.5511, Acc: 0.6357, Sensitivity: 0.7979, Specificity: 0.3043, PPV: 0.7009, NPV: 0.4242, F1: 0.7463
  Val Best Threshold 0.05 → Balanced Acc: 0.5000, Acc: 0.6571, Sensitivity: 1.0000, Specificity: 0.0000, PPV: 0.6571, NPV: 0.0000, F1: 0.7931
  → New best validation AUC: 0.5217
Epoch 6/40 - Train Loss: 0.6925, Train Acc: 0.6357, Train AUC: 0.6508 - Val Loss: 0.7064, Val Acc (0.5): 0.5714, Val AUC: 0.5688
  Train Best Threshold 0.50 → Balanced Acc: 0.5622, Acc: 0.6357, Sensitivity: 0.7766, Specificity: 0.3478, PPV: 0.7087, NPV: 0.4324, F1: 0.7411
  Val Best Threshold 0.05 → Balanced Acc: 0.5000, Acc: 0.6571, Sensitivity: 1.0000, Specificity: 0.0000, PPV: 0.6571, NPV: 0.0000, F1: 0.7931
  → New best validation AUC: 0.5688
Epoch 7/40 - Train Loss: 0.6970, Train Acc: 0.6500, Train AUC: 0.6212 - Val Loss: 0.7063, Val Acc (0.5): 0.6000, Val AUC: 0.6087
  Train Best Threshold 0.50 → Balanced Acc: 0.5728, Acc: 0.6500, Sensitivity: 0.7979, Specificity: 0.3478, PPV: 0.7143, NPV: 0.4571, F1: 0.7538
  Val Best Threshold 0.05 → Balanced Acc: 0.5000, Acc: 0.6571, Sensitivity: 1.0000, Specificity: 0.0000, PPV: 0.6571, NPV: 0.0000, F1: 0.7931
  → New best validation AUC: 0.6087
Epoch 8/40 - Train Loss: 0.6996, Train Acc: 0.6071, Train AUC: 0.5627 - Val Loss: 0.7063, Val Acc (0.5): 0.6286, Val AUC: 0.6486
  Train Best Threshold 0.50 → Balanced Acc: 0.5465, Acc: 0.6071, Sensitivity: 0.7234, Specificity: 0.3696, PPV: 0.7010, NPV: 0.3953, F1: 0.7120
  Val Best Threshold 0.50 → Balanced Acc: 0.5181, Acc: 0.6286, Sensitivity: 0.8696, Specificity: 0.1667, PPV: 0.6667, NPV: 0.4000, F1: 0.7547
  → New best validation AUC: 0.6486
Epoch 9/40 - Train Loss: 0.6972, Train Acc: 0.6429, Train AUC: 0.5946 - Val Loss: 0.7054, Val Acc (0.5): 0.6286, Val AUC: 0.6558
  Train Best Threshold 0.50 → Balanced Acc: 0.5731, Acc: 0.6429, Sensitivity: 0.7766, Specificity: 0.3696, PPV: 0.7157, NPV: 0.4474, F1: 0.7449
  Val Best Threshold 0.50 → Balanced Acc: 0.5181, Acc: 0.6286, Sensitivity: 0.8696, Specificity: 0.1667, PPV: 0.6667, NPV: 0.4000, F1: 0.7547
  → New best validation AUC: 0.6558
Epoch 10/40 - Train Loss: 0.7026, Train Acc: 0.6000, Train AUC: 0.5372 - Val Loss: 0.7053, Val Acc (0.5): 0.6571, Val AUC: 0.6920
  Train Best Threshold 0.50 → Balanced Acc: 0.5356, Acc: 0.6000, Sensitivity: 0.7234, Specificity: 0.3478, PPV: 0.6939, NPV: 0.3810, F1: 0.7083
  Val Best Threshold 0.50 → Balanced Acc: 0.5797, Acc: 0.6571, Sensitivity: 0.8261, Specificity: 0.3333, PPV: 0.7037, NPV: 0.5000, F1: 0.7600
  → New best validation AUC: 0.6920
Epoch 11/40 - Train Loss: 0.6919, Train Acc: 0.7000, Train AUC: 0.6711 - Val Loss: 0.7046, Val Acc (0.5): 0.6571, Val AUC: 0.6957
  Train Best Threshold 0.50 → Balanced Acc: 0.6711, Acc: 0.7000, Sensitivity: 0.7553, Specificity: 0.5870, PPV: 0.7889, NPV: 0.5400, F1: 0.7717
  Val Best Threshold 0.50 → Balanced Acc: 0.5996, Acc: 0.6571, Sensitivity: 0.7826, Specificity: 0.4167, PPV: 0.7200, NPV: 0.5000, F1: 0.7500
  → New best validation AUC: 0.6957
Epoch 12/40 - Train Loss: 0.6899, Train Acc: 0.7071, Train AUC: 0.7179 - Val Loss: 0.7043, Val Acc (0.5): 0.7143, Val AUC: 0.7029
  Train Best Threshold 0.50 → Balanced Acc: 0.6543, Acc: 0.7071, Sensitivity: 0.8085, Specificity: 0.5000, PPV: 0.7677, NPV: 0.5610, F1: 0.7876
  Val Best Threshold 0.50 → Balanced Acc: 0.7029, Acc: 0.7143, Sensitivity: 0.7391, Specificity: 0.6667, PPV: 0.8095, NPV: 0.5714, F1: 0.7727
  → New best validation AUC: 0.7029
Epoch 13/40 - Train Loss: 0.6959, Train Acc: 0.6357, Train AUC: 0.6198 - Val Loss: 0.7048, Val Acc (0.5): 0.7429, Val AUC: 0.7283
  Train Best Threshold 0.50 → Balanced Acc: 0.6122, Acc: 0.6357, Sensitivity: 0.6809, Specificity: 0.5435, PPV: 0.7529, NPV: 0.4545, F1: 0.7151
  Val Best Threshold 0.50 → Balanced Acc: 0.7446, Acc: 0.7429, Sensitivity: 0.7391, Specificity: 0.7500, PPV: 0.8500, NPV: 0.6000, F1: 0.7907
  → New best validation AUC: 0.7283
Epoch 14/40 - Train Loss: 0.6906, Train Acc: 0.6214, Train AUC: 0.6462 - Val Loss: 0.7041, Val Acc (0.5): 0.7143, Val AUC: 0.7464
  Train Best Threshold 0.50 → Balanced Acc: 0.5849, Acc: 0.6214, Sensitivity: 0.6915, Specificity: 0.4783, PPV: 0.7303, NPV: 0.4314, F1: 0.7104
  Val Best Threshold 0.50 → Balanced Acc: 0.7428, Acc: 0.7143, Sensitivity: 0.6522, Specificity: 0.8333, PPV: 0.8824, NPV: 0.5556, F1: 0.7500
  → New best validation AUC: 0.7464
Epoch 15/40 - Train Loss: 0.6861, Train Acc: 0.6500, Train AUC: 0.7271 - Val Loss: 0.7034, Val Acc (0.5): 0.7714, Val AUC: 0.7645
  Train Best Threshold 0.50 → Balanced Acc: 0.6173, Acc: 0.6500, Sensitivity: 0.7128, Specificity: 0.5217, PPV: 0.7528, NPV: 0.4706, F1: 0.7322
  Val Best Threshold 0.50 → Balanced Acc: 0.7862, Acc: 0.7714, Sensitivity: 0.7391, Specificity: 0.8333, PPV: 0.8947, NPV: 0.6250, F1: 0.8095
  → New best validation AUC: 0.7645
Epoch 16/40 - Train Loss: 0.6889, Train Acc: 0.6643, Train AUC: 0.7014 - Val Loss: 0.7030, Val Acc (0.5): 0.7429, Val AUC: 0.7645
  Train Best Threshold 0.50 → Balanced Acc: 0.6390, Acc: 0.6643, Sensitivity: 0.7128, Specificity: 0.5652, PPV: 0.7701, NPV: 0.4906, F1: 0.7403
  Val Best Threshold 0.50 → Balanced Acc: 0.7645, Acc: 0.7429, Sensitivity: 0.6957, Specificity: 0.8333, PPV: 0.8889, NPV: 0.5882, F1: 0.7805
Epoch 17/40 - Train Loss: 0.6913, Train Acc: 0.6214, Train AUC: 0.6633 - Val Loss: 0.7019, Val Acc (0.5): 0.6286, Val AUC: 0.7717
  Train Best Threshold 0.50 → Balanced Acc: 0.6126, Acc: 0.6214, Sensitivity: 0.6383, Specificity: 0.5870, PPV: 0.7595, NPV: 0.4426, F1: 0.6936
  Val Best Threshold 0.50 → Balanced Acc: 0.6775, Acc: 0.6286, Sensitivity: 0.5217, Specificity: 0.8333, PPV: 0.8571, NPV: 0.4762, F1: 0.6486
  → New best validation AUC: 0.7717
Epoch 18/40 - Train Loss: 0.6873, Train Acc: 0.6714, Train AUC: 0.6922 - Val Loss: 0.7015, Val Acc (0.5): 0.6000, Val AUC: 0.7645
  Train Best Threshold 0.50 → Balanced Acc: 0.6554, Acc: 0.6714, Sensitivity: 0.7021, Specificity: 0.6087, PPV: 0.7857, NPV: 0.5000, F1: 0.7416
  Val Best Threshold 0.50 → Balanced Acc: 0.6558, Acc: 0.6000, Sensitivity: 0.4783, Specificity: 0.8333, PPV: 0.8462, NPV: 0.4545, F1: 0.6111
Epoch 19/40 - Train Loss: 0.6876, Train Acc: 0.6286, Train AUC: 0.6774 - Val Loss: 0.7001, Val Acc (0.5): 0.6571, Val AUC: 0.7717
  Train Best Threshold 0.50 → Balanced Acc: 0.6401, Acc: 0.6286, Sensitivity: 0.6064, Specificity: 0.6739, PPV: 0.7917, NPV: 0.4559, F1: 0.6867
  Val Best Threshold 0.50 → Balanced Acc: 0.7192, Acc: 0.6571, Sensitivity: 0.5217, Specificity: 0.9167, PPV: 0.9231, NPV: 0.5000, F1: 0.6667
Epoch 20/40 - Train Loss: 0.6879, Train Acc: 0.6500, Train AUC: 0.6878 - Val Loss: 0.7001, Val Acc (0.5): 0.6000, Val AUC: 0.7862
  Train Best Threshold 0.50 → Balanced Acc: 0.6395, Acc: 0.6500, Sensitivity: 0.6702, Specificity: 0.6087, PPV: 0.7778, NPV: 0.4746, F1: 0.7200
  Val Best Threshold 0.50 → Balanced Acc: 0.6757, Acc: 0.6000, Sensitivity: 0.4348, Specificity: 0.9167, PPV: 0.9091, NPV: 0.4583, F1: 0.5882
  → New best validation AUC: 0.7862
Epoch 21/40 - Train Loss: 0.6847, Train Acc: 0.6929, Train AUC: 0.6963 - Val Loss: 0.6987, Val Acc (0.5): 0.6000, Val AUC: 0.7899
  Train Best Threshold 0.50 → Balanced Acc: 0.6880, Acc: 0.6929, Sensitivity: 0.7021, Specificity: 0.6739, PPV: 0.8148, NPV: 0.5254, F1: 0.7543
  Val Best Threshold 0.50 → Balanced Acc: 0.6757, Acc: 0.6000, Sensitivity: 0.4348, Specificity: 0.9167, PPV: 0.9091, NPV: 0.4583, F1: 0.5882
  → New best validation AUC: 0.7899
Epoch 22/40 - Train Loss: 0.6812, Train Acc: 0.6429, Train AUC: 0.7070 - Val Loss: 0.6972, Val Acc (0.5): 0.5714, Val AUC: 0.7862
  Train Best Threshold 0.50 → Balanced Acc: 0.6563, Acc: 0.6429, Sensitivity: 0.6170, Specificity: 0.6957, PPV: 0.8056, NPV: 0.4706, F1: 0.6988
  Val Best Threshold 0.50 → Balanced Acc: 0.6341, Acc: 0.5714, Sensitivity: 0.4348, Specificity: 0.8333, PPV: 0.8333, NPV: 0.4348, F1: 0.5714
Epoch 23/40 - Train Loss: 0.6806, Train Acc: 0.6357, Train AUC: 0.7167 - Val Loss: 0.6962, Val Acc (0.5): 0.5714, Val AUC: 0.7899
  Train Best Threshold 0.50 → Balanced Acc: 0.6510, Acc: 0.6357, Sensitivity: 0.6064, Specificity: 0.6957, PPV: 0.8028, NPV: 0.4638, F1: 0.6909
  Val Best Threshold 0.50 → Balanced Acc: 0.6341, Acc: 0.5714, Sensitivity: 0.4348, Specificity: 0.8333, PPV: 0.8333, NPV: 0.4348, F1: 0.5714
Epoch 24/40 - Train Loss: 0.6784, Train Acc: 0.6643, Train AUC: 0.7442 - Val Loss: 0.6954, Val Acc (0.5): 0.5714, Val AUC: 0.7971
  Train Best Threshold 0.50 → Balanced Acc: 0.6945, Acc: 0.6643, Sensitivity: 0.6064, Specificity: 0.7826, PPV: 0.8507, NPV: 0.4932, F1: 0.7081
  Val Best Threshold 0.50 → Balanced Acc: 0.6341, Acc: 0.5714, Sensitivity: 0.4348, Specificity: 0.8333, PPV: 0.8333, NPV: 0.4348, F1: 0.5714
  → New best validation AUC: 0.7971
Epoch 25/40 - Train Loss: 0.6809, Train Acc: 0.6214, Train AUC: 0.7144 - Val Loss: 0.6938, Val Acc (0.5): 0.5714, Val AUC: 0.8043
  Train Best Threshold 0.50 → Balanced Acc: 0.6293, Acc: 0.6214, Sensitivity: 0.6064, Specificity: 0.6522, PPV: 0.7808, NPV: 0.4478, F1: 0.6826
  Val Best Threshold 0.50 → Balanced Acc: 0.6341, Acc: 0.5714, Sensitivity: 0.4348, Specificity: 0.8333, PPV: 0.8333, NPV: 0.4348, F1: 0.5714
  → New best validation AUC: 0.8043
Epoch 26/40 - Train Loss: 0.6790, Train Acc: 0.6500, Train AUC: 0.7232 - Val Loss: 0.6918, Val Acc (0.5): 0.6000, Val AUC: 0.8188
  Train Best Threshold 0.50 → Balanced Acc: 0.6450, Acc: 0.6500, Sensitivity: 0.6596, Specificity: 0.6304, PPV: 0.7848, NPV: 0.4754, F1: 0.7168
  Val Best Threshold 0.50 → Balanced Acc: 0.6558, Acc: 0.6000, Sensitivity: 0.4783, Specificity: 0.8333, PPV: 0.8462, NPV: 0.4545, F1: 0.6111
  → New best validation AUC: 0.8188
Epoch 27/40 - Train Loss: 0.6761, Train Acc: 0.6571, Train AUC: 0.7296 - Val Loss: 0.6897, Val Acc (0.5): 0.6000, Val AUC: 0.8152
  Train Best Threshold 0.50 → Balanced Acc: 0.6670, Acc: 0.6571, Sensitivity: 0.6383, Specificity: 0.6957, PPV: 0.8108, NPV: 0.4848, F1: 0.7143
  Val Best Threshold 0.50 → Balanced Acc: 0.6558, Acc: 0.6000, Sensitivity: 0.4783, Specificity: 0.8333, PPV: 0.8462, NPV: 0.4545, F1: 0.6111
Epoch 28/40 - Train Loss: 0.6752, Train Acc: 0.6357, Train AUC: 0.7227 - Val Loss: 0.6879, Val Acc (0.5): 0.6286, Val AUC: 0.8152
  Train Best Threshold 0.50 → Balanced Acc: 0.6566, Acc: 0.6357, Sensitivity: 0.5957, Specificity: 0.7174, PPV: 0.8116, NPV: 0.4648, F1: 0.6871
  Val Best Threshold 0.50 → Balanced Acc: 0.6775, Acc: 0.6286, Sensitivity: 0.5217, Specificity: 0.8333, PPV: 0.8571, NPV: 0.4762, F1: 0.6486
Epoch 29/40 - Train Loss: 0.6646, Train Acc: 0.6929, Train AUC: 0.7803 - Val Loss: 0.6870, Val Acc (0.5): 0.6000, Val AUC: 0.8225
  Train Best Threshold 0.50 → Balanced Acc: 0.7158, Acc: 0.6929, Sensitivity: 0.6489, Specificity: 0.7826, PPV: 0.8592, NPV: 0.5217, F1: 0.7394
  Val Best Threshold 0.50 → Balanced Acc: 0.6558, Acc: 0.6000, Sensitivity: 0.4783, Specificity: 0.8333, PPV: 0.8462, NPV: 0.4545, F1: 0.6111
  → New best validation AUC: 0.8225
Epoch 30/40 - Train Loss: 0.6613, Train Acc: 0.7000, Train AUC: 0.7886 - Val Loss: 0.6865, Val Acc (0.5): 0.6000, Val AUC: 0.8297
  Train Best Threshold 0.50 → Balanced Acc: 0.7266, Acc: 0.7000, Sensitivity: 0.6489, Specificity: 0.8043, PPV: 0.8714, NPV: 0.5286, F1: 0.7439
  Val Best Threshold 0.50 → Balanced Acc: 0.6558, Acc: 0.6000, Sensitivity: 0.4783, Specificity: 0.8333, PPV: 0.8462, NPV: 0.4545, F1: 0.6111
  → New best validation AUC: 0.8297
Epoch 31/40 - Train Loss: 0.6596, Train Acc: 0.7286, Train AUC: 0.8296 - Val Loss: 0.6843, Val Acc (0.5): 0.6000, Val AUC: 0.8261
  Train Best Threshold 0.50 → Balanced Acc: 0.7424, Acc: 0.7286, Sensitivity: 0.7021, Specificity: 0.7826, PPV: 0.8684, NPV: 0.5625, F1: 0.7765
  Val Best Threshold 0.50 → Balanced Acc: 0.6558, Acc: 0.6000, Sensitivity: 0.4783, Specificity: 0.8333, PPV: 0.8462, NPV: 0.4545, F1: 0.6111
Epoch 32/40 - Train Loss: 0.6682, Train Acc: 0.6429, Train AUC: 0.7523 - Val Loss: 0.6813, Val Acc (0.5): 0.6286, Val AUC: 0.8225
  Train Best Threshold 0.50 → Balanced Acc: 0.6730, Acc: 0.6429, Sensitivity: 0.5851, Specificity: 0.7609, PPV: 0.8333, NPV: 0.4730, F1: 0.6875
  Val Best Threshold 0.50 → Balanced Acc: 0.6775, Acc: 0.6286, Sensitivity: 0.5217, Specificity: 0.8333, PPV: 0.8571, NPV: 0.4762, F1: 0.6486
Epoch 33/40 - Train Loss: 0.6577, Train Acc: 0.7000, Train AUC: 0.7997 - Val Loss: 0.6814, Val Acc (0.5): 0.6000, Val AUC: 0.8442
  Train Best Threshold 0.50 → Balanced Acc: 0.7155, Acc: 0.7000, Sensitivity: 0.6702, Specificity: 0.7609, PPV: 0.8514, NPV: 0.5303, F1: 0.7500
  Val Best Threshold 0.50 → Balanced Acc: 0.6558, Acc: 0.6000, Sensitivity: 0.4783, Specificity: 0.8333, PPV: 0.8462, NPV: 0.4545, F1: 0.6111
  → New best validation AUC: 0.8442
Epoch 34/40 - Train Loss: 0.6581, Train Acc: 0.7000, Train AUC: 0.7863 - Val Loss: 0.6807, Val Acc (0.5): 0.6000, Val AUC: 0.8333
  Train Best Threshold 0.50 → Balanced Acc: 0.7155, Acc: 0.7000, Sensitivity: 0.6702, Specificity: 0.7609, PPV: 0.8514, NPV: 0.5303, F1: 0.7500
  Val Best Threshold 0.50 → Balanced Acc: 0.6558, Acc: 0.6000, Sensitivity: 0.4783, Specificity: 0.8333, PPV: 0.8462, NPV: 0.4545, F1: 0.6111
Epoch 35/40 - Train Loss: 0.6637, Train Acc: 0.6857, Train AUC: 0.7535 - Val Loss: 0.6796, Val Acc (0.5): 0.6000, Val AUC: 0.8514
  Train Best Threshold 0.50 → Balanced Acc: 0.6938, Acc: 0.6857, Sensitivity: 0.6702, Specificity: 0.7174, PPV: 0.8289, NPV: 0.5156, F1: 0.7412
  Val Best Threshold 0.45 → Balanced Acc: 0.6866, Acc: 0.7714, Sensitivity: 0.9565, Specificity: 0.4167, PPV: 0.7586, NPV: 0.8333, F1: 0.8462
  → New best validation AUC: 0.8514
Epoch 36/40 - Train Loss: 0.6565, Train Acc: 0.7214, Train AUC: 0.7884 - Val Loss: 0.6768, Val Acc (0.5): 0.6286, Val AUC: 0.8551
  Train Best Threshold 0.50 → Balanced Acc: 0.7593, Acc: 0.7214, Sensitivity: 0.6489, Specificity: 0.8696, PPV: 0.9104, NPV: 0.5479, F1: 0.7578
  Val Best Threshold 0.50 → Balanced Acc: 0.6775, Acc: 0.6286, Sensitivity: 0.5217, Specificity: 0.8333, PPV: 0.8571, NPV: 0.4762, F1: 0.6486
  → New best validation AUC: 0.8551
Epoch 37/40 - Train Loss: 0.6645, Train Acc: 0.6500, Train AUC: 0.7451 - Val Loss: 0.6763, Val Acc (0.5): 0.6286, Val AUC: 0.8478
  Train Best Threshold 0.50 → Balanced Acc: 0.6839, Acc: 0.6500, Sensitivity: 0.5851, Specificity: 0.7826, PPV: 0.8462, NPV: 0.4800, F1: 0.6918
  Val Best Threshold 0.45 → Balanced Acc: 0.7083, Acc: 0.8000, Sensitivity: 1.0000, Specificity: 0.4167, PPV: 0.7667, NPV: 1.0000, F1: 0.8679
Epoch 38/40 - Train Loss: 0.6377, Train Acc: 0.6786, Train AUC: 0.8134 - Val Loss: 0.6756, Val Acc (0.5): 0.6286, Val AUC: 0.8551
  Train Best Threshold 0.50 → Balanced Acc: 0.6940, Acc: 0.6786, Sensitivity: 0.6489, Specificity: 0.7391, PPV: 0.8356, NPV: 0.5075, F1: 0.7305
  Val Best Threshold 0.45 → Balanced Acc: 0.6866, Acc: 0.7714, Sensitivity: 0.9565, Specificity: 0.4167, PPV: 0.7586, NPV: 0.8333, F1: 0.8462
Epoch 39/40 - Train Loss: 0.6551, Train Acc: 0.6714, Train AUC: 0.7414 - Val Loss: 0.6746, Val Acc (0.5): 0.6286, Val AUC: 0.8442
  Train Best Threshold 0.45 → Balanced Acc: 0.7079, Acc: 0.7643, Sensitivity: 0.8723, Specificity: 0.5435, PPV: 0.7961, NPV: 0.6757, F1: 0.8325
  Val Best Threshold 0.45 → Balanced Acc: 0.7083, Acc: 0.8000, Sensitivity: 1.0000, Specificity: 0.4167, PPV: 0.7667, NPV: 1.0000, F1: 0.8679
Epoch 40/40 - Train Loss: 0.6417, Train Acc: 0.6357, Train AUC: 0.7669 - Val Loss: 0.6739, Val Acc (0.5): 0.6000, Val AUC: 0.8442
  Train Best Threshold 0.45 → Balanced Acc: 0.6859, Acc: 0.7571, Sensitivity: 0.8936, Specificity: 0.4783, PPV: 0.7778, NPV: 0.6875, F1: 0.8317
  Val Best Threshold 0.45 → Balanced Acc: 0.7482, Acc: 0.8000, Sensitivity: 0.9130, Specificity: 0.5833, PPV: 0.8077, NPV: 0.7778, F1: 0.8571
Loaded best model with validation AUC: 0.8551
Final Train Results (Best Model) at epoch 36 - Loss: 0.6364, Accuracy: 0.7429, AUC: 0.8330
Final Val Results (Best Model) at epoch 36 - Loss: 0.6768, Accuracy: 0.6286, AUC: 0.8551
Train Best Threshold: 0.50 | Balanced Acc: 0.7808 | Acc: 0.7429 | Sensitivity: 0.6702 | Specificity: 0.8913 | PPV: 0.9265 | NPV: 0.5694 | F1: 0.7778
Train Confusion Matrix at Best Threshold (rows=actual [0,1], cols=predicted [0,1]):
[[41  5]
 [31 63]]
Val Best Threshold: 0.50 | Balanced Acc: 0.6775 | Acc: 0.6286 | Sensitivity: 0.5217 | Specificity: 0.8333 | PPV: 0.8571 | NPV: 0.4762 | F1: 0.6486
Val Confusion Matrix at Best Threshold (rows=actual [0,1], cols=predicted [0,1]):
[[10  2]
 [11 12]]
======================================================================

Training Results - C1 (Mean Pooling)
======================================================================
Model: C1 (Mean Pooling)
Backbone: efficientnetv2_b0
Pooling: mean
Val AUC: 0.8551
======================================================================
