Starting single train/val split training for C1 (Mean Pooling)
Configuration:
  clinical_csv: data/annotations/175_clinical_5_variables.csv
  image_root: data/nakagami_full
  patient_id_column: NO
  label_column: CL_F2
  image_pattern: Nakagami_image_*.png
  n_folds: 5
  batch_size: 16
  learning_rate: 1e-05
  num_epochs: 40
  early_stopping_patience: 10
  early_stopping_min_delta: 0.001
  backbone: resnet18
  pretrained: True
  device: cuda
  num_workers: 4
  pooling: mean
  attention_hidden: 128
  clinical_dim: 32
  fusion_hidden: 128
  dropout: 0.4
  clinical_features: ['AST', 'ALT', 'PLT', 'APRI', 'FIB_4']
  seed: 42
  no_cv: True
  val_split: 0.2
  weight_decay: 0.0001
  label_smoothing: 0.1
  log_dir: runs/bmode_clinical
Loading clinical data...
Loaded 175 patients from clinical data
Building patient records...
Building patient records from 175 patients...
Image root: data/nakagami_full
Image pattern: Nakagami_image_*.png
Successfully created 175 patient records
Created 175 patient records
Train/Val Split:
  Train: 140 patients (80.0%)
  Val:   35 patients (20.0%)
====================Training single model====================
Train: 140 patients
Val: 35 patients
Fitting clinical preprocessor on training data...
Built clinical feature dictionaries: train=140, val=35
Clinical input dimension: 5
Backbone feature dimension: 512
Created mean pooling model with backbone resnet18
Using device: cuda
Class weights: [1.0, 0.4893617033958435]
Weight decay (L2 reg): 0.0001
Label smoothing: 0.1

Epoch 1/40 - Train Loss: 0.7161, Train Acc: 0.3214, Train AUC: 0.5844 - Val Loss: 0.7448, Val Acc (0.5): 0.3429, Val AUC: 0.4601
  Train Best Threshold 0.40 → Balanced Acc: 0.5870, Acc: 0.5571, Sensitivity: 0.5000, Specificity: 0.6739, PPV: 0.7581, NPV: 0.3974, F1: 0.6026
  Val Best Threshold 0.45 → Balanced Acc: 0.5072, Acc: 0.4571, Sensitivity: 0.3478, Specificity: 0.6667, PPV: 0.6667, NPV: 0.3478, F1: 0.4571
  → New best validation AUC: 0.4601
Epoch 2/40 - Train Loss: 0.7093, Train Acc: 0.3429, Train AUC: 0.5860 - Val Loss: 0.7416, Val Acc (0.5): 0.3429, Val AUC: 0.5145
  Train Best Threshold 0.35 → Balanced Acc: 0.5934, Acc: 0.7000, Sensitivity: 0.9043, Specificity: 0.2826, PPV: 0.7203, NPV: 0.5909, F1: 0.8019
  Val Best Threshold 0.45 → Balanced Acc: 0.5743, Acc: 0.5714, Sensitivity: 0.5652, Specificity: 0.5833, PPV: 0.7222, NPV: 0.4118, F1: 0.6341
  → New best validation AUC: 0.5145
Epoch 3/40 - Train Loss: 0.7274, Train Acc: 0.3500, Train AUC: 0.4623 - Val Loss: 0.7398, Val Acc (0.5): 0.3429, Val AUC: 0.5580
  Train Best Threshold 0.05 → Balanced Acc: 0.5000, Acc: 0.6714, Sensitivity: 1.0000, Specificity: 0.0000, PPV: 0.6714, NPV: 0.0000, F1: 0.8034
  Val Best Threshold 0.45 → Balanced Acc: 0.5743, Acc: 0.5714, Sensitivity: 0.5652, Specificity: 0.5833, PPV: 0.7222, NPV: 0.4118, F1: 0.6341
  → New best validation AUC: 0.5580
Epoch 4/40 - Train Loss: 0.7141, Train Acc: 0.3357, Train AUC: 0.5217 - Val Loss: 0.7344, Val Acc (0.5): 0.3714, Val AUC: 0.5978
  Train Best Threshold 0.40 → Balanced Acc: 0.5298, Acc: 0.6071, Sensitivity: 0.7553, Specificity: 0.3043, PPV: 0.6893, NPV: 0.3784, F1: 0.7208
  Val Best Threshold 0.45 → Balanced Acc: 0.6196, Acc: 0.6571, Sensitivity: 0.7391, Specificity: 0.5000, PPV: 0.7391, NPV: 0.5000, F1: 0.7391
  → New best validation AUC: 0.5978
Epoch 5/40 - Train Loss: 0.7016, Train Acc: 0.4500, Train AUC: 0.5525 - Val Loss: 0.7302, Val Acc (0.5): 0.3714, Val AUC: 0.6486
  Train Best Threshold 0.50 → Balanced Acc: 0.5738, Acc: 0.4500, Sensitivity: 0.2128, Specificity: 0.9348, PPV: 0.8696, NPV: 0.3675, F1: 0.3419
  Val Best Threshold 0.45 → Balanced Acc: 0.6413, Acc: 0.6857, Sensitivity: 0.7826, Specificity: 0.5000, PPV: 0.7500, NPV: 0.5455, F1: 0.7660
  → New best validation AUC: 0.6486
Epoch 6/40 - Train Loss: 0.7329, Train Acc: 0.3500, Train AUC: 0.3795 - Val Loss: 0.7277, Val Acc (0.5): 0.3714, Val AUC: 0.6920
  Train Best Threshold 0.35 → Balanced Acc: 0.5326, Acc: 0.6929, Sensitivity: 1.0000, Specificity: 0.0652, PPV: 0.6861, NPV: 1.0000, F1: 0.8139
  Val Best Threshold 0.45 → Balanced Acc: 0.6630, Acc: 0.7143, Sensitivity: 0.8261, Specificity: 0.5000, PPV: 0.7600, NPV: 0.6000, F1: 0.7917
  → New best validation AUC: 0.6920
Epoch 7/40 - Train Loss: 0.7007, Train Acc: 0.4643, Train AUC: 0.5500 - Val Loss: 0.7276, Val Acc (0.5): 0.4000, Val AUC: 0.6993
  Train Best Threshold 0.40 → Balanced Acc: 0.5497, Acc: 0.6786, Sensitivity: 0.9255, Specificity: 0.1739, PPV: 0.6960, NPV: 0.5333, F1: 0.7945
  Val Best Threshold 0.45 → Balanced Acc: 0.6413, Acc: 0.6857, Sensitivity: 0.7826, Specificity: 0.5000, PPV: 0.7500, NPV: 0.5455, F1: 0.7660
  → New best validation AUC: 0.6993
Epoch 8/40 - Train Loss: 0.6890, Train Acc: 0.4929, Train AUC: 0.6050 - Val Loss: 0.7254, Val Acc (0.5): 0.4571, Val AUC: 0.7246
  Train Best Threshold 0.50 → Balanced Acc: 0.5724, Acc: 0.4929, Sensitivity: 0.3404, Specificity: 0.8043, PPV: 0.7805, NPV: 0.3737, F1: 0.4741
  Val Best Threshold 0.45 → Balanced Acc: 0.5960, Acc: 0.6000, Sensitivity: 0.6087, Specificity: 0.5833, PPV: 0.7368, NPV: 0.4375, F1: 0.6667
  → New best validation AUC: 0.7246
Epoch 9/40 - Train Loss: 0.6947, Train Acc: 0.4571, Train AUC: 0.5768 - Val Loss: 0.7204, Val Acc (0.5): 0.5143, Val AUC: 0.7174
  Train Best Threshold 0.45 → Balanced Acc: 0.5798, Acc: 0.6071, Sensitivity: 0.6596, Specificity: 0.5000, PPV: 0.7294, NPV: 0.4182, F1: 0.6927
  Val Best Threshold 0.45 → Balanced Acc: 0.6630, Acc: 0.7143, Sensitivity: 0.8261, Specificity: 0.5000, PPV: 0.7600, NPV: 0.6000, F1: 0.7917
Epoch 10/40 - Train Loss: 0.6838, Train Acc: 0.5143, Train AUC: 0.6536 - Val Loss: 0.7169, Val Acc (0.5): 0.5143, Val AUC: 0.7428
  Train Best Threshold 0.45 → Balanced Acc: 0.6272, Acc: 0.6857, Sensitivity: 0.7979, Specificity: 0.4565, PPV: 0.7500, NPV: 0.5250, F1: 0.7732
  Val Best Threshold 0.50 → Balanced Acc: 0.6304, Acc: 0.5143, Sensitivity: 0.2609, Specificity: 1.0000, PPV: 1.0000, NPV: 0.4138, F1: 0.4138
  → New best validation AUC: 0.7428
Epoch 11/40 - Train Loss: 0.6710, Train Acc: 0.5500, Train AUC: 0.7100 - Val Loss: 0.7153, Val Acc (0.5): 0.5143, Val AUC: 0.7536
  Train Best Threshold 0.45 → Balanced Acc: 0.6704, Acc: 0.7214, Sensitivity: 0.8191, Specificity: 0.5217, PPV: 0.7778, NPV: 0.5854, F1: 0.7979
  Val Best Threshold 0.50 → Balanced Acc: 0.6304, Acc: 0.5143, Sensitivity: 0.2609, Specificity: 1.0000, PPV: 1.0000, NPV: 0.4138, F1: 0.4138
  → New best validation AUC: 0.7536
Epoch 12/40 - Train Loss: 0.6816, Train Acc: 0.5643, Train AUC: 0.6723 - Val Loss: 0.7177, Val Acc (0.5): 0.5143, Val AUC: 0.7754
  Train Best Threshold 0.50 → Balanced Acc: 0.6367, Acc: 0.5643, Sensitivity: 0.4255, Specificity: 0.8478, PPV: 0.8511, NPV: 0.4194, F1: 0.5674
  Val Best Threshold 0.45 → Balanced Acc: 0.6975, Acc: 0.6286, Sensitivity: 0.4783, Specificity: 0.9167, PPV: 0.9167, NPV: 0.4783, F1: 0.6286
  → New best validation AUC: 0.7754
Epoch 13/40 - Train Loss: 0.6737, Train Acc: 0.5286, Train AUC: 0.6848 - Val Loss: 0.7152, Val Acc (0.5): 0.5143, Val AUC: 0.8043
  Train Best Threshold 0.45 → Balanced Acc: 0.6438, Acc: 0.6857, Sensitivity: 0.7660, Specificity: 0.5217, PPV: 0.7660, NPV: 0.5217, F1: 0.7660
  Val Best Threshold 0.40 → Balanced Acc: 0.7065, Acc: 0.7714, Sensitivity: 0.9130, Specificity: 0.5000, PPV: 0.7778, NPV: 0.7500, F1: 0.8400
  → New best validation AUC: 0.8043
Epoch 14/40 - Train Loss: 0.6748, Train Acc: 0.5786, Train AUC: 0.6959 - Val Loss: 0.7091, Val Acc (0.5): 0.5143, Val AUC: 0.8225
  Train Best Threshold 0.45 → Balanced Acc: 0.6385, Acc: 0.6786, Sensitivity: 0.7553, Specificity: 0.5217, PPV: 0.7634, NPV: 0.5106, F1: 0.7594
  Val Best Threshold 0.45 → Balanced Acc: 0.7192, Acc: 0.6571, Sensitivity: 0.5217, Specificity: 0.9167, PPV: 0.9231, NPV: 0.5000, F1: 0.6667
  → New best validation AUC: 0.8225
Epoch 15/40 - Train Loss: 0.6833, Train Acc: 0.5571, Train AUC: 0.6425 - Val Loss: 0.7038, Val Acc (0.5): 0.5143, Val AUC: 0.8225
  Train Best Threshold 0.45 → Balanced Acc: 0.6166, Acc: 0.6714, Sensitivity: 0.7766, Specificity: 0.4565, PPV: 0.7449, NPV: 0.5000, F1: 0.7604
  Val Best Threshold 0.45 → Balanced Acc: 0.7627, Acc: 0.7143, Sensitivity: 0.6087, Specificity: 0.9167, PPV: 0.9333, NPV: 0.5500, F1: 0.7368
Epoch 16/40 - Train Loss: 0.6615, Train Acc: 0.6286, Train AUC: 0.7081 - Val Loss: 0.7027, Val Acc (0.5): 0.5143, Val AUC: 0.8333
  Train Best Threshold 0.45 → Balanced Acc: 0.6593, Acc: 0.7214, Sensitivity: 0.8404, Specificity: 0.4783, PPV: 0.7670, NPV: 0.5946, F1: 0.8020
  Val Best Threshold 0.40 → Balanced Acc: 0.7699, Acc: 0.8286, Sensitivity: 0.9565, Specificity: 0.5833, PPV: 0.8148, NPV: 0.8750, F1: 0.8800
  → New best validation AUC: 0.8333
Epoch 17/40 - Train Loss: 0.6693, Train Acc: 0.6143, Train AUC: 0.6929 - Val Loss: 0.6997, Val Acc (0.5): 0.5429, Val AUC: 0.8551
  Train Best Threshold 0.50 → Balanced Acc: 0.6573, Acc: 0.6143, Sensitivity: 0.5319, Specificity: 0.7826, PPV: 0.8333, NPV: 0.4500, F1: 0.6494
  Val Best Threshold 0.40 → Balanced Acc: 0.7899, Acc: 0.8286, Sensitivity: 0.9130, Specificity: 0.6667, PPV: 0.8400, NPV: 0.8000, F1: 0.8750
  → New best validation AUC: 0.8551
Epoch 18/40 - Train Loss: 0.6609, Train Acc: 0.6143, Train AUC: 0.7111 - Val Loss: 0.6992, Val Acc (0.5): 0.5143, Val AUC: 0.8587
  Train Best Threshold 0.50 → Balanced Acc: 0.6628, Acc: 0.6143, Sensitivity: 0.5213, Specificity: 0.8043, PPV: 0.8448, NPV: 0.4512, F1: 0.6447
  Val Best Threshold 0.40 → Balanced Acc: 0.7681, Acc: 0.8000, Sensitivity: 0.8696, Specificity: 0.6667, PPV: 0.8333, NPV: 0.7273, F1: 0.8511
  → New best validation AUC: 0.8587
Epoch 19/40 - Train Loss: 0.6711, Train Acc: 0.5500, Train AUC: 0.6769 - Val Loss: 0.7007, Val Acc (0.5): 0.4857, Val AUC: 0.8623
  Train Best Threshold 0.40 → Balanced Acc: 0.6203, Acc: 0.7286, Sensitivity: 0.9362, Specificity: 0.3043, PPV: 0.7333, NPV: 0.7000, F1: 0.8224
  Val Best Threshold 0.40 → Balanced Acc: 0.8098, Acc: 0.8286, Sensitivity: 0.8696, Specificity: 0.7500, PPV: 0.8696, NPV: 0.7500, F1: 0.8696
  → New best validation AUC: 0.8623
Epoch 20/40 - Train Loss: 0.6546, Train Acc: 0.6143, Train AUC: 0.7236 - Val Loss: 0.6976, Val Acc (0.5): 0.4857, Val AUC: 0.8696
  Train Best Threshold 0.50 → Balanced Acc: 0.6517, Acc: 0.6143, Sensitivity: 0.5426, Specificity: 0.7609, PPV: 0.8226, NPV: 0.4487, F1: 0.6538
  Val Best Threshold 0.40 → Balanced Acc: 0.7663, Acc: 0.7714, Sensitivity: 0.7826, Specificity: 0.7500, PPV: 0.8571, NPV: 0.6429, F1: 0.8182
  → New best validation AUC: 0.8696
Epoch 21/40 - Train Loss: 0.6419, Train Acc: 0.6500, Train AUC: 0.7574 - Val Loss: 0.7037, Val Acc (0.5): 0.4857, Val AUC: 0.8696
  Train Best Threshold 0.50 → Balanced Acc: 0.6894, Acc: 0.6500, Sensitivity: 0.5745, Specificity: 0.8043, PPV: 0.8571, NPV: 0.4805, F1: 0.6879
  Val Best Threshold 0.40 → Balanced Acc: 0.7862, Acc: 0.7714, Sensitivity: 0.7391, Specificity: 0.8333, PPV: 0.8947, NPV: 0.6250, F1: 0.8095
Epoch 22/40 - Train Loss: 0.6473, Train Acc: 0.6357, Train AUC: 0.7417 - Val Loss: 0.7087, Val Acc (0.5): 0.4857, Val AUC: 0.8877
  Train Best Threshold 0.45 → Balanced Acc: 0.6876, Acc: 0.7071, Sensitivity: 0.7447, Specificity: 0.6304, PPV: 0.8046, NPV: 0.5472, F1: 0.7735
  Val Best Threshold 0.40 → Balanced Acc: 0.8279, Acc: 0.8000, Sensitivity: 0.7391, Specificity: 0.9167, PPV: 0.9444, NPV: 0.6471, F1: 0.8293
  → New best validation AUC: 0.8877
Epoch 23/40 - Train Loss: 0.6618, Train Acc: 0.6143, Train AUC: 0.6952 - Val Loss: 0.7062, Val Acc (0.5): 0.4857, Val AUC: 0.8804
  Train Best Threshold 0.55 → Balanced Acc: 0.6640, Acc: 0.5786, Sensitivity: 0.4149, Specificity: 0.9130, PPV: 0.9070, NPV: 0.4330, F1: 0.5693
  Val Best Threshold 0.40 → Balanced Acc: 0.8279, Acc: 0.8000, Sensitivity: 0.7391, Specificity: 0.9167, PPV: 0.9444, NPV: 0.6471, F1: 0.8293
Epoch 24/40 - Train Loss: 0.6397, Train Acc: 0.7000, Train AUC: 0.7456 - Val Loss: 0.7013, Val Acc (0.5): 0.5143, Val AUC: 0.8877
  Train Best Threshold 0.50 → Balanced Acc: 0.7433, Acc: 0.7000, Sensitivity: 0.6170, Specificity: 0.8696, PPV: 0.9062, NPV: 0.5263, F1: 0.7342
  Val Best Threshold 0.40 → Balanced Acc: 0.8279, Acc: 0.8000, Sensitivity: 0.7391, Specificity: 0.9167, PPV: 0.9444, NPV: 0.6471, F1: 0.8293
Epoch 25/40 - Train Loss: 0.6390, Train Acc: 0.6786, Train AUC: 0.7692 - Val Loss: 0.6946, Val Acc (0.5): 0.5143, Val AUC: 0.8913
  Train Best Threshold 0.50 → Balanced Acc: 0.7218, Acc: 0.6786, Sensitivity: 0.5957, Specificity: 0.8478, PPV: 0.8889, NPV: 0.5065, F1: 0.7134
  Val Best Threshold 0.40 → Balanced Acc: 0.8496, Acc: 0.8286, Sensitivity: 0.7826, Specificity: 0.9167, PPV: 0.9474, NPV: 0.6875, F1: 0.8571
  → New best validation AUC: 0.8913
Epoch 26/40 - Train Loss: 0.6213, Train Acc: 0.7000, Train AUC: 0.8037 - Val Loss: 0.7054, Val Acc (0.5): 0.5143, Val AUC: 0.8949
  Train Best Threshold 0.50 → Balanced Acc: 0.7488, Acc: 0.7000, Sensitivity: 0.6064, Specificity: 0.8913, PPV: 0.9194, NPV: 0.5256, F1: 0.7308
  Val Best Threshold 0.40 → Balanced Acc: 0.8062, Acc: 0.7714, Sensitivity: 0.6957, Specificity: 0.9167, PPV: 0.9412, NPV: 0.6111, F1: 0.8000
  → New best validation AUC: 0.8949
Epoch 27/40 - Train Loss: 0.6337, Train Acc: 0.6429, Train AUC: 0.7435 - Val Loss: 0.7117, Val Acc (0.5): 0.4857, Val AUC: 0.8986
  Train Best Threshold 0.50 → Balanced Acc: 0.6785, Acc: 0.6429, Sensitivity: 0.5745, Specificity: 0.7826, PPV: 0.8438, NPV: 0.4737, F1: 0.6835
  Val Best Threshold 0.35 → Balanced Acc: 0.8514, Acc: 0.8571, Sensitivity: 0.8696, Specificity: 0.8333, PPV: 0.9091, NPV: 0.7692, F1: 0.8889
  → New best validation AUC: 0.8986
Epoch 28/40 - Train Loss: 0.6099, Train Acc: 0.7214, Train AUC: 0.8127 - Val Loss: 0.7241, Val Acc (0.5): 0.4857, Val AUC: 0.8986
  Train Best Threshold 0.50 → Balanced Acc: 0.7426, Acc: 0.7214, Sensitivity: 0.6809, Specificity: 0.8043, PPV: 0.8767, NPV: 0.5522, F1: 0.7665
  Val Best Threshold 0.35 → Balanced Acc: 0.8496, Acc: 0.8286, Sensitivity: 0.7826, Specificity: 0.9167, PPV: 0.9474, NPV: 0.6875, F1: 0.8571
Epoch 29/40 - Train Loss: 0.6237, Train Acc: 0.6929, Train AUC: 0.7780 - Val Loss: 0.7430, Val Acc (0.5): 0.4857, Val AUC: 0.8949
  Train Best Threshold 0.50 → Balanced Acc: 0.7324, Acc: 0.6929, Sensitivity: 0.6170, Specificity: 0.8478, PPV: 0.8923, NPV: 0.5200, F1: 0.7296
  Val Best Threshold 0.30 → Balanced Acc: 0.8514, Acc: 0.8571, Sensitivity: 0.8696, Specificity: 0.8333, PPV: 0.9091, NPV: 0.7692, F1: 0.8889
Epoch 30/40 - Train Loss: 0.6375, Train Acc: 0.6786, Train AUC: 0.7477 - Val Loss: 0.7508, Val Acc (0.5): 0.4857, Val AUC: 0.9130
  Train Best Threshold 0.50 → Balanced Acc: 0.7107, Acc: 0.6786, Sensitivity: 0.6170, Specificity: 0.8043, PPV: 0.8657, NPV: 0.5068, F1: 0.7205
  Val Best Threshold 0.30 → Balanced Acc: 0.8514, Acc: 0.8571, Sensitivity: 0.8696, Specificity: 0.8333, PPV: 0.9091, NPV: 0.7692, F1: 0.8889
  → New best validation AUC: 0.9130
Epoch 31/40 - Train Loss: 0.6220, Train Acc: 0.6429, Train AUC: 0.7789 - Val Loss: 0.7424, Val Acc (0.5): 0.4857, Val AUC: 0.9094
  Train Best Threshold 0.45 → Balanced Acc: 0.7042, Acc: 0.7071, Sensitivity: 0.7128, Specificity: 0.6957, PPV: 0.8272, NPV: 0.5424, F1: 0.7657
  Val Best Threshold 0.30 → Balanced Acc: 0.8714, Acc: 0.8571, Sensitivity: 0.8261, Specificity: 0.9167, PPV: 0.9500, NPV: 0.7333, F1: 0.8837
Epoch 32/40 - Train Loss: 0.5996, Train Acc: 0.7000, Train AUC: 0.8300 - Val Loss: 0.7389, Val Acc (0.5): 0.4857, Val AUC: 0.9167
  Train Best Threshold 0.45 → Balanced Acc: 0.7523, Acc: 0.7643, Sensitivity: 0.7872, Specificity: 0.7174, PPV: 0.8506, NPV: 0.6226, F1: 0.8177
  Val Best Threshold 0.30 → Balanced Acc: 0.8714, Acc: 0.8571, Sensitivity: 0.8261, Specificity: 0.9167, PPV: 0.9500, NPV: 0.7333, F1: 0.8837
  → New best validation AUC: 0.9167
Epoch 33/40 - Train Loss: 0.6165, Train Acc: 0.6857, Train AUC: 0.7812 - Val Loss: 0.7362, Val Acc (0.5): 0.4857, Val AUC: 0.8986
  Train Best Threshold 0.45 → Balanced Acc: 0.7093, Acc: 0.7214, Sensitivity: 0.7447, Specificity: 0.6739, PPV: 0.8235, NPV: 0.5636, F1: 0.7821
  Val Best Threshold 0.30 → Balanced Acc: 0.8714, Acc: 0.8571, Sensitivity: 0.8261, Specificity: 0.9167, PPV: 0.9500, NPV: 0.7333, F1: 0.8837
Epoch 34/40 - Train Loss: 0.6177, Train Acc: 0.6857, Train AUC: 0.7784 - Val Loss: 0.7074, Val Acc (0.5): 0.5429, Val AUC: 0.8804
  Train Best Threshold 0.55 → Balanced Acc: 0.7065, Acc: 0.6357, Sensitivity: 0.5000, Specificity: 0.9130, PPV: 0.9216, NPV: 0.4719, F1: 0.6483
  Val Best Threshold 0.35 → Balanced Acc: 0.8496, Acc: 0.8286, Sensitivity: 0.7826, Specificity: 0.9167, PPV: 0.9474, NPV: 0.6875, F1: 0.8571
Epoch 35/40 - Train Loss: 0.5866, Train Acc: 0.6857, Train AUC: 0.8307 - Val Loss: 0.6744, Val Acc (0.5): 0.6000, Val AUC: 0.8768
  Train Best Threshold 0.55 → Balanced Acc: 0.7333, Acc: 0.6643, Sensitivity: 0.5319, Specificity: 0.9348, PPV: 0.9434, NPV: 0.4943, F1: 0.6803
  Val Best Threshold 0.35 → Balanced Acc: 0.8714, Acc: 0.8571, Sensitivity: 0.8261, Specificity: 0.9167, PPV: 0.9500, NPV: 0.7333, F1: 0.8837
Epoch 36/40 - Train Loss: 0.6049, Train Acc: 0.7286, Train AUC: 0.8117 - Val Loss: 0.6551, Val Acc (0.5): 0.6286, Val AUC: 0.8696
  Train Best Threshold 0.50 → Balanced Acc: 0.7535, Acc: 0.7286, Sensitivity: 0.6809, Specificity: 0.8261, PPV: 0.8889, NPV: 0.5588, F1: 0.7711
  Val Best Threshold 0.40 → Balanced Acc: 0.8496, Acc: 0.8286, Sensitivity: 0.7826, Specificity: 0.9167, PPV: 0.9474, NPV: 0.6875, F1: 0.8571
Epoch 37/40 - Train Loss: 0.5752, Train Acc: 0.6929, Train AUC: 0.8619 - Val Loss: 0.6743, Val Acc (0.5): 0.6000, Val AUC: 0.8696
  Train Best Threshold 0.45 → Balanced Acc: 0.7905, Acc: 0.7857, Sensitivity: 0.7766, Specificity: 0.8043, PPV: 0.8902, NPV: 0.6379, F1: 0.8295
  Val Best Threshold 0.40 → Balanced Acc: 0.8279, Acc: 0.8000, Sensitivity: 0.7391, Specificity: 0.9167, PPV: 0.9444, NPV: 0.6471, F1: 0.8293
Epoch 38/40 - Train Loss: 0.6104, Train Acc: 0.6857, Train AUC: 0.7849 - Val Loss: 0.7446, Val Acc (0.5): 0.5143, Val AUC: 0.8841
  Train Best Threshold 0.55 → Balanced Acc: 0.7225, Acc: 0.6571, Sensitivity: 0.5319, Specificity: 0.9130, PPV: 0.9259, NPV: 0.4884, F1: 0.6757
  Val Best Threshold 0.30 → Balanced Acc: 0.8297, Acc: 0.8286, Sensitivity: 0.8261, Specificity: 0.8333, PPV: 0.9048, NPV: 0.7143, F1: 0.8636
Epoch 39/40 - Train Loss: 0.5568, Train Acc: 0.7714, Train AUC: 0.8795 - Val Loss: 0.7286, Val Acc (0.5): 0.5429, Val AUC: 0.8841
  Train Best Threshold 0.50 → Balanced Acc: 0.8076, Acc: 0.7714, Sensitivity: 0.7021, Specificity: 0.9130, PPV: 0.9429, NPV: 0.6000, F1: 0.8049
  Val Best Threshold 0.30 → Balanced Acc: 0.8297, Acc: 0.8286, Sensitivity: 0.8261, Specificity: 0.8333, PPV: 0.9048, NPV: 0.7143, F1: 0.8636
Epoch 40/40 - Train Loss: 0.5793, Train Acc: 0.7500, Train AUC: 0.8328 - Val Loss: 0.6951, Val Acc (0.5): 0.5714, Val AUC: 0.8768
  Train Best Threshold 0.50 → Balanced Acc: 0.7916, Acc: 0.7500, Sensitivity: 0.6702, Specificity: 0.9130, PPV: 0.9403, NPV: 0.5753, F1: 0.7826
  Val Best Threshold 0.30 → Balanced Acc: 0.8098, Acc: 0.8286, Sensitivity: 0.8696, Specificity: 0.7500, PPV: 0.8696, NPV: 0.7500, F1: 0.8696
Loaded best model with validation AUC: 0.9167
Final Train Results (Best Model) at epoch 32 - Loss: 0.6081, Accuracy: 0.7000, AUC: 0.8106
Final Val Results (Best Model) at epoch 32 - Loss: 0.7389, Accuracy: 0.4857, AUC: 0.9167
Train Best Threshold: 0.45 | Balanced Acc: 0.7301 | Acc: 0.7643 | Sensitivity: 0.8298 | Specificity: 0.6304 | PPV: 0.8211 | NPV: 0.6444 | F1: 0.8254
Train Confusion Matrix at Best Threshold (rows=actual [0,1], cols=predicted [0,1]):
[[29 17]
 [16 78]]
Val Best Threshold: 0.30 | Balanced Acc: 0.8714 | Acc: 0.8571 | Sensitivity: 0.8261 | Specificity: 0.9167 | PPV: 0.9500 | NPV: 0.7333 | F1: 0.8837
Val Confusion Matrix at Best Threshold (rows=actual [0,1], cols=predicted [0,1]):
[[11  1]
 [ 4 19]]
======================================================================

Training Results - C1 (Mean Pooling)
======================================================================
Model: C1 (Mean Pooling)
Backbone: resnet18
Pooling: mean
Val AUC: 0.9167
======================================================================
