Starting single train/val split training for C1 (Mean Pooling)
Configuration:
  clinical_csv: data/annotations/175_clinical_5_variables.csv
  image_root: data/nakagami_full
  patient_id_column: NO
  label_column: CL_F2
  image_pattern: Nakagami_image_*.png
  n_folds: 5
  batch_size: 16
  learning_rate: 1e-05
  num_epochs: 50
  early_stopping_patience: 15
  early_stopping_min_delta: 0.001
  backbone: efficientnetv2_b2
  pretrained: True
  device: cuda
  num_workers: 4
  pooling: mean
  attention_hidden: 128
  clinical_dim: 128
  fusion_hidden: 128
  dropout: 0.5
  clinical_features: ['AST', 'ALT', 'PLT', 'APRI', 'FIB_4']
  seed: 42
  no_cv: True
  val_split: 0.2
  weight_decay: 0.0001
  label_smoothing: 0.1
  log_dir: runs/bmode_clinical
Loading clinical data...
Loaded 175 patients from clinical data
Building patient records...
Building patient records from 175 patients...
Image root: data/nakagami_full
Image pattern: Nakagami_image_*.png
Successfully created 175 patient records
Created 175 patient records
Train/Val Split:
  Train: 140 patients (80.0%)
  Val:   35 patients (20.0%)
====================Training single model====================
Train: 140 patients
Val: 35 patients
Fitting clinical preprocessor on training data...
Built clinical feature dictionaries: train=140, val=35
Clinical input dimension: 5
Backbone feature dimension: 1408
Created mean pooling model with backbone efficientnetv2_b2
Using device: cuda
Class weights: [1.0, 0.4893617033958435]
Weight decay (L2 reg): 0.0001
Label smoothing: 0.1

Epoch 1/50 - Train Loss: 0.7134, Train Acc: 0.3643, Train AUC: 0.3786 - Val Loss: 0.7217, Val Acc (0.5): 0.2857, Val AUC: 0.3986
  Train Best Threshold 0.05 → Balanced Acc: 0.5000, Acc: 0.6714, Sensitivity: 1.0000, Specificity: 0.0000, PPV: 0.6714, NPV: 0.0000, F1: 0.8034
  Val Best Threshold 0.05 → Balanced Acc: 0.5000, Acc: 0.6571, Sensitivity: 1.0000, Specificity: 0.0000, PPV: 0.6571, NPV: 0.0000, F1: 0.7931
  → New best validation AUC: 0.3986
Epoch 2/50 - Train Loss: 0.7045, Train Acc: 0.4357, Train AUC: 0.4963 - Val Loss: 0.7293, Val Acc (0.5): 0.3429, Val AUC: 0.3877
  Train Best Threshold 0.50 → Balanced Acc: 0.5298, Acc: 0.4357, Sensitivity: 0.2553, Specificity: 0.8043, PPV: 0.7273, NPV: 0.3458, F1: 0.3780
  Val Best Threshold 0.05 → Balanced Acc: 0.5000, Acc: 0.6571, Sensitivity: 1.0000, Specificity: 0.0000, PPV: 0.6571, NPV: 0.0000, F1: 0.7931
Epoch 3/50 - Train Loss: 0.6996, Train Acc: 0.5214, Train AUC: 0.5446 - Val Loss: 0.7322, Val Acc (0.5): 0.3429, Val AUC: 0.4275
  Train Best Threshold 0.50 → Balanced Acc: 0.6103, Acc: 0.5214, Sensitivity: 0.3511, Specificity: 0.8696, PPV: 0.8462, NPV: 0.3960, F1: 0.4962
  Val Best Threshold 0.05 → Balanced Acc: 0.5000, Acc: 0.6571, Sensitivity: 1.0000, Specificity: 0.0000, PPV: 0.6571, NPV: 0.0000, F1: 0.7931
  → New best validation AUC: 0.4275
Epoch 4/50 - Train Loss: 0.7017, Train Acc: 0.4357, Train AUC: 0.5375 - Val Loss: 0.7302, Val Acc (0.5): 0.3429, Val AUC: 0.4783
  Train Best Threshold 0.50 → Balanced Acc: 0.5021, Acc: 0.4357, Sensitivity: 0.3085, Specificity: 0.6957, PPV: 0.6744, NPV: 0.3299, F1: 0.4234
  Val Best Threshold 0.05 → Balanced Acc: 0.5000, Acc: 0.6571, Sensitivity: 1.0000, Specificity: 0.0000, PPV: 0.6571, NPV: 0.0000, F1: 0.7931
  → New best validation AUC: 0.4783
Epoch 5/50 - Train Loss: 0.6970, Train Acc: 0.5214, Train AUC: 0.6543 - Val Loss: 0.7256, Val Acc (0.5): 0.4000, Val AUC: 0.5435
  Train Best Threshold 0.50 → Balanced Acc: 0.5992, Acc: 0.5214, Sensitivity: 0.3723, Specificity: 0.8261, PPV: 0.8140, NPV: 0.3918, F1: 0.5109
  Val Best Threshold 0.50 → Balanced Acc: 0.5435, Acc: 0.4000, Sensitivity: 0.0870, Specificity: 1.0000, PPV: 1.0000, NPV: 0.3636, F1: 0.1600
  → New best validation AUC: 0.5435
Epoch 6/50 - Train Loss: 0.6962, Train Acc: 0.5357, Train AUC: 0.5997 - Val Loss: 0.7223, Val Acc (0.5): 0.4286, Val AUC: 0.5797
  Train Best Threshold 0.50 → Balanced Acc: 0.5710, Acc: 0.5357, Sensitivity: 0.4681, Specificity: 0.6739, PPV: 0.7458, NPV: 0.3827, F1: 0.5752
  Val Best Threshold 0.50 → Balanced Acc: 0.5652, Acc: 0.4286, Sensitivity: 0.1304, Specificity: 1.0000, PPV: 1.0000, NPV: 0.3750, F1: 0.2308
  → New best validation AUC: 0.5797
Epoch 7/50 - Train Loss: 0.6940, Train Acc: 0.5143, Train AUC: 0.6140 - Val Loss: 0.7200, Val Acc (0.5): 0.4286, Val AUC: 0.6159
  Train Best Threshold 0.50 → Balanced Acc: 0.5939, Acc: 0.5143, Sensitivity: 0.3617, Specificity: 0.8261, PPV: 0.8095, NPV: 0.3878, F1: 0.5000
  Val Best Threshold 0.50 → Balanced Acc: 0.5652, Acc: 0.4286, Sensitivity: 0.1304, Specificity: 1.0000, PPV: 1.0000, NPV: 0.3750, F1: 0.2308
  → New best validation AUC: 0.6159
Epoch 8/50 - Train Loss: 0.7002, Train Acc: 0.5000, Train AUC: 0.5442 - Val Loss: 0.7186, Val Acc (0.5): 0.4571, Val AUC: 0.6812
  Train Best Threshold 0.50 → Balanced Acc: 0.5444, Acc: 0.5000, Sensitivity: 0.4149, Specificity: 0.6739, PPV: 0.7222, NPV: 0.3605, F1: 0.5270
  Val Best Threshold 0.50 → Balanced Acc: 0.5870, Acc: 0.4571, Sensitivity: 0.1739, Specificity: 1.0000, PPV: 1.0000, NPV: 0.3871, F1: 0.2963
  → New best validation AUC: 0.6812
Epoch 9/50 - Train Loss: 0.6961, Train Acc: 0.5214, Train AUC: 0.6029 - Val Loss: 0.7167, Val Acc (0.5): 0.4857, Val AUC: 0.6848
  Train Best Threshold 0.50 → Balanced Acc: 0.5770, Acc: 0.5214, Sensitivity: 0.4149, Specificity: 0.7391, PPV: 0.7647, NPV: 0.3820, F1: 0.5379
  Val Best Threshold 0.50 → Balanced Acc: 0.6087, Acc: 0.4857, Sensitivity: 0.2174, Specificity: 1.0000, PPV: 1.0000, NPV: 0.4000, F1: 0.3571
  → New best validation AUC: 0.6848
Epoch 10/50 - Train Loss: 0.6899, Train Acc: 0.5429, Train AUC: 0.6688 - Val Loss: 0.7148, Val Acc (0.5): 0.5143, Val AUC: 0.7065
  Train Best Threshold 0.50 → Balanced Acc: 0.6041, Acc: 0.5429, Sensitivity: 0.4255, Specificity: 0.7826, PPV: 0.8000, NPV: 0.4000, F1: 0.5556
  Val Best Threshold 0.50 → Balanced Acc: 0.6304, Acc: 0.5143, Sensitivity: 0.2609, Specificity: 1.0000, PPV: 1.0000, NPV: 0.4138, F1: 0.4138
  → New best validation AUC: 0.7065
Epoch 11/50 - Train Loss: 0.6917, Train Acc: 0.5357, Train AUC: 0.6452 - Val Loss: 0.7143, Val Acc (0.5): 0.5143, Val AUC: 0.7210
  Train Best Threshold 0.50 → Balanced Acc: 0.5821, Acc: 0.5357, Sensitivity: 0.4468, Specificity: 0.7174, PPV: 0.7636, NPV: 0.3882, F1: 0.5638
  Val Best Threshold 0.50 → Balanced Acc: 0.6304, Acc: 0.5143, Sensitivity: 0.2609, Specificity: 1.0000, PPV: 1.0000, NPV: 0.4138, F1: 0.4138
  → New best validation AUC: 0.7210
Epoch 12/50 - Train Loss: 0.6870, Train Acc: 0.5643, Train AUC: 0.6924 - Val Loss: 0.7109, Val Acc (0.5): 0.5714, Val AUC: 0.7536
  Train Best Threshold 0.50 → Balanced Acc: 0.6089, Acc: 0.5643, Sensitivity: 0.4787, Specificity: 0.7391, PPV: 0.7895, NPV: 0.4096, F1: 0.5960
  Val Best Threshold 0.50 → Balanced Acc: 0.6739, Acc: 0.5714, Sensitivity: 0.3478, Specificity: 1.0000, PPV: 1.0000, NPV: 0.4444, F1: 0.5161
  → New best validation AUC: 0.7536
Epoch 13/50 - Train Loss: 0.6842, Train Acc: 0.6357, Train AUC: 0.7130 - Val Loss: 0.7083, Val Acc (0.5): 0.5429, Val AUC: 0.7572
  Train Best Threshold 0.50 → Balanced Acc: 0.6954, Acc: 0.6357, Sensitivity: 0.5213, Specificity: 0.8696, PPV: 0.8909, NPV: 0.4706, F1: 0.6577
  Val Best Threshold 0.50 → Balanced Acc: 0.6322, Acc: 0.5429, Sensitivity: 0.3478, Specificity: 0.9167, PPV: 0.8889, NPV: 0.4231, F1: 0.5000
  → New best validation AUC: 0.7572
Epoch 14/50 - Train Loss: 0.6900, Train Acc: 0.6000, Train AUC: 0.6623 - Val Loss: 0.7078, Val Acc (0.5): 0.5429, Val AUC: 0.7609
  Train Best Threshold 0.50 → Balanced Acc: 0.6355, Acc: 0.6000, Sensitivity: 0.5319, Specificity: 0.7391, PPV: 0.8065, NPV: 0.4359, F1: 0.6410
  Val Best Threshold 0.50 → Balanced Acc: 0.6322, Acc: 0.5429, Sensitivity: 0.3478, Specificity: 0.9167, PPV: 0.8889, NPV: 0.4231, F1: 0.5000
  → New best validation AUC: 0.7609
Epoch 15/50 - Train Loss: 0.6895, Train Acc: 0.5786, Train AUC: 0.6469 - Val Loss: 0.7060, Val Acc (0.5): 0.5429, Val AUC: 0.7790
  Train Best Threshold 0.50 → Balanced Acc: 0.6140, Acc: 0.5786, Sensitivity: 0.5106, Specificity: 0.7174, PPV: 0.7869, NPV: 0.4177, F1: 0.6194
  Val Best Threshold 0.50 → Balanced Acc: 0.6322, Acc: 0.5429, Sensitivity: 0.3478, Specificity: 0.9167, PPV: 0.8889, NPV: 0.4231, F1: 0.5000
  → New best validation AUC: 0.7790
Epoch 16/50 - Train Loss: 0.6842, Train Acc: 0.6214, Train AUC: 0.6959 - Val Loss: 0.7049, Val Acc (0.5): 0.5429, Val AUC: 0.7899
  Train Best Threshold 0.50 → Balanced Acc: 0.6681, Acc: 0.6214, Sensitivity: 0.5319, Specificity: 0.8043, PPV: 0.8475, NPV: 0.4568, F1: 0.6536
  Val Best Threshold 0.50 → Balanced Acc: 0.6322, Acc: 0.5429, Sensitivity: 0.3478, Specificity: 0.9167, PPV: 0.8889, NPV: 0.4231, F1: 0.5000
  → New best validation AUC: 0.7899
Epoch 17/50 - Train Loss: 0.6850, Train Acc: 0.5786, Train AUC: 0.6834 - Val Loss: 0.7023, Val Acc (0.5): 0.5429, Val AUC: 0.7971
  Train Best Threshold 0.50 → Balanced Acc: 0.6085, Acc: 0.5786, Sensitivity: 0.5213, Specificity: 0.6957, PPV: 0.7778, NPV: 0.4156, F1: 0.6242
  Val Best Threshold 0.50 → Balanced Acc: 0.6322, Acc: 0.5429, Sensitivity: 0.3478, Specificity: 0.9167, PPV: 0.8889, NPV: 0.4231, F1: 0.5000
  → New best validation AUC: 0.7971
Epoch 18/50 - Train Loss: 0.6831, Train Acc: 0.6357, Train AUC: 0.7109 - Val Loss: 0.7006, Val Acc (0.5): 0.5714, Val AUC: 0.8116
  Train Best Threshold 0.50 → Balanced Acc: 0.6788, Acc: 0.6357, Sensitivity: 0.5532, Specificity: 0.8043, PPV: 0.8525, NPV: 0.4684, F1: 0.6710
  Val Best Threshold 0.50 → Balanced Acc: 0.6540, Acc: 0.5714, Sensitivity: 0.3913, Specificity: 0.9167, PPV: 0.9000, NPV: 0.4400, F1: 0.5455
  → New best validation AUC: 0.8116
Epoch 19/50 - Train Loss: 0.6844, Train Acc: 0.6286, Train AUC: 0.7044 - Val Loss: 0.6980, Val Acc (0.5): 0.6000, Val AUC: 0.8080
  Train Best Threshold 0.50 → Balanced Acc: 0.6679, Acc: 0.6286, Sensitivity: 0.5532, Specificity: 0.7826, PPV: 0.8387, NPV: 0.4615, F1: 0.6667
  Val Best Threshold 0.50 → Balanced Acc: 0.6757, Acc: 0.6000, Sensitivity: 0.4348, Specificity: 0.9167, PPV: 0.9091, NPV: 0.4583, F1: 0.5882
Epoch 20/50 - Train Loss: 0.6806, Train Acc: 0.6143, Train AUC: 0.7255 - Val Loss: 0.6963, Val Acc (0.5): 0.6000, Val AUC: 0.8152
  Train Best Threshold 0.50 → Balanced Acc: 0.6462, Acc: 0.6143, Sensitivity: 0.5532, Specificity: 0.7391, PPV: 0.8125, NPV: 0.4474, F1: 0.6582
  Val Best Threshold 0.45 → Balanced Acc: 0.7065, Acc: 0.7714, Sensitivity: 0.9130, Specificity: 0.5000, PPV: 0.7778, NPV: 0.7500, F1: 0.8400
  → New best validation AUC: 0.8152
Epoch 21/50 - Train Loss: 0.6804, Train Acc: 0.6429, Train AUC: 0.7167 - Val Loss: 0.6938, Val Acc (0.5): 0.6571, Val AUC: 0.8188
  Train Best Threshold 0.50 → Balanced Acc: 0.6841, Acc: 0.6429, Sensitivity: 0.5638, Specificity: 0.8043, PPV: 0.8548, NPV: 0.4744, F1: 0.6795
  Val Best Threshold 0.50 → Balanced Acc: 0.7192, Acc: 0.6571, Sensitivity: 0.5217, Specificity: 0.9167, PPV: 0.9231, NPV: 0.5000, F1: 0.6667
  → New best validation AUC: 0.8188
Epoch 22/50 - Train Loss: 0.6742, Train Acc: 0.6429, Train AUC: 0.7678 - Val Loss: 0.6932, Val Acc (0.5): 0.6571, Val AUC: 0.8152
  Train Best Threshold 0.50 → Balanced Acc: 0.6952, Acc: 0.6429, Sensitivity: 0.5426, Specificity: 0.8478, PPV: 0.8793, NPV: 0.4756, F1: 0.6711
  Val Best Threshold 0.50 → Balanced Acc: 0.7192, Acc: 0.6571, Sensitivity: 0.5217, Specificity: 0.9167, PPV: 0.9231, NPV: 0.5000, F1: 0.6667
Epoch 23/50 - Train Loss: 0.6745, Train Acc: 0.6571, Train AUC: 0.7606 - Val Loss: 0.6915, Val Acc (0.5): 0.6857, Val AUC: 0.8188
  Train Best Threshold 0.50 → Balanced Acc: 0.6892, Acc: 0.6571, Sensitivity: 0.5957, Specificity: 0.7826, PPV: 0.8485, NPV: 0.4865, F1: 0.7000
  Val Best Threshold 0.50 → Balanced Acc: 0.7409, Acc: 0.6857, Sensitivity: 0.5652, Specificity: 0.9167, PPV: 0.9286, NPV: 0.5238, F1: 0.7027
Epoch 24/50 - Train Loss: 0.6689, Train Acc: 0.6714, Train AUC: 0.7680 - Val Loss: 0.6897, Val Acc (0.5): 0.6857, Val AUC: 0.8370
  Train Best Threshold 0.50 → Balanced Acc: 0.7165, Acc: 0.6714, Sensitivity: 0.5851, Specificity: 0.8478, PPV: 0.8871, NPV: 0.5000, F1: 0.7051
  Val Best Threshold 0.50 → Balanced Acc: 0.7409, Acc: 0.6857, Sensitivity: 0.5652, Specificity: 0.9167, PPV: 0.9286, NPV: 0.5238, F1: 0.7027
  → New best validation AUC: 0.8370
Epoch 25/50 - Train Loss: 0.6804, Train Acc: 0.6429, Train AUC: 0.7185 - Val Loss: 0.6859, Val Acc (0.5): 0.7143, Val AUC: 0.8370
  Train Best Threshold 0.50 → Balanced Acc: 0.6841, Acc: 0.6429, Sensitivity: 0.5638, Specificity: 0.8043, PPV: 0.8548, NPV: 0.4744, F1: 0.6795
  Val Best Threshold 0.50 → Balanced Acc: 0.7627, Acc: 0.7143, Sensitivity: 0.6087, Specificity: 0.9167, PPV: 0.9333, NPV: 0.5500, F1: 0.7368
Epoch 26/50 - Train Loss: 0.6643, Train Acc: 0.6643, Train AUC: 0.7930 - Val Loss: 0.6862, Val Acc (0.5): 0.7143, Val AUC: 0.8297
  Train Best Threshold 0.50 → Balanced Acc: 0.7056, Acc: 0.6643, Sensitivity: 0.5851, Specificity: 0.8261, PPV: 0.8730, NPV: 0.4935, F1: 0.7006
  Val Best Threshold 0.50 → Balanced Acc: 0.7627, Acc: 0.7143, Sensitivity: 0.6087, Specificity: 0.9167, PPV: 0.9333, NPV: 0.5500, F1: 0.7368
Epoch 27/50 - Train Loss: 0.6644, Train Acc: 0.6929, Train AUC: 0.7939 - Val Loss: 0.6817, Val Acc (0.5): 0.7143, Val AUC: 0.8587
  Train Best Threshold 0.50 → Balanced Acc: 0.7380, Acc: 0.6929, Sensitivity: 0.6064, Specificity: 0.8696, PPV: 0.9048, NPV: 0.5195, F1: 0.7261
  Val Best Threshold 0.50 → Balanced Acc: 0.7627, Acc: 0.7143, Sensitivity: 0.6087, Specificity: 0.9167, PPV: 0.9333, NPV: 0.5500, F1: 0.7368
  → New best validation AUC: 0.8587
Epoch 28/50 - Train Loss: 0.6651, Train Acc: 0.7071, Train AUC: 0.7821 - Val Loss: 0.6818, Val Acc (0.5): 0.7143, Val AUC: 0.8478
  Train Best Threshold 0.50 → Balanced Acc: 0.7375, Acc: 0.7071, Sensitivity: 0.6489, Specificity: 0.8261, PPV: 0.8841, NPV: 0.5352, F1: 0.7485
  Val Best Threshold 0.50 → Balanced Acc: 0.7627, Acc: 0.7143, Sensitivity: 0.6087, Specificity: 0.9167, PPV: 0.9333, NPV: 0.5500, F1: 0.7368
Epoch 29/50 - Train Loss: 0.6737, Train Acc: 0.6286, Train AUC: 0.7213 - Val Loss: 0.6799, Val Acc (0.5): 0.7143, Val AUC: 0.8551
  Train Best Threshold 0.50 → Balanced Acc: 0.6568, Acc: 0.6286, Sensitivity: 0.5745, Specificity: 0.7391, PPV: 0.8182, NPV: 0.4595, F1: 0.6750
  Val Best Threshold 0.50 → Balanced Acc: 0.7627, Acc: 0.7143, Sensitivity: 0.6087, Specificity: 0.9167, PPV: 0.9333, NPV: 0.5500, F1: 0.7368
Epoch 30/50 - Train Loss: 0.6703, Train Acc: 0.6714, Train AUC: 0.7660 - Val Loss: 0.6793, Val Acc (0.5): 0.7143, Val AUC: 0.8478
  Train Best Threshold 0.50 → Balanced Acc: 0.6943, Acc: 0.6714, Sensitivity: 0.6277, Specificity: 0.7609, PPV: 0.8429, NPV: 0.5000, F1: 0.7195
  Val Best Threshold 0.50 → Balanced Acc: 0.7627, Acc: 0.7143, Sensitivity: 0.6087, Specificity: 0.9167, PPV: 0.9333, NPV: 0.5500, F1: 0.7368
Epoch 31/50 - Train Loss: 0.6603, Train Acc: 0.6786, Train AUC: 0.7861 - Val Loss: 0.6779, Val Acc (0.5): 0.7143, Val AUC: 0.8551
  Train Best Threshold 0.50 → Balanced Acc: 0.6996, Acc: 0.6786, Sensitivity: 0.6383, Specificity: 0.7609, PPV: 0.8451, NPV: 0.5072, F1: 0.7273
  Val Best Threshold 0.45 → Balanced Acc: 0.7681, Acc: 0.8000, Sensitivity: 0.8696, Specificity: 0.6667, PPV: 0.8333, NPV: 0.7273, F1: 0.8511
Epoch 32/50 - Train Loss: 0.6698, Train Acc: 0.6714, Train AUC: 0.7468 - Val Loss: 0.6768, Val Acc (0.5): 0.7143, Val AUC: 0.8587
  Train Best Threshold 0.50 → Balanced Acc: 0.7165, Acc: 0.6714, Sensitivity: 0.5851, Specificity: 0.8478, PPV: 0.8871, NPV: 0.5000, F1: 0.7051
  Val Best Threshold 0.50 → Balanced Acc: 0.7627, Acc: 0.7143, Sensitivity: 0.6087, Specificity: 0.9167, PPV: 0.9333, NPV: 0.5500, F1: 0.7368
Epoch 33/50 - Train Loss: 0.6535, Train Acc: 0.6429, Train AUC: 0.8143 - Val Loss: 0.6739, Val Acc (0.5): 0.7143, Val AUC: 0.8623
  Train Best Threshold 0.45 → Balanced Acc: 0.7236, Acc: 0.7929, Sensitivity: 0.9255, Specificity: 0.5217, PPV: 0.7982, NPV: 0.7742, F1: 0.8571
  Val Best Threshold 0.50 → Balanced Acc: 0.7627, Acc: 0.7143, Sensitivity: 0.6087, Specificity: 0.9167, PPV: 0.9333, NPV: 0.5500, F1: 0.7368
  → New best validation AUC: 0.8623
Epoch 34/50 - Train Loss: 0.6649, Train Acc: 0.6571, Train AUC: 0.7673 - Val Loss: 0.6729, Val Acc (0.5): 0.7143, Val AUC: 0.8623
  Train Best Threshold 0.50 → Balanced Acc: 0.6947, Acc: 0.6571, Sensitivity: 0.5851, Specificity: 0.8043, PPV: 0.8594, NPV: 0.4868, F1: 0.6962
  Val Best Threshold 0.45 → Balanced Acc: 0.7880, Acc: 0.8000, Sensitivity: 0.8261, Specificity: 0.7500, PPV: 0.8636, NPV: 0.6923, F1: 0.8444
Epoch 35/50 - Train Loss: 0.6593, Train Acc: 0.7071, Train AUC: 0.7819 - Val Loss: 0.6715, Val Acc (0.5): 0.7143, Val AUC: 0.8659
  Train Best Threshold 0.50 → Balanced Acc: 0.7431, Acc: 0.7071, Sensitivity: 0.6383, Specificity: 0.8478, PPV: 0.8955, NPV: 0.5342, F1: 0.7453
  Val Best Threshold 0.45 → Balanced Acc: 0.7880, Acc: 0.8000, Sensitivity: 0.8261, Specificity: 0.7500, PPV: 0.8636, NPV: 0.6923, F1: 0.8444
  → New best validation AUC: 0.8659
Epoch 36/50 - Train Loss: 0.6487, Train Acc: 0.7571, Train AUC: 0.8106 - Val Loss: 0.6702, Val Acc (0.5): 0.7143, Val AUC: 0.8696
  Train Best Threshold 0.50 → Balanced Acc: 0.7692, Acc: 0.7571, Sensitivity: 0.7340, Specificity: 0.8043, PPV: 0.8846, NPV: 0.5968, F1: 0.8023
  Val Best Threshold 0.45 → Balanced Acc: 0.7880, Acc: 0.8000, Sensitivity: 0.8261, Specificity: 0.7500, PPV: 0.8636, NPV: 0.6923, F1: 0.8444
  → New best validation AUC: 0.8696
Epoch 37/50 - Train Loss: 0.6466, Train Acc: 0.7429, Train AUC: 0.8191 - Val Loss: 0.6668, Val Acc (0.5): 0.6857, Val AUC: 0.8696
  Train Best Threshold 0.50 → Balanced Acc: 0.7863, Acc: 0.7429, Sensitivity: 0.6596, Specificity: 0.9130, PPV: 0.9394, NPV: 0.5676, F1: 0.7750
  Val Best Threshold 0.45 → Balanced Acc: 0.7880, Acc: 0.8000, Sensitivity: 0.8261, Specificity: 0.7500, PPV: 0.8636, NPV: 0.6923, F1: 0.8444
Epoch 38/50 - Train Loss: 0.6554, Train Acc: 0.6714, Train AUC: 0.7840 - Val Loss: 0.6645, Val Acc (0.5): 0.6857, Val AUC: 0.8732
  Train Best Threshold 0.50 → Balanced Acc: 0.7165, Acc: 0.6714, Sensitivity: 0.5851, Specificity: 0.8478, PPV: 0.8871, NPV: 0.5000, F1: 0.7051
  Val Best Threshold 0.45 → Balanced Acc: 0.7880, Acc: 0.8000, Sensitivity: 0.8261, Specificity: 0.7500, PPV: 0.8636, NPV: 0.6923, F1: 0.8444
  → New best validation AUC: 0.8732
Epoch 39/50 - Train Loss: 0.6494, Train Acc: 0.7071, Train AUC: 0.8108 - Val Loss: 0.6639, Val Acc (0.5): 0.6857, Val AUC: 0.8696
  Train Best Threshold 0.50 → Balanced Acc: 0.7320, Acc: 0.7071, Sensitivity: 0.6596, Specificity: 0.8043, PPV: 0.8732, NPV: 0.5362, F1: 0.7515
  Val Best Threshold 0.45 → Balanced Acc: 0.7880, Acc: 0.8000, Sensitivity: 0.8261, Specificity: 0.7500, PPV: 0.8636, NPV: 0.6923, F1: 0.8444
Epoch 40/50 - Train Loss: 0.6533, Train Acc: 0.7000, Train AUC: 0.7778 - Val Loss: 0.6649, Val Acc (0.5): 0.6571, Val AUC: 0.8659
  Train Best Threshold 0.50 → Balanced Acc: 0.7377, Acc: 0.7000, Sensitivity: 0.6277, Specificity: 0.8478, PPV: 0.8939, NPV: 0.5270, F1: 0.7375
  Val Best Threshold 0.45 → Balanced Acc: 0.7880, Acc: 0.8000, Sensitivity: 0.8261, Specificity: 0.7500, PPV: 0.8636, NPV: 0.6923, F1: 0.8444
Epoch 41/50 - Train Loss: 0.6496, Train Acc: 0.7071, Train AUC: 0.7923 - Val Loss: 0.6630, Val Acc (0.5): 0.6857, Val AUC: 0.8732
  Train Best Threshold 0.50 → Balanced Acc: 0.7320, Acc: 0.7071, Sensitivity: 0.6596, Specificity: 0.8043, PPV: 0.8732, NPV: 0.5362, F1: 0.7515
  Val Best Threshold 0.45 → Balanced Acc: 0.7880, Acc: 0.8000, Sensitivity: 0.8261, Specificity: 0.7500, PPV: 0.8636, NPV: 0.6923, F1: 0.8444
Epoch 42/50 - Train Loss: 0.6485, Train Acc: 0.6929, Train AUC: 0.7986 - Val Loss: 0.6579, Val Acc (0.5): 0.6571, Val AUC: 0.8804
  Train Best Threshold 0.50 → Balanced Acc: 0.7269, Acc: 0.6929, Sensitivity: 0.6277, Specificity: 0.8261, PPV: 0.8806, NPV: 0.5205, F1: 0.7329
  Val Best Threshold 0.45 → Balanced Acc: 0.7880, Acc: 0.8000, Sensitivity: 0.8261, Specificity: 0.7500, PPV: 0.8636, NPV: 0.6923, F1: 0.8444
  → New best validation AUC: 0.8804
Epoch 43/50 - Train Loss: 0.6611, Train Acc: 0.6500, Train AUC: 0.7549 - Val Loss: 0.6552, Val Acc (0.5): 0.6857, Val AUC: 0.8804
  Train Best Threshold 0.50 → Balanced Acc: 0.6728, Acc: 0.6500, Sensitivity: 0.6064, Specificity: 0.7391, PPV: 0.8261, NPV: 0.4789, F1: 0.6994
  Val Best Threshold 0.45 → Balanced Acc: 0.7880, Acc: 0.8000, Sensitivity: 0.8261, Specificity: 0.7500, PPV: 0.8636, NPV: 0.6923, F1: 0.8444
Epoch 44/50 - Train Loss: 0.6368, Train Acc: 0.7143, Train AUC: 0.8302 - Val Loss: 0.6551, Val Acc (0.5): 0.6857, Val AUC: 0.8768
  Train Best Threshold 0.50 → Balanced Acc: 0.7484, Acc: 0.7143, Sensitivity: 0.6489, Specificity: 0.8478, PPV: 0.8971, NPV: 0.5417, F1: 0.7531
  Val Best Threshold 0.45 → Balanced Acc: 0.7880, Acc: 0.8000, Sensitivity: 0.8261, Specificity: 0.7500, PPV: 0.8636, NPV: 0.6923, F1: 0.8444
Epoch 45/50 - Train Loss: 0.6418, Train Acc: 0.6857, Train AUC: 0.7995 - Val Loss: 0.6527, Val Acc (0.5): 0.6571, Val AUC: 0.8768
  Train Best Threshold 0.50 → Balanced Acc: 0.7216, Acc: 0.6857, Sensitivity: 0.6170, Specificity: 0.8261, PPV: 0.8788, NPV: 0.5135, F1: 0.7250
  Val Best Threshold 0.45 → Balanced Acc: 0.7880, Acc: 0.8000, Sensitivity: 0.8261, Specificity: 0.7500, PPV: 0.8636, NPV: 0.6923, F1: 0.8444
Epoch 46/50 - Train Loss: 0.6426, Train Acc: 0.7071, Train AUC: 0.7990 - Val Loss: 0.6511, Val Acc (0.5): 0.6857, Val AUC: 0.8732
  Train Best Threshold 0.50 → Balanced Acc: 0.7375, Acc: 0.7071, Sensitivity: 0.6489, Specificity: 0.8261, PPV: 0.8841, NPV: 0.5352, F1: 0.7485
  Val Best Threshold 0.45 → Balanced Acc: 0.7880, Acc: 0.8000, Sensitivity: 0.8261, Specificity: 0.7500, PPV: 0.8636, NPV: 0.6923, F1: 0.8444
Epoch 47/50 - Train Loss: 0.6448, Train Acc: 0.7000, Train AUC: 0.7801 - Val Loss: 0.6492, Val Acc (0.5): 0.7143, Val AUC: 0.8768
  Train Best Threshold 0.50 → Balanced Acc: 0.7488, Acc: 0.7000, Sensitivity: 0.6064, Specificity: 0.8913, PPV: 0.9194, NPV: 0.5256, F1: 0.7308
  Val Best Threshold 0.45 → Balanced Acc: 0.7880, Acc: 0.8000, Sensitivity: 0.8261, Specificity: 0.7500, PPV: 0.8636, NPV: 0.6923, F1: 0.8444
Epoch 48/50 - Train Loss: 0.6358, Train Acc: 0.7000, Train AUC: 0.8291 - Val Loss: 0.6491, Val Acc (0.5): 0.6857, Val AUC: 0.8768
  Train Best Threshold 0.45 → Balanced Acc: 0.7623, Acc: 0.8000, Sensitivity: 0.8723, Specificity: 0.6522, PPV: 0.8367, NPV: 0.7143, F1: 0.8542
  Val Best Threshold 0.45 → Balanced Acc: 0.7880, Acc: 0.8000, Sensitivity: 0.8261, Specificity: 0.7500, PPV: 0.8636, NPV: 0.6923, F1: 0.8444
Epoch 49/50 - Train Loss: 0.6305, Train Acc: 0.7357, Train AUC: 0.8254 - Val Loss: 0.6464, Val Acc (0.5): 0.6857, Val AUC: 0.8768
  Train Best Threshold 0.50 → Balanced Acc: 0.7588, Acc: 0.7357, Sensitivity: 0.6915, Specificity: 0.8261, PPV: 0.8904, NPV: 0.5672, F1: 0.7784
  Val Best Threshold 0.45 → Balanced Acc: 0.7880, Acc: 0.8000, Sensitivity: 0.8261, Specificity: 0.7500, PPV: 0.8636, NPV: 0.6923, F1: 0.8444
Epoch 50/50 - Train Loss: 0.6322, Train Acc: 0.7286, Train AUC: 0.8136 - Val Loss: 0.6445, Val Acc (0.5): 0.6857, Val AUC: 0.8841
  Train Best Threshold 0.50 → Balanced Acc: 0.7479, Acc: 0.7286, Sensitivity: 0.6915, Specificity: 0.8043, PPV: 0.8784, NPV: 0.5606, F1: 0.7738
  Val Best Threshold 0.45 → Balanced Acc: 0.7880, Acc: 0.8000, Sensitivity: 0.8261, Specificity: 0.7500, PPV: 0.8636, NPV: 0.6923, F1: 0.8444
  → New best validation AUC: 0.8841
Loaded best model with validation AUC: 0.8841
Final Train Results (Best Model) at epoch 50 - Loss: 0.6260, Accuracy: 0.7071, AUC: 0.8423
Final Val Results (Best Model) at epoch 50 - Loss: 0.6445, Accuracy: 0.6857, AUC: 0.8841
Train Best Threshold: 0.50 | Balanced Acc: 0.7542 | Acc: 0.7071 | Sensitivity: 0.6170 | Specificity: 0.8913 | PPV: 0.9206 | NPV: 0.5325 | F1: 0.7389
Train Confusion Matrix at Best Threshold (rows=actual [0,1], cols=predicted [0,1]):
[[41  5]
 [36 58]]
Val Best Threshold: 0.45 | Balanced Acc: 0.7880 | Acc: 0.8000 | Sensitivity: 0.8261 | Specificity: 0.7500 | PPV: 0.8636 | NPV: 0.6923 | F1: 0.8444
Val Confusion Matrix at Best Threshold (rows=actual [0,1], cols=predicted [0,1]):
[[ 9  3]
 [ 4 19]]
======================================================================

Training Results - C1 (Mean Pooling)
======================================================================
Model: C1 (Mean Pooling)
Backbone: efficientnetv2_b2
Pooling: mean
Val AUC: 0.8841
======================================================================
