Starting 5-fold cross-validation training for C1 (Mean Pooling)
Configuration:
  clinical_csv: data/annotations/175_clinical_8_variables.csv
  image_root: data/nakagami_full
  patient_id_column: NO
  label_column: CL_F2
  image_pattern: Nakagami_image_*.png
  n_folds: 5
  batch_size: 16
  learning_rate: 1e-05
  num_epochs: 40
  early_stopping_patience: 10
  early_stopping_min_delta: 0.001
  backbone: efficientnetv2_b0
  pretrained: True
  device: cuda
  num_workers: 4
  pooling: mean
  attention_hidden: 128
  clinical_dim: 32
  fusion_hidden: 128
  dropout: 0.4
  clinical_features: ['AGE', 'Sex', 'Height', 'weight', 'BMI', 'AST', 'ALT', 'PLT']
  seed: 2024
  no_cv: False
  val_split: 0.2
  weight_decay: 0.0001
  label_smoothing: 0.1
  log_dir: runs/bmode_clinical
Loading clinical data...
Loaded 175 patients from clinical data
Building patient records...
Building patient records from 175 patients...
Image root: data/nakagami_full
Image pattern: Nakagami_image_*.png
Successfully created 175 patient records
Created 175 patient records
Fold 1 class distribution:
  Train: Class 0=47 (33.6%), Class 1=93 (66.4%)
  Val:   Class 0=11 (31.4%), Class 1=24 (68.6%)

======================================================================
Fold 1/5
======================================================================
Train: 140 patients
Val: 35 patients
Fitting clinical preprocessor on training data...
Built clinical feature dictionaries: train=140, val=35
Clinical input dimension: 8
Backbone feature dimension: 1280
Created mean pooling model with backbone efficientnetv2_b0
Using device: cuda
Class weights: [1.0, 0.5053763389587402]
Weight decay (L2 reg): 0.0001
Label smoothing: 0.1

Epoch 1/40 - Train Loss: 0.7036, Train Acc: 0.5500, Train AUC: 0.5223 - Val Loss: 0.7063, Val Acc (0.5): 0.6571, Val AUC: 0.3068
  Train Best Threshold 0.05 → Balanced Acc: 0.5000, Acc: 0.6643, Sensitivity: 1.0000, Specificity: 0.0000, PPV: 0.6643, NPV: 0.0000, F1: 0.7983
  Val Best Threshold 0.05 → Balanced Acc: 0.5000, Acc: 0.6857, Sensitivity: 1.0000, Specificity: 0.0000, PPV: 0.6857, NPV: 0.0000, F1: 0.8136
  → New best validation AUC: 0.3068
Epoch 2/40 - Train Loss: 0.7050, Train Acc: 0.5429, Train AUC: 0.4974 - Val Loss: 0.7019, Val Acc (0.5): 0.6286, Val AUC: 0.4015
  Train Best Threshold 0.05 → Balanced Acc: 0.5000, Acc: 0.6643, Sensitivity: 1.0000, Specificity: 0.0000, PPV: 0.6643, NPV: 0.0000, F1: 0.7983
  Val Best Threshold 0.55 → Balanced Acc: 0.5208, Acc: 0.3429, Sensitivity: 0.0417, Specificity: 1.0000, PPV: 1.0000, NPV: 0.3235, F1: 0.0800
  → New best validation AUC: 0.4015
Epoch 3/40 - Train Loss: 0.7012, Train Acc: 0.5571, Train AUC: 0.5271 - Val Loss: 0.7022, Val Acc (0.5): 0.5429, Val AUC: 0.4508
  Train Best Threshold 0.45 → Balanced Acc: 0.5106, Acc: 0.6714, Sensitivity: 1.0000, Specificity: 0.0213, PPV: 0.6691, NPV: 1.0000, F1: 0.8017
  Val Best Threshold 0.05 → Balanced Acc: 0.5000, Acc: 0.6857, Sensitivity: 1.0000, Specificity: 0.0000, PPV: 0.6857, NPV: 0.0000, F1: 0.8136
  → New best validation AUC: 0.4508
Epoch 4/40 - Train Loss: 0.7054, Train Acc: 0.5143, Train AUC: 0.4683 - Val Loss: 0.7045, Val Acc (0.5): 0.5429, Val AUC: 0.4470
  Train Best Threshold 0.55 → Balanced Acc: 0.5055, Acc: 0.3500, Sensitivity: 0.0323, Specificity: 0.9787, PPV: 0.7500, NPV: 0.3382, F1: 0.0619
  Val Best Threshold 0.05 → Balanced Acc: 0.5000, Acc: 0.6857, Sensitivity: 1.0000, Specificity: 0.0000, PPV: 0.6857, NPV: 0.0000, F1: 0.8136
Epoch 5/40 - Train Loss: 0.7165, Train Acc: 0.4429, Train AUC: 0.3503 - Val Loss: 0.7040, Val Acc (0.5): 0.5143, Val AUC: 0.4697
  Train Best Threshold 0.55 → Balanced Acc: 0.5110, Acc: 0.3643, Sensitivity: 0.0645, Specificity: 0.9574, PPV: 0.7500, NPV: 0.3409, F1: 0.1188
  Val Best Threshold 0.05 → Balanced Acc: 0.5000, Acc: 0.6857, Sensitivity: 1.0000, Specificity: 0.0000, PPV: 0.6857, NPV: 0.0000, F1: 0.8136
  → New best validation AUC: 0.4697
Epoch 6/40 - Train Loss: 0.7116, Train Acc: 0.4500, Train AUC: 0.3978 - Val Loss: 0.7037, Val Acc (0.5): 0.4857, Val AUC: 0.4886
  Train Best Threshold 0.05 → Balanced Acc: 0.5000, Acc: 0.6643, Sensitivity: 1.0000, Specificity: 0.0000, PPV: 0.6643, NPV: 0.0000, F1: 0.7983
  Val Best Threshold 0.05 → Balanced Acc: 0.5000, Acc: 0.6857, Sensitivity: 1.0000, Specificity: 0.0000, PPV: 0.6857, NPV: 0.0000, F1: 0.8136
  → New best validation AUC: 0.4886
Epoch 7/40 - Train Loss: 0.7054, Train Acc: 0.5857, Train AUC: 0.4852 - Val Loss: 0.7018, Val Acc (0.5): 0.5429, Val AUC: 0.5455
  Train Best Threshold 0.50 → Balanced Acc: 0.5303, Acc: 0.5857, Sensitivity: 0.6989, Specificity: 0.3617, PPV: 0.6842, NPV: 0.3778, F1: 0.6915
  Val Best Threshold 0.50 → Balanced Acc: 0.5682, Acc: 0.5429, Sensitivity: 0.5000, Specificity: 0.6364, PPV: 0.7500, NPV: 0.3684, F1: 0.6000
  → New best validation AUC: 0.5455
Epoch 8/40 - Train Loss: 0.7007, Train Acc: 0.5429, Train AUC: 0.5239 - Val Loss: 0.7007, Val Acc (0.5): 0.5429, Val AUC: 0.5417
  Train Best Threshold 0.50 → Balanced Acc: 0.5244, Acc: 0.5429, Sensitivity: 0.5806, Specificity: 0.4681, PPV: 0.6835, NPV: 0.3607, F1: 0.6279
  Val Best Threshold 0.50 → Balanced Acc: 0.5436, Acc: 0.5429, Sensitivity: 0.5417, Specificity: 0.5455, PPV: 0.7222, NPV: 0.3529, F1: 0.6190
Epoch 9/40 - Train Loss: 0.7058, Train Acc: 0.5000, Train AUC: 0.4894 - Val Loss: 0.7008, Val Acc (0.5): 0.4857, Val AUC: 0.5720
  Train Best Threshold 0.45 → Balanced Acc: 0.5053, Acc: 0.6643, Sensitivity: 0.9892, Specificity: 0.0213, PPV: 0.6667, NPV: 0.5000, F1: 0.7965
  Val Best Threshold 0.50 → Balanced Acc: 0.5265, Acc: 0.4857, Sensitivity: 0.4167, Specificity: 0.6364, PPV: 0.7143, NPV: 0.3333, F1: 0.5263
  → New best validation AUC: 0.5720
Epoch 10/40 - Train Loss: 0.7034, Train Acc: 0.5357, Train AUC: 0.5081 - Val Loss: 0.7018, Val Acc (0.5): 0.4286, Val AUC: 0.5758
  Train Best Threshold 0.50 → Balanced Acc: 0.5190, Acc: 0.5357, Sensitivity: 0.5699, Specificity: 0.4681, PPV: 0.6795, NPV: 0.3548, F1: 0.6199
  Val Best Threshold 0.50 → Balanced Acc: 0.5095, Acc: 0.4286, Sensitivity: 0.2917, Specificity: 0.7273, PPV: 0.7000, NPV: 0.3200, F1: 0.4118
  → New best validation AUC: 0.5758
Epoch 11/40 - Train Loss: 0.6994, Train Acc: 0.5286, Train AUC: 0.5601 - Val Loss: 0.7013, Val Acc (0.5): 0.4286, Val AUC: 0.5947
  Train Best Threshold 0.50 → Balanced Acc: 0.5241, Acc: 0.5286, Sensitivity: 0.5376, Specificity: 0.5106, PPV: 0.6849, NPV: 0.3582, F1: 0.6024
  Val Best Threshold 0.50 → Balanced Acc: 0.5095, Acc: 0.4286, Sensitivity: 0.2917, Specificity: 0.7273, PPV: 0.7000, NPV: 0.3200, F1: 0.4118
  → New best validation AUC: 0.5947
Epoch 12/40 - Train Loss: 0.6965, Train Acc: 0.5500, Train AUC: 0.5797 - Val Loss: 0.7008, Val Acc (0.5): 0.4286, Val AUC: 0.6326
  Train Best Threshold 0.50 → Balanced Acc: 0.5666, Acc: 0.5500, Sensitivity: 0.5161, Specificity: 0.6170, PPV: 0.7273, NPV: 0.3919, F1: 0.6038
  Val Best Threshold 0.50 → Balanced Acc: 0.5095, Acc: 0.4286, Sensitivity: 0.2917, Specificity: 0.7273, PPV: 0.7000, NPV: 0.3200, F1: 0.4118
  → New best validation AUC: 0.6326
Epoch 13/40 - Train Loss: 0.7064, Train Acc: 0.4929, Train AUC: 0.4857 - Val Loss: 0.6993, Val Acc (0.5): 0.4286, Val AUC: 0.6515
  Train Best Threshold 0.45 → Balanced Acc: 0.5051, Acc: 0.6571, Sensitivity: 0.9677, Specificity: 0.0426, PPV: 0.6667, NPV: 0.4000, F1: 0.7895
  Val Best Threshold 0.50 → Balanced Acc: 0.5095, Acc: 0.4286, Sensitivity: 0.2917, Specificity: 0.7273, PPV: 0.7000, NPV: 0.3200, F1: 0.4118
  → New best validation AUC: 0.6515
Epoch 14/40 - Train Loss: 0.7021, Train Acc: 0.5429, Train AUC: 0.5166 - Val Loss: 0.7006, Val Acc (0.5): 0.4286, Val AUC: 0.6023
  Train Best Threshold 0.50 → Balanced Acc: 0.5191, Acc: 0.5429, Sensitivity: 0.5914, Specificity: 0.4468, PPV: 0.6790, NPV: 0.3559, F1: 0.6322
  Val Best Threshold 0.50 → Balanced Acc: 0.5095, Acc: 0.4286, Sensitivity: 0.2917, Specificity: 0.7273, PPV: 0.7000, NPV: 0.3200, F1: 0.4118
Epoch 15/40 - Train Loss: 0.6927, Train Acc: 0.5429, Train AUC: 0.6216 - Val Loss: 0.7003, Val Acc (0.5): 0.4000, Val AUC: 0.6061
  Train Best Threshold 0.50 → Balanced Acc: 0.5349, Acc: 0.5429, Sensitivity: 0.5591, Specificity: 0.5106, PPV: 0.6933, NPV: 0.3692, F1: 0.6190
  Val Best Threshold 0.05 → Balanced Acc: 0.5000, Acc: 0.6857, Sensitivity: 1.0000, Specificity: 0.0000, PPV: 0.6857, NPV: 0.0000, F1: 0.8136
Epoch 16/40 - Train Loss: 0.6979, Train Acc: 0.5857, Train AUC: 0.5889 - Val Loss: 0.6996, Val Acc (0.5): 0.4000, Val AUC: 0.6023
  Train Best Threshold 0.50 → Balanced Acc: 0.5935, Acc: 0.5857, Sensitivity: 0.5699, Specificity: 0.6170, PPV: 0.7465, NPV: 0.4203, F1: 0.6463
  Val Best Threshold 0.05 → Balanced Acc: 0.5000, Acc: 0.6857, Sensitivity: 1.0000, Specificity: 0.0000, PPV: 0.6857, NPV: 0.0000, F1: 0.8136
Epoch 17/40 - Train Loss: 0.6985, Train Acc: 0.5071, Train AUC: 0.5571 - Val Loss: 0.6992, Val Acc (0.5): 0.4286, Val AUC: 0.6402
  Train Best Threshold 0.50 → Balanced Acc: 0.5238, Acc: 0.5071, Sensitivity: 0.4731, Specificity: 0.5745, PPV: 0.6875, NPV: 0.3553, F1: 0.5605
  Val Best Threshold 0.50 → Balanced Acc: 0.5341, Acc: 0.4286, Sensitivity: 0.2500, Specificity: 0.8182, PPV: 0.7500, NPV: 0.3333, F1: 0.3750
Epoch 18/40 - Train Loss: 0.7013, Train Acc: 0.4786, Train AUC: 0.4976 - Val Loss: 0.6983, Val Acc (0.5): 0.4286, Val AUC: 0.6515
  Train Best Threshold 0.55 → Balanced Acc: 0.5215, Acc: 0.3643, Sensitivity: 0.0430, Specificity: 1.0000, PPV: 1.0000, NPV: 0.3456, F1: 0.0825
  Val Best Threshold 0.50 → Balanced Acc: 0.5341, Acc: 0.4286, Sensitivity: 0.2500, Specificity: 0.8182, PPV: 0.7500, NPV: 0.3333, F1: 0.3750
Epoch 19/40 - Train Loss: 0.7023, Train Acc: 0.4786, Train AUC: 0.5141 - Val Loss: 0.6984, Val Acc (0.5): 0.4286, Val AUC: 0.6402
  Train Best Threshold 0.50 → Balanced Acc: 0.5181, Acc: 0.4786, Sensitivity: 0.3978, Specificity: 0.6383, PPV: 0.6852, NPV: 0.3488, F1: 0.5034
  Val Best Threshold 0.50 → Balanced Acc: 0.5341, Acc: 0.4286, Sensitivity: 0.2500, Specificity: 0.8182, PPV: 0.7500, NPV: 0.3333, F1: 0.3750
Epoch 20/40 - Train Loss: 0.6899, Train Acc: 0.5500, Train AUC: 0.6458 - Val Loss: 0.6969, Val Acc (0.5): 0.4000, Val AUC: 0.6402
  Train Best Threshold 0.50 → Balanced Acc: 0.5666, Acc: 0.5500, Sensitivity: 0.5161, Specificity: 0.6170, PPV: 0.7273, NPV: 0.3919, F1: 0.6038
  Val Best Threshold 0.05 → Balanced Acc: 0.5000, Acc: 0.6857, Sensitivity: 1.0000, Specificity: 0.0000, PPV: 0.6857, NPV: 0.0000, F1: 0.8136
Epoch 21/40 - Train Loss: 0.6902, Train Acc: 0.5714, Train AUC: 0.6445 - Val Loss: 0.6969, Val Acc (0.5): 0.4286, Val AUC: 0.6515
  Train Best Threshold 0.50 → Balanced Acc: 0.5880, Acc: 0.5714, Sensitivity: 0.5376, Specificity: 0.6383, PPV: 0.7463, NPV: 0.4110, F1: 0.6250
  Val Best Threshold 0.50 → Balanced Acc: 0.5341, Acc: 0.4286, Sensitivity: 0.2500, Specificity: 0.8182, PPV: 0.7500, NPV: 0.3333, F1: 0.3750
Early stopping at epoch 21
Loaded best model with validation AUC: 0.6515
Final Train Results (Best Model) at epoch 13 - Loss: 0.6969, Accuracy: 0.6143, AUC: 0.6710
Final Val Results (Best Model) at epoch 13 - Loss: 0.6993, Accuracy: 0.4286, AUC: 0.6515
Train Best Threshold: 0.50 | Balanced Acc: 0.6307 | Acc: 0.6143 | Sensitivity: 0.5806 | Specificity: 0.6809 | PPV: 0.7826 | NPV: 0.4507 | F1: 0.6667
Train Confusion Matrix at Best Threshold (rows=actual [0,1], cols=predicted [0,1]):
[[32 15]
 [39 54]]
Val Best Threshold: 0.50 | Balanced Acc: 0.5095 | Acc: 0.4286 | Sensitivity: 0.2917 | Specificity: 0.7273 | PPV: 0.7000 | NPV: 0.3200 | F1: 0.4118
Val Confusion Matrix at Best Threshold (rows=actual [0,1], cols=predicted [0,1]):
[[ 8  3]
 [17  7]]
Fold 2 class distribution:
  Train: Class 0=47 (33.6%), Class 1=93 (66.4%)
  Val:   Class 0=11 (31.4%), Class 1=24 (68.6%)

======================================================================
Fold 2/5
======================================================================
Train: 140 patients
Val: 35 patients
Fitting clinical preprocessor on training data...
Built clinical feature dictionaries: train=140, val=35
Clinical input dimension: 8
Backbone feature dimension: 1280
Created mean pooling model with backbone efficientnetv2_b0
Using device: cuda
Class weights: [1.0, 0.5053763389587402]
Weight decay (L2 reg): 0.0001
Label smoothing: 0.1

Epoch 1/40 - Train Loss: 0.7100, Train Acc: 0.4929, Train AUC: 0.4219 - Val Loss: 0.7048, Val Acc (0.5): 0.6857, Val AUC: 0.3977
  Train Best Threshold 0.55 → Balanced Acc: 0.5271, Acc: 0.3857, Sensitivity: 0.0968, Specificity: 0.9574, PPV: 0.8182, NPV: 0.3488, F1: 0.1731
  Val Best Threshold 0.05 → Balanced Acc: 0.5000, Acc: 0.6857, Sensitivity: 1.0000, Specificity: 0.0000, PPV: 0.6857, NPV: 0.0000, F1: 0.8136
  → New best validation AUC: 0.3977
Epoch 2/40 - Train Loss: 0.7167, Train Acc: 0.4643, Train AUC: 0.3484 - Val Loss: 0.7052, Val Acc (0.5): 0.6571, Val AUC: 0.4242
  Train Best Threshold 0.05 → Balanced Acc: 0.5000, Acc: 0.6643, Sensitivity: 1.0000, Specificity: 0.0000, PPV: 0.6643, NPV: 0.0000, F1: 0.7983
  Val Best Threshold 0.05 → Balanced Acc: 0.5000, Acc: 0.6857, Sensitivity: 1.0000, Specificity: 0.0000, PPV: 0.6857, NPV: 0.0000, F1: 0.8136
  → New best validation AUC: 0.4242
Epoch 3/40 - Train Loss: 0.7007, Train Acc: 0.5929, Train AUC: 0.5450 - Val Loss: 0.7109, Val Acc (0.5): 0.5429, Val AUC: 0.5303
  Train Best Threshold 0.50 → Balanced Acc: 0.5462, Acc: 0.5929, Sensitivity: 0.6882, Specificity: 0.4043, PPV: 0.6957, NPV: 0.3958, F1: 0.6919
  Val Best Threshold 0.50 → Balanced Acc: 0.5436, Acc: 0.5429, Sensitivity: 0.5417, Specificity: 0.5455, PPV: 0.7222, NPV: 0.3529, F1: 0.6190
  → New best validation AUC: 0.5303
Epoch 4/40 - Train Loss: 0.7049, Train Acc: 0.5286, Train AUC: 0.4859 - Val Loss: 0.7126, Val Acc (0.5): 0.4000, Val AUC: 0.4659
  Train Best Threshold 0.05 → Balanced Acc: 0.5000, Acc: 0.6643, Sensitivity: 1.0000, Specificity: 0.0000, PPV: 0.6643, NPV: 0.0000, F1: 0.7983
  Val Best Threshold 0.05 → Balanced Acc: 0.5000, Acc: 0.6857, Sensitivity: 1.0000, Specificity: 0.0000, PPV: 0.6857, NPV: 0.0000, F1: 0.8136
Epoch 5/40 - Train Loss: 0.7104, Train Acc: 0.5357, Train AUC: 0.4123 - Val Loss: 0.7143, Val Acc (0.5): 0.3429, Val AUC: 0.4811
  Train Best Threshold 0.05 → Balanced Acc: 0.5000, Acc: 0.6643, Sensitivity: 1.0000, Specificity: 0.0000, PPV: 0.6643, NPV: 0.0000, F1: 0.7983
  Val Best Threshold 0.05 → Balanced Acc: 0.5000, Acc: 0.6857, Sensitivity: 1.0000, Specificity: 0.0000, PPV: 0.6857, NPV: 0.0000, F1: 0.8136
Epoch 6/40 - Train Loss: 0.7038, Train Acc: 0.4929, Train AUC: 0.4871 - Val Loss: 0.7147, Val Acc (0.5): 0.3429, Val AUC: 0.4659
  Train Best Threshold 0.55 → Balanced Acc: 0.5379, Acc: 0.4000, Sensitivity: 0.1183, Specificity: 0.9574, PPV: 0.8462, NPV: 0.3543, F1: 0.2075
  Val Best Threshold 0.05 → Balanced Acc: 0.5000, Acc: 0.6857, Sensitivity: 1.0000, Specificity: 0.0000, PPV: 0.6857, NPV: 0.0000, F1: 0.8136
Epoch 7/40 - Train Loss: 0.7032, Train Acc: 0.5571, Train AUC: 0.5038 - Val Loss: 0.7154, Val Acc (0.5): 0.3429, Val AUC: 0.4848
  Train Best Threshold 0.45 → Balanced Acc: 0.5213, Acc: 0.6786, Sensitivity: 1.0000, Specificity: 0.0426, PPV: 0.6739, NPV: 1.0000, F1: 0.8052
  Val Best Threshold 0.05 → Balanced Acc: 0.5000, Acc: 0.6857, Sensitivity: 1.0000, Specificity: 0.0000, PPV: 0.6857, NPV: 0.0000, F1: 0.8136
Epoch 8/40 - Train Loss: 0.7011, Train Acc: 0.5286, Train AUC: 0.5443 - Val Loss: 0.7147, Val Acc (0.5): 0.3143, Val AUC: 0.4924
  Train Best Threshold 0.55 → Balanced Acc: 0.5057, Acc: 0.3643, Sensitivity: 0.0753, Specificity: 0.9362, PPV: 0.7000, NPV: 0.3385, F1: 0.1359
  Val Best Threshold 0.05 → Balanced Acc: 0.5000, Acc: 0.6857, Sensitivity: 1.0000, Specificity: 0.0000, PPV: 0.6857, NPV: 0.0000, F1: 0.8136
Epoch 9/40 - Train Loss: 0.7002, Train Acc: 0.5500, Train AUC: 0.5443 - Val Loss: 0.7148, Val Acc (0.5): 0.3429, Val AUC: 0.5114
  Train Best Threshold 0.50 → Balanced Acc: 0.5455, Acc: 0.5500, Sensitivity: 0.5591, Specificity: 0.5319, PPV: 0.7027, NPV: 0.3788, F1: 0.6228
  Val Best Threshold 0.05 → Balanced Acc: 0.5000, Acc: 0.6857, Sensitivity: 1.0000, Specificity: 0.0000, PPV: 0.6857, NPV: 0.0000, F1: 0.8136
Epoch 10/40 - Train Loss: 0.7018, Train Acc: 0.5286, Train AUC: 0.5186 - Val Loss: 0.7155, Val Acc (0.5): 0.3714, Val AUC: 0.5076
  Train Best Threshold 0.55 → Balanced Acc: 0.5216, Acc: 0.3714, Sensitivity: 0.0645, Specificity: 0.9787, PPV: 0.8571, NPV: 0.3459, F1: 0.1200
  Val Best Threshold 0.05 → Balanced Acc: 0.5000, Acc: 0.6857, Sensitivity: 1.0000, Specificity: 0.0000, PPV: 0.6857, NPV: 0.0000, F1: 0.8136
Epoch 11/40 - Train Loss: 0.6946, Train Acc: 0.5929, Train AUC: 0.5939 - Val Loss: 0.7139, Val Acc (0.5): 0.3429, Val AUC: 0.5038
  Train Best Threshold 0.50 → Balanced Acc: 0.5830, Acc: 0.5929, Sensitivity: 0.6129, Specificity: 0.5532, PPV: 0.7308, NPV: 0.4194, F1: 0.6667
  Val Best Threshold 0.05 → Balanced Acc: 0.5000, Acc: 0.6857, Sensitivity: 1.0000, Specificity: 0.0000, PPV: 0.6857, NPV: 0.0000, F1: 0.8136
Early stopping at epoch 11
Loaded best model with validation AUC: 0.5303
Final Train Results (Best Model) at epoch 3 - Loss: 0.7060, Accuracy: 0.5714, AUC: 0.4601
Final Val Results (Best Model) at epoch 3 - Loss: 0.7109, Accuracy: 0.5429, AUC: 0.5303
Train Best Threshold: 0.55 | Balanced Acc: 0.5054 | Acc: 0.3429 | Sensitivity: 0.0108 | Specificity: 1.0000 | PPV: 1.0000 | NPV: 0.3381 | F1: 0.0213
Train Confusion Matrix at Best Threshold (rows=actual [0,1], cols=predicted [0,1]):
[[47  0]
 [92  1]]
Val Best Threshold: 0.50 | Balanced Acc: 0.5436 | Acc: 0.5429 | Sensitivity: 0.5417 | Specificity: 0.5455 | PPV: 0.7222 | NPV: 0.3529 | F1: 0.6190
Val Confusion Matrix at Best Threshold (rows=actual [0,1], cols=predicted [0,1]):
[[ 6  5]
 [11 13]]
Fold 3 class distribution:
  Train: Class 0=46 (32.9%), Class 1=94 (67.1%)
  Val:   Class 0=12 (34.3%), Class 1=23 (65.7%)

======================================================================
Fold 3/5
======================================================================
Train: 140 patients
Val: 35 patients
Fitting clinical preprocessor on training data...
Built clinical feature dictionaries: train=140, val=35
Clinical input dimension: 8
Backbone feature dimension: 1280
Created mean pooling model with backbone efficientnetv2_b0
Using device: cuda
Class weights: [1.0, 0.4893617033958435]
Weight decay (L2 reg): 0.0001
Label smoothing: 0.1

Epoch 1/40 - Train Loss: 0.7062, Train Acc: 0.5357, Train AUC: 0.5025 - Val Loss: 0.7113, Val Acc (0.5): 0.6571, Val AUC: 0.3986
  Train Best Threshold 0.05 → Balanced Acc: 0.5000, Acc: 0.6714, Sensitivity: 1.0000, Specificity: 0.0000, PPV: 0.6714, NPV: 0.0000, F1: 0.8034
  Val Best Threshold 0.05 → Balanced Acc: 0.5000, Acc: 0.6571, Sensitivity: 1.0000, Specificity: 0.0000, PPV: 0.6571, NPV: 0.0000, F1: 0.7931
  → New best validation AUC: 0.3986
Epoch 2/40 - Train Loss: 0.7138, Train Acc: 0.5357, Train AUC: 0.4033 - Val Loss: 0.7046, Val Acc (0.5): 0.6571, Val AUC: 0.4601
  Train Best Threshold 0.05 → Balanced Acc: 0.5000, Acc: 0.6714, Sensitivity: 1.0000, Specificity: 0.0000, PPV: 0.6714, NPV: 0.0000, F1: 0.8034
  Val Best Threshold 0.50 → Balanced Acc: 0.5199, Acc: 0.6571, Sensitivity: 0.9565, Specificity: 0.0833, PPV: 0.6667, NPV: 0.5000, F1: 0.7857
  → New best validation AUC: 0.4601
Epoch 3/40 - Train Loss: 0.6968, Train Acc: 0.6286, Train AUC: 0.6015 - Val Loss: 0.7006, Val Acc (0.5): 0.6000, Val AUC: 0.4493
  Train Best Threshold 0.50 → Balanced Acc: 0.5735, Acc: 0.6286, Sensitivity: 0.7340, Specificity: 0.4130, PPV: 0.7188, NPV: 0.4318, F1: 0.7263
  Val Best Threshold 0.05 → Balanced Acc: 0.5000, Acc: 0.6571, Sensitivity: 1.0000, Specificity: 0.0000, PPV: 0.6571, NPV: 0.0000, F1: 0.7931
Epoch 4/40 - Train Loss: 0.7000, Train Acc: 0.6071, Train AUC: 0.5782 - Val Loss: 0.6983, Val Acc (0.5): 0.6000, Val AUC: 0.4964
  Train Best Threshold 0.50 → Balanced Acc: 0.5687, Acc: 0.6071, Sensitivity: 0.6809, Specificity: 0.4565, PPV: 0.7191, NPV: 0.4118, F1: 0.6995
  Val Best Threshold 0.05 → Balanced Acc: 0.5000, Acc: 0.6571, Sensitivity: 1.0000, Specificity: 0.0000, PPV: 0.6571, NPV: 0.0000, F1: 0.7931
  → New best validation AUC: 0.4964
Epoch 5/40 - Train Loss: 0.7039, Train Acc: 0.5643, Train AUC: 0.5009 - Val Loss: 0.6972, Val Acc (0.5): 0.5429, Val AUC: 0.5036
  Train Best Threshold 0.55 → Balanced Acc: 0.5046, Acc: 0.3571, Sensitivity: 0.0745, Specificity: 0.9348, PPV: 0.7000, NPV: 0.3308, F1: 0.1346
  Val Best Threshold 0.05 → Balanced Acc: 0.5000, Acc: 0.6571, Sensitivity: 1.0000, Specificity: 0.0000, PPV: 0.6571, NPV: 0.0000, F1: 0.7931
  → New best validation AUC: 0.5036
Epoch 6/40 - Train Loss: 0.7052, Train Acc: 0.5429, Train AUC: 0.4979 - Val Loss: 0.6961, Val Acc (0.5): 0.5143, Val AUC: 0.5109
  Train Best Threshold 0.55 → Balanced Acc: 0.5208, Acc: 0.3714, Sensitivity: 0.0851, Specificity: 0.9565, PPV: 0.8000, NPV: 0.3385, F1: 0.1538
  Val Best Threshold 0.05 → Balanced Acc: 0.5000, Acc: 0.6571, Sensitivity: 1.0000, Specificity: 0.0000, PPV: 0.6571, NPV: 0.0000, F1: 0.7931
  → New best validation AUC: 0.5109
Epoch 7/40 - Train Loss: 0.7066, Train Acc: 0.5571, Train AUC: 0.4928 - Val Loss: 0.6947, Val Acc (0.5): 0.4857, Val AUC: 0.5507
  Train Best Threshold 0.45 → Balanced Acc: 0.5002, Acc: 0.6643, Sensitivity: 0.9787, Specificity: 0.0217, PPV: 0.6715, NPV: 0.3333, F1: 0.7965
  Val Best Threshold 0.05 → Balanced Acc: 0.5000, Acc: 0.6571, Sensitivity: 1.0000, Specificity: 0.0000, PPV: 0.6571, NPV: 0.0000, F1: 0.7931
  → New best validation AUC: 0.5507
Epoch 8/40 - Train Loss: 0.7026, Train Acc: 0.5286, Train AUC: 0.5289 - Val Loss: 0.6952, Val Acc (0.5): 0.5429, Val AUC: 0.5725
  Train Best Threshold 0.55 → Balanced Acc: 0.5155, Acc: 0.3643, Sensitivity: 0.0745, Specificity: 0.9565, PPV: 0.7778, NPV: 0.3359, F1: 0.1359
  Val Best Threshold 0.05 → Balanced Acc: 0.5000, Acc: 0.6571, Sensitivity: 1.0000, Specificity: 0.0000, PPV: 0.6571, NPV: 0.0000, F1: 0.7931
  → New best validation AUC: 0.5725
Epoch 9/40 - Train Loss: 0.7022, Train Acc: 0.5429, Train AUC: 0.5178 - Val Loss: 0.6936, Val Acc (0.5): 0.5429, Val AUC: 0.6051
  Train Best Threshold 0.50 → Balanced Acc: 0.5097, Acc: 0.5429, Sensitivity: 0.6064, Specificity: 0.4130, PPV: 0.6786, NPV: 0.3393, F1: 0.6404
  Val Best Threshold 0.50 → Balanced Acc: 0.5326, Acc: 0.5429, Sensitivity: 0.5652, Specificity: 0.5000, PPV: 0.6842, NPV: 0.3750, F1: 0.6190
  → New best validation AUC: 0.6051
Epoch 10/40 - Train Loss: 0.7000, Train Acc: 0.5643, Train AUC: 0.5525 - Val Loss: 0.6925, Val Acc (0.5): 0.5429, Val AUC: 0.6051
  Train Best Threshold 0.50 → Balanced Acc: 0.5312, Acc: 0.5643, Sensitivity: 0.6277, Specificity: 0.4348, PPV: 0.6941, NPV: 0.3636, F1: 0.6592
  Val Best Threshold 0.50 → Balanced Acc: 0.5525, Acc: 0.5429, Sensitivity: 0.5217, Specificity: 0.5833, PPV: 0.7059, NPV: 0.3889, F1: 0.6000
Epoch 11/40 - Train Loss: 0.7033, Train Acc: 0.5143, Train AUC: 0.5090 - Val Loss: 0.6918, Val Acc (0.5): 0.5714, Val AUC: 0.6304
  Train Best Threshold 0.45 → Balanced Acc: 0.5111, Acc: 0.6714, Sensitivity: 0.9787, Specificity: 0.0435, PPV: 0.6765, NPV: 0.5000, F1: 0.8000
  Val Best Threshold 0.50 → Balanced Acc: 0.5743, Acc: 0.5714, Sensitivity: 0.5652, Specificity: 0.5833, PPV: 0.7222, NPV: 0.4118, F1: 0.6341
  → New best validation AUC: 0.6304
Epoch 12/40 - Train Loss: 0.7102, Train Acc: 0.4929, Train AUC: 0.4385 - Val Loss: 0.6896, Val Acc (0.5): 0.5714, Val AUC: 0.6594
  Train Best Threshold 0.05 → Balanced Acc: 0.5000, Acc: 0.6714, Sensitivity: 1.0000, Specificity: 0.0000, PPV: 0.6714, NPV: 0.0000, F1: 0.8034
  Val Best Threshold 0.50 → Balanced Acc: 0.6141, Acc: 0.5714, Sensitivity: 0.4783, Specificity: 0.7500, PPV: 0.7857, NPV: 0.4286, F1: 0.5946
  → New best validation AUC: 0.6594
Epoch 13/40 - Train Loss: 0.7028, Train Acc: 0.5214, Train AUC: 0.5060 - Val Loss: 0.6895, Val Acc (0.5): 0.6571, Val AUC: 0.6739
  Train Best Threshold 0.45 → Balanced Acc: 0.5220, Acc: 0.6786, Sensitivity: 0.9787, Specificity: 0.0652, PPV: 0.6815, NPV: 0.6000, F1: 0.8035
  Val Best Threshold 0.50 → Balanced Acc: 0.6793, Acc: 0.6571, Sensitivity: 0.6087, Specificity: 0.7500, PPV: 0.8235, NPV: 0.5000, F1: 0.7000
  → New best validation AUC: 0.6739
Epoch 14/40 - Train Loss: 0.7069, Train Acc: 0.5500, Train AUC: 0.4658 - Val Loss: 0.6905, Val Acc (0.5): 0.6286, Val AUC: 0.6848
  Train Best Threshold 0.50 → Balanced Acc: 0.5095, Acc: 0.5500, Sensitivity: 0.6277, Specificity: 0.3913, PPV: 0.6782, NPV: 0.3396, F1: 0.6519
  Val Best Threshold 0.50 → Balanced Acc: 0.6178, Acc: 0.6286, Sensitivity: 0.6522, Specificity: 0.5833, PPV: 0.7500, NPV: 0.4667, F1: 0.6977
  → New best validation AUC: 0.6848
Epoch 15/40 - Train Loss: 0.6964, Train Acc: 0.6000, Train AUC: 0.6108 - Val Loss: 0.6887, Val Acc (0.5): 0.6286, Val AUC: 0.6739
  Train Best Threshold 0.50 → Balanced Acc: 0.6133, Acc: 0.6000, Sensitivity: 0.5745, Specificity: 0.6522, PPV: 0.7714, NPV: 0.4286, F1: 0.6585
  Val Best Threshold 0.50 → Balanced Acc: 0.6377, Acc: 0.6286, Sensitivity: 0.6087, Specificity: 0.6667, PPV: 0.7778, NPV: 0.4706, F1: 0.6829
Epoch 16/40 - Train Loss: 0.6995, Train Acc: 0.5500, Train AUC: 0.5467 - Val Loss: 0.6899, Val Acc (0.5): 0.6000, Val AUC: 0.6630
  Train Best Threshold 0.50 → Balanced Acc: 0.5372, Acc: 0.5500, Sensitivity: 0.5745, Specificity: 0.5000, PPV: 0.7013, NPV: 0.3651, F1: 0.6316
  Val Best Threshold 0.50 → Balanced Acc: 0.5960, Acc: 0.6000, Sensitivity: 0.6087, Specificity: 0.5833, PPV: 0.7368, NPV: 0.4375, F1: 0.6667
Epoch 17/40 - Train Loss: 0.6935, Train Acc: 0.5714, Train AUC: 0.6092 - Val Loss: 0.6889, Val Acc (0.5): 0.6571, Val AUC: 0.6775
  Train Best Threshold 0.50 → Balanced Acc: 0.5754, Acc: 0.5714, Sensitivity: 0.5638, Specificity: 0.5870, PPV: 0.7361, NPV: 0.3971, F1: 0.6386
  Val Best Threshold 0.50 → Balanced Acc: 0.6793, Acc: 0.6571, Sensitivity: 0.6087, Specificity: 0.7500, PPV: 0.8235, NPV: 0.5000, F1: 0.7000
Epoch 18/40 - Train Loss: 0.6990, Train Acc: 0.5786, Train AUC: 0.5615 - Val Loss: 0.6882, Val Acc (0.5): 0.6571, Val AUC: 0.6703
  Train Best Threshold 0.50 → Balanced Acc: 0.5807, Acc: 0.5786, Sensitivity: 0.5745, Specificity: 0.5870, PPV: 0.7397, NPV: 0.4030, F1: 0.6467
  Val Best Threshold 0.50 → Balanced Acc: 0.6793, Acc: 0.6571, Sensitivity: 0.6087, Specificity: 0.7500, PPV: 0.8235, NPV: 0.5000, F1: 0.7000
Epoch 19/40 - Train Loss: 0.7016, Train Acc: 0.5143, Train AUC: 0.5419 - Val Loss: 0.6869, Val Acc (0.5): 0.6571, Val AUC: 0.6703
  Train Best Threshold 0.50 → Balanced Acc: 0.5495, Acc: 0.5143, Sensitivity: 0.4468, Specificity: 0.6522, PPV: 0.7241, NPV: 0.3659, F1: 0.5526
  Val Best Threshold 0.50 → Balanced Acc: 0.6793, Acc: 0.6571, Sensitivity: 0.6087, Specificity: 0.7500, PPV: 0.8235, NPV: 0.5000, F1: 0.7000
Epoch 20/40 - Train Loss: 0.6994, Train Acc: 0.5214, Train AUC: 0.5402 - Val Loss: 0.6861, Val Acc (0.5): 0.6571, Val AUC: 0.6848
  Train Best Threshold 0.55 → Balanced Acc: 0.5157, Acc: 0.3571, Sensitivity: 0.0532, Specificity: 0.9783, PPV: 0.8333, NPV: 0.3358, F1: 0.1000
  Val Best Threshold 0.50 → Balanced Acc: 0.6793, Acc: 0.6571, Sensitivity: 0.6087, Specificity: 0.7500, PPV: 0.8235, NPV: 0.5000, F1: 0.7000
Epoch 21/40 - Train Loss: 0.7005, Train Acc: 0.5429, Train AUC: 0.5650 - Val Loss: 0.6858, Val Acc (0.5): 0.6857, Val AUC: 0.6848
  Train Best Threshold 0.50 → Balanced Acc: 0.5597, Acc: 0.5429, Sensitivity: 0.5106, Specificity: 0.6087, PPV: 0.7273, NPV: 0.3784, F1: 0.6000
  Val Best Threshold 0.50 → Balanced Acc: 0.7210, Acc: 0.6857, Sensitivity: 0.6087, Specificity: 0.8333, PPV: 0.8750, NPV: 0.5263, F1: 0.7179
Epoch 22/40 - Train Loss: 0.6958, Train Acc: 0.5071, Train AUC: 0.5821 - Val Loss: 0.6841, Val Acc (0.5): 0.5714, Val AUC: 0.7065
  Train Best Threshold 0.50 → Balanced Acc: 0.5331, Acc: 0.5071, Sensitivity: 0.4574, Specificity: 0.6087, PPV: 0.7049, NPV: 0.3544, F1: 0.5548
  Val Best Threshold 0.50 → Balanced Acc: 0.6341, Acc: 0.5714, Sensitivity: 0.4348, Specificity: 0.8333, PPV: 0.8333, NPV: 0.4348, F1: 0.5714
  → New best validation AUC: 0.7065
Epoch 23/40 - Train Loss: 0.6993, Train Acc: 0.5214, Train AUC: 0.5495 - Val Loss: 0.6843, Val Acc (0.5): 0.6857, Val AUC: 0.7065
  Train Best Threshold 0.50 → Balanced Acc: 0.5659, Acc: 0.5214, Sensitivity: 0.4362, Specificity: 0.6957, PPV: 0.7455, NPV: 0.3765, F1: 0.5503
  Val Best Threshold 0.50 → Balanced Acc: 0.7210, Acc: 0.6857, Sensitivity: 0.6087, Specificity: 0.8333, PPV: 0.8750, NPV: 0.5263, F1: 0.7179
Epoch 24/40 - Train Loss: 0.6893, Train Acc: 0.5929, Train AUC: 0.6614 - Val Loss: 0.6845, Val Acc (0.5): 0.6286, Val AUC: 0.7101
  Train Best Threshold 0.50 → Balanced Acc: 0.5969, Acc: 0.5929, Sensitivity: 0.5851, Specificity: 0.6087, PPV: 0.7534, NPV: 0.4179, F1: 0.6587
  Val Best Threshold 0.50 → Balanced Acc: 0.6576, Acc: 0.6286, Sensitivity: 0.5652, Specificity: 0.7500, PPV: 0.8125, NPV: 0.4737, F1: 0.6667
  → New best validation AUC: 0.7101
Epoch 25/40 - Train Loss: 0.6947, Train Acc: 0.5357, Train AUC: 0.5946 - Val Loss: 0.6825, Val Acc (0.5): 0.6571, Val AUC: 0.7319
  Train Best Threshold 0.50 → Balanced Acc: 0.5654, Acc: 0.5357, Sensitivity: 0.4787, Specificity: 0.6522, PPV: 0.7377, NPV: 0.3797, F1: 0.5806
  Val Best Threshold 0.50 → Balanced Acc: 0.6993, Acc: 0.6571, Sensitivity: 0.5652, Specificity: 0.8333, PPV: 0.8667, NPV: 0.5000, F1: 0.6842
  → New best validation AUC: 0.7319
Epoch 26/40 - Train Loss: 0.6836, Train Acc: 0.6000, Train AUC: 0.7162 - Val Loss: 0.6823, Val Acc (0.5): 0.6286, Val AUC: 0.7210
  Train Best Threshold 0.50 → Balanced Acc: 0.6411, Acc: 0.6000, Sensitivity: 0.5213, Specificity: 0.7609, PPV: 0.8167, NPV: 0.4375, F1: 0.6364
  Val Best Threshold 0.50 → Balanced Acc: 0.6775, Acc: 0.6286, Sensitivity: 0.5217, Specificity: 0.8333, PPV: 0.8571, NPV: 0.4762, F1: 0.6486
Epoch 27/40 - Train Loss: 0.6939, Train Acc: 0.5571, Train AUC: 0.6179 - Val Loss: 0.6812, Val Acc (0.5): 0.6571, Val AUC: 0.7319
  Train Best Threshold 0.50 → Balanced Acc: 0.6147, Acc: 0.5571, Sensitivity: 0.4468, Specificity: 0.7826, PPV: 0.8077, NPV: 0.4091, F1: 0.5753
  Val Best Threshold 0.50 → Balanced Acc: 0.6993, Acc: 0.6571, Sensitivity: 0.5652, Specificity: 0.8333, PPV: 0.8667, NPV: 0.5000, F1: 0.6842
Epoch 28/40 - Train Loss: 0.6865, Train Acc: 0.5857, Train AUC: 0.6748 - Val Loss: 0.6820, Val Acc (0.5): 0.6857, Val AUC: 0.7319
  Train Best Threshold 0.50 → Balanced Acc: 0.6138, Acc: 0.5857, Sensitivity: 0.5319, Specificity: 0.6957, PPV: 0.7812, NPV: 0.4211, F1: 0.6329
  Val Best Threshold 0.50 → Balanced Acc: 0.7011, Acc: 0.6857, Sensitivity: 0.6522, Specificity: 0.7500, PPV: 0.8333, NPV: 0.5294, F1: 0.7317
Epoch 29/40 - Train Loss: 0.6909, Train Acc: 0.5571, Train AUC: 0.6621 - Val Loss: 0.6816, Val Acc (0.5): 0.6857, Val AUC: 0.7391
  Train Best Threshold 0.50 → Balanced Acc: 0.5814, Acc: 0.5571, Sensitivity: 0.5106, Specificity: 0.6522, PPV: 0.7500, NPV: 0.3947, F1: 0.6076
  Val Best Threshold 0.50 → Balanced Acc: 0.6812, Acc: 0.6857, Sensitivity: 0.6957, Specificity: 0.6667, PPV: 0.8000, NPV: 0.5333, F1: 0.7442
  → New best validation AUC: 0.7391
Epoch 30/40 - Train Loss: 0.6894, Train Acc: 0.5714, Train AUC: 0.6422 - Val Loss: 0.6804, Val Acc (0.5): 0.6571, Val AUC: 0.7355
  Train Best Threshold 0.50 → Balanced Acc: 0.5976, Acc: 0.5714, Sensitivity: 0.5213, Specificity: 0.6739, PPV: 0.7656, NPV: 0.4079, F1: 0.6203
  Val Best Threshold 0.50 → Balanced Acc: 0.6793, Acc: 0.6571, Sensitivity: 0.6087, Specificity: 0.7500, PPV: 0.8235, NPV: 0.5000, F1: 0.7000
Epoch 31/40 - Train Loss: 0.6852, Train Acc: 0.6571, Train AUC: 0.7100 - Val Loss: 0.6789, Val Acc (0.5): 0.6286, Val AUC: 0.7355
  Train Best Threshold 0.50 → Balanced Acc: 0.6836, Acc: 0.6571, Sensitivity: 0.6064, Specificity: 0.7609, PPV: 0.8382, NPV: 0.4861, F1: 0.7037
  Val Best Threshold 0.50 → Balanced Acc: 0.6775, Acc: 0.6286, Sensitivity: 0.5217, Specificity: 0.8333, PPV: 0.8571, NPV: 0.4762, F1: 0.6486
Epoch 32/40 - Train Loss: 0.6925, Train Acc: 0.5357, Train AUC: 0.6191 - Val Loss: 0.6778, Val Acc (0.5): 0.6000, Val AUC: 0.7464
  Train Best Threshold 0.50 → Balanced Acc: 0.5710, Acc: 0.5357, Sensitivity: 0.4681, Specificity: 0.6739, PPV: 0.7458, NPV: 0.3827, F1: 0.5752
  Val Best Threshold 0.50 → Balanced Acc: 0.6558, Acc: 0.6000, Sensitivity: 0.4783, Specificity: 0.8333, PPV: 0.8462, NPV: 0.4545, F1: 0.6111
  → New best validation AUC: 0.7464
Epoch 33/40 - Train Loss: 0.6885, Train Acc: 0.6000, Train AUC: 0.6665 - Val Loss: 0.6751, Val Acc (0.5): 0.6000, Val AUC: 0.7500
  Train Best Threshold 0.50 → Balanced Acc: 0.6300, Acc: 0.6000, Sensitivity: 0.5426, Specificity: 0.7174, PPV: 0.7969, NPV: 0.4342, F1: 0.6456
  Val Best Threshold 0.50 → Balanced Acc: 0.6558, Acc: 0.6000, Sensitivity: 0.4783, Specificity: 0.8333, PPV: 0.8462, NPV: 0.4545, F1: 0.6111
  → New best validation AUC: 0.7500
Epoch 34/40 - Train Loss: 0.6840, Train Acc: 0.6286, Train AUC: 0.6843 - Val Loss: 0.6754, Val Acc (0.5): 0.6286, Val AUC: 0.7572
  Train Best Threshold 0.50 → Balanced Acc: 0.6401, Acc: 0.6286, Sensitivity: 0.6064, Specificity: 0.6739, PPV: 0.7917, NPV: 0.4559, F1: 0.6867
  Val Best Threshold 0.50 → Balanced Acc: 0.6775, Acc: 0.6286, Sensitivity: 0.5217, Specificity: 0.8333, PPV: 0.8571, NPV: 0.4762, F1: 0.6486
  → New best validation AUC: 0.7572
Epoch 35/40 - Train Loss: 0.6789, Train Acc: 0.6286, Train AUC: 0.7146 - Val Loss: 0.6766, Val Acc (0.5): 0.6571, Val AUC: 0.7681
  Train Best Threshold 0.50 → Balanced Acc: 0.6623, Acc: 0.6286, Sensitivity: 0.5638, Specificity: 0.7609, PPV: 0.8281, NPV: 0.4605, F1: 0.6709
  Val Best Threshold 0.50 → Balanced Acc: 0.6793, Acc: 0.6571, Sensitivity: 0.6087, Specificity: 0.7500, PPV: 0.8235, NPV: 0.5000, F1: 0.7000
  → New best validation AUC: 0.7681
Epoch 36/40 - Train Loss: 0.6785, Train Acc: 0.6000, Train AUC: 0.6913 - Val Loss: 0.6756, Val Acc (0.5): 0.6571, Val AUC: 0.7681
  Train Best Threshold 0.50 → Balanced Acc: 0.6189, Acc: 0.6000, Sensitivity: 0.5638, Specificity: 0.6739, PPV: 0.7794, NPV: 0.4306, F1: 0.6543
  Val Best Threshold 0.50 → Balanced Acc: 0.6793, Acc: 0.6571, Sensitivity: 0.6087, Specificity: 0.7500, PPV: 0.8235, NPV: 0.5000, F1: 0.7000
Epoch 37/40 - Train Loss: 0.6794, Train Acc: 0.6286, Train AUC: 0.7169 - Val Loss: 0.6747, Val Acc (0.5): 0.6571, Val AUC: 0.7681
  Train Best Threshold 0.50 → Balanced Acc: 0.6568, Acc: 0.6286, Sensitivity: 0.5745, Specificity: 0.7391, PPV: 0.8182, NPV: 0.4595, F1: 0.6750
  Val Best Threshold 0.50 → Balanced Acc: 0.6793, Acc: 0.6571, Sensitivity: 0.6087, Specificity: 0.7500, PPV: 0.8235, NPV: 0.5000, F1: 0.7000
Epoch 38/40 - Train Loss: 0.6731, Train Acc: 0.6357, Train AUC: 0.7433 - Val Loss: 0.6749, Val Acc (0.5): 0.6857, Val AUC: 0.7681
  Train Best Threshold 0.50 → Balanced Acc: 0.6843, Acc: 0.6357, Sensitivity: 0.5426, Specificity: 0.8261, PPV: 0.8644, NPV: 0.4691, F1: 0.6667
  Val Best Threshold 0.50 → Balanced Acc: 0.7011, Acc: 0.6857, Sensitivity: 0.6522, Specificity: 0.7500, PPV: 0.8333, NPV: 0.5294, F1: 0.7317
Epoch 39/40 - Train Loss: 0.6696, Train Acc: 0.6643, Train AUC: 0.7280 - Val Loss: 0.6755, Val Acc (0.5): 0.6857, Val AUC: 0.7536
  Train Best Threshold 0.50 → Balanced Acc: 0.7000, Acc: 0.6643, Sensitivity: 0.5957, Specificity: 0.8043, PPV: 0.8615, NPV: 0.4933, F1: 0.7044
  Val Best Threshold 0.50 → Balanced Acc: 0.7011, Acc: 0.6857, Sensitivity: 0.6522, Specificity: 0.7500, PPV: 0.8333, NPV: 0.5294, F1: 0.7317
Epoch 40/40 - Train Loss: 0.6869, Train Acc: 0.5429, Train AUC: 0.6438 - Val Loss: 0.6730, Val Acc (0.5): 0.6571, Val AUC: 0.7609
  Train Best Threshold 0.45 → Balanced Acc: 0.5830, Acc: 0.6786, Sensitivity: 0.8617, Specificity: 0.3043, PPV: 0.7168, NPV: 0.5185, F1: 0.7826
  Val Best Threshold 0.50 → Balanced Acc: 0.6793, Acc: 0.6571, Sensitivity: 0.6087, Specificity: 0.7500, PPV: 0.8235, NPV: 0.5000, F1: 0.7000
Loaded best model with validation AUC: 0.7681
Final Train Results (Best Model) at epoch 35 - Loss: 0.6764, Accuracy: 0.6500, AUC: 0.7597
Final Val Results (Best Model) at epoch 35 - Loss: 0.6766, Accuracy: 0.6571, AUC: 0.7681
Train Best Threshold: 0.50 | Balanced Acc: 0.6783 | Acc: 0.6500 | Sensitivity: 0.5957 | Specificity: 0.7609 | PPV: 0.8358 | NPV: 0.4795 | F1: 0.6957
Train Confusion Matrix at Best Threshold (rows=actual [0,1], cols=predicted [0,1]):
[[35 11]
 [38 56]]
Val Best Threshold: 0.50 | Balanced Acc: 0.6793 | Acc: 0.6571 | Sensitivity: 0.6087 | Specificity: 0.7500 | PPV: 0.8235 | NPV: 0.5000 | F1: 0.7000
Val Confusion Matrix at Best Threshold (rows=actual [0,1], cols=predicted [0,1]):
[[ 9  3]
 [ 9 14]]
Fold 4 class distribution:
  Train: Class 0=46 (32.9%), Class 1=94 (67.1%)
  Val:   Class 0=12 (34.3%), Class 1=23 (65.7%)

======================================================================
Fold 4/5
======================================================================
Train: 140 patients
Val: 35 patients
Fitting clinical preprocessor on training data...
Built clinical feature dictionaries: train=140, val=35
Clinical input dimension: 8
Backbone feature dimension: 1280
Created mean pooling model with backbone efficientnetv2_b0
Using device: cuda
Class weights: [1.0, 0.4893617033958435]
Weight decay (L2 reg): 0.0001
Label smoothing: 0.1

Epoch 1/40 - Train Loss: 0.7102, Train Acc: 0.5571, Train AUC: 0.4424 - Val Loss: 0.7096, Val Acc (0.5): 0.6286, Val AUC: 0.4674
  Train Best Threshold 0.55 → Balanced Acc: 0.5317, Acc: 0.3786, Sensitivity: 0.0851, Specificity: 0.9783, PPV: 0.8889, NPV: 0.3435, F1: 0.1553
  Val Best Threshold 0.05 → Balanced Acc: 0.5000, Acc: 0.6571, Sensitivity: 1.0000, Specificity: 0.0000, PPV: 0.6571, NPV: 0.0000, F1: 0.7931
  → New best validation AUC: 0.4674
Epoch 2/40 - Train Loss: 0.7053, Train Acc: 0.5857, Train AUC: 0.4981 - Val Loss: 0.7011, Val Acc (0.5): 0.6857, Val AUC: 0.5217
  Train Best Threshold 0.50 → Balanced Acc: 0.5305, Acc: 0.5857, Sensitivity: 0.6915, Specificity: 0.3696, PPV: 0.6915, NPV: 0.3696, F1: 0.6915
  Val Best Threshold 0.50 → Balanced Acc: 0.5616, Acc: 0.6857, Sensitivity: 0.9565, Specificity: 0.1667, PPV: 0.6875, NPV: 0.6667, F1: 0.8000
  → New best validation AUC: 0.5217
Epoch 3/40 - Train Loss: 0.7032, Train Acc: 0.5500, Train AUC: 0.4965 - Val Loss: 0.6955, Val Acc (0.5): 0.5429, Val AUC: 0.5290
  Train Best Threshold 0.55 → Balanced Acc: 0.5317, Acc: 0.3786, Sensitivity: 0.0851, Specificity: 0.9783, PPV: 0.8889, NPV: 0.3435, F1: 0.1553
  Val Best Threshold 0.50 → Balanced Acc: 0.5127, Acc: 0.5429, Sensitivity: 0.6087, Specificity: 0.4167, PPV: 0.6667, NPV: 0.3571, F1: 0.6364
  → New best validation AUC: 0.5290
Epoch 4/40 - Train Loss: 0.7001, Train Acc: 0.5357, Train AUC: 0.5562 - Val Loss: 0.6948, Val Acc (0.5): 0.5429, Val AUC: 0.5688
  Train Best Threshold 0.55 → Balanced Acc: 0.5097, Acc: 0.3714, Sensitivity: 0.1064, Specificity: 0.9130, PPV: 0.7143, NPV: 0.3333, F1: 0.1852
  Val Best Threshold 0.50 → Balanced Acc: 0.5326, Acc: 0.5429, Sensitivity: 0.5652, Specificity: 0.5000, PPV: 0.6842, NPV: 0.3750, F1: 0.6190
  → New best validation AUC: 0.5688
Epoch 5/40 - Train Loss: 0.7083, Train Acc: 0.5071, Train AUC: 0.4514 - Val Loss: 0.6933, Val Acc (0.5): 0.5429, Val AUC: 0.5725
  Train Best Threshold 0.55 → Balanced Acc: 0.5208, Acc: 0.3714, Sensitivity: 0.0851, Specificity: 0.9565, PPV: 0.8000, NPV: 0.3385, F1: 0.1538
  Val Best Threshold 0.50 → Balanced Acc: 0.5725, Acc: 0.5429, Sensitivity: 0.4783, Specificity: 0.6667, PPV: 0.7333, NPV: 0.4000, F1: 0.5789
  → New best validation AUC: 0.5725
Epoch 6/40 - Train Loss: 0.7076, Train Acc: 0.5143, Train AUC: 0.4725 - Val Loss: 0.6928, Val Acc (0.5): 0.3714, Val AUC: 0.5580
  Train Best Threshold 0.55 → Balanced Acc: 0.5102, Acc: 0.3571, Sensitivity: 0.0638, Specificity: 0.9565, PPV: 0.7500, NPV: 0.3333, F1: 0.1176
  Val Best Threshold 0.05 → Balanced Acc: 0.5000, Acc: 0.6571, Sensitivity: 1.0000, Specificity: 0.0000, PPV: 0.6571, NPV: 0.0000, F1: 0.7931
Epoch 7/40 - Train Loss: 0.7013, Train Acc: 0.5929, Train AUC: 0.5340 - Val Loss: 0.6916, Val Acc (0.5): 0.4857, Val AUC: 0.5507
  Train Best Threshold 0.50 → Balanced Acc: 0.5303, Acc: 0.5929, Sensitivity: 0.7128, Specificity: 0.3478, PPV: 0.6907, NPV: 0.3721, F1: 0.7016
  Val Best Threshold 0.50 → Balanced Acc: 0.5888, Acc: 0.4857, Sensitivity: 0.2609, Specificity: 0.9167, PPV: 0.8571, NPV: 0.3929, F1: 0.4000
Epoch 8/40 - Train Loss: 0.6950, Train Acc: 0.6143, Train AUC: 0.6297 - Val Loss: 0.6940, Val Acc (0.5): 0.4286, Val AUC: 0.5507
  Train Best Threshold 0.50 → Balanced Acc: 0.5851, Acc: 0.6143, Sensitivity: 0.6702, Specificity: 0.5000, PPV: 0.7326, NPV: 0.4259, F1: 0.7000
  Val Best Threshold 0.05 → Balanced Acc: 0.5000, Acc: 0.6571, Sensitivity: 1.0000, Specificity: 0.0000, PPV: 0.6571, NPV: 0.0000, F1: 0.7931
Epoch 9/40 - Train Loss: 0.7010, Train Acc: 0.5214, Train AUC: 0.5402 - Val Loss: 0.6912, Val Acc (0.5): 0.4857, Val AUC: 0.6051
  Train Best Threshold 0.55 → Balanced Acc: 0.5099, Acc: 0.3643, Sensitivity: 0.0851, Specificity: 0.9348, PPV: 0.7273, NPV: 0.3333, F1: 0.1524
  Val Best Threshold 0.50 → Balanced Acc: 0.5489, Acc: 0.4857, Sensitivity: 0.3478, Specificity: 0.7500, PPV: 0.7273, NPV: 0.3750, F1: 0.4706
  → New best validation AUC: 0.6051
Epoch 10/40 - Train Loss: 0.7089, Train Acc: 0.4857, Train AUC: 0.4487 - Val Loss: 0.6901, Val Acc (0.5): 0.4857, Val AUC: 0.5761
  Train Best Threshold 0.05 → Balanced Acc: 0.5000, Acc: 0.6714, Sensitivity: 1.0000, Specificity: 0.0000, PPV: 0.6714, NPV: 0.0000, F1: 0.8034
  Val Best Threshold 0.50 → Balanced Acc: 0.5888, Acc: 0.4857, Sensitivity: 0.2609, Specificity: 0.9167, PPV: 0.8571, NPV: 0.3929, F1: 0.4000
Epoch 11/40 - Train Loss: 0.6925, Train Acc: 0.6500, Train AUC: 0.6450 - Val Loss: 0.6911, Val Acc (0.5): 0.6000, Val AUC: 0.6377
  Train Best Threshold 0.50 → Balanced Acc: 0.6339, Acc: 0.6500, Sensitivity: 0.6809, Specificity: 0.5870, PPV: 0.7711, NPV: 0.4737, F1: 0.7232
  Val Best Threshold 0.50 → Balanced Acc: 0.6558, Acc: 0.6000, Sensitivity: 0.4783, Specificity: 0.8333, PPV: 0.8462, NPV: 0.4545, F1: 0.6111
  → New best validation AUC: 0.6377
Epoch 12/40 - Train Loss: 0.7018, Train Acc: 0.5357, Train AUC: 0.5331 - Val Loss: 0.6903, Val Acc (0.5): 0.6286, Val AUC: 0.6377
  Train Best Threshold 0.45 → Balanced Acc: 0.5109, Acc: 0.6786, Sensitivity: 1.0000, Specificity: 0.0217, PPV: 0.6763, NPV: 1.0000, F1: 0.8069
  Val Best Threshold 0.50 → Balanced Acc: 0.6775, Acc: 0.6286, Sensitivity: 0.5217, Specificity: 0.8333, PPV: 0.8571, NPV: 0.4762, F1: 0.6486
Epoch 13/40 - Train Loss: 0.6959, Train Acc: 0.5929, Train AUC: 0.5849 - Val Loss: 0.6903, Val Acc (0.5): 0.5714, Val AUC: 0.6159
  Train Best Threshold 0.50 → Balanced Acc: 0.5747, Acc: 0.5929, Sensitivity: 0.6277, Specificity: 0.5217, PPV: 0.7284, NPV: 0.4068, F1: 0.6743
  Val Best Threshold 0.50 → Balanced Acc: 0.6540, Acc: 0.5714, Sensitivity: 0.3913, Specificity: 0.9167, PPV: 0.9000, NPV: 0.4400, F1: 0.5455
Epoch 14/40 - Train Loss: 0.6946, Train Acc: 0.6143, Train AUC: 0.6089 - Val Loss: 0.6917, Val Acc (0.5): 0.6000, Val AUC: 0.6304
  Train Best Threshold 0.50 → Balanced Acc: 0.5851, Acc: 0.6143, Sensitivity: 0.6702, Specificity: 0.5000, PPV: 0.7326, NPV: 0.4259, F1: 0.7000
  Val Best Threshold 0.50 → Balanced Acc: 0.5960, Acc: 0.6000, Sensitivity: 0.6087, Specificity: 0.5833, PPV: 0.7368, NPV: 0.4375, F1: 0.6667
Epoch 15/40 - Train Loss: 0.6991, Train Acc: 0.5357, Train AUC: 0.5680 - Val Loss: 0.6910, Val Acc (0.5): 0.6000, Val AUC: 0.6377
  Train Best Threshold 0.45 → Balanced Acc: 0.5217, Acc: 0.6857, Sensitivity: 1.0000, Specificity: 0.0435, PPV: 0.6812, NPV: 1.0000, F1: 0.8103
  Val Best Threshold 0.50 → Balanced Acc: 0.6159, Acc: 0.6000, Sensitivity: 0.5652, Specificity: 0.6667, PPV: 0.7647, NPV: 0.4444, F1: 0.6500
Epoch 16/40 - Train Loss: 0.7004, Train Acc: 0.5357, Train AUC: 0.5733 - Val Loss: 0.6913, Val Acc (0.5): 0.5714, Val AUC: 0.6413
  Train Best Threshold 0.50 → Balanced Acc: 0.5377, Acc: 0.5357, Sensitivity: 0.5319, Specificity: 0.5435, PPV: 0.7042, NPV: 0.3623, F1: 0.6061
  Val Best Threshold 0.50 → Balanced Acc: 0.5543, Acc: 0.5714, Sensitivity: 0.6087, Specificity: 0.5000, PPV: 0.7000, NPV: 0.4000, F1: 0.6512
  → New best validation AUC: 0.6413
Epoch 17/40 - Train Loss: 0.6934, Train Acc: 0.5714, Train AUC: 0.6177 - Val Loss: 0.6893, Val Acc (0.5): 0.6286, Val AUC: 0.6630
  Train Best Threshold 0.50 → Balanced Acc: 0.5698, Acc: 0.5714, Sensitivity: 0.5745, Specificity: 0.5652, PPV: 0.7297, NPV: 0.3939, F1: 0.6429
  Val Best Threshold 0.50 → Balanced Acc: 0.6775, Acc: 0.6286, Sensitivity: 0.5217, Specificity: 0.8333, PPV: 0.8571, NPV: 0.4762, F1: 0.6486
  → New best validation AUC: 0.6630
Epoch 18/40 - Train Loss: 0.6981, Train Acc: 0.5643, Train AUC: 0.5606 - Val Loss: 0.6881, Val Acc (0.5): 0.6000, Val AUC: 0.6667
  Train Best Threshold 0.50 → Balanced Acc: 0.5534, Acc: 0.5643, Sensitivity: 0.5851, Specificity: 0.5217, PPV: 0.7143, NPV: 0.3810, F1: 0.6433
  Val Best Threshold 0.50 → Balanced Acc: 0.6359, Acc: 0.6000, Sensitivity: 0.5217, Specificity: 0.7500, PPV: 0.8000, NPV: 0.4500, F1: 0.6316
  → New best validation AUC: 0.6667
Epoch 19/40 - Train Loss: 0.7013, Train Acc: 0.4786, Train AUC: 0.5370 - Val Loss: 0.6860, Val Acc (0.5): 0.6286, Val AUC: 0.6848
  Train Best Threshold 0.45 → Balanced Acc: 0.5331, Acc: 0.6786, Sensitivity: 0.9574, Specificity: 0.1087, PPV: 0.6870, NPV: 0.5556, F1: 0.8000
  Val Best Threshold 0.50 → Balanced Acc: 0.6975, Acc: 0.6286, Sensitivity: 0.4783, Specificity: 0.9167, PPV: 0.9167, NPV: 0.4783, F1: 0.6286
  → New best validation AUC: 0.6848
Epoch 20/40 - Train Loss: 0.6969, Train Acc: 0.5643, Train AUC: 0.5627 - Val Loss: 0.6873, Val Acc (0.5): 0.6286, Val AUC: 0.6594
  Train Best Threshold 0.50 → Balanced Acc: 0.5645, Acc: 0.5643, Sensitivity: 0.5638, Specificity: 0.5652, PPV: 0.7260, NPV: 0.3881, F1: 0.6347
  Val Best Threshold 0.50 → Balanced Acc: 0.6975, Acc: 0.6286, Sensitivity: 0.4783, Specificity: 0.9167, PPV: 0.9167, NPV: 0.4783, F1: 0.6286
Epoch 21/40 - Train Loss: 0.6931, Train Acc: 0.5857, Train AUC: 0.6230 - Val Loss: 0.6865, Val Acc (0.5): 0.6000, Val AUC: 0.6630
  Train Best Threshold 0.50 → Balanced Acc: 0.6082, Acc: 0.5857, Sensitivity: 0.5426, Specificity: 0.6739, PPV: 0.7727, NPV: 0.4189, F1: 0.6375
  Val Best Threshold 0.50 → Balanced Acc: 0.6558, Acc: 0.6000, Sensitivity: 0.4783, Specificity: 0.8333, PPV: 0.8462, NPV: 0.4545, F1: 0.6111
Epoch 22/40 - Train Loss: 0.6921, Train Acc: 0.5571, Train AUC: 0.6371 - Val Loss: 0.6838, Val Acc (0.5): 0.5714, Val AUC: 0.6884
  Train Best Threshold 0.50 → Balanced Acc: 0.5703, Acc: 0.5571, Sensitivity: 0.5319, Specificity: 0.6087, PPV: 0.7353, NPV: 0.3889, F1: 0.6173
  Val Best Threshold 0.50 → Balanced Acc: 0.6540, Acc: 0.5714, Sensitivity: 0.3913, Specificity: 0.9167, PPV: 0.9000, NPV: 0.4400, F1: 0.5455
  → New best validation AUC: 0.6884
Epoch 23/40 - Train Loss: 0.6993, Train Acc: 0.5357, Train AUC: 0.5724 - Val Loss: 0.6827, Val Acc (0.5): 0.5714, Val AUC: 0.6522
  Train Best Threshold 0.50 → Balanced Acc: 0.5654, Acc: 0.5357, Sensitivity: 0.4787, Specificity: 0.6522, PPV: 0.7377, NPV: 0.3797, F1: 0.5806
  Val Best Threshold 0.50 → Balanced Acc: 0.6540, Acc: 0.5714, Sensitivity: 0.3913, Specificity: 0.9167, PPV: 0.9000, NPV: 0.4400, F1: 0.5455
Epoch 24/40 - Train Loss: 0.6925, Train Acc: 0.5929, Train AUC: 0.6487 - Val Loss: 0.6828, Val Acc (0.5): 0.5714, Val AUC: 0.6449
  Train Best Threshold 0.50 → Balanced Acc: 0.6136, Acc: 0.5929, Sensitivity: 0.5532, Specificity: 0.6739, PPV: 0.7761, NPV: 0.4247, F1: 0.6460
  Val Best Threshold 0.50 → Balanced Acc: 0.6540, Acc: 0.5714, Sensitivity: 0.3913, Specificity: 0.9167, PPV: 0.9000, NPV: 0.4400, F1: 0.5455
Epoch 25/40 - Train Loss: 0.6915, Train Acc: 0.5643, Train AUC: 0.6230 - Val Loss: 0.6815, Val Acc (0.5): 0.6000, Val AUC: 0.6522
  Train Best Threshold 0.50 → Balanced Acc: 0.5812, Acc: 0.5643, Sensitivity: 0.5319, Specificity: 0.6304, PPV: 0.7463, NPV: 0.3973, F1: 0.6211
  Val Best Threshold 0.50 → Balanced Acc: 0.6558, Acc: 0.6000, Sensitivity: 0.4783, Specificity: 0.8333, PPV: 0.8462, NPV: 0.4545, F1: 0.6111
Epoch 26/40 - Train Loss: 0.6841, Train Acc: 0.6500, Train AUC: 0.7049 - Val Loss: 0.6809, Val Acc (0.5): 0.6000, Val AUC: 0.6558
  Train Best Threshold 0.50 → Balanced Acc: 0.6894, Acc: 0.6500, Sensitivity: 0.5745, Specificity: 0.8043, PPV: 0.8571, NPV: 0.4805, F1: 0.6879
  Val Best Threshold 0.50 → Balanced Acc: 0.6558, Acc: 0.6000, Sensitivity: 0.4783, Specificity: 0.8333, PPV: 0.8462, NPV: 0.4545, F1: 0.6111
Epoch 27/40 - Train Loss: 0.6912, Train Acc: 0.5500, Train AUC: 0.6575 - Val Loss: 0.6795, Val Acc (0.5): 0.6000, Val AUC: 0.6594
  Train Best Threshold 0.50 → Balanced Acc: 0.5983, Acc: 0.5500, Sensitivity: 0.4574, Specificity: 0.7391, PPV: 0.7818, NPV: 0.4000, F1: 0.5772
  Val Best Threshold 0.50 → Balanced Acc: 0.6558, Acc: 0.6000, Sensitivity: 0.4783, Specificity: 0.8333, PPV: 0.8462, NPV: 0.4545, F1: 0.6111
Epoch 28/40 - Train Loss: 0.6840, Train Acc: 0.6071, Train AUC: 0.7007 - Val Loss: 0.6792, Val Acc (0.5): 0.6000, Val AUC: 0.6522
  Train Best Threshold 0.50 → Balanced Acc: 0.6408, Acc: 0.6071, Sensitivity: 0.5426, Specificity: 0.7391, PPV: 0.8095, NPV: 0.4416, F1: 0.6497
  Val Best Threshold 0.50 → Balanced Acc: 0.6558, Acc: 0.6000, Sensitivity: 0.4783, Specificity: 0.8333, PPV: 0.8462, NPV: 0.4545, F1: 0.6111
Epoch 29/40 - Train Loss: 0.6873, Train Acc: 0.6214, Train AUC: 0.6797 - Val Loss: 0.6778, Val Acc (0.5): 0.5714, Val AUC: 0.6667
  Train Best Threshold 0.50 → Balanced Acc: 0.6570, Acc: 0.6214, Sensitivity: 0.5532, Specificity: 0.7609, PPV: 0.8254, NPV: 0.4545, F1: 0.6624
  Val Best Threshold 0.50 → Balanced Acc: 0.5743, Acc: 0.5714, Sensitivity: 0.5652, Specificity: 0.5833, PPV: 0.7222, NPV: 0.4118, F1: 0.6341
Epoch 30/40 - Train Loss: 0.6764, Train Acc: 0.6643, Train AUC: 0.7299 - Val Loss: 0.6763, Val Acc (0.5): 0.5714, Val AUC: 0.6630
  Train Best Threshold 0.50 → Balanced Acc: 0.6945, Acc: 0.6643, Sensitivity: 0.6064, Specificity: 0.7826, PPV: 0.8507, NPV: 0.4932, F1: 0.7081
  Val Best Threshold 0.50 → Balanced Acc: 0.6141, Acc: 0.5714, Sensitivity: 0.4783, Specificity: 0.7500, PPV: 0.7857, NPV: 0.4286, F1: 0.5946
Early stopping at epoch 30
Loaded best model with validation AUC: 0.6884
Final Train Results (Best Model) at epoch 22 - Loss: 0.6912, Accuracy: 0.6286, AUC: 0.6686
Final Val Results (Best Model) at epoch 22 - Loss: 0.6838, Accuracy: 0.5714, AUC: 0.6884
Train Best Threshold: 0.50 | Balanced Acc: 0.6568 | Acc: 0.6286 | Sensitivity: 0.5745 | Specificity: 0.7391 | PPV: 0.8182 | NPV: 0.4595 | F1: 0.6750
Train Confusion Matrix at Best Threshold (rows=actual [0,1], cols=predicted [0,1]):
[[34 12]
 [40 54]]
Val Best Threshold: 0.50 | Balanced Acc: 0.6540 | Acc: 0.5714 | Sensitivity: 0.3913 | Specificity: 0.9167 | PPV: 0.9000 | NPV: 0.4400 | F1: 0.5455
Val Confusion Matrix at Best Threshold (rows=actual [0,1], cols=predicted [0,1]):
[[11  1]
 [14  9]]
Fold 5 class distribution:
  Train: Class 0=46 (32.9%), Class 1=94 (67.1%)
  Val:   Class 0=12 (34.3%), Class 1=23 (65.7%)

======================================================================
Fold 5/5
======================================================================
Train: 140 patients
Val: 35 patients
Fitting clinical preprocessor on training data...
Built clinical feature dictionaries: train=140, val=35
Clinical input dimension: 8
Backbone feature dimension: 1280
Created mean pooling model with backbone efficientnetv2_b0
Using device: cuda
Class weights: [1.0, 0.4893617033958435]
Weight decay (L2 reg): 0.0001
Label smoothing: 0.1

Epoch 1/40 - Train Loss: 0.7038, Train Acc: 0.5571, Train AUC: 0.5227 - Val Loss: 0.7125, Val Acc (0.5): 0.6571, Val AUC: 0.4783
  Train Best Threshold 0.05 → Balanced Acc: 0.5000, Acc: 0.6714, Sensitivity: 1.0000, Specificity: 0.0000, PPV: 0.6714, NPV: 0.0000, F1: 0.8034
  Val Best Threshold 0.05 → Balanced Acc: 0.5000, Acc: 0.6571, Sensitivity: 1.0000, Specificity: 0.0000, PPV: 0.6571, NPV: 0.0000, F1: 0.7931
  → New best validation AUC: 0.4783
Epoch 2/40 - Train Loss: 0.7122, Train Acc: 0.5143, Train AUC: 0.4355 - Val Loss: 0.7138, Val Acc (0.5): 0.6571, Val AUC: 0.3913
  Train Best Threshold 0.05 → Balanced Acc: 0.5000, Acc: 0.6714, Sensitivity: 1.0000, Specificity: 0.0000, PPV: 0.6714, NPV: 0.0000, F1: 0.8034
  Val Best Threshold 0.05 → Balanced Acc: 0.5000, Acc: 0.6571, Sensitivity: 1.0000, Specificity: 0.0000, PPV: 0.6571, NPV: 0.0000, F1: 0.7931
Epoch 3/40 - Train Loss: 0.7077, Train Acc: 0.5429, Train AUC: 0.4574 - Val Loss: 0.7072, Val Acc (0.5): 0.5429, Val AUC: 0.3768
  Train Best Threshold 0.45 → Balanced Acc: 0.5056, Acc: 0.6714, Sensitivity: 0.9894, Specificity: 0.0217, PPV: 0.6739, NPV: 0.5000, F1: 0.8017
  Val Best Threshold 0.05 → Balanced Acc: 0.5000, Acc: 0.6571, Sensitivity: 1.0000, Specificity: 0.0000, PPV: 0.6571, NPV: 0.0000, F1: 0.7931
Epoch 4/40 - Train Loss: 0.7054, Train Acc: 0.5643, Train AUC: 0.5072 - Val Loss: 0.7050, Val Acc (0.5): 0.4571, Val AUC: 0.4167
  Train Best Threshold 0.50 → Balanced Acc: 0.5257, Acc: 0.5643, Sensitivity: 0.6383, Specificity: 0.4130, PPV: 0.6897, NPV: 0.3585, F1: 0.6630
  Val Best Threshold 0.05 → Balanced Acc: 0.5000, Acc: 0.6571, Sensitivity: 1.0000, Specificity: 0.0000, PPV: 0.6571, NPV: 0.0000, F1: 0.7931
Epoch 5/40 - Train Loss: 0.7073, Train Acc: 0.5500, Train AUC: 0.4831 - Val Loss: 0.7014, Val Acc (0.5): 0.4571, Val AUC: 0.4746
  Train Best Threshold 0.55 → Balanced Acc: 0.5261, Acc: 0.3786, Sensitivity: 0.0957, Specificity: 0.9565, PPV: 0.8182, NPV: 0.3411, F1: 0.1714
  Val Best Threshold 0.05 → Balanced Acc: 0.5000, Acc: 0.6571, Sensitivity: 1.0000, Specificity: 0.0000, PPV: 0.6571, NPV: 0.0000, F1: 0.7931
Epoch 6/40 - Train Loss: 0.6981, Train Acc: 0.5500, Train AUC: 0.5835 - Val Loss: 0.6996, Val Acc (0.5): 0.4857, Val AUC: 0.5254
  Train Best Threshold 0.55 → Balanced Acc: 0.5317, Acc: 0.3786, Sensitivity: 0.0851, Specificity: 0.9783, PPV: 0.8889, NPV: 0.3435, F1: 0.1553
  Val Best Threshold 0.05 → Balanced Acc: 0.5000, Acc: 0.6571, Sensitivity: 1.0000, Specificity: 0.0000, PPV: 0.6571, NPV: 0.0000, F1: 0.7931
  → New best validation AUC: 0.5254
Epoch 7/40 - Train Loss: 0.7044, Train Acc: 0.5857, Train AUC: 0.5183 - Val Loss: 0.6985, Val Acc (0.5): 0.5429, Val AUC: 0.5181
  Train Best Threshold 0.05 → Balanced Acc: 0.5000, Acc: 0.6714, Sensitivity: 1.0000, Specificity: 0.0000, PPV: 0.6714, NPV: 0.0000, F1: 0.8034
  Val Best Threshold 0.50 → Balanced Acc: 0.5725, Acc: 0.5429, Sensitivity: 0.4783, Specificity: 0.6667, PPV: 0.7333, NPV: 0.4000, F1: 0.5789
Epoch 8/40 - Train Loss: 0.7110, Train Acc: 0.4929, Train AUC: 0.4232 - Val Loss: 0.6969, Val Acc (0.5): 0.4857, Val AUC: 0.5399
  Train Best Threshold 0.45 → Balanced Acc: 0.5164, Acc: 0.6786, Sensitivity: 0.9894, Specificity: 0.0435, PPV: 0.6788, NPV: 0.6667, F1: 0.8052
  Val Best Threshold 0.50 → Balanced Acc: 0.5290, Acc: 0.4857, Sensitivity: 0.3913, Specificity: 0.6667, PPV: 0.6923, NPV: 0.3636, F1: 0.5000
  → New best validation AUC: 0.5399
Epoch 9/40 - Train Loss: 0.7034, Train Acc: 0.5429, Train AUC: 0.5264 - Val Loss: 0.6947, Val Acc (0.5): 0.5143, Val AUC: 0.5435
  Train Best Threshold 0.45 → Balanced Acc: 0.5217, Acc: 0.6857, Sensitivity: 1.0000, Specificity: 0.0435, PPV: 0.6812, NPV: 1.0000, F1: 0.8103
  Val Best Threshold 0.50 → Balanced Acc: 0.5906, Acc: 0.5143, Sensitivity: 0.3478, Specificity: 0.8333, PPV: 0.8000, NPV: 0.4000, F1: 0.4848
  → New best validation AUC: 0.5435
Epoch 10/40 - Train Loss: 0.7046, Train Acc: 0.5286, Train AUC: 0.5062 - Val Loss: 0.6936, Val Acc (0.5): 0.5429, Val AUC: 0.5543
  Train Best Threshold 0.50 → Balanced Acc: 0.5324, Acc: 0.5286, Sensitivity: 0.5213, Specificity: 0.5435, PPV: 0.7000, NPV: 0.3571, F1: 0.5976
  Val Best Threshold 0.50 → Balanced Acc: 0.6322, Acc: 0.5429, Sensitivity: 0.3478, Specificity: 0.9167, PPV: 0.8889, NPV: 0.4231, F1: 0.5000
  → New best validation AUC: 0.5543
Epoch 11/40 - Train Loss: 0.7035, Train Acc: 0.5000, Train AUC: 0.5160 - Val Loss: 0.6928, Val Acc (0.5): 0.5429, Val AUC: 0.5616
  Train Best Threshold 0.45 → Balanced Acc: 0.5111, Acc: 0.6714, Sensitivity: 0.9787, Specificity: 0.0435, PPV: 0.6765, NPV: 0.5000, F1: 0.8000
  Val Best Threshold 0.50 → Balanced Acc: 0.6322, Acc: 0.5429, Sensitivity: 0.3478, Specificity: 0.9167, PPV: 0.8889, NPV: 0.4231, F1: 0.5000
  → New best validation AUC: 0.5616
Epoch 12/40 - Train Loss: 0.6975, Train Acc: 0.5571, Train AUC: 0.6122 - Val Loss: 0.6924, Val Acc (0.5): 0.5429, Val AUC: 0.5870
  Train Best Threshold 0.50 → Balanced Acc: 0.5981, Acc: 0.5571, Sensitivity: 0.4787, Specificity: 0.7174, PPV: 0.7759, NPV: 0.4024, F1: 0.5921
  Val Best Threshold 0.50 → Balanced Acc: 0.6322, Acc: 0.5429, Sensitivity: 0.3478, Specificity: 0.9167, PPV: 0.8889, NPV: 0.4231, F1: 0.5000
  → New best validation AUC: 0.5870
Epoch 13/40 - Train Loss: 0.6991, Train Acc: 0.5714, Train AUC: 0.5978 - Val Loss: 0.6913, Val Acc (0.5): 0.5143, Val AUC: 0.5906
  Train Best Threshold 0.50 → Balanced Acc: 0.5809, Acc: 0.5714, Sensitivity: 0.5532, Specificity: 0.6087, PPV: 0.7429, NPV: 0.4000, F1: 0.6341
  Val Best Threshold 0.50 → Balanced Acc: 0.5906, Acc: 0.5143, Sensitivity: 0.3478, Specificity: 0.8333, PPV: 0.8000, NPV: 0.4000, F1: 0.4848
  → New best validation AUC: 0.5906
Epoch 14/40 - Train Loss: 0.7048, Train Acc: 0.5143, Train AUC: 0.5016 - Val Loss: 0.6925, Val Acc (0.5): 0.5429, Val AUC: 0.5761
  Train Best Threshold 0.50 → Balanced Acc: 0.5106, Acc: 0.5143, Sensitivity: 0.5213, Specificity: 0.5000, PPV: 0.6806, NPV: 0.3382, F1: 0.5904
  Val Best Threshold 0.50 → Balanced Acc: 0.6123, Acc: 0.5429, Sensitivity: 0.3913, Specificity: 0.8333, PPV: 0.8182, NPV: 0.4167, F1: 0.5294
Epoch 15/40 - Train Loss: 0.6974, Train Acc: 0.5857, Train AUC: 0.6064 - Val Loss: 0.6919, Val Acc (0.5): 0.5143, Val AUC: 0.5761
  Train Best Threshold 0.50 → Balanced Acc: 0.5860, Acc: 0.5857, Sensitivity: 0.5851, Specificity: 0.5870, PPV: 0.7432, NPV: 0.4091, F1: 0.6548
  Val Best Threshold 0.50 → Balanced Acc: 0.5906, Acc: 0.5143, Sensitivity: 0.3478, Specificity: 0.8333, PPV: 0.8000, NPV: 0.4000, F1: 0.4848
Epoch 16/40 - Train Loss: 0.6952, Train Acc: 0.5714, Train AUC: 0.6103 - Val Loss: 0.6919, Val Acc (0.5): 0.5714, Val AUC: 0.5978
  Train Best Threshold 0.50 → Balanced Acc: 0.5920, Acc: 0.5714, Sensitivity: 0.5319, Specificity: 0.6522, PPV: 0.7576, NPV: 0.4054, F1: 0.6250
  Val Best Threshold 0.50 → Balanced Acc: 0.6341, Acc: 0.5714, Sensitivity: 0.4348, Specificity: 0.8333, PPV: 0.8333, NPV: 0.4348, F1: 0.5714
  → New best validation AUC: 0.5978
Epoch 17/40 - Train Loss: 0.7036, Train Acc: 0.5071, Train AUC: 0.5167 - Val Loss: 0.6914, Val Acc (0.5): 0.5429, Val AUC: 0.5870
  Train Best Threshold 0.45 → Balanced Acc: 0.5060, Acc: 0.6571, Sensitivity: 0.9468, Specificity: 0.0652, PPV: 0.6742, NPV: 0.3750, F1: 0.7876
  Val Best Threshold 0.50 → Balanced Acc: 0.6123, Acc: 0.5429, Sensitivity: 0.3913, Specificity: 0.8333, PPV: 0.8182, NPV: 0.4167, F1: 0.5294
Epoch 18/40 - Train Loss: 0.6939, Train Acc: 0.5714, Train AUC: 0.6272 - Val Loss: 0.6908, Val Acc (0.5): 0.5714, Val AUC: 0.6087
  Train Best Threshold 0.50 → Balanced Acc: 0.5865, Acc: 0.5714, Sensitivity: 0.5426, Specificity: 0.6304, PPV: 0.7500, NPV: 0.4028, F1: 0.6296
  Val Best Threshold 0.50 → Balanced Acc: 0.6341, Acc: 0.5714, Sensitivity: 0.4348, Specificity: 0.8333, PPV: 0.8333, NPV: 0.4348, F1: 0.5714
  → New best validation AUC: 0.6087
Epoch 19/40 - Train Loss: 0.6975, Train Acc: 0.5143, Train AUC: 0.5726 - Val Loss: 0.6903, Val Acc (0.5): 0.5714, Val AUC: 0.6196
  Train Best Threshold 0.50 → Balanced Acc: 0.5550, Acc: 0.5143, Sensitivity: 0.4362, Specificity: 0.6739, PPV: 0.7321, NPV: 0.3690, F1: 0.5467
  Val Best Threshold 0.50 → Balanced Acc: 0.6341, Acc: 0.5714, Sensitivity: 0.4348, Specificity: 0.8333, PPV: 0.8333, NPV: 0.4348, F1: 0.5714
  → New best validation AUC: 0.6196
Epoch 20/40 - Train Loss: 0.6942, Train Acc: 0.5500, Train AUC: 0.6184 - Val Loss: 0.6911, Val Acc (0.5): 0.5714, Val AUC: 0.6051
  Train Best Threshold 0.50 → Balanced Acc: 0.5539, Acc: 0.5500, Sensitivity: 0.5426, Specificity: 0.5652, PPV: 0.7183, NPV: 0.3768, F1: 0.6182
  Val Best Threshold 0.50 → Balanced Acc: 0.6341, Acc: 0.5714, Sensitivity: 0.4348, Specificity: 0.8333, PPV: 0.8333, NPV: 0.4348, F1: 0.5714
Epoch 21/40 - Train Loss: 0.6949, Train Acc: 0.5429, Train AUC: 0.6103 - Val Loss: 0.6902, Val Acc (0.5): 0.5714, Val AUC: 0.6377
  Train Best Threshold 0.50 → Balanced Acc: 0.5763, Acc: 0.5429, Sensitivity: 0.4787, Specificity: 0.6739, PPV: 0.7500, NPV: 0.3875, F1: 0.5844
  Val Best Threshold 0.50 → Balanced Acc: 0.6341, Acc: 0.5714, Sensitivity: 0.4348, Specificity: 0.8333, PPV: 0.8333, NPV: 0.4348, F1: 0.5714
  → New best validation AUC: 0.6377
Epoch 22/40 - Train Loss: 0.6919, Train Acc: 0.5429, Train AUC: 0.6277 - Val Loss: 0.6884, Val Acc (0.5): 0.5714, Val AUC: 0.6341
  Train Best Threshold 0.50 → Balanced Acc: 0.5652, Acc: 0.5429, Sensitivity: 0.5000, Specificity: 0.6304, PPV: 0.7344, NPV: 0.3816, F1: 0.5949
  Val Best Threshold 0.50 → Balanced Acc: 0.6341, Acc: 0.5714, Sensitivity: 0.4348, Specificity: 0.8333, PPV: 0.8333, NPV: 0.4348, F1: 0.5714
Epoch 23/40 - Train Loss: 0.6897, Train Acc: 0.5429, Train AUC: 0.6584 - Val Loss: 0.6880, Val Acc (0.5): 0.6000, Val AUC: 0.6304
  Train Best Threshold 0.50 → Balanced Acc: 0.6096, Acc: 0.5429, Sensitivity: 0.4149, Specificity: 0.8043, PPV: 0.8125, NPV: 0.4022, F1: 0.5493
  Val Best Threshold 0.50 → Balanced Acc: 0.6757, Acc: 0.6000, Sensitivity: 0.4348, Specificity: 0.9167, PPV: 0.9091, NPV: 0.4583, F1: 0.5882
Epoch 24/40 - Train Loss: 0.6896, Train Acc: 0.5714, Train AUC: 0.6492 - Val Loss: 0.6876, Val Acc (0.5): 0.6000, Val AUC: 0.6232
  Train Best Threshold 0.50 → Balanced Acc: 0.5865, Acc: 0.5714, Sensitivity: 0.5426, Specificity: 0.6304, PPV: 0.7500, NPV: 0.4028, F1: 0.6296
  Val Best Threshold 0.50 → Balanced Acc: 0.6757, Acc: 0.6000, Sensitivity: 0.4348, Specificity: 0.9167, PPV: 0.9091, NPV: 0.4583, F1: 0.5882
Epoch 25/40 - Train Loss: 0.6963, Train Acc: 0.5000, Train AUC: 0.5918 - Val Loss: 0.6881, Val Acc (0.5): 0.6000, Val AUC: 0.6232
  Train Best Threshold 0.50 → Balanced Acc: 0.5222, Acc: 0.5000, Sensitivity: 0.4574, Specificity: 0.5870, PPV: 0.6935, NPV: 0.3462, F1: 0.5513
  Val Best Threshold 0.50 → Balanced Acc: 0.6558, Acc: 0.6000, Sensitivity: 0.4783, Specificity: 0.8333, PPV: 0.8462, NPV: 0.4545, F1: 0.6111
Epoch 26/40 - Train Loss: 0.6897, Train Acc: 0.5643, Train AUC: 0.6489 - Val Loss: 0.6876, Val Acc (0.5): 0.6286, Val AUC: 0.6159
  Train Best Threshold 0.50 → Balanced Acc: 0.6034, Acc: 0.5643, Sensitivity: 0.4894, Specificity: 0.7174, PPV: 0.7797, NPV: 0.4074, F1: 0.6013
  Val Best Threshold 0.50 → Balanced Acc: 0.6975, Acc: 0.6286, Sensitivity: 0.4783, Specificity: 0.9167, PPV: 0.9167, NPV: 0.4783, F1: 0.6286
Epoch 27/40 - Train Loss: 0.6860, Train Acc: 0.5786, Train AUC: 0.6702 - Val Loss: 0.6874, Val Acc (0.5): 0.6286, Val AUC: 0.6014
  Train Best Threshold 0.50 → Balanced Acc: 0.6196, Acc: 0.5786, Sensitivity: 0.5000, Specificity: 0.7391, PPV: 0.7966, NPV: 0.4198, F1: 0.6144
  Val Best Threshold 0.50 → Balanced Acc: 0.6975, Acc: 0.6286, Sensitivity: 0.4783, Specificity: 0.9167, PPV: 0.9167, NPV: 0.4783, F1: 0.6286
Epoch 28/40 - Train Loss: 0.6857, Train Acc: 0.5714, Train AUC: 0.6966 - Val Loss: 0.6858, Val Acc (0.5): 0.6286, Val AUC: 0.6232
  Train Best Threshold 0.50 → Balanced Acc: 0.6087, Acc: 0.5714, Sensitivity: 0.5000, Specificity: 0.7174, PPV: 0.7833, NPV: 0.4125, F1: 0.6104
  Val Best Threshold 0.50 → Balanced Acc: 0.6975, Acc: 0.6286, Sensitivity: 0.4783, Specificity: 0.9167, PPV: 0.9167, NPV: 0.4783, F1: 0.6286
Epoch 29/40 - Train Loss: 0.6805, Train Acc: 0.6143, Train AUC: 0.7357 - Val Loss: 0.6843, Val Acc (0.5): 0.6286, Val AUC: 0.6377
  Train Best Threshold 0.50 → Balanced Acc: 0.6628, Acc: 0.6143, Sensitivity: 0.5213, Specificity: 0.8043, PPV: 0.8448, NPV: 0.4512, F1: 0.6447
  Val Best Threshold 0.50 → Balanced Acc: 0.6975, Acc: 0.6286, Sensitivity: 0.4783, Specificity: 0.9167, PPV: 0.9167, NPV: 0.4783, F1: 0.6286
Early stopping at epoch 29
Loaded best model with validation AUC: 0.6377
Final Train Results (Best Model) at epoch 21 - Loss: 0.6899, Accuracy: 0.5286, AUC: 0.6721
Final Val Results (Best Model) at epoch 21 - Loss: 0.6902, Accuracy: 0.5714, AUC: 0.6377
Train Best Threshold: 0.50 | Balanced Acc: 0.5823 | Acc: 0.5286 | Sensitivity: 0.4255 | Specificity: 0.7391 | PPV: 0.7692 | NPV: 0.3864 | F1: 0.5479
Train Confusion Matrix at Best Threshold (rows=actual [0,1], cols=predicted [0,1]):
[[34 12]
 [54 40]]
Val Best Threshold: 0.50 | Balanced Acc: 0.6341 | Acc: 0.5714 | Sensitivity: 0.4348 | Specificity: 0.8333 | PPV: 0.8333 | NPV: 0.4348 | F1: 0.5714
Val Confusion Matrix at Best Threshold (rows=actual [0,1], cols=predicted [0,1]):
[[10  2]
 [13 10]]

======================================================================
Cross-Validation Results - C1 (Mean Pooling)
======================================================================
Model: C1 (Mean Pooling)
Backbone: efficientnetv2_b0
Pooling: mean
Val AUCs: ['0.6515', '0.5303', '0.7681', '0.6884', '0.6377']
Mean Val AUC: 0.6552 ± 0.0772
======================================================================
